
> memolib@0.1.0 build
> cross-env NODE_OPTIONS=--max-old-space-size=8192 next build

Ôû▓ Next.js 16.1.6 (Turbopack)
- Environments: .env.production.local, .env.local, .env
- Experiments (use with caution):
  ┬À clientTraceMetadata
  Ô£ô optimizeCss
  ┬À optimizePackageImports

  Creating an optimized production build ...
Ô£ô Compiled successfully in 62s
  Running next.config.js provided runAfterProductionCompile ...
Ô£ô Completed runAfterProductionCompile in 15940ms
  Skipping validation of types
  Collecting page data using 11 workers ...
npm : ´©Å Configuration PISTE manquante pour l'environnement sandbox. L'API 
Legifrance sera desactivee.
Au caractère Ligne:1 : 1
+ npm run build 2>&1 | Out-File -FilePath "..\..\build-output.txt" -Enc ...
+ ~~~~~~~~~~~~~~~~~~
    + CategoryInfo          : NotSpecified: (´©Å Configurati...era desactivee. 
   :String) [], RemoteException
    + FullyQualifiedErrorId : NativeCommandError
 
  Generating static pages using 11 workers (0/155) ...
  Generating static pages using 11 workers (38/155) 
  Generating static pages using 11 workers (77/155) 
´©Å Configuration PISTE manquante pour l'environnement sandbox. L'API 
Legifrance sera desactivee.
  Generating static pages using 11 workers (116/155) 
Ô£ô Generating static pages using 11 workers (155/155) in 1499.2ms
  Finalizing page optimization ...

Route (app)                                                    Revalidate  Expire
Ôöî Ôùï /_not-found
Ôö£ ãÆ /[locale]
Ôö£ ãÆ /[locale]/admin
Ôö£ ãÆ /[locale]/admin/ai-usage
Ôö£ ãÆ /[locale]/admin/analytics
Ôö£ ãÆ /[locale]/admin/analytics/search
Ôö£ ãÆ /[locale]/admin/backup/restore
Ôö£ ãÆ /[locale]/admin/billing
Ôö£ ãÆ /[locale]/admin/billing/devis
Ôö£ ãÆ /[locale]/admin/billing/devis/[id]
Ôö£ ãÆ /[locale]/admin/billing/portefeuille
Ôö£ ãÆ /[locale]/admin/billing/rapports
Ôö£ ãÆ /[locale]/admin/billing/relances
Ôö£ ãÆ /[locale]/admin/billing/tarification
Ôö£ ãÆ /[locale]/admin/billing/virement
Ôö£ ãÆ /[locale]/admin/clients
Ôö£ ãÆ /[locale]/admin/clients/[id]
Ôö£ ãÆ /[locale]/admin/clients/[id]/historique
Ôö£ ãÆ /[locale]/admin/clients/[id]/notes
Ôö£ ãÆ /[locale]/admin/clients/[id]/rgpd
Ôö£ ãÆ /[locale]/admin/clients/[id]/signatures
Ôö£ ãÆ /[locale]/admin/compliance
Ôö£ ãÆ /[locale]/admin/costs
Ôö£ ãÆ /[locale]/admin/dashboard
Ôö£ ãÆ /[locale]/admin/documents
Ôö£ ãÆ /[locale]/admin/documents/[id]/metadata
Ôö£ ãÆ /[locale]/admin/documents/[id]/ocr
Ôö£ ãÆ /[locale]/admin/documents/[id]/preview
Ôö£ ãÆ /[locale]/admin/documents/[id]/share
Ôö£ ãÆ /[locale]/admin/documents/[id]/sign
Ôö£ ãÆ /[locale]/admin/documents/[id]/versions
Ôö£ ãÆ /[locale]/admin/dossiers
Ôö£ ãÆ /[locale]/admin/dossiers/[id]
Ôö£ ãÆ /[locale]/admin/dossiers/[id]/budget
Ôö£ ãÆ /[locale]/admin/dossiers/[id]/chat
Ôö£ ãÆ /[locale]/admin/dossiers/[id]/jalons
Ôö£ ãÆ /[locale]/admin/dossiers/[id]/parties
Ôö£ ãÆ /[locale]/admin/dossiers/[id]/stats
Ôö£ ãÆ /[locale]/admin/dossiers/archives
Ôö£ ãÆ /[locale]/admin/dossiers/nouveau
Ôö£ ãÆ /[locale]/admin/email-monitoring
Ôö£ ãÆ /[locale]/admin/integrations
Ôö£ ãÆ /[locale]/admin/integrations/docusign
Ôö£ ãÆ /[locale]/admin/integrations/gmail
Ôö£ ãÆ /[locale]/admin/integrations/google-calendar
Ôö£ ãÆ /[locale]/admin/integrations/google-drive
Ôö£ ãÆ /[locale]/admin/integrations/onedrive
Ôö£ ãÆ /[locale]/admin/integrations/outlook
Ôö£ ãÆ /[locale]/admin/integrations/salesforce
Ôö£ ãÆ /[locale]/admin/integrations/yousign
Ôö£ ãÆ /[locale]/admin/legal-proofs
Ôö£ ãÆ /[locale]/admin/logs
Ôö£ ãÆ /[locale]/admin/logs/detailed
Ôö£ ãÆ /[locale]/admin/messages
Ôö£ ãÆ /[locale]/admin/messages/archives
Ôö£ ãÆ /[locale]/admin/multichannel
Ôö£ ãÆ /[locale]/admin/parametres
Ôö£ ãÆ /[locale]/admin/rapports/couts
Ôö£ ãÆ /[locale]/admin/rapports/fermeture
Ôö£ ãÆ /[locale]/admin/rapports/previsions
Ôö£ ãÆ /[locale]/admin/rapports/satisfaction
Ôö£ ãÆ /[locale]/admin/rapports/temps
Ôö£ ãÆ /[locale]/admin/sector-rules
Ôö£ ãÆ /[locale]/admin/taches
Ôö£ ãÆ /[locale]/admin/taches/[id]
Ôö£ ãÆ /[locale]/admin/taches/assignation
Ôö£ ãÆ /[locale]/admin/taches/dependances
Ôö£ ãÆ /[locale]/admin/taches/kanban
Ôö£ ãÆ /[locale]/admin/taches/timeline
Ôö£ ãÆ /[locale]/admin/workflows/config
Ôö£ ãÆ /[locale]/advanced
Ôö£ ãÆ /[locale]/advanced-features
Ôö£ ãÆ /[locale]/ai-assistant
Ôö£ ãÆ /[locale]/analytics
Ôö£ ãÆ /[locale]/auth/error
Ôö£ ãÆ /[locale]/auth/forgot-password
Ôö£ ãÆ /[locale]/auth/login
Ôö£ ãÆ /[locale]/auth/register
Ôö£ ãÆ /[locale]/auth/reset-password
Ôö£ ãÆ /[locale]/billing
Ôö£ ãÆ /[locale]/calendrier
Ôö£ ãÆ /[locale]/calendrier/blocages
Ôö£ ãÆ /[locale]/calendrier/dates-cles
Ôö£ ãÆ /[locale]/calendrier/integrations
Ôö£ ãÆ /[locale]/calendrier/rappels-sms
Ôö£ ãÆ /[locale]/calendrier/recurrence
Ôö£ ãÆ /[locale]/client
Ôö£ ãÆ /[locale]/client-dashboard
Ôö£ ãÆ /[locale]/client-dashboard-demo
Ôö£ ãÆ /[locale]/client/documents
Ôö£ ãÆ /[locale]/client/dossiers/[id]
Ôö£ ãÆ /[locale]/client/dossiers/nouveau
Ôö£ ãÆ /[locale]/client/messages
Ôö£ ãÆ /[locale]/client/nouveau-dossier
Ôö£ ãÆ /[locale]/client/profil
Ôö£ ãÆ /[locale]/clients
Ôö£ ãÆ /[locale]/clients/[id]
Ôö£ ãÆ /[locale]/contact
Ôö£ ãÆ /[locale]/dashboard
Ôö£ ãÆ /[locale]/dashboard-demo
Ôö£ ãÆ /[locale]/dashboard/calendar
Ôö£ ãÆ /[locale]/dashboard/documents
Ôö£ ãÆ /[locale]/dashboard/factures
Ôö£ ãÆ /[locale]/demo
Ôö£ ãÆ /[locale]/demo/email-simulator
Ôö£ ãÆ /[locale]/demo/legal-proof
Ôö£ ãÆ /[locale]/demo/workspace-reasoning
Ôö£ ãÆ /[locale]/dev/dashboard
Ôö£ ãÆ /[locale]/documents
Ôö£ ãÆ /[locale]/dossiers
Ôö£ ãÆ /[locale]/dossiers/[id]
Ôö£ ãÆ /[locale]/dossiers/nouveau
Ôö£ ãÆ /[locale]/emails
Ôö£ ãÆ /[locale]/exports
Ôö£ ãÆ /[locale]/factures
Ôö£ ãÆ /[locale]/factures/[id]
Ôö£ ãÆ /[locale]/faq
Ôö£ ãÆ /[locale]/icons
Ôö£ ãÆ /[locale]/lawyer/advanced
Ôö£ ãÆ /[locale]/lawyer/forms
Ôö£ ãÆ /[locale]/lawyer/forms/dashboard
Ôö£ ãÆ /[locale]/lawyer/integrations
Ôö£ ãÆ /[locale]/lawyer/monitoring
Ôö£ ãÆ /[locale]/lawyer/notifications
Ôö£ ãÆ /[locale]/lawyer/workspace/[id]
Ôö£ ãÆ /[locale]/lawyer/workspace/new
Ôö£ ãÆ /[locale]/lawyer/workspaces
Ôö£ ãÆ /[locale]/lawyer/workspaces/[id]
Ôö£ ãÆ /[locale]/legal/avocat
Ôö£ ãÆ /[locale]/login
Ôö£ ãÆ /[locale]/mobile/app
Ôö£ ãÆ /[locale]/pricing
Ôö£ ãÆ /[locale]/privacy
Ôö£ ãÆ /[locale]/project-status
Ôö£ ãÆ /[locale]/rendez-vous
Ôö£ ãÆ /[locale]/search
Ôö£ ãÆ /[locale]/settings
Ôö£ ãÆ /[locale]/settings/notifications
Ôö£ ãÆ /[locale]/settings/notifications/preferences
Ôö£ ãÆ /[locale]/settings/security/2fa
Ôö£ ãÆ /[locale]/settings/security/api-keys
Ôö£ ãÆ /[locale]/settings/webhooks
Ôö£ ãÆ /[locale]/sitemap.xml
Ôö£ ãÆ /[locale]/super-admin
Ôö£ ãÆ /[locale]/super-admin/dashboard
Ôö£ ãÆ /[locale]/super-admin/dashboard-demo
Ôö£ ãÆ /[locale]/super-admin/emails
Ôö£ ãÆ /[locale]/super-admin/plans
Ôö£ ãÆ /[locale]/super-admin/settings
Ôö£ ãÆ /[locale]/super-admin/support
Ôö£ ãÆ /[locale]/super-admin/tenants
Ôö£ ãÆ /[locale]/super-admin/users
Ôö£ ãÆ /[locale]/templates
Ôö£ ãÆ /[locale]/templates/clauses
Ôö£ ãÆ /[locale]/templates/contrats
Ôö£ ãÆ /[locale]/templates/generateur
Ôö£ ãÆ /[locale]/templates/lettres
Ôö£ ãÆ /[locale]/test
Ôö£ ãÆ /[locale]/test-email
Ôö£ ãÆ /[locale]/test-login
Ôö£ ãÆ /[locale]/theme
Ôö£ ãÆ /[locale]/workflows
Ôö£ ãÆ /[locale]/workspaces
Ôö£ ãÆ /[locale]/workspaces/[id]
Ôö£ ãÆ /[locale]/workspaces/new
Ôö£ ãÆ /api/admin/clients
Ôö£ ãÆ /api/admin/clients/[id]
Ôö£ ãÆ /api/admin/compliance/deletions
Ôö£ ãÆ /api/admin/compliance/exports
Ôö£ ãÆ /api/admin/compliance/stats
Ôö£ ãÆ /api/admin/costs
Ôö£ ãÆ /api/admin/create-dossier-from-email
Ôö£ ãÆ /api/admin/documents
Ôö£ ãÆ /api/admin/documents/[id]/download
Ôö£ ãÆ /api/admin/dossiers
Ôö£ ãÆ /api/admin/dossiers/[id]
Ôö£ ãÆ /api/admin/email-monitor
Ôö£ ãÆ /api/admin/logs
Ôö£ ãÆ /api/admin/messages
Ôö£ ãÆ /api/admin/messages/mark-read
Ôö£ ãÆ /api/admin/profil
Ôö£ ãÆ /api/admin/profil/password
Ôö£ ãÆ /api/ai/analyze
Ôö£ ãÆ /api/ai/chat
Ôö£ ãÆ /api/ai/form-suggestions
Ôö£ ãÆ /api/ai/generate
Ôö£ ãÆ /api/ai/health
Ôö£ ãÆ /api/analytics/ai
Ôö£ ãÆ /api/analytics/emails
Ôö£ ãÆ /api/analytics/engagement
Ôö£ ãÆ /api/analytics/metrics
Ôö£ ãÆ /api/analytics/revenue
Ôö£ ãÆ /api/analytics/web-vitals
Ôö£ ãÆ /api/audit-logs
Ôö£ ãÆ /api/audit/timeline/[entityType]/[entityId]
Ôö£ ãÆ /api/audit/trail
Ôö£ ãÆ /api/audit/verify-all
Ôö£ ãÆ /api/audit/verify/[eventId]
Ôö£ ãÆ /api/auth/[...nextauth]
Ôö£ ãÆ /api/auth/demo-login
Ôö£ ãÆ /api/auth/forgot-password
Ôö£ ãÆ /api/auth/register
Ôö£ ãÆ /api/auth/reset-password
Ôö£ ãÆ /api/auth/test
Ôö£ ãÆ /api/auth/verify-reset-token
Ôö£ ãÆ /api/azure/keyvault/secret
Ôö£ ãÆ /api/azure/storage/list
Ôö£ ãÆ /api/azure/storage/upload
Ôö£ ãÆ /api/billing/ai-costs
Ôö£ ãÆ /api/billing/checkout
Ôö£ ãÆ /api/billing/plans
Ôö£ ãÆ /api/billing/portal
Ôö£ ãÆ /api/billing/quotas
Ôö£ ãÆ /api/billing/subscription
Ôö£ ãÆ /api/calendar
Ôö£ ãÆ /api/calendar/ics
Ôö£ ãÆ /api/calendar/sync
Ôö£ ãÆ /api/client/[clientId]/dashboard
Ôö£ ãÆ /api/client/ai-usage
Ôö£ ãÆ /api/client/demandes
Ôö£ ãÆ /api/client/documents
Ôö£ ãÆ /api/client/documents/[id]/download
Ôö£ ãÆ /api/client/documents/upload
Ôö£ ãÆ /api/client/dossiers
Ôö£ ãÆ /api/client/dossiers/[id]
Ôö£ ãÆ /api/client/messages
Ôö£ ãÆ /api/client/messages/mark-read
Ôö£ ãÆ /api/client/my-dossiers
Ôö£ ãÆ /api/client/my-factures
Ôö£ ãÆ /api/client/profil
Ôö£ ãÆ /api/client/profil/password
Ôö£ ãÆ /api/clients
Ôö£ ãÆ /api/clients/[id]
Ôö£ ãÆ /api/compliance/consent
Ôö£ ãÆ /api/compliance/delete
Ôö£ ãÆ /api/compliance/export
Ôö£ ãÆ /api/contact
Ôö£ ãÆ /api/cron/cost-alerts
Ôö£ ãÆ /api/cron/deadline-alerts
Ôö£ ãÆ /api/cron/workflows
Ôö£ ãÆ /api/dashboard/monthly-data
Ôö£ ãÆ /api/dashboard/recent-activities
Ôö£ ãÆ /api/dashboard/stats
Ôö£ ãÆ /api/data/titanic
Ôö£ ãÆ /api/delais
Ôö£ ãÆ /api/demo
Ôö£ ãÆ /api/demo/seed
Ôö£ ãÆ /api/deployment/final-report
Ôö£ ãÆ /api/deployment/phase6-production
Ôö£ ãÆ /api/deployment/status
Ôö£ ãÆ /api/dev/ai-stats
Ôö£ ãÆ /api/dev/health
Ôö£ ãÆ /api/dev/logs
Ôö£ ãÆ /api/dev/logs/export
Ôö£ ãÆ /api/dev/metrics
Ôö£ ãÆ /api/dev/workflow-stats
Ôö£ ãÆ /api/documents
Ôö£ ãÆ /api/documents/download/[id]
Ôö£ ãÆ /api/documents/upload
Ôö£ ãÆ /api/dossiers
Ôö£ ãÆ /api/dossiers/[id]
Ôö£ ãÆ /api/emails/incoming
Ôö£ ãÆ /api/factures
Ôö£ ãÆ /api/factures/[id]
Ôö£ ãÆ /api/forms/approvals
Ôö£ ãÆ /api/forms/resource-request
Ôö£ ãÆ /api/forms/risk-assessment
Ôö£ ãÆ /api/forms/risks
Ôö£ ãÆ /api/forms/stats
Ôö£ ãÆ /api/forms/strategic-decision
Ôö£ ãÆ /api/forms/submissions
Ôö£ ãÆ /api/github/issues/create
Ôö£ ãÆ /api/github/sync-dossier
Ôö£ ãÆ /api/github/user
Ôö£ ãÆ /api/health
Ôö£ ãÆ /api/inbox/prioritized
Ôö£ ãÆ /api/information-units
Ôö£ ãÆ /api/integrations/sync
Ôö£ ãÆ /api/lawyer/workspace/[id]
Ôö£ ãÆ /api/lawyer/workspace/[id]/execute-action
Ôö£ ãÆ /api/lawyer/workspace/[id]/execute-reasoning
Ôö£ ãÆ /api/lawyer/workspace/[id]/export
Ôö£ ãÆ /api/lawyer/workspace/[id]/resolve-missing
Ôö£ ãÆ /api/lawyer/workspaces
Ôö£ ãÆ /api/lawyer/workspaces/[id]
Ôö£ ãÆ /api/lawyer/workspaces/[id]/documents
Ôö£ ãÆ /api/lawyer/workspaces/[id]/documents/[docId]
Ôö£ ãÆ /api/lawyer/workspaces/[id]/documents/[docId]/download
Ôö£ ãÆ /api/lawyer/workspaces/[id]/emails
Ôö£ ãÆ /api/lawyer/workspaces/[id]/notes
Ôö£ ãÆ /api/lawyer/workspaces/[id]/notes/[noteId]
Ôö£ ãÆ /api/lawyer/workspaces/[id]/procedures
Ôö£ ãÆ /api/lawyer/workspaces/[id]/procedures/[procId]
Ôö£ ãÆ /api/lawyer/workspaces/[id]/procedures/[procId]/checklist
Ôö£ ãÆ /api/legal-deadlines
Ôö£ ãÆ /api/legal/cookies
Ôö£ ãÆ /api/legal/privacy
Ôö£ ãÆ /api/legal/proof/export
Ôö£ ãÆ /api/legal/proof/generate
Ôö£ ãÆ /api/legal/proof/sign
Ôö£ ãÆ /api/legal/proof/verify
Ôö£ ãÆ /api/legal/tos
Ôö£ ãÆ /api/legifrance/search
Ôö£ Ôùï /api/monitoring/metrics-dashboard                                  1m      1y
Ôö£ ãÆ /api/monitoring/release-health
Ôö£ ãÆ /api/monitoring/sentry-test
Ôö£ ãÆ /api/multichannel/messages
Ôö£ ãÆ /api/multichannel/rgpd
Ôö£ ãÆ /api/multichannel/stats
Ôö£ ãÆ /api/notifications
Ôö£ ãÆ /api/notifications/stream
Ôö£ ãÆ /api/oauth/authorize
Ôö£ ãÆ /api/oauth/callback
Ôö£ ãÆ /api/oauth/tokens
Ôö£ ãÆ /api/payments/create-checkout
Ôö£ ãÆ /api/payments/invoices
Ôö£ ãÆ /api/payments/methods
Ôö£ ãÆ /api/payments/webhook
Ôö£ ãÆ /api/proofs
Ôö£ ãÆ /api/realtime/events
Ôö£ ãÆ /api/reports
Ôö£ ãÆ /api/search
Ôö£ ãÆ /api/search/analytics
Ôö£ ãÆ /api/search/suggestions
Ôö£ ãÆ /api/subscriptions/cancel
Ôö£ ãÆ /api/subscriptions/create
Ôö£ ãÆ /api/subscriptions/current
Ôö£ ãÆ /api/super-admin/emails
Ôö£ ãÆ /api/super-admin/plans
Ôö£ ãÆ /api/super-admin/stats
Ôö£ ãÆ /api/super-admin/support
Ôö£ ãÆ /api/super-admin/tenants
Ôö£ ãÆ /api/super-admin/users
Ôö£ ãÆ /api/super-admin/workflows
Ôö£ ãÆ /api/tax/calculate
Ôö£ ãÆ /api/tenant/[tenantId]/analytics
Ôö£ ãÆ /api/tenant/[tenantId]/clients/[clientId]/dossiers
Ôö£ ãÆ /api/tenant/[tenantId]/clients/with-stats
Ôö£ ãÆ /api/tenant/[tenantId]/dashboard/monthly-data
Ôö£ ãÆ /api/tenant/[tenantId]/dashboard/recent-activities
Ôö£ ãÆ /api/tenant/[tenantId]/dashboard/stats
Ôö£ ãÆ /api/tenant/[tenantId]/dossiers/all
Ôö£ ãÆ /api/tenant/[tenantId]/emails
Ôö£ ãÆ /api/tenant/[tenantId]/learning
Ôö£ ãÆ /api/tenant/[tenantId]/predictions
Ôö£ ãÆ /api/tenant/[tenantId]/quick-actions
Ôö£ ãÆ /api/tenant/[tenantId]/semantic-search
Ôö£ ãÆ /api/tenant/[tenantId]/suggestions
Ôö£ ãÆ /api/test-email
Ôö£ ãÆ /api/test/ceseda-analysis
Ôö£ ãÆ /api/test/phase4-phase5-comprehensive
Ôö£ ãÆ /api/test/phase5-features
Ôö£ ãÆ /api/test/webhook-extraction
Ôö£ ãÆ /api/test/webhook-phase4-debug
Ôö£ ãÆ /api/test/webhook-validation
Ôö£ ãÆ /api/tools/dedup-check
Ôö£ ãÆ /api/version
Ôö£ ãÆ /api/webhooks
Ôö£ ãÆ /api/webhooks/channel/[channel]
Ôö£ ãÆ /api/webhooks/email
Ôö£ ãÆ /api/webhooks/github
Ôö£ ãÆ /api/webhooks/manage
Ôö£ ãÆ /api/webhooks/stripe
Ôö£ ãÆ /api/webhooks/test-multichannel
Ôö£ ãÆ /api/webhooks/test-multichannel/phase4
Ôö£ ãÆ /api/workflows/config
Ôö£ ãÆ /api/workflows/config/preset/[name]
Ôö£ ãÆ /api/workflows/trigger
Ôö£ ãÆ /api/workspace-reasoning/[id]
Ôö£ ãÆ /api/workspace-reasoning/[id]/actions/[actionId]
Ôö£ ãÆ /api/workspace-reasoning/[id]/contexts/[contextId]
Ôö£ ãÆ /api/workspace-reasoning/[id]/extract
Ôö£ ãÆ /api/workspace-reasoning/[id]/facts
Ôö£ ãÆ /api/workspace-reasoning/[id]/missing/[missingId]
Ôö£ ãÆ /api/workspace-reasoning/[id]/transition
Ôö£ ãÆ /api/workspace-reasoning/[id]/validate
Ôö£ ãÆ /api/workspace-reasoning/create
Ôöö ãÆ /api/workspaces

Route (pages)
ÔöÇ ãÆ /api/ceseda/predict

ãÆ Proxy (Middleware)

Ôùï  (Static)   prerendered as static content
ãÆ  (Dynamic)  server-rendered on demand

