  Identification des projets ├á restaurer...
  Tous les projets sont ├á jour pour la restauration.
C:\Users\moros\Desktop\memolib\MemoLib.Api\Controllers\AutomationsController.cs(24,25): error CS0019: Impossible d'appliquer l'op├®rateur '==' aux op├®randes de type 'Guid' et 'int' [C:\Users\moros\Desktop\memolib\MemoLib.Api\MemoLib.Api.csproj]
C:\Users\moros\Desktop\memolib\MemoLib.Api\Controllers\AutomationsController.cs(34,29): error CS0029: Impossible de convertir implicitement le type 'int' en 'System.Guid' [C:\Users\moros\Desktop\memolib\MemoLib.Api\MemoLib.Api.csproj]
C:\Users\moros\Desktop\memolib\MemoLib.Api\Controllers\CaseDocumentsController.cs(28,61): error CS0019: Impossible d'appliquer l'op├®rateur '==' aux op├®randes de type 'Guid' et 'int' [C:\Users\moros\Desktop\memolib\MemoLib.Api\MemoLib.Api.csproj]
C:\Users\moros\Desktop\memolib\MemoLib.Api\Controllers\CaseDocumentsController.cs(28,79): error CS0019: Impossible d'appliquer l'op├®rateur '==' aux op├®randes de type 'Guid?' et 'int' [C:\Users\moros\Desktop\memolib\MemoLib.Api\MemoLib.Api.csproj]
C:\Users\moros\Desktop\memolib\MemoLib.Api\Controllers\CaseDocumentsController.cs(32,25): error CS0019: Impossible d'appliquer l'op├®rateur '==' aux op├®randes de type 'Guid' et 'int' [C:\Users\moros\Desktop\memolib\MemoLib.Api\MemoLib.Api.csproj]
C:\Users\moros\Desktop\memolib\MemoLib.Api\Controllers\CaseDocumentsController.cs(42,61): error CS0019: Impossible d'appliquer l'op├®rateur '==' aux op├®randes de type 'Guid' et 'int' [C:\Users\moros\Desktop\memolib\MemoLib.Api\MemoLib.Api.csproj]
C:\Users\moros\Desktop\memolib\MemoLib.Api\Controllers\CaseDocumentsController.cs(42,79): error CS0019: Impossible d'appliquer l'op├®rateur '==' aux op├®randes de type 'Guid?' et 'int' [C:\Users\moros\Desktop\memolib\MemoLib.Api\MemoLib.Api.csproj]
C:\Users\moros\Desktop\memolib\MemoLib.Api\Controllers\CaseDocumentsController.cs(53,22): error CS0029: Impossible de convertir implicitement le type 'int' en 'System.Guid' [C:\Users\moros\Desktop\memolib\MemoLib.Api\MemoLib.Api.csproj]
C:\Users\moros\Desktop\memolib\MemoLib.Api\Controllers\CaseDocumentsController.cs(58,32): error CS0029: Impossible de convertir implicitement le type 'int' en 'System.Guid' [C:\Users\moros\Desktop\memolib\MemoLib.Api\MemoLib.Api.csproj]
C:\Users\moros\Desktop\memolib\MemoLib.Api\Controllers\CaseDocumentsController.cs(73,73): error CS0019: Impossible d'appliquer l'op├®rateur '==' aux op├®randes de type 'Guid' et 'int' [C:\Users\moros\Desktop\memolib\MemoLib.Api\MemoLib.Api.csproj]
C:\Users\moros\Desktop\memolib\MemoLib.Api\Controllers\CaseDocumentsController.cs(73,87): error CS0019: Impossible d'appliquer l'op├®rateur '==' aux op├®randes de type 'Guid' et 'int' [C:\Users\moros\Desktop\memolib\MemoLib.Api\MemoLib.Api.csproj]
C:\Users\moros\Desktop\memolib\MemoLib.Api\Controllers\CaseNotesController.cs(23,61): error CS0019: Impossible d'appliquer l'op├®rateur '==' aux op├®randes de type 'Guid' et 'int' [C:\Users\moros\Desktop\memolib\MemoLib.Api\MemoLib.Api.csproj]
C:\Users\moros\Desktop\memolib\MemoLib.Api\Controllers\CaseNotesController.cs(23,79): error CS0019: Impossible d'appliquer l'op├®rateur '==' aux op├®randes de type 'Guid?' et 'int' [C:\Users\moros\Desktop\memolib\MemoLib.Api\MemoLib.Api.csproj]
C:\Users\moros\Desktop\memolib\MemoLib.Api\Controllers\CaseNotesController.cs(27,25): error CS0019: Impossible d'appliquer l'op├®rateur '==' aux op├®randes de type 'Guid' et 'int' [C:\Users\moros\Desktop\memolib\MemoLib.Api\MemoLib.Api.csproj]
C:\Users\moros\Desktop\memolib\MemoLib.Api\Controllers\AutomationsController.cs(46,78): error CS0019: Impossible d'appliquer l'op├®rateur '==' aux op├®randes de type 'Guid' et 'int' [C:\Users\moros\Desktop\memolib\MemoLib.Api\MemoLib.Api.csproj]
C:\Users\moros\Desktop\memolib\MemoLib.Api\Controllers\AutomationsController.cs(46,92): error CS0019: Impossible d'appliquer l'op├®rateur '==' aux op├®randes de type 'Guid' et 'int' [C:\Users\moros\Desktop\memolib\MemoLib.Api\MemoLib.Api.csproj]
C:\Users\moros\Desktop\memolib\MemoLib.Api\Controllers\CaseNotesController.cs(37,61): error CS0019: Impossible d'appliquer l'op├®rateur '==' aux op├®randes de type 'Guid' et 'int' [C:\Users\moros\Desktop\memolib\MemoLib.Api\MemoLib.Api.csproj]
C:\Users\moros\Desktop\memolib\MemoLib.Api\Controllers\CaseNotesController.cs(37,79): error CS0019: Impossible d'appliquer l'op├®rateur '==' aux op├®randes de type 'Guid?' et 'int' [C:\Users\moros\Desktop\memolib\MemoLib.Api\MemoLib.Api.csproj]
C:\Users\moros\Desktop\memolib\MemoLib.Api\Controllers\CaseNotesController.cs(40,23): error CS0029: Impossible de convertir implicitement le type 'int' en 'System.Guid' [C:\Users\moros\Desktop\memolib\MemoLib.Api\MemoLib.Api.csproj]
C:\Users\moros\Desktop\memolib\MemoLib.Api\Controllers\CaseNotesController.cs(41,23): error CS0029: Impossible de convertir implicitement le type 'int' en 'System.Guid' [C:\Users\moros\Desktop\memolib\MemoLib.Api\MemoLib.Api.csproj]
C:\Users\moros\Desktop\memolib\MemoLib.Api\Controllers\AutomationsController.cs(64,78): error CS0019: Impossible d'appliquer l'op├®rateur '==' aux op├®randes de type 'Guid' et 'int' [C:\Users\moros\Desktop\memolib\MemoLib.Api\MemoLib.Api.csproj]
C:\Users\moros\Desktop\memolib\MemoLib.Api\Controllers\AutomationsController.cs(64,92): error CS0019: Impossible d'appliquer l'op├®rateur '==' aux op├®randes de type 'Guid' et 'int' [C:\Users\moros\Desktop\memolib\MemoLib.Api\MemoLib.Api.csproj]
C:\Users\moros\Desktop\memolib\MemoLib.Api\Controllers\CaseDocumentsController.cs(86,76): error CS0019: Impossible d'appliquer l'op├®rateur '==' aux op├®randes de type 'Guid' et 'int' [C:\Users\moros\Desktop\memolib\MemoLib.Api\MemoLib.Api.csproj]
C:\Users\moros\Desktop\memolib\MemoLib.Api\Controllers\CaseDocumentsController.cs(86,90): error CS0019: Impossible d'appliquer l'op├®rateur '==' aux op├®randes de type 'Guid' et 'int' [C:\Users\moros\Desktop\memolib\MemoLib.Api\MemoLib.Api.csproj]
C:\Users\moros\Desktop\memolib\MemoLib.Api\Controllers\CaseDocumentsController.cs(97,22): error CS0029: Impossible de convertir implicitement le type 'int' en 'System.Guid' [C:\Users\moros\Desktop\memolib\MemoLib.Api\MemoLib.Api.csproj]
C:\Users\moros\Desktop\memolib\MemoLib.Api\Controllers\CaseDocumentsController.cs(104,32): error CS0029: Impossible de convertir implicitement le type 'int' en 'System.Guid' [C:\Users\moros\Desktop\memolib\MemoLib.Api\MemoLib.Api.csproj]
C:\Users\moros\Desktop\memolib\MemoLib.Api\Controllers\AutomationsController.cs(76,78): error CS0019: Impossible d'appliquer l'op├®rateur '==' aux op├®randes de type 'Guid' et 'int' [C:\Users\moros\Desktop\memolib\MemoLib.Api\MemoLib.Api.csproj]
C:\Users\moros\Desktop\memolib\MemoLib.Api\Controllers\AutomationsController.cs(76,92): error CS0019: Impossible d'appliquer l'op├®rateur '==' aux op├®randes de type 'Guid' et 'int' [C:\Users\moros\Desktop\memolib\MemoLib.Api\MemoLib.Api.csproj]
C:\Users\moros\Desktop\memolib\MemoLib.Api\Controllers\CaseNotesController.cs(52,70): error CS0019: Impossible d'appliquer l'op├®rateur '==' aux op├®randes de type 'Guid' et 'int' [C:\Users\moros\Desktop\memolib\MemoLib.Api\MemoLib.Api.csproj]
C:\Users\moros\Desktop\memolib\MemoLib.Api\Controllers\CaseNotesController.cs(52,84): error CS0019: Impossible d'appliquer l'op├®rateur '==' aux op├®randes de type 'Guid' et 'int' [C:\Users\moros\Desktop\memolib\MemoLib.Api\MemoLib.Api.csproj]
C:\Users\moros\Desktop\memolib\MemoLib.Api\Controllers\CaseNotesController.cs(52,106): error CS0019: Impossible d'appliquer l'op├®rateur '==' aux op├®randes de type 'Guid' et 'int' [C:\Users\moros\Desktop\memolib\MemoLib.Api\MemoLib.Api.csproj]
C:\Users\moros\Desktop\memolib\MemoLib.Api\Controllers\CaseNotesController.cs(67,70): error CS0019: Impossible d'appliquer l'op├®rateur '==' aux op├®randes de type 'Guid' et 'int' [C:\Users\moros\Desktop\memolib\MemoLib.Api\MemoLib.Api.csproj]
C:\Users\moros\Desktop\memolib\MemoLib.Api\Controllers\CaseNotesController.cs(67,84): error CS0019: Impossible d'appliquer l'op├®rateur '==' aux op├®randes de type 'Guid' et 'int' [C:\Users\moros\Desktop\memolib\MemoLib.Api\MemoLib.Api.csproj]
C:\Users\moros\Desktop\memolib\MemoLib.Api\Controllers\CaseNotesController.cs(67,106): error CS0019: Impossible d'appliquer l'op├®rateur '==' aux op├®randes de type 'Guid' et 'int' [C:\Users\moros\Desktop\memolib\MemoLib.Api\MemoLib.Api.csproj]
C:\Users\moros\Desktop\memolib\MemoLib.Api\Controllers\CaseTasksController.cs(23,61): error CS0019: Impossible d'appliquer l'op├®rateur '==' aux op├®randes de type 'Guid' et 'int' [C:\Users\moros\Desktop\memolib\MemoLib.Api\MemoLib.Api.csproj]
C:\Users\moros\Desktop\memolib\MemoLib.Api\Controllers\CaseTasksController.cs(23,79): error CS0019: Impossible d'appliquer l'op├®rateur '==' aux op├®randes de type 'Guid?' et 'int' [C:\Users\moros\Desktop\memolib\MemoLib.Api\MemoLib.Api.csproj]
C:\Users\moros\Desktop\memolib\MemoLib.Api\Controllers\CaseTasksController.cs(26,51): error CS0019: Impossible d'appliquer l'op├®rateur '==' aux op├®randes de type 'Guid' et 'int' [C:\Users\moros\Desktop\memolib\MemoLib.Api\MemoLib.Api.csproj]
C:\Users\moros\Desktop\memolib\MemoLib.Api\Controllers\CaseTasksController.cs(37,61): error CS0019: Impossible d'appliquer l'op├®rateur '==' aux op├®randes de type 'Guid' et 'int' [C:\Users\moros\Desktop\memolib\MemoLib.Api\MemoLib.Api.csproj]
C:\Users\moros\Desktop\memolib\MemoLib.Api\Controllers\CaseTasksController.cs(37,79): error CS0019: Impossible d'appliquer l'op├®rateur '==' aux op├®randes de type 'Guid?' et 'int' [C:\Users\moros\Desktop\memolib\MemoLib.Api\MemoLib.Api.csproj]
C:\Users\moros\Desktop\memolib\MemoLib.Api\Controllers\CaseTasksController.cs(40,23): error CS0029: Impossible de convertir implicitement le type 'int' en 'System.Guid' [C:\Users\moros\Desktop\memolib\MemoLib.Api\MemoLib.Api.csproj]
C:\Users\moros\Desktop\memolib\MemoLib.Api\Controllers\CaseTasksController.cs(51,70): error CS0019: Impossible d'appliquer l'op├®rateur '==' aux op├®randes de type 'Guid' et 'int' [C:\Users\moros\Desktop\memolib\MemoLib.Api\MemoLib.Api.csproj]
C:\Users\moros\Desktop\memolib\MemoLib.Api\Controllers\CaseTasksController.cs(51,84): error CS0019: Impossible d'appliquer l'op├®rateur '==' aux op├®randes de type 'Guid' et 'int' [C:\Users\moros\Desktop\memolib\MemoLib.Api\MemoLib.Api.csproj]
C:\Users\moros\Desktop\memolib\MemoLib.Api\Controllers\CaseTasksController.cs(65,70): error CS0019: Impossible d'appliquer l'op├®rateur '==' aux op├®randes de type 'Guid' et 'int' [C:\Users\moros\Desktop\memolib\MemoLib.Api\MemoLib.Api.csproj]
C:\Users\moros\Desktop\memolib\MemoLib.Api\Controllers\CaseTasksController.cs(65,84): error CS0019: Impossible d'appliquer l'op├®rateur '==' aux op├®randes de type 'Guid' et 'int' [C:\Users\moros\Desktop\memolib\MemoLib.Api\MemoLib.Api.csproj]
C:\Users\moros\Desktop\memolib\MemoLib.Api\Controllers\UniversalGatewayController.cs(53,17): warning CS8604: Existence possible d'un argument de r├®f├®rence null pour le param├¿tre 'fromName' dans 'Task<(bool Success, string Message, Guid? EventId)> UniversalGatewayService.IngestUniversalMessageAsync(string channel, string from, string fromName, string text, string externalId, Guid userId, Dictionary<string, string>? metadata = null)'. [C:\Users\moros\Desktop\memolib\MemoLib.Api\MemoLib.Api.csproj]
C:\Users\moros\Desktop\memolib\MemoLib.Api\Controllers\CustomFormsController.cs(24,25): error CS0019: Impossible d'appliquer l'op├®rateur '==' aux op├®randes de type 'Guid' et 'int' [C:\Users\moros\Desktop\memolib\MemoLib.Api\MemoLib.Api.csproj]
C:\Users\moros\Desktop\memolib\MemoLib.Api\Controllers\CustomFormsController.cs(34,23): error CS0029: Impossible de convertir implicitement le type 'int' en 'System.Guid' [C:\Users\moros\Desktop\memolib\MemoLib.Api\MemoLib.Api.csproj]
C:\Users\moros\Desktop\memolib\MemoLib.Api\Controllers\CustomFormsController.cs(46,72): error CS0019: Impossible d'appliquer l'op├®rateur '==' aux op├®randes de type 'Guid' et 'int' [C:\Users\moros\Desktop\memolib\MemoLib.Api\MemoLib.Api.csproj]
C:\Users\moros\Desktop\memolib\MemoLib.Api\Controllers\CustomFormsController.cs(55,72): error CS0019: Impossible d'appliquer l'op├®rateur '==' aux op├®randes de type 'Guid' et 'int' [C:\Users\moros\Desktop\memolib\MemoLib.Api\MemoLib.Api.csproj]
C:\Users\moros\Desktop\memolib\MemoLib.Api\Controllers\CustomFormsController.cs(58,29): error CS0029: Impossible de convertir implicitement le type 'int' en 'System.Guid' [C:\Users\moros\Desktop\memolib\MemoLib.Api\MemoLib.Api.csproj]
C:\Users\moros\Desktop\memolib\MemoLib.Api\Controllers\CustomFormsController.cs(70,72): error CS0019: Impossible d'appliquer l'op├®rateur '==' aux op├®randes de type 'Guid' et 'int' [C:\Users\moros\Desktop\memolib\MemoLib.Api\MemoLib.Api.csproj]
C:\Users\moros\Desktop\memolib\MemoLib.Api\Controllers\CustomFormsController.cs(70,86): error CS0019: Impossible d'appliquer l'op├®rateur '==' aux op├®randes de type 'Guid' et 'int' [C:\Users\moros\Desktop\memolib\MemoLib.Api\MemoLib.Api.csproj]
C:\Users\moros\Desktop\memolib\MemoLib.Api\Controllers\CustomFormsController.cs(74,25): error CS0019: Impossible d'appliquer l'op├®rateur '==' aux op├®randes de type 'Guid' et 'int' [C:\Users\moros\Desktop\memolib\MemoLib.Api\MemoLib.Api.csproj]
C:\Users\moros\Desktop\memolib\MemoLib.Api\Controllers\TelegramController.cs(43,17): warning CS8604: Existence possible d'un argument de r├®f├®rence null pour le param├¿tre 'username' dans 'Task<(bool Success, string Message, Guid? EventId)> TelegramIntegrationService.IngestTelegramMessageAsync(long chatId, string username, string firstName, string text, long messageId, Guid userId)'. [C:\Users\moros\Desktop\memolib\MemoLib.Api\MemoLib.Api.csproj]
C:\Users\moros\Desktop\memolib\MemoLib.Api\Controllers\TelegramController.cs(44,17): warning CS8604: Existence possible d'un argument de r├®f├®rence null pour le param├¿tre 'firstName' dans 'Task<(bool Success, string Message, Guid? EventId)> TelegramIntegrationService.IngestTelegramMessageAsync(long chatId, string username, string firstName, string text, long messageId, Guid userId)'. [C:\Users\moros\Desktop\memolib\MemoLib.Api\MemoLib.Api.csproj]
C:\Users\moros\Desktop\memolib\MemoLib.Api\Services\UniversalGatewayService.cs(180,23): warning CS8601: Existence possible d'une assignation de r├®f├®rence null. [C:\Users\moros\Desktop\memolib\MemoLib.Api\MemoLib.Api.csproj]
C:\Users\moros\Desktop\memolib\MemoLib.Api\Controllers\TeamMessagesController.cs(23,54): error CS0019: Impossible d'appliquer l'op├®rateur '==' aux op├®randes de type 'Guid' et 'int' [C:\Users\moros\Desktop\memolib\MemoLib.Api\MemoLib.Api.csproj]
C:\Users\moros\Desktop\memolib\MemoLib.Api\Controllers\TeamMessagesController.cs(23,80): error CS0019: Impossible d'appliquer l'op├®rateur '==' aux op├®randes de type 'Guid?' et 'int' [C:\Users\moros\Desktop\memolib\MemoLib.Api\MemoLib.Api.csproj]
C:\Users\moros\Desktop\memolib\MemoLib.Api\Controllers\TeamMessagesController.cs(40,30): error CS0029: Impossible de convertir implicitement le type 'int' en 'System.Guid' [C:\Users\moros\Desktop\memolib\MemoLib.Api\MemoLib.Api.csproj]
C:\Users\moros\Desktop\memolib\MemoLib.Api\Controllers\TeamMessagesController.cs(52,76): error CS0019: Impossible d'appliquer l'op├®rateur '==' aux op├®randes de type 'Guid' et 'int' [C:\Users\moros\Desktop\memolib\MemoLib.Api\MemoLib.Api.csproj]
C:\Users\moros\Desktop\memolib\MemoLib.Api\Controllers\TeamMessagesController.cs(52,90): error CS0019: Impossible d'appliquer l'op├®rateur '==' aux op├®randes de type 'Guid?' et 'int' [C:\Users\moros\Desktop\memolib\MemoLib.Api\MemoLib.Api.csproj]
C:\Users\moros\Desktop\memolib\MemoLib.Api\Controllers\TeamMessagesController.cs(65,65): error CS0019: Impossible d'appliquer l'op├®rateur '==' aux op├®randes de type 'Guid?' et 'int' [C:\Users\moros\Desktop\memolib\MemoLib.Api\MemoLib.Api.csproj]
C:\Users\moros\Desktop\memolib\MemoLib.Api\Controllers\CustomFormsController.cs(84,72): error CS0019: Impossible d'appliquer l'op├®rateur '==' aux op├®randes de type 'Guid' et 'int' [C:\Users\moros\Desktop\memolib\MemoLib.Api\MemoLib.Api.csproj]
C:\Users\moros\Desktop\memolib\MemoLib.Api\Controllers\CustomFormsController.cs(84,86): error CS0019: Impossible d'appliquer l'op├®rateur '==' aux op├®randes de type 'Guid' et 'int' [C:\Users\moros\Desktop\memolib\MemoLib.Api\MemoLib.Api.csproj]
C:\Users\moros\Desktop\memolib\MemoLib.Api\Controllers\TeamMessagesController.cs(75,25): error CS0019: Impossible d'appliquer l'op├®rateur '==' aux op├®randes de type 'Guid' et 'int' [C:\Users\moros\Desktop\memolib\MemoLib.Api\MemoLib.Api.csproj]
C:\Users\moros\Desktop\memolib\MemoLib.Api\Controllers\TeamMessagesController.cs(75,51): error CS0019: Impossible d'appliquer l'op├®rateur '==' aux op├®randes de type 'Guid?' et 'int' [C:\Users\moros\Desktop\memolib\MemoLib.Api\MemoLib.Api.csproj]
C:\Users\moros\Desktop\memolib\MemoLib.Api\Controllers\ExternalShareController.cs(23,85): error CS0019: Impossible d'appliquer l'op├®rateur '==' aux op├®randes de type 'Guid?' et 'int' [C:\Users\moros\Desktop\memolib\MemoLib.Api\MemoLib.Api.csproj]
C:\Users\moros\Desktop\memolib\MemoLib.Api\Controllers\ExternalShareController.cs(26,32): error CS0029: Impossible de convertir implicitement le type 'int' en 'System.Guid' [C:\Users\moros\Desktop\memolib\MemoLib.Api\MemoLib.Api.csproj]
C:\Users\moros\Desktop\memolib\MemoLib.Api\Controllers\ExternalShareController.cs(51,52): error CS0103: Le nom 'BCrypt' n'existe pas dans le contexte actuel [C:\Users\moros\Desktop\memolib\MemoLib.Api\MemoLib.Api.csproj]
C:\Users\moros\Desktop\memolib\MemoLib.Api\Controllers\ExternalShareController.cs(74,41): error CS1503: Argument 1┬á: conversion impossible de 'int' en 'System.Guid' [C:\Users\moros\Desktop\memolib\MemoLib.Api\MemoLib.Api.csproj]
C:\Users\moros\Desktop\memolib\MemoLib.Api\Controllers\ExternalShareController.cs(78,52): error CS0103: Le nom 'BCrypt' n'existe pas dans le contexte actuel [C:\Users\moros\Desktop\memolib\MemoLib.Api\MemoLib.Api.csproj]
C:\Users\moros\Desktop\memolib\MemoLib.Api\Controllers\ExternalShareController.cs(82,73): error CS0019: Impossible d'appliquer l'op├®rateur '==' aux op├®randes de type 'Guid' et 'int' [C:\Users\moros\Desktop\memolib\MemoLib.Api\MemoLib.Api.csproj]
C:\Users\moros\Desktop\memolib\MemoLib.Api\Controllers\IntegrationsController.cs(24,25): error CS0019: Impossible d'appliquer l'op├®rateur '==' aux op├®randes de type 'Guid' et 'int' [C:\Users\moros\Desktop\memolib\MemoLib.Api\MemoLib.Api.csproj]
C:\Users\moros\Desktop\memolib\MemoLib.Api\Controllers\IntegrationsController.cs(42,30): error CS0029: Impossible de convertir implicitement le type 'int' en 'System.Guid' [C:\Users\moros\Desktop\memolib\MemoLib.Api\MemoLib.Api.csproj]
C:\Users\moros\Desktop\memolib\MemoLib.Api\Controllers\IntegrationsController.cs(54,80): error CS0019: Impossible d'appliquer l'op├®rateur '==' aux op├®randes de type 'Guid' et 'int' [C:\Users\moros\Desktop\memolib\MemoLib.Api\MemoLib.Api.csproj]
C:\Users\moros\Desktop\memolib\MemoLib.Api\Controllers\IntegrationsController.cs(54,94): error CS0019: Impossible d'appliquer l'op├®rateur '==' aux op├®randes de type 'Guid' et 'int' [C:\Users\moros\Desktop\memolib\MemoLib.Api\MemoLib.Api.csproj]
C:\Users\moros\Desktop\memolib\MemoLib.Api\Controllers\ExternalShareController.cs(93,61): error CS0019: Impossible d'appliquer l'op├®rateur '==' aux op├®randes de type 'Guid' et 'int' [C:\Users\moros\Desktop\memolib\MemoLib.Api\MemoLib.Api.csproj]
C:\Users\moros\Desktop\memolib\MemoLib.Api\Controllers\ExternalShareController.cs(93,79): error CS0019: Impossible d'appliquer l'op├®rateur '==' aux op├®randes de type 'Guid?' et 'int' [C:\Users\moros\Desktop\memolib\MemoLib.Api\MemoLib.Api.csproj]
C:\Users\moros\Desktop\memolib\MemoLib.Api\Controllers\ExternalShareController.cs(97,25): error CS0019: Impossible d'appliquer l'op├®rateur '==' aux op├®randes de type 'Guid' et 'int' [C:\Users\moros\Desktop\memolib\MemoLib.Api\MemoLib.Api.csproj]
C:\Users\moros\Desktop\memolib\MemoLib.Api\Controllers\IntegrationsController.cs(66,80): error CS0019: Impossible d'appliquer l'op├®rateur '==' aux op├®randes de type 'Guid' et 'int' [C:\Users\moros\Desktop\memolib\MemoLib.Api\MemoLib.Api.csproj]
C:\Users\moros\Desktop\memolib\MemoLib.Api\Controllers\IntegrationsController.cs(66,94): error CS0019: Impossible d'appliquer l'op├®rateur '==' aux op├®randes de type 'Guid' et 'int' [C:\Users\moros\Desktop\memolib\MemoLib.Api\MemoLib.Api.csproj]
C:\Users\moros\Desktop\memolib\MemoLib.Api\Controllers\ExternalShareController.cs(107,76): error CS0019: Impossible d'appliquer l'op├®rateur '==' aux op├®randes de type 'Guid' et 'int' [C:\Users\moros\Desktop\memolib\MemoLib.Api\MemoLib.Api.csproj]
C:\Users\moros\Desktop\memolib\MemoLib.Api\Controllers\ExternalShareController.cs(107,90): error CS0019: Impossible d'appliquer l'op├®rateur '==' aux op├®randes de type 'Guid' et 'int' [C:\Users\moros\Desktop\memolib\MemoLib.Api\MemoLib.Api.csproj]
C:\Users\moros\Desktop\memolib\MemoLib.Api\Controllers\IntegrationsController.cs(78,80): error CS0019: Impossible d'appliquer l'op├®rateur '==' aux op├®randes de type 'Guid' et 'int' [C:\Users\moros\Desktop\memolib\MemoLib.Api\MemoLib.Api.csproj]
C:\Users\moros\Desktop\memolib\MemoLib.Api\Controllers\IntegrationsController.cs(78,94): error CS0019: Impossible d'appliquer l'op├®rateur '==' aux op├®randes de type 'Guid' et 'int' [C:\Users\moros\Desktop\memolib\MemoLib.Api\MemoLib.Api.csproj]
C:\Users\moros\Desktop\memolib\MemoLib.Api\Services\SignalCommandCenterService.cs(145,41): warning CS8604: Existence possible d'un argument de r├®f├®rence null pour le param├¿tre 'channel' dans 'string SignalCommandCenterService.GetChannelEmoji(string channel)'. [C:\Users\moros\Desktop\memolib\MemoLib.Api\MemoLib.Api.csproj]
C:\Users\moros\Desktop\memolib\MemoLib.Api\Services\SignalCommandCenterService.cs(197,41): warning CS8604: Existence possible d'un argument de r├®f├®rence null pour le param├¿tre 'channel' dans 'string SignalCommandCenterService.GetChannelEmoji(string channel)'. [C:\Users\moros\Desktop\memolib\MemoLib.Api\MemoLib.Api.csproj]
C:\Users\moros\Desktop\memolib\MemoLib.Api\Controllers\SignalController.cs(51,17): warning CS8604: Existence possible d'un argument de r├®f├®rence null pour le param├¿tre 'fromName' dans 'Task<(bool Success, string Message, Guid? EventId)> UniversalGatewayService.IngestUniversalMessageAsync(string channel, string from, string fromName, string text, string externalId, Guid userId, Dictionary<string, string>? metadata = null)'. [C:\Users\moros\Desktop\memolib\MemoLib.Api\MemoLib.Api.csproj]
C:\Users\moros\Desktop\memolib\MemoLib.Api\Controllers\ReportsController.cs(24,25): error CS0019: Impossible d'appliquer l'op├®rateur '==' aux op├®randes de type 'Guid' et 'int' [C:\Users\moros\Desktop\memolib\MemoLib.Api\MemoLib.Api.csproj]
C:\Users\moros\Desktop\memolib\MemoLib.Api\Controllers\ReportsController.cs(34,25): error CS0029: Impossible de convertir implicitement le type 'int' en 'System.Guid' [C:\Users\moros\Desktop\memolib\MemoLib.Api\MemoLib.Api.csproj]
C:\Users\moros\Desktop\memolib\MemoLib.Api\Controllers\MessengerController.cs(65,25): warning CS8625: Impossible de convertir un litt├®ral ayant une valeur null en type r├®f├®rence non-nullable. [C:\Users\moros\Desktop\memolib\MemoLib.Api\MemoLib.Api.csproj]
C:\Users\moros\Desktop\memolib\MemoLib.Api\Controllers\PhoneCallsController.cs(23,61): error CS0019: Impossible d'appliquer l'op├®rateur '==' aux op├®randes de type 'Guid' et 'int' [C:\Users\moros\Desktop\memolib\MemoLib.Api\MemoLib.Api.csproj]
C:\Users\moros\Desktop\memolib\MemoLib.Api\Controllers\PhoneCallsController.cs(23,79): error CS0019: Impossible d'appliquer l'op├®rateur '==' aux op├®randes de type 'Guid?' et 'int' [C:\Users\moros\Desktop\memolib\MemoLib.Api\MemoLib.Api.csproj]
C:\Users\moros\Desktop\memolib\MemoLib.Api\Controllers\PhoneCallsController.cs(27,25): error CS0019: Impossible d'appliquer l'op├®rateur '==' aux op├®randes de type 'Guid' et 'int' [C:\Users\moros\Desktop\memolib\MemoLib.Api\MemoLib.Api.csproj]
C:\Users\moros\Desktop\memolib\MemoLib.Api\Controllers\ReportsController.cs(52,30): error CS1061: 'MemoLibDbContext' ne contient pas de d├®finition pour 'TimeEntries' et aucune m├®thode d'extension accessible 'TimeEntries' acceptant un premier argument de type 'MemoLibDbContext' n'a ├®t├® trouv├®e (une directive using ou une r├®f├®rence d'assembly est-elle manquante┬á?) [C:\Users\moros\Desktop\memolib\MemoLib.Api\MemoLib.Api.csproj]
C:\Users\moros\Desktop\memolib\MemoLib.Api\Controllers\PhoneCallsController.cs(37,61): error CS0019: Impossible d'appliquer l'op├®rateur '==' aux op├®randes de type 'Guid' et 'int' [C:\Users\moros\Desktop\memolib\MemoLib.Api\MemoLib.Api.csproj]
C:\Users\moros\Desktop\memolib\MemoLib.Api\Controllers\PhoneCallsController.cs(37,79): error CS0019: Impossible d'appliquer l'op├®rateur '==' aux op├®randes de type 'Guid?' et 'int' [C:\Users\moros\Desktop\memolib\MemoLib.Api\MemoLib.Api.csproj]
C:\Users\moros\Desktop\memolib\MemoLib.Api\Controllers\PhoneCallsController.cs(40,23): error CS0029: Impossible de convertir implicitement le type 'int' en 'System.Guid' [C:\Users\moros\Desktop\memolib\MemoLib.Api\MemoLib.Api.csproj]
C:\Users\moros\Desktop\memolib\MemoLib.Api\Controllers\PhoneCallsController.cs(41,32): error CS0029: Impossible de convertir implicitement le type 'int' en 'System.Guid' [C:\Users\moros\Desktop\memolib\MemoLib.Api\MemoLib.Api.csproj]
C:\Users\moros\Desktop\memolib\MemoLib.Api\Controllers\PhoneCallsController.cs(54,71): error CS0019: Impossible d'appliquer l'op├®rateur '==' aux op├®randes de type 'Guid' et 'int' [C:\Users\moros\Desktop\memolib\MemoLib.Api\MemoLib.Api.csproj]
C:\Users\moros\Desktop\memolib\MemoLib.Api\Controllers\PhoneCallsController.cs(54,85): error CS0019: Impossible d'appliquer l'op├®rateur '==' aux op├®randes de type 'Guid' et 'int' [C:\Users\moros\Desktop\memolib\MemoLib.Api\MemoLib.Api.csproj]
C:\Users\moros\Desktop\memolib\MemoLib.Api\Controllers\PhoneCallsController.cs(67,71): error CS0019: Impossible d'appliquer l'op├®rateur '==' aux op├®randes de type 'Guid' et 'int' [C:\Users\moros\Desktop\memolib\MemoLib.Api\MemoLib.Api.csproj]
C:\Users\moros\Desktop\memolib\MemoLib.Api\Controllers\PhoneCallsController.cs(67,85): error CS0019: Impossible d'appliquer l'op├®rateur '==' aux op├®randes de type 'Guid' et 'int' [C:\Users\moros\Desktop\memolib\MemoLib.Api\MemoLib.Api.csproj]
C:\Users\moros\Desktop\memolib\MemoLib.Api\Controllers\ReportsController.cs(71,30): error CS1061: 'MemoLibDbContext' ne contient pas de d├®finition pour 'Invoices' et aucune m├®thode d'extension accessible 'Invoices' acceptant un premier argument de type 'MemoLibDbContext' n'a ├®t├® trouv├®e (une directive using ou une r├®f├®rence d'assembly est-elle manquante┬á?) [C:\Users\moros\Desktop\memolib\MemoLib.Api\MemoLib.Api.csproj]
C:\Users\moros\Desktop\memolib\MemoLib.Api\Controllers\ReportsController.cs(71,94): error CS0019: Impossible d'appliquer l'op├®rateur '==' aux op├®randes de type 'Guid?' et 'int' [C:\Users\moros\Desktop\memolib\MemoLib.Api\MemoLib.Api.csproj]
C:\Users\moros\Desktop\memolib\MemoLib.Api\Controllers\ReportsController.cs(91,25): error CS0019: Impossible d'appliquer l'op├®rateur '==' aux op├®randes de type 'Guid?' et 'int' [C:\Users\moros\Desktop\memolib\MemoLib.Api\MemoLib.Api.csproj]

├ëCHEC de la build.

C:\Users\moros\Desktop\memolib\MemoLib.Api\Controllers\UniversalGatewayController.cs(53,17): warning CS8604: Existence possible d'un argument de r├®f├®rence null pour le param├¿tre 'fromName' dans 'Task<(bool Success, string Message, Guid? EventId)> UniversalGatewayService.IngestUniversalMessageAsync(string channel, string from, string fromName, string text, string externalId, Guid userId, Dictionary<string, string>? metadata = null)'. [C:\Users\moros\Desktop\memolib\MemoLib.Api\MemoLib.Api.csproj]
C:\Users\moros\Desktop\memolib\MemoLib.Api\Controllers\TelegramController.cs(43,17): warning CS8604: Existence possible d'un argument de r├®f├®rence null pour le param├¿tre 'username' dans 'Task<(bool Success, string Message, Guid? EventId)> TelegramIntegrationService.IngestTelegramMessageAsync(long chatId, string username, string firstName, string text, long messageId, Guid userId)'. [C:\Users\moros\Desktop\memolib\MemoLib.Api\MemoLib.Api.csproj]
C:\Users\moros\Desktop\memolib\MemoLib.Api\Controllers\TelegramController.cs(44,17): warning CS8604: Existence possible d'un argument de r├®f├®rence null pour le param├¿tre 'firstName' dans 'Task<(bool Success, string Message, Guid? EventId)> TelegramIntegrationService.IngestTelegramMessageAsync(long chatId, string username, string firstName, string text, long messageId, Guid userId)'. [C:\Users\moros\Desktop\memolib\MemoLib.Api\MemoLib.Api.csproj]
C:\Users\moros\Desktop\memolib\MemoLib.Api\Services\UniversalGatewayService.cs(180,23): warning CS8601: Existence possible d'une assignation de r├®f├®rence null. [C:\Users\moros\Desktop\memolib\MemoLib.Api\MemoLib.Api.csproj]
C:\Users\moros\Desktop\memolib\MemoLib.Api\Services\SignalCommandCenterService.cs(145,41): warning CS8604: Existence possible d'un argument de r├®f├®rence null pour le param├¿tre 'channel' dans 'string SignalCommandCenterService.GetChannelEmoji(string channel)'. [C:\Users\moros\Desktop\memolib\MemoLib.Api\MemoLib.Api.csproj]
C:\Users\moros\Desktop\memolib\MemoLib.Api\Services\SignalCommandCenterService.cs(197,41): warning CS8604: Existence possible d'un argument de r├®f├®rence null pour le param├¿tre 'channel' dans 'string SignalCommandCenterService.GetChannelEmoji(string channel)'. [C:\Users\moros\Desktop\memolib\MemoLib.Api\MemoLib.Api.csproj]
C:\Users\moros\Desktop\memolib\MemoLib.Api\Controllers\SignalController.cs(51,17): warning CS8604: Existence possible d'un argument de r├®f├®rence null pour le param├¿tre 'fromName' dans 'Task<(bool Success, string Message, Guid? EventId)> UniversalGatewayService.IngestUniversalMessageAsync(string channel, string from, string fromName, string text, string externalId, Guid userId, Dictionary<string, string>? metadata = null)'. [C:\Users\moros\Desktop\memolib\MemoLib.Api\MemoLib.Api.csproj]
C:\Users\moros\Desktop\memolib\MemoLib.Api\Controllers\MessengerController.cs(65,25): warning CS8625: Impossible de convertir un litt├®ral ayant une valeur null en type r├®f├®rence non-nullable. [C:\Users\moros\Desktop\memolib\MemoLib.Api\MemoLib.Api.csproj]
C:\Users\moros\Desktop\memolib\MemoLib.Api\Controllers\AutomationsController.cs(24,25): error CS0019: Impossible d'appliquer l'op├®rateur '==' aux op├®randes de type 'Guid' et 'int' [C:\Users\moros\Desktop\memolib\MemoLib.Api\MemoLib.Api.csproj]
C:\Users\moros\Desktop\memolib\MemoLib.Api\Controllers\AutomationsController.cs(34,29): error CS0029: Impossible de convertir implicitement le type 'int' en 'System.Guid' [C:\Users\moros\Desktop\memolib\MemoLib.Api\MemoLib.Api.csproj]
C:\Users\moros\Desktop\memolib\MemoLib.Api\Controllers\CaseDocumentsController.cs(28,61): error CS0019: Impossible d'appliquer l'op├®rateur '==' aux op├®randes de type 'Guid' et 'int' [C:\Users\moros\Desktop\memolib\MemoLib.Api\MemoLib.Api.csproj]
C:\Users\moros\Desktop\memolib\MemoLib.Api\Controllers\CaseDocumentsController.cs(28,79): error CS0019: Impossible d'appliquer l'op├®rateur '==' aux op├®randes de type 'Guid?' et 'int' [C:\Users\moros\Desktop\memolib\MemoLib.Api\MemoLib.Api.csproj]
C:\Users\moros\Desktop\memolib\MemoLib.Api\Controllers\CaseDocumentsController.cs(32,25): error CS0019: Impossible d'appliquer l'op├®rateur '==' aux op├®randes de type 'Guid' et 'int' [C:\Users\moros\Desktop\memolib\MemoLib.Api\MemoLib.Api.csproj]
C:\Users\moros\Desktop\memolib\MemoLib.Api\Controllers\CaseDocumentsController.cs(42,61): error CS0019: Impossible d'appliquer l'op├®rateur '==' aux op├®randes de type 'Guid' et 'int' [C:\Users\moros\Desktop\memolib\MemoLib.Api\MemoLib.Api.csproj]
C:\Users\moros\Desktop\memolib\MemoLib.Api\Controllers\CaseDocumentsController.cs(42,79): error CS0019: Impossible d'appliquer l'op├®rateur '==' aux op├®randes de type 'Guid?' et 'int' [C:\Users\moros\Desktop\memolib\MemoLib.Api\MemoLib.Api.csproj]
C:\Users\moros\Desktop\memolib\MemoLib.Api\Controllers\CaseDocumentsController.cs(53,22): error CS0029: Impossible de convertir implicitement le type 'int' en 'System.Guid' [C:\Users\moros\Desktop\memolib\MemoLib.Api\MemoLib.Api.csproj]
C:\Users\moros\Desktop\memolib\MemoLib.Api\Controllers\CaseDocumentsController.cs(58,32): error CS0029: Impossible de convertir implicitement le type 'int' en 'System.Guid' [C:\Users\moros\Desktop\memolib\MemoLib.Api\MemoLib.Api.csproj]
C:\Users\moros\Desktop\memolib\MemoLib.Api\Controllers\CaseDocumentsController.cs(73,73): error CS0019: Impossible d'appliquer l'op├®rateur '==' aux op├®randes de type 'Guid' et 'int' [C:\Users\moros\Desktop\memolib\MemoLib.Api\MemoLib.Api.csproj]
C:\Users\moros\Desktop\memolib\MemoLib.Api\Controllers\CaseDocumentsController.cs(73,87): error CS0019: Impossible d'appliquer l'op├®rateur '==' aux op├®randes de type 'Guid' et 'int' [C:\Users\moros\Desktop\memolib\MemoLib.Api\MemoLib.Api.csproj]
C:\Users\moros\Desktop\memolib\MemoLib.Api\Controllers\CaseNotesController.cs(23,61): error CS0019: Impossible d'appliquer l'op├®rateur '==' aux op├®randes de type 'Guid' et 'int' [C:\Users\moros\Desktop\memolib\MemoLib.Api\MemoLib.Api.csproj]
C:\Users\moros\Desktop\memolib\MemoLib.Api\Controllers\CaseNotesController.cs(23,79): error CS0019: Impossible d'appliquer l'op├®rateur '==' aux op├®randes de type 'Guid?' et 'int' [C:\Users\moros\Desktop\memolib\MemoLib.Api\MemoLib.Api.csproj]
C:\Users\moros\Desktop\memolib\MemoLib.Api\Controllers\CaseNotesController.cs(27,25): error CS0019: Impossible d'appliquer l'op├®rateur '==' aux op├®randes de type 'Guid' et 'int' [C:\Users\moros\Desktop\memolib\MemoLib.Api\MemoLib.Api.csproj]
C:\Users\moros\Desktop\memolib\MemoLib.Api\Controllers\AutomationsController.cs(46,78): error CS0019: Impossible d'appliquer l'op├®rateur '==' aux op├®randes de type 'Guid' et 'int' [C:\Users\moros\Desktop\memolib\MemoLib.Api\MemoLib.Api.csproj]
C:\Users\moros\Desktop\memolib\MemoLib.Api\Controllers\AutomationsController.cs(46,92): error CS0019: Impossible d'appliquer l'op├®rateur '==' aux op├®randes de type 'Guid' et 'int' [C:\Users\moros\Desktop\memolib\MemoLib.Api\MemoLib.Api.csproj]
C:\Users\moros\Desktop\memolib\MemoLib.Api\Controllers\CaseNotesController.cs(37,61): error CS0019: Impossible d'appliquer l'op├®rateur '==' aux op├®randes de type 'Guid' et 'int' [C:\Users\moros\Desktop\memolib\MemoLib.Api\MemoLib.Api.csproj]
C:\Users\moros\Desktop\memolib\MemoLib.Api\Controllers\CaseNotesController.cs(37,79): error CS0019: Impossible d'appliquer l'op├®rateur '==' aux op├®randes de type 'Guid?' et 'int' [C:\Users\moros\Desktop\memolib\MemoLib.Api\MemoLib.Api.csproj]
C:\Users\moros\Desktop\memolib\MemoLib.Api\Controllers\CaseNotesController.cs(40,23): error CS0029: Impossible de convertir implicitement le type 'int' en 'System.Guid' [C:\Users\moros\Desktop\memolib\MemoLib.Api\MemoLib.Api.csproj]
C:\Users\moros\Desktop\memolib\MemoLib.Api\Controllers\CaseNotesController.cs(41,23): error CS0029: Impossible de convertir implicitement le type 'int' en 'System.Guid' [C:\Users\moros\Desktop\memolib\MemoLib.Api\MemoLib.Api.csproj]
C:\Users\moros\Desktop\memolib\MemoLib.Api\Controllers\AutomationsController.cs(64,78): error CS0019: Impossible d'appliquer l'op├®rateur '==' aux op├®randes de type 'Guid' et 'int' [C:\Users\moros\Desktop\memolib\MemoLib.Api\MemoLib.Api.csproj]
C:\Users\moros\Desktop\memolib\MemoLib.Api\Controllers\AutomationsController.cs(64,92): error CS0019: Impossible d'appliquer l'op├®rateur '==' aux op├®randes de type 'Guid' et 'int' [C:\Users\moros\Desktop\memolib\MemoLib.Api\MemoLib.Api.csproj]
C:\Users\moros\Desktop\memolib\MemoLib.Api\Controllers\CaseDocumentsController.cs(86,76): error CS0019: Impossible d'appliquer l'op├®rateur '==' aux op├®randes de type 'Guid' et 'int' [C:\Users\moros\Desktop\memolib\MemoLib.Api\MemoLib.Api.csproj]
C:\Users\moros\Desktop\memolib\MemoLib.Api\Controllers\CaseDocumentsController.cs(86,90): error CS0019: Impossible d'appliquer l'op├®rateur '==' aux op├®randes de type 'Guid' et 'int' [C:\Users\moros\Desktop\memolib\MemoLib.Api\MemoLib.Api.csproj]
C:\Users\moros\Desktop\memolib\MemoLib.Api\Controllers\CaseDocumentsController.cs(97,22): error CS0029: Impossible de convertir implicitement le type 'int' en 'System.Guid' [C:\Users\moros\Desktop\memolib\MemoLib.Api\MemoLib.Api.csproj]
C:\Users\moros\Desktop\memolib\MemoLib.Api\Controllers\CaseDocumentsController.cs(104,32): error CS0029: Impossible de convertir implicitement le type 'int' en 'System.Guid' [C:\Users\moros\Desktop\memolib\MemoLib.Api\MemoLib.Api.csproj]
C:\Users\moros\Desktop\memolib\MemoLib.Api\Controllers\AutomationsController.cs(76,78): error CS0019: Impossible d'appliquer l'op├®rateur '==' aux op├®randes de type 'Guid' et 'int' [C:\Users\moros\Desktop\memolib\MemoLib.Api\MemoLib.Api.csproj]
C:\Users\moros\Desktop\memolib\MemoLib.Api\Controllers\AutomationsController.cs(76,92): error CS0019: Impossible d'appliquer l'op├®rateur '==' aux op├®randes de type 'Guid' et 'int' [C:\Users\moros\Desktop\memolib\MemoLib.Api\MemoLib.Api.csproj]
C:\Users\moros\Desktop\memolib\MemoLib.Api\Controllers\CaseNotesController.cs(52,70): error CS0019: Impossible d'appliquer l'op├®rateur '==' aux op├®randes de type 'Guid' et 'int' [C:\Users\moros\Desktop\memolib\MemoLib.Api\MemoLib.Api.csproj]
C:\Users\moros\Desktop\memolib\MemoLib.Api\Controllers\CaseNotesController.cs(52,84): error CS0019: Impossible d'appliquer l'op├®rateur '==' aux op├®randes de type 'Guid' et 'int' [C:\Users\moros\Desktop\memolib\MemoLib.Api\MemoLib.Api.csproj]
C:\Users\moros\Desktop\memolib\MemoLib.Api\Controllers\CaseNotesController.cs(52,106): error CS0019: Impossible d'appliquer l'op├®rateur '==' aux op├®randes de type 'Guid' et 'int' [C:\Users\moros\Desktop\memolib\MemoLib.Api\MemoLib.Api.csproj]
C:\Users\moros\Desktop\memolib\MemoLib.Api\Controllers\CaseNotesController.cs(67,70): error CS0019: Impossible d'appliquer l'op├®rateur '==' aux op├®randes de type 'Guid' et 'int' [C:\Users\moros\Desktop\memolib\MemoLib.Api\MemoLib.Api.csproj]
C:\Users\moros\Desktop\memolib\MemoLib.Api\Controllers\CaseNotesController.cs(67,84): error CS0019: Impossible d'appliquer l'op├®rateur '==' aux op├®randes de type 'Guid' et 'int' [C:\Users\moros\Desktop\memolib\MemoLib.Api\MemoLib.Api.csproj]
C:\Users\moros\Desktop\memolib\MemoLib.Api\Controllers\CaseNotesController.cs(67,106): error CS0019: Impossible d'appliquer l'op├®rateur '==' aux op├®randes de type 'Guid' et 'int' [C:\Users\moros\Desktop\memolib\MemoLib.Api\MemoLib.Api.csproj]
C:\Users\moros\Desktop\memolib\MemoLib.Api\Controllers\CaseTasksController.cs(23,61): error CS0019: Impossible d'appliquer l'op├®rateur '==' aux op├®randes de type 'Guid' et 'int' [C:\Users\moros\Desktop\memolib\MemoLib.Api\MemoLib.Api.csproj]
C:\Users\moros\Desktop\memolib\MemoLib.Api\Controllers\CaseTasksController.cs(23,79): error CS0019: Impossible d'appliquer l'op├®rateur '==' aux op├®randes de type 'Guid?' et 'int' [C:\Users\moros\Desktop\memolib\MemoLib.Api\MemoLib.Api.csproj]
C:\Users\moros\Desktop\memolib\MemoLib.Api\Controllers\CaseTasksController.cs(26,51): error CS0019: Impossible d'appliquer l'op├®rateur '==' aux op├®randes de type 'Guid' et 'int' [C:\Users\moros\Desktop\memolib\MemoLib.Api\MemoLib.Api.csproj]
C:\Users\moros\Desktop\memolib\MemoLib.Api\Controllers\CaseTasksController.cs(37,61): error CS0019: Impossible d'appliquer l'op├®rateur '==' aux op├®randes de type 'Guid' et 'int' [C:\Users\moros\Desktop\memolib\MemoLib.Api\MemoLib.Api.csproj]
C:\Users\moros\Desktop\memolib\MemoLib.Api\Controllers\CaseTasksController.cs(37,79): error CS0019: Impossible d'appliquer l'op├®rateur '==' aux op├®randes de type 'Guid?' et 'int' [C:\Users\moros\Desktop\memolib\MemoLib.Api\MemoLib.Api.csproj]
C:\Users\moros\Desktop\memolib\MemoLib.Api\Controllers\CaseTasksController.cs(40,23): error CS0029: Impossible de convertir implicitement le type 'int' en 'System.Guid' [C:\Users\moros\Desktop\memolib\MemoLib.Api\MemoLib.Api.csproj]
C:\Users\moros\Desktop\memolib\MemoLib.Api\Controllers\CaseTasksController.cs(51,70): error CS0019: Impossible d'appliquer l'op├®rateur '==' aux op├®randes de type 'Guid' et 'int' [C:\Users\moros\Desktop\memolib\MemoLib.Api\MemoLib.Api.csproj]
C:\Users\moros\Desktop\memolib\MemoLib.Api\Controllers\CaseTasksController.cs(51,84): error CS0019: Impossible d'appliquer l'op├®rateur '==' aux op├®randes de type 'Guid' et 'int' [C:\Users\moros\Desktop\memolib\MemoLib.Api\MemoLib.Api.csproj]
C:\Users\moros\Desktop\memolib\MemoLib.Api\Controllers\CaseTasksController.cs(65,70): error CS0019: Impossible d'appliquer l'op├®rateur '==' aux op├®randes de type 'Guid' et 'int' [C:\Users\moros\Desktop\memolib\MemoLib.Api\MemoLib.Api.csproj]
C:\Users\moros\Desktop\memolib\MemoLib.Api\Controllers\CaseTasksController.cs(65,84): error CS0019: Impossible d'appliquer l'op├®rateur '==' aux op├®randes de type 'Guid' et 'int' [C:\Users\moros\Desktop\memolib\MemoLib.Api\MemoLib.Api.csproj]
C:\Users\moros\Desktop\memolib\MemoLib.Api\Controllers\CustomFormsController.cs(24,25): error CS0019: Impossible d'appliquer l'op├®rateur '==' aux op├®randes de type 'Guid' et 'int' [C:\Users\moros\Desktop\memolib\MemoLib.Api\MemoLib.Api.csproj]
C:\Users\moros\Desktop\memolib\MemoLib.Api\Controllers\CustomFormsController.cs(34,23): error CS0029: Impossible de convertir implicitement le type 'int' en 'System.Guid' [C:\Users\moros\Desktop\memolib\MemoLib.Api\MemoLib.Api.csproj]
C:\Users\moros\Desktop\memolib\MemoLib.Api\Controllers\CustomFormsController.cs(46,72): error CS0019: Impossible d'appliquer l'op├®rateur '==' aux op├®randes de type 'Guid' et 'int' [C:\Users\moros\Desktop\memolib\MemoLib.Api\MemoLib.Api.csproj]
C:\Users\moros\Desktop\memolib\MemoLib.Api\Controllers\CustomFormsController.cs(55,72): error CS0019: Impossible d'appliquer l'op├®rateur '==' aux op├®randes de type 'Guid' et 'int' [C:\Users\moros\Desktop\memolib\MemoLib.Api\MemoLib.Api.csproj]
C:\Users\moros\Desktop\memolib\MemoLib.Api\Controllers\CustomFormsController.cs(58,29): error CS0029: Impossible de convertir implicitement le type 'int' en 'System.Guid' [C:\Users\moros\Desktop\memolib\MemoLib.Api\MemoLib.Api.csproj]
C:\Users\moros\Desktop\memolib\MemoLib.Api\Controllers\CustomFormsController.cs(70,72): error CS0019: Impossible d'appliquer l'op├®rateur '==' aux op├®randes de type 'Guid' et 'int' [C:\Users\moros\Desktop\memolib\MemoLib.Api\MemoLib.Api.csproj]
C:\Users\moros\Desktop\memolib\MemoLib.Api\Controllers\CustomFormsController.cs(70,86): error CS0019: Impossible d'appliquer l'op├®rateur '==' aux op├®randes de type 'Guid' et 'int' [C:\Users\moros\Desktop\memolib\MemoLib.Api\MemoLib.Api.csproj]
C:\Users\moros\Desktop\memolib\MemoLib.Api\Controllers\CustomFormsController.cs(74,25): error CS0019: Impossible d'appliquer l'op├®rateur '==' aux op├®randes de type 'Guid' et 'int' [C:\Users\moros\Desktop\memolib\MemoLib.Api\MemoLib.Api.csproj]
C:\Users\moros\Desktop\memolib\MemoLib.Api\Controllers\TeamMessagesController.cs(23,54): error CS0019: Impossible d'appliquer l'op├®rateur '==' aux op├®randes de type 'Guid' et 'int' [C:\Users\moros\Desktop\memolib\MemoLib.Api\MemoLib.Api.csproj]
C:\Users\moros\Desktop\memolib\MemoLib.Api\Controllers\TeamMessagesController.cs(23,80): error CS0019: Impossible d'appliquer l'op├®rateur '==' aux op├®randes de type 'Guid?' et 'int' [C:\Users\moros\Desktop\memolib\MemoLib.Api\MemoLib.Api.csproj]
C:\Users\moros\Desktop\memolib\MemoLib.Api\Controllers\TeamMessagesController.cs(40,30): error CS0029: Impossible de convertir implicitement le type 'int' en 'System.Guid' [C:\Users\moros\Desktop\memolib\MemoLib.Api\MemoLib.Api.csproj]
C:\Users\moros\Desktop\memolib\MemoLib.Api\Controllers\TeamMessagesController.cs(52,76): error CS0019: Impossible d'appliquer l'op├®rateur '==' aux op├®randes de type 'Guid' et 'int' [C:\Users\moros\Desktop\memolib\MemoLib.Api\MemoLib.Api.csproj]
C:\Users\moros\Desktop\memolib\MemoLib.Api\Controllers\TeamMessagesController.cs(52,90): error CS0019: Impossible d'appliquer l'op├®rateur '==' aux op├®randes de type 'Guid?' et 'int' [C:\Users\moros\Desktop\memolib\MemoLib.Api\MemoLib.Api.csproj]
C:\Users\moros\Desktop\memolib\MemoLib.Api\Controllers\TeamMessagesController.cs(65,65): error CS0019: Impossible d'appliquer l'op├®rateur '==' aux op├®randes de type 'Guid?' et 'int' [C:\Users\moros\Desktop\memolib\MemoLib.Api\MemoLib.Api.csproj]
C:\Users\moros\Desktop\memolib\MemoLib.Api\Controllers\CustomFormsController.cs(84,72): error CS0019: Impossible d'appliquer l'op├®rateur '==' aux op├®randes de type 'Guid' et 'int' [C:\Users\moros\Desktop\memolib\MemoLib.Api\MemoLib.Api.csproj]
C:\Users\moros\Desktop\memolib\MemoLib.Api\Controllers\CustomFormsController.cs(84,86): error CS0019: Impossible d'appliquer l'op├®rateur '==' aux op├®randes de type 'Guid' et 'int' [C:\Users\moros\Desktop\memolib\MemoLib.Api\MemoLib.Api.csproj]
C:\Users\moros\Desktop\memolib\MemoLib.Api\Controllers\TeamMessagesController.cs(75,25): error CS0019: Impossible d'appliquer l'op├®rateur '==' aux op├®randes de type 'Guid' et 'int' [C:\Users\moros\Desktop\memolib\MemoLib.Api\MemoLib.Api.csproj]
C:\Users\moros\Desktop\memolib\MemoLib.Api\Controllers\TeamMessagesController.cs(75,51): error CS0019: Impossible d'appliquer l'op├®rateur '==' aux op├®randes de type 'Guid?' et 'int' [C:\Users\moros\Desktop\memolib\MemoLib.Api\MemoLib.Api.csproj]
C:\Users\moros\Desktop\memolib\MemoLib.Api\Controllers\ExternalShareController.cs(23,85): error CS0019: Impossible d'appliquer l'op├®rateur '==' aux op├®randes de type 'Guid?' et 'int' [C:\Users\moros\Desktop\memolib\MemoLib.Api\MemoLib.Api.csproj]
C:\Users\moros\Desktop\memolib\MemoLib.Api\Controllers\ExternalShareController.cs(26,32): error CS0029: Impossible de convertir implicitement le type 'int' en 'System.Guid' [C:\Users\moros\Desktop\memolib\MemoLib.Api\MemoLib.Api.csproj]
C:\Users\moros\Desktop\memolib\MemoLib.Api\Controllers\ExternalShareController.cs(51,52): error CS0103: Le nom 'BCrypt' n'existe pas dans le contexte actuel [C:\Users\moros\Desktop\memolib\MemoLib.Api\MemoLib.Api.csproj]
C:\Users\moros\Desktop\memolib\MemoLib.Api\Controllers\ExternalShareController.cs(74,41): error CS1503: Argument 1┬á: conversion impossible de 'int' en 'System.Guid' [C:\Users\moros\Desktop\memolib\MemoLib.Api\MemoLib.Api.csproj]
C:\Users\moros\Desktop\memolib\MemoLib.Api\Controllers\ExternalShareController.cs(78,52): error CS0103: Le nom 'BCrypt' n'existe pas dans le contexte actuel [C:\Users\moros\Desktop\memolib\MemoLib.Api\MemoLib.Api.csproj]
C:\Users\moros\Desktop\memolib\MemoLib.Api\Controllers\ExternalShareController.cs(82,73): error CS0019: Impossible d'appliquer l'op├®rateur '==' aux op├®randes de type 'Guid' et 'int' [C:\Users\moros\Desktop\memolib\MemoLib.Api\MemoLib.Api.csproj]
C:\Users\moros\Desktop\memolib\MemoLib.Api\Controllers\IntegrationsController.cs(24,25): error CS0019: Impossible d'appliquer l'op├®rateur '==' aux op├®randes de type 'Guid' et 'int' [C:\Users\moros\Desktop\memolib\MemoLib.Api\MemoLib.Api.csproj]
C:\Users\moros\Desktop\memolib\MemoLib.Api\Controllers\IntegrationsController.cs(42,30): error CS0029: Impossible de convertir implicitement le type 'int' en 'System.Guid' [C:\Users\moros\Desktop\memolib\MemoLib.Api\MemoLib.Api.csproj]
C:\Users\moros\Desktop\memolib\MemoLib.Api\Controllers\IntegrationsController.cs(54,80): error CS0019: Impossible d'appliquer l'op├®rateur '==' aux op├®randes de type 'Guid' et 'int' [C:\Users\moros\Desktop\memolib\MemoLib.Api\MemoLib.Api.csproj]
C:\Users\moros\Desktop\memolib\MemoLib.Api\Controllers\IntegrationsController.cs(54,94): error CS0019: Impossible d'appliquer l'op├®rateur '==' aux op├®randes de type 'Guid' et 'int' [C:\Users\moros\Desktop\memolib\MemoLib.Api\MemoLib.Api.csproj]
C:\Users\moros\Desktop\memolib\MemoLib.Api\Controllers\ExternalShareController.cs(93,61): error CS0019: Impossible d'appliquer l'op├®rateur '==' aux op├®randes de type 'Guid' et 'int' [C:\Users\moros\Desktop\memolib\MemoLib.Api\MemoLib.Api.csproj]
C:\Users\moros\Desktop\memolib\MemoLib.Api\Controllers\ExternalShareController.cs(93,79): error CS0019: Impossible d'appliquer l'op├®rateur '==' aux op├®randes de type 'Guid?' et 'int' [C:\Users\moros\Desktop\memolib\MemoLib.Api\MemoLib.Api.csproj]
C:\Users\moros\Desktop\memolib\MemoLib.Api\Controllers\ExternalShareController.cs(97,25): error CS0019: Impossible d'appliquer l'op├®rateur '==' aux op├®randes de type 'Guid' et 'int' [C:\Users\moros\Desktop\memolib\MemoLib.Api\MemoLib.Api.csproj]
C:\Users\moros\Desktop\memolib\MemoLib.Api\Controllers\IntegrationsController.cs(66,80): error CS0019: Impossible d'appliquer l'op├®rateur '==' aux op├®randes de type 'Guid' et 'int' [C:\Users\moros\Desktop\memolib\MemoLib.Api\MemoLib.Api.csproj]
C:\Users\moros\Desktop\memolib\MemoLib.Api\Controllers\IntegrationsController.cs(66,94): error CS0019: Impossible d'appliquer l'op├®rateur '==' aux op├®randes de type 'Guid' et 'int' [C:\Users\moros\Desktop\memolib\MemoLib.Api\MemoLib.Api.csproj]
C:\Users\moros\Desktop\memolib\MemoLib.Api\Controllers\ExternalShareController.cs(107,76): error CS0019: Impossible d'appliquer l'op├®rateur '==' aux op├®randes de type 'Guid' et 'int' [C:\Users\moros\Desktop\memolib\MemoLib.Api\MemoLib.Api.csproj]
C:\Users\moros\Desktop\memolib\MemoLib.Api\Controllers\ExternalShareController.cs(107,90): error CS0019: Impossible d'appliquer l'op├®rateur '==' aux op├®randes de type 'Guid' et 'int' [C:\Users\moros\Desktop\memolib\MemoLib.Api\MemoLib.Api.csproj]
C:\Users\moros\Desktop\memolib\MemoLib.Api\Controllers\IntegrationsController.cs(78,80): error CS0019: Impossible d'appliquer l'op├®rateur '==' aux op├®randes de type 'Guid' et 'int' [C:\Users\moros\Desktop\memolib\MemoLib.Api\MemoLib.Api.csproj]
C:\Users\moros\Desktop\memolib\MemoLib.Api\Controllers\IntegrationsController.cs(78,94): error CS0019: Impossible d'appliquer l'op├®rateur '==' aux op├®randes de type 'Guid' et 'int' [C:\Users\moros\Desktop\memolib\MemoLib.Api\MemoLib.Api.csproj]
C:\Users\moros\Desktop\memolib\MemoLib.Api\Controllers\ReportsController.cs(24,25): error CS0019: Impossible d'appliquer l'op├®rateur '==' aux op├®randes de type 'Guid' et 'int' [C:\Users\moros\Desktop\memolib\MemoLib.Api\MemoLib.Api.csproj]
C:\Users\moros\Desktop\memolib\MemoLib.Api\Controllers\ReportsController.cs(34,25): error CS0029: Impossible de convertir implicitement le type 'int' en 'System.Guid' [C:\Users\moros\Desktop\memolib\MemoLib.Api\MemoLib.Api.csproj]
C:\Users\moros\Desktop\memolib\MemoLib.Api\Controllers\PhoneCallsController.cs(23,61): error CS0019: Impossible d'appliquer l'op├®rateur '==' aux op├®randes de type 'Guid' et 'int' [C:\Users\moros\Desktop\memolib\MemoLib.Api\MemoLib.Api.csproj]
C:\Users\moros\Desktop\memolib\MemoLib.Api\Controllers\PhoneCallsController.cs(23,79): error CS0019: Impossible d'appliquer l'op├®rateur '==' aux op├®randes de type 'Guid?' et 'int' [C:\Users\moros\Desktop\memolib\MemoLib.Api\MemoLib.Api.csproj]
C:\Users\moros\Desktop\memolib\MemoLib.Api\Controllers\PhoneCallsController.cs(27,25): error CS0019: Impossible d'appliquer l'op├®rateur '==' aux op├®randes de type 'Guid' et 'int' [C:\Users\moros\Desktop\memolib\MemoLib.Api\MemoLib.Api.csproj]
C:\Users\moros\Desktop\memolib\MemoLib.Api\Controllers\ReportsController.cs(52,30): error CS1061: 'MemoLibDbContext' ne contient pas de d├®finition pour 'TimeEntries' et aucune m├®thode d'extension accessible 'TimeEntries' acceptant un premier argument de type 'MemoLibDbContext' n'a ├®t├® trouv├®e (une directive using ou une r├®f├®rence d'assembly est-elle manquante┬á?) [C:\Users\moros\Desktop\memolib\MemoLib.Api\MemoLib.Api.csproj]
C:\Users\moros\Desktop\memolib\MemoLib.Api\Controllers\PhoneCallsController.cs(37,61): error CS0019: Impossible d'appliquer l'op├®rateur '==' aux op├®randes de type 'Guid' et 'int' [C:\Users\moros\Desktop\memolib\MemoLib.Api\MemoLib.Api.csproj]
C:\Users\moros\Desktop\memolib\MemoLib.Api\Controllers\PhoneCallsController.cs(37,79): error CS0019: Impossible d'appliquer l'op├®rateur '==' aux op├®randes de type 'Guid?' et 'int' [C:\Users\moros\Desktop\memolib\MemoLib.Api\MemoLib.Api.csproj]
C:\Users\moros\Desktop\memolib\MemoLib.Api\Controllers\PhoneCallsController.cs(40,23): error CS0029: Impossible de convertir implicitement le type 'int' en 'System.Guid' [C:\Users\moros\Desktop\memolib\MemoLib.Api\MemoLib.Api.csproj]
C:\Users\moros\Desktop\memolib\MemoLib.Api\Controllers\PhoneCallsController.cs(41,32): error CS0029: Impossible de convertir implicitement le type 'int' en 'System.Guid' [C:\Users\moros\Desktop\memolib\MemoLib.Api\MemoLib.Api.csproj]
C:\Users\moros\Desktop\memolib\MemoLib.Api\Controllers\PhoneCallsController.cs(54,71): error CS0019: Impossible d'appliquer l'op├®rateur '==' aux op├®randes de type 'Guid' et 'int' [C:\Users\moros\Desktop\memolib\MemoLib.Api\MemoLib.Api.csproj]
C:\Users\moros\Desktop\memolib\MemoLib.Api\Controllers\PhoneCallsController.cs(54,85): error CS0019: Impossible d'appliquer l'op├®rateur '==' aux op├®randes de type 'Guid' et 'int' [C:\Users\moros\Desktop\memolib\MemoLib.Api\MemoLib.Api.csproj]
C:\Users\moros\Desktop\memolib\MemoLib.Api\Controllers\PhoneCallsController.cs(67,71): error CS0019: Impossible d'appliquer l'op├®rateur '==' aux op├®randes de type 'Guid' et 'int' [C:\Users\moros\Desktop\memolib\MemoLib.Api\MemoLib.Api.csproj]
C:\Users\moros\Desktop\memolib\MemoLib.Api\Controllers\PhoneCallsController.cs(67,85): error CS0019: Impossible d'appliquer l'op├®rateur '==' aux op├®randes de type 'Guid' et 'int' [C:\Users\moros\Desktop\memolib\MemoLib.Api\MemoLib.Api.csproj]
C:\Users\moros\Desktop\memolib\MemoLib.Api\Controllers\ReportsController.cs(71,30): error CS1061: 'MemoLibDbContext' ne contient pas de d├®finition pour 'Invoices' et aucune m├®thode d'extension accessible 'Invoices' acceptant un premier argument de type 'MemoLibDbContext' n'a ├®t├® trouv├®e (une directive using ou une r├®f├®rence d'assembly est-elle manquante┬á?) [C:\Users\moros\Desktop\memolib\MemoLib.Api\MemoLib.Api.csproj]
C:\Users\moros\Desktop\memolib\MemoLib.Api\Controllers\ReportsController.cs(71,94): error CS0019: Impossible d'appliquer l'op├®rateur '==' aux op├®randes de type 'Guid?' et 'int' [C:\Users\moros\Desktop\memolib\MemoLib.Api\MemoLib.Api.csproj]
C:\Users\moros\Desktop\memolib\MemoLib.Api\Controllers\ReportsController.cs(91,25): error CS0019: Impossible d'appliquer l'op├®rateur '==' aux op├®randes de type 'Guid?' et 'int' [C:\Users\moros\Desktop\memolib\MemoLib.Api\MemoLib.Api.csproj]
    8 Avertissement(s)
    98 Erreur(s)

Temps ├®coul├® 00:00:09.23
