  Identification des projets à restaurer...
  Tous les projets sont à jour pour la restauration.
c:\Users\moros\Desktop\memolib\MemoLib.Api\MemolibContext.cs(21,10): warning CS1030: #warning : 'To protect potentially sensitive information in your connection string, you should move it out of source code. You can avoid scaffolding the connection string by using the Name= syntax to read it from configuration - see https://go.microsoft.com/fwlink/?linkid=2131148. For more guidance on storing connection strings, see https://go.microsoft.com/fwlink/?LinkId=723263.' [c:\Users\moros\Desktop\memolib\MemoLib.Api\MemoLib.Api.csproj]
c:\Users\moros\Desktop\memolib\MemoLib.Api\tests_backup\AuthControllerTests.cs(1,7): error CS0246: Le nom de type ou d'espace de noms 'Xunit' est introuvable (vous manque-t-il une directive using ou une référence d'assembly ?) [c:\Users\moros\Desktop\memolib\MemoLib.Api\MemoLib.Api.csproj]
c:\Users\moros\Desktop\memolib\MemoLib.Api\tests_backup\AuthControllerTests.cs(2,7): error CS0246: Le nom de type ou d'espace de noms 'Moq' est introuvable (vous manque-t-il une directive using ou une référence d'assembly ?) [c:\Users\moros\Desktop\memolib\MemoLib.Api\MemoLib.Api.csproj]
c:\Users\moros\Desktop\memolib\MemoLib.Api\tests_backup\CaseControllerTests.cs(1,7): error CS0246: Le nom de type ou d'espace de noms 'Xunit' est introuvable (vous manque-t-il une directive using ou une référence d'assembly ?) [c:\Users\moros\Desktop\memolib\MemoLib.Api\MemoLib.Api.csproj]
c:\Users\moros\Desktop\memolib\MemoLib.Api\tests_backup\CaseControllerTests.cs(2,7): error CS0246: Le nom de type ou d'espace de noms 'Moq' est introuvable (vous manque-t-il une directive using ou une référence d'assembly ?) [c:\Users\moros\Desktop\memolib\MemoLib.Api\MemoLib.Api.csproj]
c:\Users\moros\Desktop\memolib\MemoLib.Api\tests_backup\UnitTest1.cs(5,6): error CS0246: Le nom de type ou d'espace de noms 'FactAttribute' est introuvable (vous manque-t-il une directive using ou une référence d'assembly ?) [c:\Users\moros\Desktop\memolib\MemoLib.Api\MemoLib.Api.csproj]
c:\Users\moros\Desktop\memolib\MemoLib.Api\tests_backup\UnitTest1.cs(5,6): error CS0246: Le nom de type ou d'espace de noms 'Fact' est introuvable (vous manque-t-il une directive using ou une référence d'assembly ?) [c:\Users\moros\Desktop\memolib\MemoLib.Api\MemoLib.Api.csproj]
c:\Users\moros\Desktop\memolib\MemoLib.Api\tests_backup\AuthControllerTests.cs(15,22): error CS0246: Le nom de type ou d'espace de noms 'Mock<>' est introuvable (vous manque-t-il une directive using ou une référence d'assembly ?) [c:\Users\moros\Desktop\memolib\MemoLib.Api\MemoLib.Api.csproj]
c:\Users\moros\Desktop\memolib\MemoLib.Api\tests_backup\AuthControllerTests.cs(16,22): error CS0246: Le nom de type ou d'espace de noms 'Mock<>' est introuvable (vous manque-t-il une directive using ou une référence d'assembly ?) [c:\Users\moros\Desktop\memolib\MemoLib.Api\MemoLib.Api.csproj]
c:\Users\moros\Desktop\memolib\MemoLib.Api\tests_backup\CaseControllerTests.cs(13,22): error CS0246: Le nom de type ou d'espace de noms 'Mock<>' est introuvable (vous manque-t-il une directive using ou une référence d'assembly ?) [c:\Users\moros\Desktop\memolib\MemoLib.Api\MemoLib.Api.csproj]
c:\Users\moros\Desktop\memolib\MemoLib.Api\tests_backup\AuthControllerTests.cs(17,22): error CS0246: Le nom de type ou d'espace de noms 'Mock<>' est introuvable (vous manque-t-il une directive using ou une référence d'assembly ?) [c:\Users\moros\Desktop\memolib\MemoLib.Api\MemoLib.Api.csproj]
c:\Users\moros\Desktop\memolib\MemoLib.Api\tests_backup\AuthControllerTests.cs(18,22): error CS0246: Le nom de type ou d'espace de noms 'Mock<>' est introuvable (vous manque-t-il une directive using ou une référence d'assembly ?) [c:\Users\moros\Desktop\memolib\MemoLib.Api\MemoLib.Api.csproj]
c:\Users\moros\Desktop\memolib\MemoLib.Api\tests_backup\CaseControllerTests.cs(26,6): error CS0246: Le nom de type ou d'espace de noms 'FactAttribute' est introuvable (vous manque-t-il une directive using ou une référence d'assembly ?) [c:\Users\moros\Desktop\memolib\MemoLib.Api\MemoLib.Api.csproj]
c:\Users\moros\Desktop\memolib\MemoLib.Api\tests_backup\CaseControllerTests.cs(26,6): error CS0246: Le nom de type ou d'espace de noms 'Fact' est introuvable (vous manque-t-il une directive using ou une référence d'assembly ?) [c:\Users\moros\Desktop\memolib\MemoLib.Api\MemoLib.Api.csproj]
c:\Users\moros\Desktop\memolib\MemoLib.Api\tests_backup\AuthControllerTests.cs(19,22): error CS0246: Le nom de type ou d'espace de noms 'Mock<>' est introuvable (vous manque-t-il une directive using ou une référence d'assembly ?) [c:\Users\moros\Desktop\memolib\MemoLib.Api\MemoLib.Api.csproj]
c:\Users\moros\Desktop\memolib\MemoLib.Api\tests_backup\AuthControllerTests.cs(20,22): error CS0246: Le nom de type ou d'espace de noms 'Mock<>' est introuvable (vous manque-t-il une directive using ou une référence d'assembly ?) [c:\Users\moros\Desktop\memolib\MemoLib.Api\MemoLib.Api.csproj]
c:\Users\moros\Desktop\memolib\MemoLib.Api\tests_backup\CaseControllerTests.cs(48,6): error CS0246: Le nom de type ou d'espace de noms 'FactAttribute' est introuvable (vous manque-t-il une directive using ou une référence d'assembly ?) [c:\Users\moros\Desktop\memolib\MemoLib.Api\MemoLib.Api.csproj]
c:\Users\moros\Desktop\memolib\MemoLib.Api\tests_backup\CaseControllerTests.cs(48,6): error CS0246: Le nom de type ou d'espace de noms 'Fact' est introuvable (vous manque-t-il une directive using ou une référence d'assembly ?) [c:\Users\moros\Desktop\memolib\MemoLib.Api\MemoLib.Api.csproj]
c:\Users\moros\Desktop\memolib\MemoLib.Api\tests_backup\AuthControllerTests.cs(42,6): error CS0246: Le nom de type ou d'espace de noms 'FactAttribute' est introuvable (vous manque-t-il une directive using ou une référence d'assembly ?) [c:\Users\moros\Desktop\memolib\MemoLib.Api\MemoLib.Api.csproj]
c:\Users\moros\Desktop\memolib\MemoLib.Api\tests_backup\AuthControllerTests.cs(42,6): error CS0246: Le nom de type ou d'espace de noms 'Fact' est introuvable (vous manque-t-il une directive using ou une référence d'assembly ?) [c:\Users\moros\Desktop\memolib\MemoLib.Api\MemoLib.Api.csproj]
c:\Users\moros\Desktop\memolib\MemoLib.Api\tests_backup\CaseControllerTests.cs(61,6): error CS0246: Le nom de type ou d'espace de noms 'FactAttribute' est introuvable (vous manque-t-il une directive using ou une référence d'assembly ?) [c:\Users\moros\Desktop\memolib\MemoLib.Api\MemoLib.Api.csproj]
c:\Users\moros\Desktop\memolib\MemoLib.Api\tests_backup\CaseControllerTests.cs(61,6): error CS0246: Le nom de type ou d'espace de noms 'Fact' est introuvable (vous manque-t-il une directive using ou une référence d'assembly ?) [c:\Users\moros\Desktop\memolib\MemoLib.Api\MemoLib.Api.csproj]
c:\Users\moros\Desktop\memolib\MemoLib.Api\tests_backup\AuthControllerTests.cs(69,6): error CS0246: Le nom de type ou d'espace de noms 'FactAttribute' est introuvable (vous manque-t-il une directive using ou une référence d'assembly ?) [c:\Users\moros\Desktop\memolib\MemoLib.Api\MemoLib.Api.csproj]
c:\Users\moros\Desktop\memolib\MemoLib.Api\tests_backup\AuthControllerTests.cs(69,6): error CS0246: Le nom de type ou d'espace de noms 'Fact' est introuvable (vous manque-t-il une directive using ou une référence d'assembly ?) [c:\Users\moros\Desktop\memolib\MemoLib.Api\MemoLib.Api.csproj]
c:\Users\moros\Desktop\memolib\MemoLib.Api\tests_backup\AuthControllerTests.cs(91,6): error CS0246: Le nom de type ou d'espace de noms 'FactAttribute' est introuvable (vous manque-t-il une directive using ou une référence d'assembly ?) [c:\Users\moros\Desktop\memolib\MemoLib.Api\MemoLib.Api.csproj]
c:\Users\moros\Desktop\memolib\MemoLib.Api\tests_backup\AuthControllerTests.cs(91,6): error CS0246: Le nom de type ou d'espace de noms 'Fact' est introuvable (vous manque-t-il une directive using ou une référence d'assembly ?) [c:\Users\moros\Desktop\memolib\MemoLib.Api\MemoLib.Api.csproj]
c:\Users\moros\Desktop\memolib\MemoLib.Api\tests_backup\AuthControllerTests.cs(120,6): error CS0246: Le nom de type ou d'espace de noms 'FactAttribute' est introuvable (vous manque-t-il une directive using ou une référence d'assembly ?) [c:\Users\moros\Desktop\memolib\MemoLib.Api\MemoLib.Api.csproj]
c:\Users\moros\Desktop\memolib\MemoLib.Api\tests_backup\AuthControllerTests.cs(120,6): error CS0246: Le nom de type ou d'espace de noms 'Fact' est introuvable (vous manque-t-il une directive using ou une référence d'assembly ?) [c:\Users\moros\Desktop\memolib\MemoLib.Api\MemoLib.Api.csproj]
c:\Users\moros\Desktop\memolib\MemoLib.Api\tests_backup\AuthControllerTests.cs(149,6): error CS0246: Le nom de type ou d'espace de noms 'FactAttribute' est introuvable (vous manque-t-il une directive using ou une référence d'assembly ?) [c:\Users\moros\Desktop\memolib\MemoLib.Api\MemoLib.Api.csproj]
c:\Users\moros\Desktop\memolib\MemoLib.Api\tests_backup\AuthControllerTests.cs(149,6): error CS0246: Le nom de type ou d'espace de noms 'Fact' est introuvable (vous manque-t-il une directive using ou une référence d'assembly ?) [c:\Users\moros\Desktop\memolib\MemoLib.Api\MemoLib.Api.csproj]
c:\Users\moros\Desktop\memolib\MemoLib.Api\tests_backup\CaseControllerTests.cs(79,6): error CS0246: Le nom de type ou d'espace de noms 'TheoryAttribute' est introuvable (vous manque-t-il une directive using ou une référence d'assembly ?) [c:\Users\moros\Desktop\memolib\MemoLib.Api\MemoLib.Api.csproj]
c:\Users\moros\Desktop\memolib\MemoLib.Api\tests_backup\CaseControllerTests.cs(79,6): error CS0246: Le nom de type ou d'espace de noms 'Theory' est introuvable (vous manque-t-il une directive using ou une référence d'assembly ?) [c:\Users\moros\Desktop\memolib\MemoLib.Api\MemoLib.Api.csproj]
c:\Users\moros\Desktop\memolib\MemoLib.Api\tests_backup\CaseControllerTests.cs(80,6): error CS0246: Le nom de type ou d'espace de noms 'InlineDataAttribute' est introuvable (vous manque-t-il une directive using ou une référence d'assembly ?) [c:\Users\moros\Desktop\memolib\MemoLib.Api\MemoLib.Api.csproj]
c:\Users\moros\Desktop\memolib\MemoLib.Api\tests_backup\CaseControllerTests.cs(80,6): error CS0246: Le nom de type ou d'espace de noms 'InlineData' est introuvable (vous manque-t-il une directive using ou une référence d'assembly ?) [c:\Users\moros\Desktop\memolib\MemoLib.Api\MemoLib.Api.csproj]
c:\Users\moros\Desktop\memolib\MemoLib.Api\tests_backup\CaseControllerTests.cs(81,6): error CS0246: Le nom de type ou d'espace de noms 'InlineDataAttribute' est introuvable (vous manque-t-il une directive using ou une référence d'assembly ?) [c:\Users\moros\Desktop\memolib\MemoLib.Api\MemoLib.Api.csproj]
c:\Users\moros\Desktop\memolib\MemoLib.Api\tests_backup\CaseControllerTests.cs(81,6): error CS0246: Le nom de type ou d'espace de noms 'InlineData' est introuvable (vous manque-t-il une directive using ou une référence d'assembly ?) [c:\Users\moros\Desktop\memolib\MemoLib.Api\MemoLib.Api.csproj]
c:\Users\moros\Desktop\memolib\MemoLib.Api\tests_backup\CaseControllerTests.cs(82,6): error CS0246: Le nom de type ou d'espace de noms 'InlineDataAttribute' est introuvable (vous manque-t-il une directive using ou une référence d'assembly ?) [c:\Users\moros\Desktop\memolib\MemoLib.Api\MemoLib.Api.csproj]
c:\Users\moros\Desktop\memolib\MemoLib.Api\tests_backup\CaseControllerTests.cs(82,6): error CS0246: Le nom de type ou d'espace de noms 'InlineData' est introuvable (vous manque-t-il une directive using ou une référence d'assembly ?) [c:\Users\moros\Desktop\memolib\MemoLib.Api\MemoLib.Api.csproj]
c:\Users\moros\Desktop\memolib\MemoLib.Api\tests_backup\CaseControllerTests.cs(96,6): error CS0246: Le nom de type ou d'espace de noms 'FactAttribute' est introuvable (vous manque-t-il une directive using ou une référence d'assembly ?) [c:\Users\moros\Desktop\memolib\MemoLib.Api\MemoLib.Api.csproj]
c:\Users\moros\Desktop\memolib\MemoLib.Api\tests_backup\CaseControllerTests.cs(96,6): error CS0246: Le nom de type ou d'espace de noms 'Fact' est introuvable (vous manque-t-il une directive using ou une référence d'assembly ?) [c:\Users\moros\Desktop\memolib\MemoLib.Api\MemoLib.Api.csproj]

ÉCHEC de la build.

c:\Users\moros\Desktop\memolib\MemoLib.Api\MemolibContext.cs(21,10): warning CS1030: #warning : 'To protect potentially sensitive information in your connection string, you should move it out of source code. You can avoid scaffolding the connection string by using the Name= syntax to read it from configuration - see https://go.microsoft.com/fwlink/?linkid=2131148. For more guidance on storing connection strings, see https://go.microsoft.com/fwlink/?LinkId=723263.' [c:\Users\moros\Desktop\memolib\MemoLib.Api\MemoLib.Api.csproj]
c:\Users\moros\Desktop\memolib\MemoLib.Api\tests_backup\AuthControllerTests.cs(1,7): error CS0246: Le nom de type ou d'espace de noms 'Xunit' est introuvable (vous manque-t-il une directive using ou une référence d'assembly ?) [c:\Users\moros\Desktop\memolib\MemoLib.Api\MemoLib.Api.csproj]
c:\Users\moros\Desktop\memolib\MemoLib.Api\tests_backup\AuthControllerTests.cs(2,7): error CS0246: Le nom de type ou d'espace de noms 'Moq' est introuvable (vous manque-t-il une directive using ou une référence d'assembly ?) [c:\Users\moros\Desktop\memolib\MemoLib.Api\MemoLib.Api.csproj]
c:\Users\moros\Desktop\memolib\MemoLib.Api\tests_backup\CaseControllerTests.cs(1,7): error CS0246: Le nom de type ou d'espace de noms 'Xunit' est introuvable (vous manque-t-il une directive using ou une référence d'assembly ?) [c:\Users\moros\Desktop\memolib\MemoLib.Api\MemoLib.Api.csproj]
c:\Users\moros\Desktop\memolib\MemoLib.Api\tests_backup\CaseControllerTests.cs(2,7): error CS0246: Le nom de type ou d'espace de noms 'Moq' est introuvable (vous manque-t-il une directive using ou une référence d'assembly ?) [c:\Users\moros\Desktop\memolib\MemoLib.Api\MemoLib.Api.csproj]
c:\Users\moros\Desktop\memolib\MemoLib.Api\tests_backup\UnitTest1.cs(5,6): error CS0246: Le nom de type ou d'espace de noms 'FactAttribute' est introuvable (vous manque-t-il une directive using ou une référence d'assembly ?) [c:\Users\moros\Desktop\memolib\MemoLib.Api\MemoLib.Api.csproj]
c:\Users\moros\Desktop\memolib\MemoLib.Api\tests_backup\UnitTest1.cs(5,6): error CS0246: Le nom de type ou d'espace de noms 'Fact' est introuvable (vous manque-t-il une directive using ou une référence d'assembly ?) [c:\Users\moros\Desktop\memolib\MemoLib.Api\MemoLib.Api.csproj]
c:\Users\moros\Desktop\memolib\MemoLib.Api\tests_backup\AuthControllerTests.cs(15,22): error CS0246: Le nom de type ou d'espace de noms 'Mock<>' est introuvable (vous manque-t-il une directive using ou une référence d'assembly ?) [c:\Users\moros\Desktop\memolib\MemoLib.Api\MemoLib.Api.csproj]
c:\Users\moros\Desktop\memolib\MemoLib.Api\tests_backup\AuthControllerTests.cs(16,22): error CS0246: Le nom de type ou d'espace de noms 'Mock<>' est introuvable (vous manque-t-il une directive using ou une référence d'assembly ?) [c:\Users\moros\Desktop\memolib\MemoLib.Api\MemoLib.Api.csproj]
c:\Users\moros\Desktop\memolib\MemoLib.Api\tests_backup\CaseControllerTests.cs(13,22): error CS0246: Le nom de type ou d'espace de noms 'Mock<>' est introuvable (vous manque-t-il une directive using ou une référence d'assembly ?) [c:\Users\moros\Desktop\memolib\MemoLib.Api\MemoLib.Api.csproj]
c:\Users\moros\Desktop\memolib\MemoLib.Api\tests_backup\AuthControllerTests.cs(17,22): error CS0246: Le nom de type ou d'espace de noms 'Mock<>' est introuvable (vous manque-t-il une directive using ou une référence d'assembly ?) [c:\Users\moros\Desktop\memolib\MemoLib.Api\MemoLib.Api.csproj]
c:\Users\moros\Desktop\memolib\MemoLib.Api\tests_backup\AuthControllerTests.cs(18,22): error CS0246: Le nom de type ou d'espace de noms 'Mock<>' est introuvable (vous manque-t-il une directive using ou une référence d'assembly ?) [c:\Users\moros\Desktop\memolib\MemoLib.Api\MemoLib.Api.csproj]
c:\Users\moros\Desktop\memolib\MemoLib.Api\tests_backup\CaseControllerTests.cs(26,6): error CS0246: Le nom de type ou d'espace de noms 'FactAttribute' est introuvable (vous manque-t-il une directive using ou une référence d'assembly ?) [c:\Users\moros\Desktop\memolib\MemoLib.Api\MemoLib.Api.csproj]
c:\Users\moros\Desktop\memolib\MemoLib.Api\tests_backup\CaseControllerTests.cs(26,6): error CS0246: Le nom de type ou d'espace de noms 'Fact' est introuvable (vous manque-t-il une directive using ou une référence d'assembly ?) [c:\Users\moros\Desktop\memolib\MemoLib.Api\MemoLib.Api.csproj]
c:\Users\moros\Desktop\memolib\MemoLib.Api\tests_backup\AuthControllerTests.cs(19,22): error CS0246: Le nom de type ou d'espace de noms 'Mock<>' est introuvable (vous manque-t-il une directive using ou une référence d'assembly ?) [c:\Users\moros\Desktop\memolib\MemoLib.Api\MemoLib.Api.csproj]
c:\Users\moros\Desktop\memolib\MemoLib.Api\tests_backup\AuthControllerTests.cs(20,22): error CS0246: Le nom de type ou d'espace de noms 'Mock<>' est introuvable (vous manque-t-il une directive using ou une référence d'assembly ?) [c:\Users\moros\Desktop\memolib\MemoLib.Api\MemoLib.Api.csproj]
c:\Users\moros\Desktop\memolib\MemoLib.Api\tests_backup\CaseControllerTests.cs(48,6): error CS0246: Le nom de type ou d'espace de noms 'FactAttribute' est introuvable (vous manque-t-il une directive using ou une référence d'assembly ?) [c:\Users\moros\Desktop\memolib\MemoLib.Api\MemoLib.Api.csproj]
c:\Users\moros\Desktop\memolib\MemoLib.Api\tests_backup\CaseControllerTests.cs(48,6): error CS0246: Le nom de type ou d'espace de noms 'Fact' est introuvable (vous manque-t-il une directive using ou une référence d'assembly ?) [c:\Users\moros\Desktop\memolib\MemoLib.Api\MemoLib.Api.csproj]
c:\Users\moros\Desktop\memolib\MemoLib.Api\tests_backup\AuthControllerTests.cs(42,6): error CS0246: Le nom de type ou d'espace de noms 'FactAttribute' est introuvable (vous manque-t-il une directive using ou une référence d'assembly ?) [c:\Users\moros\Desktop\memolib\MemoLib.Api\MemoLib.Api.csproj]
c:\Users\moros\Desktop\memolib\MemoLib.Api\tests_backup\AuthControllerTests.cs(42,6): error CS0246: Le nom de type ou d'espace de noms 'Fact' est introuvable (vous manque-t-il une directive using ou une référence d'assembly ?) [c:\Users\moros\Desktop\memolib\MemoLib.Api\MemoLib.Api.csproj]
c:\Users\moros\Desktop\memolib\MemoLib.Api\tests_backup\CaseControllerTests.cs(61,6): error CS0246: Le nom de type ou d'espace de noms 'FactAttribute' est introuvable (vous manque-t-il une directive using ou une référence d'assembly ?) [c:\Users\moros\Desktop\memolib\MemoLib.Api\MemoLib.Api.csproj]
c:\Users\moros\Desktop\memolib\MemoLib.Api\tests_backup\CaseControllerTests.cs(61,6): error CS0246: Le nom de type ou d'espace de noms 'Fact' est introuvable (vous manque-t-il une directive using ou une référence d'assembly ?) [c:\Users\moros\Desktop\memolib\MemoLib.Api\MemoLib.Api.csproj]
c:\Users\moros\Desktop\memolib\MemoLib.Api\tests_backup\AuthControllerTests.cs(69,6): error CS0246: Le nom de type ou d'espace de noms 'FactAttribute' est introuvable (vous manque-t-il une directive using ou une référence d'assembly ?) [c:\Users\moros\Desktop\memolib\MemoLib.Api\MemoLib.Api.csproj]
c:\Users\moros\Desktop\memolib\MemoLib.Api\tests_backup\AuthControllerTests.cs(69,6): error CS0246: Le nom de type ou d'espace de noms 'Fact' est introuvable (vous manque-t-il une directive using ou une référence d'assembly ?) [c:\Users\moros\Desktop\memolib\MemoLib.Api\MemoLib.Api.csproj]
c:\Users\moros\Desktop\memolib\MemoLib.Api\tests_backup\AuthControllerTests.cs(91,6): error CS0246: Le nom de type ou d'espace de noms 'FactAttribute' est introuvable (vous manque-t-il une directive using ou une référence d'assembly ?) [c:\Users\moros\Desktop\memolib\MemoLib.Api\MemoLib.Api.csproj]
c:\Users\moros\Desktop\memolib\MemoLib.Api\tests_backup\AuthControllerTests.cs(91,6): error CS0246: Le nom de type ou d'espace de noms 'Fact' est introuvable (vous manque-t-il une directive using ou une référence d'assembly ?) [c:\Users\moros\Desktop\memolib\MemoLib.Api\MemoLib.Api.csproj]
c:\Users\moros\Desktop\memolib\MemoLib.Api\tests_backup\AuthControllerTests.cs(120,6): error CS0246: Le nom de type ou d'espace de noms 'FactAttribute' est introuvable (vous manque-t-il une directive using ou une référence d'assembly ?) [c:\Users\moros\Desktop\memolib\MemoLib.Api\MemoLib.Api.csproj]
c:\Users\moros\Desktop\memolib\MemoLib.Api\tests_backup\AuthControllerTests.cs(120,6): error CS0246: Le nom de type ou d'espace de noms 'Fact' est introuvable (vous manque-t-il une directive using ou une référence d'assembly ?) [c:\Users\moros\Desktop\memolib\MemoLib.Api\MemoLib.Api.csproj]
c:\Users\moros\Desktop\memolib\MemoLib.Api\tests_backup\AuthControllerTests.cs(149,6): error CS0246: Le nom de type ou d'espace de noms 'FactAttribute' est introuvable (vous manque-t-il une directive using ou une référence d'assembly ?) [c:\Users\moros\Desktop\memolib\MemoLib.Api\MemoLib.Api.csproj]
c:\Users\moros\Desktop\memolib\MemoLib.Api\tests_backup\AuthControllerTests.cs(149,6): error CS0246: Le nom de type ou d'espace de noms 'Fact' est introuvable (vous manque-t-il une directive using ou une référence d'assembly ?) [c:\Users\moros\Desktop\memolib\MemoLib.Api\MemoLib.Api.csproj]
c:\Users\moros\Desktop\memolib\MemoLib.Api\tests_backup\CaseControllerTests.cs(79,6): error CS0246: Le nom de type ou d'espace de noms 'TheoryAttribute' est introuvable (vous manque-t-il une directive using ou une référence d'assembly ?) [c:\Users\moros\Desktop\memolib\MemoLib.Api\MemoLib.Api.csproj]
c:\Users\moros\Desktop\memolib\MemoLib.Api\tests_backup\CaseControllerTests.cs(79,6): error CS0246: Le nom de type ou d'espace de noms 'Theory' est introuvable (vous manque-t-il une directive using ou une référence d'assembly ?) [c:\Users\moros\Desktop\memolib\MemoLib.Api\MemoLib.Api.csproj]
c:\Users\moros\Desktop\memolib\MemoLib.Api\tests_backup\CaseControllerTests.cs(80,6): error CS0246: Le nom de type ou d'espace de noms 'InlineDataAttribute' est introuvable (vous manque-t-il une directive using ou une référence d'assembly ?) [c:\Users\moros\Desktop\memolib\MemoLib.Api\MemoLib.Api.csproj]
c:\Users\moros\Desktop\memolib\MemoLib.Api\tests_backup\CaseControllerTests.cs(80,6): error CS0246: Le nom de type ou d'espace de noms 'InlineData' est introuvable (vous manque-t-il une directive using ou une référence d'assembly ?) [c:\Users\moros\Desktop\memolib\MemoLib.Api\MemoLib.Api.csproj]
c:\Users\moros\Desktop\memolib\MemoLib.Api\tests_backup\CaseControllerTests.cs(81,6): error CS0246: Le nom de type ou d'espace de noms 'InlineDataAttribute' est introuvable (vous manque-t-il une directive using ou une référence d'assembly ?) [c:\Users\moros\Desktop\memolib\MemoLib.Api\MemoLib.Api.csproj]
c:\Users\moros\Desktop\memolib\MemoLib.Api\tests_backup\CaseControllerTests.cs(81,6): error CS0246: Le nom de type ou d'espace de noms 'InlineData' est introuvable (vous manque-t-il une directive using ou une référence d'assembly ?) [c:\Users\moros\Desktop\memolib\MemoLib.Api\MemoLib.Api.csproj]
c:\Users\moros\Desktop\memolib\MemoLib.Api\tests_backup\CaseControllerTests.cs(82,6): error CS0246: Le nom de type ou d'espace de noms 'InlineDataAttribute' est introuvable (vous manque-t-il une directive using ou une référence d'assembly ?) [c:\Users\moros\Desktop\memolib\MemoLib.Api\MemoLib.Api.csproj]
c:\Users\moros\Desktop\memolib\MemoLib.Api\tests_backup\CaseControllerTests.cs(82,6): error CS0246: Le nom de type ou d'espace de noms 'InlineData' est introuvable (vous manque-t-il une directive using ou une référence d'assembly ?) [c:\Users\moros\Desktop\memolib\MemoLib.Api\MemoLib.Api.csproj]
c:\Users\moros\Desktop\memolib\MemoLib.Api\tests_backup\CaseControllerTests.cs(96,6): error CS0246: Le nom de type ou d'espace de noms 'FactAttribute' est introuvable (vous manque-t-il une directive using ou une référence d'assembly ?) [c:\Users\moros\Desktop\memolib\MemoLib.Api\MemoLib.Api.csproj]
c:\Users\moros\Desktop\memolib\MemoLib.Api\tests_backup\CaseControllerTests.cs(96,6): error CS0246: Le nom de type ou d'espace de noms 'Fact' est introuvable (vous manque-t-il une directive using ou une référence d'assembly ?) [c:\Users\moros\Desktop\memolib\MemoLib.Api\MemoLib.Api.csproj]
    1 Avertissement(s)
    39 Erreur(s)

Temps écoulé 00:00:11.32
