
[1m[30m[46m RUN [49m[39m[22m [36mv4.1.10 [39m[90m/home/moros/projects/memoLib[39m

[90mstdout[2m | src/__tests__/security/encryption.test.ts
[22m[39m◇ injected env (9) from .env.test // tip: ⌘ enable debugging { debug: true }

[90mstdout[2m | src/__tests__/lib/config/config.test.ts
[22m[39m◇ injected env (9) from .env.test // tip: ◈ encrypted .env [www.dotenvx.com]

[90mstdout[2m | tests/legal/matrix.test.ts
[22m[39m◇ injected env (9) from .env.test // tip: ◈ encrypted .env [www.dotenvx.com]

[90mstdout[2m | src/__tests__/stripe/webhook-idempotency.test.ts
[22m[39m◇ injected env (9) from .env.test // tip: ◈ encrypted .env [www.dotenvx.com]

[90mstdout[2m | src/__tests__/lib/prisma.coverage.test.ts
[22m[39m◇ injected env (9) from .env.test // tip: ⌘ suppress logs { quiet: true }

[90mstdout[2m | src/__tests__/lib/constants/constants.test.ts
[22m[39m◇ injected env (9) from .env.test // tip: ⌘ multiple files { path: ['.env.local', '.env'] }

[90mstdout[2m | src/__tests__/lib/auth/auth.test.ts
[22m[39m◇ injected env (9) from .env.test // tip: ⌁ auth for agents [www.vestauth.com]

[90mstdout[2m | src/__tests__/api/emails/incoming-route.test.ts
[22m[39m◇ injected env (9) from .env.test // tip: ⌘ override existing { override: true }

[90mstdout[2m | src/__tests__/lib/api/api.test.ts
[22m[39m◇ injected env (9) from .env.test // tip: ⌘ custom filepath { path: '/custom/path/.env' }

 [32m✓[39m src/__tests__/lib/prisma.coverage.test.ts[2m > [22mprisma.ts — Full Coverage[2m > [22mprisma client in test mode[2m > [22mshould export a stub prisma client[32m 8[2mms[22m[39m
 [31m×[39m src/__tests__/lib/prisma.coverage.test.ts[2m > [22mprisma.ts — Full Coverage[2m > [22mprisma client in test mode[2m > [22mstub tenant.findUnique should return null[32m 21[2mms[22m[39m
[31m   → expected undefined to be null[39m
 [31m×[39m src/__tests__/lib/prisma.coverage.test.ts[2m > [22mprisma.ts — Full Coverage[2m > [22mprisma client in test mode[2m > [22mstub tenant.findMany should return empty array[32m 7[2mms[22m[39m
[31m   → expected undefined to deeply equal [][39m
 [31m×[39m src/__tests__/lib/prisma.coverage.test.ts[2m > [22mprisma.ts — Full Coverage[2m > [22mprisma client in test mode[2m > [22mstub tenant.update should return empty object[32m 5[2mms[22m[39m
[31m   → expected undefined to deeply equal {}[39m
 [32m✓[39m src/__tests__/lib/prisma.coverage.test.ts[2m > [22mprisma.ts — Full Coverage[2m > [22mprisma client in test mode[2m > [22mstub aiUsage.aggregate should return zero cost[32m 2[2mms[22m[39m
 [32m✓[39m src/__tests__/lib/prisma.coverage.test.ts[2m > [22mprisma.ts — Full Coverage[2m > [22mprisma client in test mode[2m > [22mstub aIUsageLog.aggregate should return zero costEur[32m 1[2mms[22m[39m
 [32m✓[39m src/__tests__/lib/prisma.coverage.test.ts[2m > [22mprisma.ts — Full Coverage[2m > [22mprisma client in test mode[2m > [22mstub quotaEvent.create should return empty object[32m 3[2mms[22m[39m
 [32m✓[39m src/__tests__/lib/prisma.coverage.test.ts[2m > [22mprisma.ts — Full Coverage[2m > [22mprisma client in test mode[2m > [22mstub $on should be callable[32m 10[2mms[22m[39m
 [32m✓[39m src/__tests__/lib/prisma.coverage.test.ts[2m > [22mprisma.ts — Full Coverage[2m > [22mprisma client in test mode[2m > [22mstub $use should be callable[32m 6[2mms[22m[39m
 [31m×[39m src/__tests__/lib/prisma.coverage.test.ts[2m > [22mprisma.ts — Full Coverage[2m > [22mensureDbOptimized[2m > [22mshould not throw in test environment[32m 8[2mms[22m[39m
[31m   → You must provide a Promise to expect() when using .resolves, not 'undefined'.[39m
 [32m✓[39m src/__tests__/lib/prisma.coverage.test.ts[2m > [22mprisma.ts — Full Coverage[2m > [22mensureDbOptimized[2m > [22mshould be idempotent[32m 1[2mms[22m[39m
 [32m✓[39m src/__tests__/lib/prisma.coverage.test.ts[2m > [22mprisma.ts — Full Coverage[2m > [22mdisconnectPrisma[2m > [22mshould handle disconnect (stub has no $disconnect but test mode)[32m 1[2mms[22m[39m
 [32m✓[39m src/__tests__/lib/prisma.coverage.test.ts[2m > [22mprisma.ts — Full Coverage[2m > [22mresetMetrics[2m > [22mshould clear query metrics[32m 1[2mms[22m[39m
 [32m✓[39m src/__tests__/lib/prisma.coverage.test.ts[2m > [22mprisma.ts — Full Coverage[2m > [22mresetMetrics[2m > [22mshould be idempotent[32m 1[2mms[22m[39m
 [32m✓[39m src/__tests__/lib/prisma.coverage.test.ts[2m > [22mprisma.ts — Full Coverage[2m > [22mdefault export[2m > [22mshould export prisma as default[32m 1[2mms[22m[39m
 [32m✓[39m src/__tests__/security/encryption.test.ts[2m > [22mencryption[2m > [22mencryptData[2m > [22mdevrait chiffrer les données avec un format valide[33m 519[2mms[22m[39m
[90mstdout[2m | src/__tests__/lib/legal/dateValidator.test.ts
[22m[39m◇ injected env (9) from .env.test // tip: ⌁ auth for agents [www.vestauth.com]

[90mstdout[2m | src/__tests__/components/Navigation.test.tsx
[22m[39m◇ injected env (9) from .env.test // tip: ⌘ enable debugging { debug: true }

 [32m✓[39m src/__tests__/security/encryption.test.ts[2m > [22mencryption[2m > [22mencryptData[2m > [22mdevrait produire un chiffrement différent à chaque appel (IV aléatoire)[32m 194[2mms[22m[39m
 [32m✓[39m src/__tests__/security/encryption.test.ts[2m > [22mencryption[2m > [22mencryptData[2m > [22mdevrait gérer les chaînes vides[32m 96[2mms[22m[39m
 [32m✓[39m src/__tests__/security/encryption.test.ts[2m > [22mencryption[2m > [22mencryptData[2m > [22mdevrait gérer les caractères spéciaux et unicode[32m 105[2mms[22m[39m
 [32m✓[39m src/__tests__/security/encryption.test.ts[2m > [22mencryption[2m > [22mencryptData[2m > [22mdevrait lever une erreur si ENCRYPTION_MASTER_KEY manquante[32m 12[2mms[22m[39m
 [32m✓[39m src/__tests__/security/encryption.test.ts[2m > [22mencryption[2m > [22mdecryptData[2m > [22mdevrait déchiffrer correctement les données chiffrées[32m 171[2mms[22m[39m
 [32m✓[39m tests/legal/matrix.test.ts[2m > [22mMatrice juridique – Scénarios CESEDA[2m > [22mtous les IDs doivent être uniques[32m 26[2mms[22m[39m
 [32m✓[39m tests/legal/matrix.test.ts[2m > [22mMatrice juridique – Scénarios CESEDA[2m > [22m'ASILE_001' – 'Rejet OFPRA – recours CNDA 1 mois'[32m 6[2mms[22m[39m
 [32m✓[39m tests/legal/matrix.test.ts[2m > [22mMatrice juridique – Scénarios CESEDA[2m > [22m'ASILE_002' – 'Procédure accélérée – recours CNDA 15…'[32m 2[2mms[22m[39m
 [32m✓[39m tests/legal/matrix.test.ts[2m > [22mMatrice juridique – Scénarios CESEDA[2m > [22m'CONT_001' – 'Recours contentieux – 2 mois'[32m 1[2mms[22m[39m
 [32m✓[39m tests/legal/matrix.test.ts[2m > [22mMatrice juridique – Scénarios CESEDA[2m > [22m'CONT_002' – 'Référé-liberté – 48h'[32m 1[2mms[22m[39m
 [32m✓[39m tests/legal/matrix.test.ts[2m > [22mMatrice juridique – Scénarios CESEDA[2m > [22m'NAT_001' – 'Demande de naturalisation – instructi…'[32m 3[2mms[22m[39m
 [32m✓[39m tests/legal/matrix.test.ts[2m > [22mMatrice juridique – Scénarios CESEDA[2m > [22m'OQTF_001' – 'OQTF avec délai de départ volontaire …'[32m 2[2mms[22m[39m
 [32m✓[39m tests/legal/matrix.test.ts[2m > [22mMatrice juridique – Scénarios CESEDA[2m > [22m'OQTF_002' – 'OQTF sans délai – 48h (urgence critiq…'[32m 3[2mms[22m[39m
 [32m✓[39m tests/legal/matrix.test.ts[2m > [22mMatrice juridique – Scénarios CESEDA[2m > [22m'OQTF_003' – 'OQTF avec délai tombant un week-end (…'[32m 3[2mms[22m[39m
 [32m✓[39m tests/legal/matrix.test.ts[2m > [22mMatrice juridique – Scénarios CESEDA[2m > [22m'RF_001' – 'Demande de regroupement familial – dé…'[32m 1[2mms[22m[39m
 [31m×[39m tests/legal/matrix.test.ts[2m > [22mMatrice juridique – Scénarios CESEDA[2m > [22m'TS_001' – 'Refus de renouvellement de titre de s…'[32m 47[2mms[22m[39m
[31m   → expected 'moyen' to be 'faible' // Object.is equality[39m
 [32m✓[39m tests/legal/matrix.test.ts[2m > [22mMatrice juridique – Scénarios CESEDA[2m > [22m'TS_002' – 'Refus implicite après 4 mois de silen…'[32m 1[2mms[22m[39m
 [32m✓[39m src/__tests__/security/encryption.test.ts[2m > [22mencryption[2m > [22mdecryptData[2m > [22mdevrait préserver les caractères unicode après round-trip[32m 168[2mms[22m[39m
 [32m✓[39m src/__tests__/lib/legal/dateValidator.test.ts[2m > [22mDateValidatorService[2m > [22mdevrait valider des dates cohérentes[32m 21[2mms[22m[39m
 [32m✓[39m src/__tests__/lib/legal/dateValidator.test.ts[2m > [22mDateValidatorService[2m > [22mdevrait détecter une notification avant la décision[32m 3[2mms[22m[39m
 [32m✓[39m src/__tests__/lib/legal/dateValidator.test.ts[2m > [22mDateValidatorService[2m > [22mdevrait détecter une date limite dans le passé[32m 7[2mms[22m[39m
 [32m✓[39m src/__tests__/lib/legal/dateValidator.test.ts[2m > [22mDateValidatorService[2m > [22mdevrait générer une revue humaine si confiance basse[32m 2[2mms[22m[39m
 [32m✓[39m src/__tests__/lib/legal/dateValidator.test.ts[2m > [22mDateValidatorService[2m > [22mdevrait gérer des dates null/undefined[32m 1[2mms[22m[39m
 [32m✓[39m src/__tests__/lib/legal/dateValidator.test.ts[2m > [22mDateValidatorService[2m > [22mdevrait ignorer les dates invalides (string non parseable)[32m 10[2mms[22m[39m
 [32m✓[39m src/__tests__/lib/legal/dateValidator.test.ts[2m > [22mDateValidatorService[2m > [22mdevrait détecter une audience avant la notification[32m 1[2mms[22m[39m
 [32m✓[39m src/__tests__/lib/legal/dateValidator.test.ts[2m > [22mDateValidatorService[2m > [22mdevrait détecter un délai trop long (> 2 ans)[32m 2[2mms[22m[39m
 [31m×[39m src/__tests__/stripe/webhook-idempotency.test.ts[2m > [22mStripe webhook idempotency[2m > [22mreturns false for first event and true for replay with Redis NX[33m 1208[2mms[22m[39m
[31m   → expected "vi.fn()" to be called 2 times, but got 0 times[39m
 [32m✓[39m src/__tests__/stripe/webhook-idempotency.test.ts[2m > [22mStripe webhook idempotency[2m > [22mfalls back to in-memory cache when Redis is unavailable[32m 28[2mms[22m[39m
 [32m✓[39m src/__tests__/security/encryption.test.ts[2m > [22mencryption[2m > [22mdecryptData[2m > [22mdevrait gérer de longues chaînes[32m 218[2mms[22m[39m
 [31m×[39m src/__tests__/api/emails/incoming-route.test.ts[2m > [22mPOST /api/emails/incoming[2m > [22mreturns duplicate=true when email is already known[33m 667[2mms[22m[39m
[31m   → [vitest] There was an error when mocking a module. If you are using "vi.mock" factory, make sure there are no top level variables inside, since this call is hoisted to top of the file. Read more: https://vitest.dev/api/vi.html#vi-mock[39m
 [31m×[39m src/__tests__/api/emails/incoming-route.test.ts[2m > [22mPOST /api/emails/incoming[2m > [22mreturns 401 when webhook secret is invalid[32m 12[2mms[22m[39m
[31m   → [vitest] There was an error when mocking a module. If you are using "vi.mock" factory, make sure there are no top level variables inside, since this call is hoisted to top of the file. Read more: https://vitest.dev/api/vi.html#vi-mock[39m
 [31m×[39m src/__tests__/api/emails/incoming-route.test.ts[2m > [22mPOST /api/emails/incoming[2m > [22mreturns 400 when payload is not valid JSON[32m 17[2mms[22m[39m
[31m   → [vitest] There was an error when mocking a module. If you are using "vi.mock" factory, make sure there are no top level variables inside, since this call is hoisted to top of the file. Read more: https://vitest.dev/api/vi.html#vi-mock[39m
 [31m×[39m src/__tests__/api/emails/incoming-route.test.ts[2m > [22mPOST /api/emails/incoming[2m > [22mreturns 503 when incoming webhook secret is not configured[32m 9[2mms[22m[39m
[31m   → [vitest] There was an error when mocking a module. If you are using "vi.mock" factory, make sure there are no top level variables inside, since this call is hoisted to top of the file. Read more: https://vitest.dev/api/vi.html#vi-mock[39m
 [31m×[39m src/__tests__/api/emails/incoming-route.test.ts[2m > [22mPOST /api/emails/incoming[2m > [22mreturns 400 when payload is invalid[32m 5[2mms[22m[39m
[31m   → [vitest] There was an error when mocking a module. If you are using "vi.mock" factory, make sure there are no top level variables inside, since this call is hoisted to top of the file. Read more: https://vitest.dev/api/vi.html#vi-mock[39m
 [31m×[39m src/__tests__/api/emails/incoming-route.test.ts[2m > [22mPOST /api/emails/incoming[2m > [22mreturns duplicate=true when create hits P2002 race condition[32m 4[2mms[22m[39m
[31m   → [vitest] There was an error when mocking a module. If you are using "vi.mock" factory, make sure there are no top level variables inside, since this call is hoisted to top of the file. Read more: https://vitest.dev/api/vi.html#vi-mock[39m
 [31m×[39m src/__tests__/api/emails/incoming-route.test.ts[2m > [22mPOST /api/emails/incoming[2m > [22mreturns 404 when no tenant matches recipient[32m 4[2mms[22m[39m
[31m   → [vitest] There was an error when mocking a module. If you are using "vi.mock" factory, make sure there are no top level variables inside, since this call is hoisted to top of the file. Read more: https://vitest.dev/api/vi.html#vi-mock[39m
 [31m×[39m src/__tests__/api/emails/incoming-route.test.ts[2m > [22mPOST /api/emails/incoming[2m > [22mkeeps duplicate response successful even when duplicate event log fails[32m 8[2mms[22m[39m
[31m   → [vitest] There was an error when mocking a module. If you are using "vi.mock" factory, make sure there are no top level variables inside, since this call is hoisted to top of the file. Read more: https://vitest.dev/api/vi.html#vi-mock[39m
 [31m×[39m src/__tests__/api/emails/incoming-route.test.ts[2m > [22mPOST /api/emails/incoming[2m > [22mprocesses a new email end-to-end with workflow, rules, scoring and attachments[32m 5[2mms[22m[39m
[31m   → [vitest] There was an error when mocking a module. If you are using "vi.mock" factory, make sure there are no top level variables inside, since this call is hoisted to top of the file. Read more: https://vitest.dev/api/vi.html#vi-mock[39m
 [31m×[39m src/__tests__/api/emails/incoming-route.test.ts[2m > [22mPOST /api/emails/incoming[2m > [22mprocesses one email with multiple attachments and stores all files metadata[32m 11[2mms[22m[39m
[31m   → [vitest] There was an error when mocking a module. If you are using "vi.mock" factory, make sure there are no top level variables inside, since this call is hoisted to top of the file. Read more: https://vitest.dev/api/vi.html#vi-mock[39m
 [31m×[39m src/__tests__/api/emails/incoming-route.test.ts[2m > [22mPOST /api/emails/incoming[2m > [22mcreates client and dossier automatically for high-priority sender without known client[32m 14[2mms[22m[39m
[31m   → [vitest] There was an error when mocking a module. If you are using "vi.mock" factory, make sure there are no top level variables inside, since this call is hoisted to top of the file. Read more: https://vitest.dev/api/vi.html#vi-mock[39m
 [31m×[39m src/__tests__/api/emails/incoming-route.test.ts[2m > [22mPOST /api/emails/incoming[2m > [22mreturns 500 when attachments persistence fails after email creation[32m 8[2mms[22m[39m
[31m   → [vitest] There was an error when mocking a module. If you are using "vi.mock" factory, make sure there are no top level variables inside, since this call is hoisted to top of the file. Read more: https://vitest.dev/api/vi.html#vi-mock[39m
 [32m✓[39m src/__tests__/security/encryption.test.ts[2m > [22mencryption[2m > [22mdecryptData[2m > [22mdevrait échouer avec un authTag modifié[33m 404[2mms[22m[39m
 [31m×[39m src/__tests__/api/emails/incoming-route.test.ts[2m > [22mPOST /api/emails/incoming[2m > [22mkeeps ingestion successful when AI/rules/scoring/event logs fail (best effort)[32m 8[2mms[22m[39m
[31m   → [vitest] There was an error when mocking a module. If you are using "vi.mock" factory, make sure there are no top level variables inside, since this call is hoisted to top of the file. Read more: https://vitest.dev/api/vi.html#vi-mock[39m
 [31m×[39m src/__tests__/api/emails/incoming-route.test.ts[2m > [22mPOST /api/emails/incoming[2m > [22msimulates a complete demo journey for three client intents[32m 83[2mms[22m[39m
[31m   → [vitest] There was an error when mocking a module. If you are using "vi.mock" factory, make sure there are no top level variables inside, since this call is hoisted to top of the file. Read more: https://vitest.dev/api/vi.html#vi-mock[39m
 [32m✓[39m src/__tests__/security/encryption.test.ts[2m > [22mencryption[2m > [22mdecryptData[2m > [22mdevrait échouer avec un IV modifié[33m 357[2mms[22m[39m
 [32m✓[39m src/__tests__/security/encryption.test.ts[2m > [22mencryption[2m > [22mencryptSensitiveField / decryptSensitiveField[2m > [22mdevrait chiffrer et déchiffrer un champ sensible[33m 333[2mms[22m[39m
 [32m✓[39m src/__tests__/components/Navigation.test.tsx[2m > [22mNavigation Component[2m > [22mrenders navigation with session[33m 354[2mms[22m[39m
 [32m✓[39m src/__tests__/components/Navigation.test.tsx[2m > [22mNavigation Component[2m > [22mrenders navigation without crashing[33m 804[2mms[22m[39m
[90mstdout[2m | src/__tests__/lib/cron/deadline-alerts.test.ts
[22m[39m◇ injected env (9) from .env.test // tip: ◈ encrypted .env [www.dotenvx.com]

[90mstdout[2m | src/__tests__/lib/formatters/formatters.test.ts
[22m[39m◇ injected env (9) from .env.test // tip: ⌘ custom filepath { path: '/custom/path/.env' }

[90mstdout[2m | src/__tests__/lib/security/security.test.ts
[22m[39m◇ injected env (9) from .env.test // tip: ⌘ override existing { override: true }

[90mstdout[2m | src/__tests__/lib/validators/validators.test.ts
[22m[39m◇ injected env (9) from .env.test // tip: ◈ secrets for agents [www.dotenvx.com]

[90mstdout[2m | src/__tests__/security/encryption.coverage.test.ts
[22m[39m◇ injected env (9) from .env.test // tip: ⌘ override existing { override: true }

[90mstdout[2m | src/__tests__/domain/e2e-encryption.test.ts
[22m[39m◇ injected env (9) from .env.test // tip: ⌘ custom filepath { path: '/custom/path/.env' }

[90mstdout[2m | src/__tests__/services/aiService.test.ts
[22m[39m◇ injected env (9) from .env.test // tip: ⌘ suppress logs { quiet: true }

[90mstdout[2m | src/__tests__/components/ui/Pagination.test.tsx
[22m[39m◇ injected env (9) from .env.test // tip: ⌁ auth for agents [www.vestauth.com]

[90mstdout[2m | src/__tests__/components/ui/Input.test.tsx
[22m[39m◇ injected env (9) from .env.test // tip: ⌘ suppress logs { quiet: true }

 [32m✓[39m src/__tests__/domain/e2e-encryption.test.ts[2m > [22mE2E Encryption[2m > [22mText encryption[2m > [22mdevrait chiffrer et déchiffrer un texte[33m 390[2mms[22m[39m
 [32m✓[39m src/__tests__/services/aiService.test.ts[2m > [22mAIService[2m > [22mAIUsageStats[2m > [22mtrack les statistiques d'utilisation[32m 11[2mms[22m[39m
 [32m✓[39m src/__tests__/services/aiService.test.ts[2m > [22mAIService[2m > [22mRiskAnalysis[2m > [22mévalue le niveau de risque[32m 1[2mms[22m[39m
 [32m✓[39m src/__tests__/services/aiService.test.ts[2m > [22mAIService[2m > [22mRiskAnalysis[2m > [22midentifie les risques critiques[32m 3[2mms[22m[39m
 [32m✓[39m src/__tests__/services/aiService.test.ts[2m > [22mAIService[2m > [22mRiskAnalysis[2m > [22mcontient les 4 niveaux de risque[32m 1[2mms[22m[39m
 [32m✓[39m src/__tests__/services/aiService.test.ts[2m > [22mAIService[2m > [22mDocumentSummary[2m > [22mrésume un document avec les points clés[32m 1[2mms[22m[39m
 [32m✓[39m src/__tests__/services/aiService.test.ts[2m > [22mAIService[2m > [22mDocumentSummary[2m > [22mdétecte le sentiment positif[32m 1[2mms[22m[39m
 [32m✓[39m src/__tests__/services/aiService.test.ts[2m > [22mAIService[2m > [22mDocumentSummary[2m > [22mdétecte le sentiment neutre[32m 1[2mms[22m[39m
 [32m✓[39m src/__tests__/services/aiService.test.ts[2m > [22mAIService[2m > [22mExtractedEntities[2m > [22mextrait les entités d'un document[32m 10[2mms[22m[39m
 [32m✓[39m src/__tests__/services/aiService.test.ts[2m > [22mAIService[2m > [22mExtractedEntities[2m > [22mgère les documents sans certaines entités[32m 8[2mms[22m[39m
 [32m✓[39m src/__tests__/services/aiService.test.ts[2m > [22mAIService[2m > [22mComplianceCheck[2m > [22mindique la conformité[32m 4[2mms[22m[39m
 [32m✓[39m src/__tests__/services/aiService.test.ts[2m > [22mAIService[2m > [22mComplianceCheck[2m > [22mdétecte les problèmes de conformité[32m 4[2mms[22m[39m
 [32m✓[39m src/__tests__/domain/e2e-encryption.test.ts[2m > [22mE2E Encryption[2m > [22mText encryption[2m > [22mdevrait produire des chiffrés différents pour le même texte (IV aléatoire)[33m 379[2mms[22m[39m
 [32m✓[39m src/__tests__/domain/e2e-encryption.test.ts[2m > [22mE2E Encryption[2m > [22mText encryption[2m > [22mdevrait échouer avec un mauvais mot de passe[32m 278[2mms[22m[39m
[90mstdout[2m | src/__tests__/components/ui/Alert.test.tsx
[22m[39m◇ injected env (9) from .env.test // tip: ⌘ suppress logs { quiet: true }

 [32m✓[39m src/__tests__/domain/e2e-encryption.test.ts[2m > [22mE2E Encryption[2m > [22mText encryption[2m > [22mdevrait gérer les caractères spéciaux et unicode[32m 226[2mms[22m[39m
 [32m✓[39m src/__tests__/domain/e2e-encryption.test.ts[2m > [22mE2E Encryption[2m > [22mText encryption[2m > [22mdevrait gérer une chaîne vide[32m 238[2mms[22m[39m
 [32m✓[39m src/__tests__/components/ui/Pagination.test.tsx[2m > [22mPagination Component[2m > [22mRendu de base[2m > [22mdevrait rendre la pagination[32m 287[2mms[22m[39m
 [32m✓[39m src/__tests__/components/ui/Pagination.test.tsx[2m > [22mPagination Component[2m > [22mRendu de base[2m > [22mdevrait afficher les informations de pagination[32m 88[2mms[22m[39m
 [32m✓[39m src/__tests__/components/ui/Pagination.test.tsx[2m > [22mPagination Component[2m > [22mNavigation[2m > [22mdevrait appeler onPageChange avec page suivante[32m 77[2mms[22m[39m
 [32m✓[39m src/__tests__/domain/e2e-encryption.test.ts[2m > [22mE2E Encryption[2m > [22mFile encryption[2m > [22mdevrait chiffrer et déchiffrer un fichier[32m 264[2mms[22m[39m
 [32m✓[39m src/__tests__/components/ui/Input.test.tsx[2m > [22mInput Component[2m > [22mRendu de base[2m > [22mdevrait rendre un input[33m 570[2mms[22m[39m
 [32m✓[39m src/__tests__/components/ui/Input.test.tsx[2m > [22mInput Component[2m > [22mRendu de base[2m > [22mdevrait avoir les classes de base[32m 22[2mms[22m[39m
 [32m✓[39m src/__tests__/components/ui/Input.test.tsx[2m > [22mInput Component[2m > [22mTypes[2m > [22mdevrait rendre un input text par defaut[32m 20[2mms[22m[39m
 [32m✓[39m src/__tests__/components/ui/Input.test.tsx[2m > [22mInput Component[2m > [22mTypes[2m > [22mdevrait rendre un input email[32m 14[2mms[22m[39m
 [32m✓[39m src/__tests__/components/ui/Input.test.tsx[2m > [22mInput Component[2m > [22mTypes[2m > [22mdevrait rendre un input password[32m 20[2mms[22m[39m
 [32m✓[39m src/__tests__/components/ui/Input.test.tsx[2m > [22mInput Component[2m > [22mTypes[2m > [22mdevrait rendre un input number[32m 9[2mms[22m[39m
 [32m✓[39m src/__tests__/components/ui/Input.test.tsx[2m > [22mInput Component[2m > [22mPlaceholder[2m > [22mdevrait afficher le placeholder[32m 10[2mms[22m[39m
 [32m✓[39m src/__tests__/components/ui/Input.test.tsx[2m > [22mInput Component[2m > [22mPlaceholder[2m > [22mdevrait avoir le style de placeholder[32m 59[2mms[22m[39m
 [32m✓[39m src/__tests__/domain/e2e-encryption.test.ts[2m > [22mE2E Encryption[2m > [22mFile encryption[2m > [22mdevrait échouer avec un mauvais mot de passe[32m 254[2mms[22m[39m
 [32m✓[39m src/__tests__/components/ui/Input.test.tsx[2m > [22mInput Component[2m > [22mValeur[2m > [22mdevrait accepter une valeur contrelee[32m 70[2mms[22m[39m
 [32m✓[39m src/__tests__/components/ui/Input.test.tsx[2m > [22mInput Component[2m > [22mValeur[2m > [22mdevrait accepter une valeur par defaut[32m 44[2mms[22m[39m
 [32m✓[39m src/__tests__/services/aiService.test.ts[2m > [22mAIService[2m > [22mgenerateDocument()[2m > [22mgénère un contrat[33m 1557[2mms[22m[39m
 [32m✓[39m src/__tests__/components/ui/Input.test.tsx[2m > [22mInput Component[2m > [22mValeur[2m > [22mdevrait declencher onChange lors de la saisie[33m 431[2mms[22m[39m
 [32m✓[39m src/__tests__/components/ui/Input.test.tsx[2m > [22mInput Component[2m > [22metats[2m > [22mdevrait etre desactive quand disabled[32m 62[2mms[22m[39m
 [32m✓[39m src/__tests__/components/ui/Input.test.tsx[2m > [22mInput Component[2m > [22metats[2m > [22mdevrait avoir les styles disabled[32m 41[2mms[22m[39m
 [32m✓[39m src/__tests__/components/ui/Input.test.tsx[2m > [22mInput Component[2m > [22metats[2m > [22mdevrait etre en lecture seule quand readOnly[32m 56[2mms[22m[39m
 [32m✓[39m src/__tests__/components/ui/Input.test.tsx[2m > [22mInput Component[2m > [22metats[2m > [22mdevrait etre requis quand required[32m 36[2mms[22m[39m
 [32m✓[39m src/__tests__/components/ui/Pagination.test.tsx[2m > [22mPagination Component[2m > [22mNavigation[2m > [22mdevrait appeler onPageChange avec page precedente[32m 43[2mms[22m[39m
 [32m✓[39m src/__tests__/components/ui/Pagination.test.tsx[2m > [22mPagination Component[2m > [22mNavigation[2m > [22mdevrait desactiver Precedent sur la premiere page[32m 58[2mms[22m[39m
 [32m✓[39m src/__tests__/components/ui/Pagination.test.tsx[2m > [22mPagination Component[2m > [22mNavigation[2m > [22mdevrait desactiver Suivant sur la derniere page[32m 36[2mms[22m[39m
 [32m✓[39m src/__tests__/components/ui/Input.test.tsx[2m > [22mInput Component[2m > [22mFocus et styles[2m > [22mdevrait avoir les styles de focus[32m 26[2mms[22m[39m
 [32m✓[39m src/__tests__/components/ui/Input.test.tsx[2m > [22mInput Component[2m > [22mFocus et styles[2m > [22mdevrait avoir le ring bleu au focus[32m 24[2mms[22m[39m
 [32m✓[39m src/__tests__/components/ui/Input.test.tsx[2m > [22mInput Component[2m > [22mFocus et styles[2m > [22mdevrait etre focusable[32m 42[2mms[22m[39m
 [32m✓[39m src/__tests__/components/ui/Input.test.tsx[2m > [22mInput Component[2m > [22mClasses personnalisees[2m > [22mdevrait accepter des classes personnalisees[32m 19[2mms[22m[39m
 [32m✓[39m src/__tests__/components/ui/Input.test.tsx[2m > [22mInput Component[2m > [22mClasses personnalisees[2m > [22mdevrait combiner les classes[32m 20[2mms[22m[39m
 [32m✓[39m src/__tests__/components/ui/Input.test.tsx[2m > [22mInput Component[2m > [22mAttributs HTML[2m > [22mdevrait accepter name[32m 17[2mms[22m[39m
 [32m✓[39m src/__tests__/components/ui/Input.test.tsx[2m > [22mInput Component[2m > [22mAttributs HTML[2m > [22mdevrait accepter id[32m 13[2mms[22m[39m
 [32m✓[39m src/__tests__/components/ui/Input.test.tsx[2m > [22mInput Component[2m > [22mAttributs HTML[2m > [22mdevrait accepter maxLength[32m 13[2mms[22m[39m
 [32m✓[39m src/__tests__/components/ui/Input.test.tsx[2m > [22mInput Component[2m > [22mAttributs HTML[2m > [22mdevrait accepter min/max pour number[32m 8[2mms[22m[39m
 [32m✓[39m src/__tests__/components/ui/Input.test.tsx[2m > [22mInput Component[2m > [22mAttributs HTML[2m > [22mdevrait accepter pattern[32m 20[2mms[22m[39m
 [32m✓[39m src/__tests__/components/ui/Input.test.tsx[2m > [22mInput Component[2m > [22mRef forwarding[2m > [22mdevrait transmettre la ref[32m 6[2mms[22m[39m
 [32m✓[39m src/__tests__/components/ui/Input.test.tsx[2m > [22mInput Component[2m > [22mRef forwarding[2m > [22mdevrait permettre de focus via ref[32m 7[2mms[22m[39m
 [32m✓[39m src/__tests__/components/ui/Pagination.test.tsx[2m > [22mPagination Component[2m > [22mAffichage des numeros de page[2m > [22mdevrait afficher toutes les pages si total <= 7[33m 851[2mms[22m[39m
 [32m✓[39m src/__tests__/components/ui/Pagination.test.tsx[2m > [22mPagination Component[2m > [22mAffichage des numeros de page[2m > [22mdevrait afficher ellipsis pour beaucoup de pages[32m 62[2mms[22m[39m
[90mstdout[2m | src/__tests__/integration/saas-db.test.ts
[22m[39m◇ injected env (9) from .env.test // tip: ⌘ multiple files { path: ['.env.local', '.env'] }

 [32m✓[39m src/__tests__/domain/e2e-encryption.test.ts[2m > [22mE2E Encryption[2m > [22mSensitive fields[2m > [22mdevrait chiffrer uniquement les champs sensibles[33m 875[2mms[22m[39m
 [32m✓[39m src/__tests__/domain/e2e-encryption.test.ts[2m > [22mE2E Encryption[2m > [22mSensitive fields[2m > [22mdevrait ignorer les champs vides ou absents[32m 3[2mms[22m[39m
 [32m✓[39m src/__tests__/components/ui/Alert.test.tsx[2m > [22mAlert Component[2m > [22mRendu de base[2m > [22mdevrait rendre une alerte avec le contenu[33m 836[2mms[22m[39m
 [32m✓[39m src/__tests__/components/ui/Alert.test.tsx[2m > [22mAlert Component[2m > [22mRendu de base[2m > [22mdevrait avoir le role alert[32m 52[2mms[22m[39m
 [32m✓[39m src/__tests__/components/ui/Alert.test.tsx[2m > [22mAlert Component[2m > [22mRendu de base[2m > [22mdevrait avoir les classes de base[32m 37[2mms[22m[39m
 [32m✓[39m src/__tests__/components/ui/Input.test.tsx[2m > [22mInput Component[2m > [22mAccessibilite[2m > [22mdevrait accepter aria-label[32m 19[2mms[22m[39m
 [32m✓[39m src/__tests__/components/ui/Input.test.tsx[2m > [22mInput Component[2m > [22mAccessibilite[2m > [22mdevrait accepter aria-describedby[32m 21[2mms[22m[39m
 [32m✓[39m src/__tests__/components/ui/Input.test.tsx[2m > [22mInput Component[2m > [22mAccessibilite[2m > [22mdevrait accepter aria-invalid[32m 19[2mms[22m[39m
 [32m✓[39m src/__tests__/components/ui/Input.test.tsx[2m > [22mInput Component[2m > [22mevenements[2m > [22mdevrait declencher onFocus[32m 27[2mms[22m[39m
 [32m✓[39m src/__tests__/components/ui/Input.test.tsx[2m > [22mInput Component[2m > [22mevenements[2m > [22mdevrait declencher onBlur[32m 26[2mms[22m[39m
 [32m✓[39m src/__tests__/components/ui/Input.test.tsx[2m > [22mInput Component[2m > [22mevenements[2m > [22mdevrait declencher onKeyDown[32m 51[2mms[22m[39m
 [32m✓[39m src/__tests__/components/ui/Pagination.test.tsx[2m > [22mPagination Component[2m > [22mAffichage des numeros de page[2m > [22mdevrait mettre en evidence la page courante[32m 140[2mms[22m[39m
[90mstdout[2m | src/__tests__/components/forms/Modal.test.tsx
[22m[39m◇ injected env (9) from .env.test // tip: ⌘ enable debugging { debug: true }

 [32m✓[39m src/__tests__/components/ui/Alert.test.tsx[2m > [22mAlert Component[2m > [22mVariants[2m > [22mdevrait rendre le variant info par defaut[32m 22[2mms[22m[39m
 [32m✓[39m src/__tests__/components/ui/Alert.test.tsx[2m > [22mAlert Component[2m > [22mVariants[2m > [22mdevrait rendre le variant success[32m 21[2mms[22m[39m
 [32m✓[39m src/__tests__/components/ui/Alert.test.tsx[2m > [22mAlert Component[2m > [22mVariants[2m > [22mdevrait rendre le variant warning[32m 32[2mms[22m[39m
 [32m✓[39m src/__tests__/components/ui/Alert.test.tsx[2m > [22mAlert Component[2m > [22mVariants[2m > [22mdevrait rendre le variant error[32m 32[2mms[22m[39m
 [32m✓[39m src/__tests__/components/ui/Pagination.test.tsx[2m > [22mPagination Component[2m > [22mFirst/Last navigation[2m > [22mdevrait afficher les boutons first/last par defaut[32m 145[2mms[22m[39m
 [32m✓[39m src/__tests__/components/ui/Alert.test.tsx[2m > [22mAlert Component[2m > [22mTitre[2m > [22mdevrait afficher le titre si fourni[32m 20[2mms[22m[39m
 [32m✓[39m src/__tests__/components/ui/Alert.test.tsx[2m > [22mAlert Component[2m > [22mTitre[2m > [22mdevrait ne pas afficher de titre si non fourni[32m 18[2mms[22m[39m
 [32m✓[39m src/__tests__/components/ui/Alert.test.tsx[2m > [22mAlert Component[2m > [22mTitre[2m > [22mdevrait styliser le titre correctement[32m 13[2mms[22m[39m
 [31m×[39m src/__tests__/integration/saas-db.test.ts[2m > [22mDatabase Integration (saas-db)[2m > [22mshould connect to the database[32m 21[2mms[22m[39m
[31m   → prisma.$queryRaw is not a function[39m
 [31m×[39m src/__tests__/integration/saas-db.test.ts[2m > [22mDatabase Integration (saas-db)[2m > [22mshould have Plan table with data[32m 6[2mms[22m[39m
[31m   → prisma.plan.findFirst is not a function[39m
 [31m×[39m src/__tests__/integration/saas-db.test.ts[2m > [22mDatabase Integration (saas-db)[2m > [22mshould have Tenant table with data[32m 3[2mms[22m[39m
[31m   → prisma.tenant.findFirst is not a function[39m
 [31m×[39m src/__tests__/integration/saas-db.test.ts[2m > [22mDatabase Integration (saas-db)[2m > [22mshould have User table with data[32m 2[2mms[22m[39m
[31m   → prisma.user.findFirst is not a function[39m
 [31m×[39m src/__tests__/integration/saas-db.test.ts[2m > [22mDatabase Integration (saas-db)[2m > [22mshould have demo tenant with plan pilot[32m 2[2mms[22m[39m
[31m   → prisma.tenant.findFirst is not a function[39m
 [32m✓[39m src/__tests__/components/ui/Alert.test.tsx[2m > [22mAlert Component[2m > [22mBouton de fermeture[2m > [22mdevrait afficher le bouton X si onClose est fourni[32m 88[2mms[22m[39m
 [32m✓[39m src/__tests__/components/ui/Alert.test.tsx[2m > [22mAlert Component[2m > [22mBouton de fermeture[2m > [22mne devrait pas afficher le bouton X si onClose n'est pas fourni[32m 14[2mms[22m[39m
 [32m✓[39m src/__tests__/components/ui/Alert.test.tsx[2m > [22mAlert Component[2m > [22mBouton de fermeture[2m > [22mdevrait appeler onClose au clic[32m 49[2mms[22m[39m
 [32m✓[39m src/__tests__/components/ui/Pagination.test.tsx[2m > [22mPagination Component[2m > [22mFirst/Last navigation[2m > [22mdevrait masquer first/last si showFirstLast=false[32m 148[2mms[22m[39m
 [32m✓[39m src/__tests__/components/ui/Alert.test.tsx[2m > [22mAlert Component[2m > [22mIcene personnalisee[2m > [22mdevrait afficher l'icene par defaut du variant[32m 34[2mms[22m[39m
 [32m✓[39m src/__tests__/components/ui/Alert.test.tsx[2m > [22mAlert Component[2m > [22mIcene personnalisee[2m > [22mdevrait permettre une icene personnalisee[32m 11[2mms[22m[39m
 [32m✓[39m src/__tests__/components/ui/Alert.test.tsx[2m > [22mAlert Component[2m > [22mClasses personnalisees[2m > [22mdevrait accepter des classes personnalisees[32m 21[2mms[22m[39m
 [32m✓[39m src/__tests__/components/ui/Alert.test.tsx[2m > [22mAlert Component[2m > [22mClasses personnalisees[2m > [22mdevrait combiner les classes[32m 21[2mms[22m[39m
 [32m✓[39m src/__tests__/components/ui/Alert.test.tsx[2m > [22mAlert Component[2m > [22mDark mode[2m > [22mdevrait avoir les classes dark mode pour info[32m 29[2mms[22m[39m
 [32m✓[39m src/__tests__/components/ui/Pagination.test.tsx[2m > [22mPagination Component[2m > [22mChangement de page par numero[2m > [22mdevrait naviguer au clic sur un numero de page[32m 194[2mms[22m[39m
 [32m✓[39m src/__tests__/components/ui/Alert.test.tsx[2m > [22mAlert Component[2m > [22mDark mode[2m > [22mdevrait avoir les classes dark mode pour error[32m 23[2mms[22m[39m
 [32m✓[39m src/__tests__/components/ui/Alert.test.tsx[2m > [22mAlert Component[2m > [22mComposition complete[2m > [22mdevrait rendre une alerte complete[32m 40[2mms[22m[39m
 [32m✓[39m src/__tests__/components/ui/Alert.test.tsx[2m > [22mAlert Component[2m > [22mCas d'utilisation reels[2m > [22mdevrait fonctionner pour une erreur de formulaire[32m 20[2mms[22m[39m
 [32m✓[39m src/__tests__/components/ui/Alert.test.tsx[2m > [22mAlert Component[2m > [22mCas d'utilisation reels[2m > [22mdevrait fonctionner pour un message de succes[32m 29[2mms[22m[39m
 [32m✓[39m src/__tests__/components/ui/Alert.test.tsx[2m > [22mAlert Component[2m > [22mCas d'utilisation reels[2m > [22mdevrait fonctionner pour un avertissement[32m 31[2mms[22m[39m
 [32m✓[39m src/__tests__/components/ui/Alert.test.tsx[2m > [22mAlert Component[2m > [22mAccessibilite[2m > [22mdevrait avoir le role alert par defaut[32m 20[2mms[22m[39m
 [32m✓[39m src/__tests__/components/ui/Alert.test.tsx[2m > [22mAlert Component[2m > [22mAccessibilite[2m > [22mdevrait etre navigable au clavier[32m 41[2mms[22m[39m
 [32m✓[39m src/__tests__/components/ui/Pagination.test.tsx[2m > [22mPagination Component[2m > [22mChangement de page par numero[2m > [22mne devrait pas appeler onPageChange au clic sur la page courante[32m 94[2mms[22m[39m
 [32m✓[39m src/__tests__/components/ui/Pagination.test.tsx[2m > [22mPagination Component[2m > [22mChangement de page par numero[2m > [22mne devrait pas appeler onPageChange au clic sur ellipsis[32m 42[2mms[22m[39m
 [32m✓[39m src/__tests__/components/ui/Pagination.test.tsx[2m > [22mPagination Component[2m > [22mInformations de pagination[2m > [22mdevrait afficher le nombre total d'items[32m 31[2mms[22m[39m
 [32m✓[39m src/__tests__/components/ui/Pagination.test.tsx[2m > [22mPagination Component[2m > [22mStyles[2m > [22mdevrait avoir les classes de base[32m 23[2mms[22m[39m
 [32m✓[39m src/__tests__/components/ui/Pagination.test.tsx[2m > [22mPagination Component[2m > [22mStyles[2m > [22mdevrait avoir les styles dark mode[32m 41[2mms[22m[39m
 [32m✓[39m src/__tests__/components/ui/Pagination.test.tsx[2m > [22mPagination Component[2m > [22mEdge cases[2m > [22mdevrait gerer 1 seule page[32m 33[2mms[22m[39m
 [32m✓[39m src/__tests__/components/ui/Pagination.test.tsx[2m > [22mPagination Component[2m > [22mEdge cases[2m > [22mdevrait gerer 0 pages[32m 16[2mms[22m[39m
 [32m✓[39m src/__tests__/services/aiService.test.ts[2m > [22mAIService[2m > [22mgenerateDocument()[2m > [22mgénère une mise en demeure[33m 1502[2mms[22m[39m
[90mstdout[2m | src/__tests__/components/ui/Button.test.tsx
[22m[39m◇ injected env (9) from .env.test // tip: ◈ encrypted .env [www.dotenvx.com]

[90mstdout[2m | src/__tests__/components/Forms.test.tsx
[22m[39m◇ injected env (9) from .env.test // tip: ⌘ enable debugging { debug: true }

 [32m✓[39m src/__tests__/components/forms/Modal.test.tsx[2m > [22mModal Component[2m > [22mRendu de base[2m > [22mdevrait rendre le modal quand isOpen est true[32m 144[2mms[22m[39m
 [32m✓[39m src/__tests__/components/forms/Modal.test.tsx[2m > [22mModal Component[2m > [22mRendu de base[2m > [22mne devrait pas rendre quand isOpen est false[32m 6[2mms[22m[39m
[90mstdout[2m | src/__tests__/components/ui/LoadingSpinner.test.tsx
[22m[39m◇ injected env (9) from .env.test // tip: ⌘ custom filepath { path: '/custom/path/.env' }

 [32m✓[39m src/__tests__/components/forms/Modal.test.tsx[2m > [22mModal Component[2m > [22mRendu de base[2m > [22mdevrait avoir le titre comme heading[33m 475[2mms[22m[39m
 [32m✓[39m src/__tests__/components/forms/Modal.test.tsx[2m > [22mModal Component[2m > [22mBouton de fermeture[2m > [22mdevrait afficher le bouton de fermeture avec aria-label[32m 66[2mms[22m[39m
 [32m✓[39m src/__tests__/components/forms/Modal.test.tsx[2m > [22mModal Component[2m > [22mBouton de fermeture[2m > [22mdevrait appeler onClose au clic sur le bouton X[32m 96[2mms[22m[39m
 [32m✓[39m src/__tests__/components/forms/Modal.test.tsx[2m > [22mModal Component[2m > [22mBouton de fermeture[2m > [22mdevrait avoir l'icene X dans le bouton[32m 49[2mms[22m[39m
 [32m✓[39m src/__tests__/components/forms/Modal.test.tsx[2m > [22mModal Component[2m > [22mBackdrop[2m > [22mdevrait appeler onClose au clic sur le backdrop[32m 26[2mms[22m[39m
 [32m✓[39m src/__tests__/components/forms/Modal.test.tsx[2m > [22mModal Component[2m > [22mBackdrop[2m > [22mne devrait pas fermer au clic sur le contenu du modal[32m 22[2mms[22m[39m
 [32m✓[39m src/__tests__/components/forms/Modal.test.tsx[2m > [22mModal Component[2m > [22mFermeture par Escape[2m > [22mdevrait fermer le modal avec la touche Escape[32m 40[2mms[22m[39m
 [32m✓[39m src/__tests__/components/forms/Modal.test.tsx[2m > [22mModal Component[2m > [22mFermeture par Escape[2m > [22mne devrait pas reagir e d'autres touches[32m 28[2mms[22m[39m
 [32m✓[39m src/__tests__/components/forms/Modal.test.tsx[2m > [22mModal Component[2m > [22mTailles[2m > [22mdevrait rendre la taille md par defaut[32m 13[2mms[22m[39m
 [32m✓[39m src/__tests__/components/forms/Modal.test.tsx[2m > [22mModal Component[2m > [22mTailles[2m > [22mdevrait rendre la taille sm[32m 17[2mms[22m[39m
 [32m✓[39m src/__tests__/components/forms/Modal.test.tsx[2m > [22mModal Component[2m > [22mTailles[2m > [22mdevrait rendre la taille lg[32m 20[2mms[22m[39m
 [32m✓[39m src/__tests__/components/forms/Modal.test.tsx[2m > [22mModal Component[2m > [22mTailles[2m > [22mdevrait rendre la taille xl[32m 12[2mms[22m[39m
 [32m✓[39m src/__tests__/components/forms/Modal.test.tsx[2m > [22mModal Component[2m > [22mStyles[2m > [22mdevrait avoir le z-index 50[32m 9[2mms[22m[39m
 [32m✓[39m src/__tests__/components/forms/Modal.test.tsx[2m > [22mModal Component[2m > [22mStyles[2m > [22mdevrait avoir la bordure sur le header[32m 27[2mms[22m[39m
 [32m✓[39m src/__tests__/components/forms/Modal.test.tsx[2m > [22mModal Component[2m > [22mStyles[2m > [22mdevrait centrer le modal[32m 13[2mms[22m[39m
 [32m✓[39m src/__tests__/components/forms/Modal.test.tsx[2m > [22mModal Component[2m > [22mScroll du body[2m > [22mdevrait bloquer le scroll du body quand ouvert[32m 13[2mms[22m[39m
 [32m✓[39m src/__tests__/components/forms/Modal.test.tsx[2m > [22mModal Component[2m > [22mScroll du body[2m > [22mdevrait restaurer le scroll du body quand ferme[32m 11[2mms[22m[39m
 [32m✓[39m src/__tests__/components/forms/Modal.test.tsx[2m > [22mModal Component[2m > [22mContenu dynamique[2m > [22mdevrait rendre un formulaire[32m 130[2mms[22m[39m
 [32m✓[39m src/__tests__/components/forms/Modal.test.tsx[2m > [22mModal Component[2m > [22mContenu dynamique[2m > [22mdevrait rendre une liste[32m 30[2mms[22m[39m
 [32m✓[39m src/__tests__/components/forms/Modal.test.tsx[2m > [22mModal Component[2m > [22mAccessibilite[2m > [22mdevrait avoir le bouton de fermeture accessible[32m 62[2mms[22m[39m
 [32m✓[39m src/__tests__/components/forms/Modal.test.tsx[2m > [22mModal Component[2m > [22mAccessibilite[2m > [22mdevrait etre focusable[32m 50[2mms[22m[39m
 [32m✓[39m src/__tests__/components/forms/Modal.test.tsx[2m > [22mModal Component[2m > [22mCleanup[2m > [22mdevrait nettoyer les event listeners e la fermeture[32m 12[2mms[22m[39m
 [32m✓[39m src/__tests__/components/forms/Modal.test.tsx[2m > [22mModal Component[2m > [22mCas d'utilisation reels[2m > [22mdevrait fonctionner pour un modal de confirmation[32m 22[2mms[22m[39m
 [32m✓[39m src/__tests__/components/forms/Modal.test.tsx[2m > [22mModal Component[2m > [22mCas d'utilisation reels[2m > [22mdevrait fonctionner pour un modal de details[32m 21[2mms[22m[39m
 [32m✓[39m src/__tests__/components/Forms.test.tsx[2m > [22mForm Components[2m > [22mInput[2m > [22mrenders input with label[32m 179[2mms[22m[39m
 [32m✓[39m src/__tests__/components/Forms.test.tsx[2m > [22mForm Components[2m > [22mInput[2m > [22mshows error message[32m 56[2mms[22m[39m
 [32m✓[39m src/__tests__/components/Forms.test.tsx[2m > [22mForm Components[2m > [22mInput[2m > [22mshows helper text[32m 28[2mms[22m[39m
 [32m✓[39m src/__tests__/security/encryption.test.ts[2m > [22mencryption[2m > [22mSécurité[2m > [22mdevrait utiliser AES-256-GCM[32m 151[2mms[22m[39m
 [31m×[39m src/__tests__/security/encryption.test.ts[2m > [22mencryption[2m > [22mSécurité[2m > [22mdevrait produire des IV différents[33m 10326[2mms[22m[39m
[31m   → Test timed out in 5000ms.
If this is a long-running test, pass a timeout value as the last argument or configure it globally with "testTimeout".[39m
 [32m✓[39m src/__tests__/components/ui/Button.test.tsx[2m > [22mButton Component[2m > [22mRendu de base[2m > [22mdevrait rendre un bouton avec le texte fourni[33m 750[2mms[22m[39m
 [32m✓[39m src/__tests__/components/ui/Button.test.tsx[2m > [22mButton Component[2m > [22mRendu de base[2m > [22mdevrait avoir le type button par defaut[32m 54[2mms[22m[39m
 [32m✓[39m src/__tests__/components/ui/Button.test.tsx[2m > [22mButton Component[2m > [22mRendu de base[2m > [22mdevrait accepter un type submit[32m 37[2mms[22m[39m
 [32m✓[39m src/__tests__/services/aiService.test.ts[2m > [22mAIService[2m > [22mgenerateDocument()[2m > [22mgénère une assignation[33m 1506[2mms[22m[39m
 [32m✓[39m src/__tests__/components/ui/Button.test.tsx[2m > [22mButton Component[2m > [22mVariants[2m > [22mdevrait rendre le variant default par defaut[32m 48[2mms[22m[39m
 [32m✓[39m src/__tests__/components/ui/Button.test.tsx[2m > [22mButton Component[2m > [22mVariants[2m > [22mdevrait rendre le variant outline[32m 55[2mms[22m[39m
 [32m✓[39m src/__tests__/components/ui/Button.test.tsx[2m > [22mButton Component[2m > [22mVariants[2m > [22mdevrait rendre le variant ghost[32m 34[2mms[22m[39m
 [32m✓[39m src/__tests__/components/ui/LoadingSpinner.test.tsx[2m > [22mLoadingSpinner Component[2m > [22mRendu de base[2m > [22mdevrait rendre le spinner avec role status[33m 730[2mms[22m[39m
 [32m✓[39m src/__tests__/components/ui/LoadingSpinner.test.tsx[2m > [22mLoadingSpinner Component[2m > [22mRendu de base[2m > [22mdevrait avoir le texte sr-only pour accessibilite[32m 39[2mms[22m[39m
 [32m✓[39m src/__tests__/components/ui/LoadingSpinner.test.tsx[2m > [22mLoadingSpinner Component[2m > [22mRendu de base[2m > [22mdevrait avoir aria-label[32m 42[2mms[22m[39m
 [32m✓[39m src/__tests__/components/ui/Button.test.tsx[2m > [22mButton Component[2m > [22mVariants[2m > [22mdevrait rendre le variant destructive[32m 29[2mms[22m[39m
 [32m✓[39m src/__tests__/components/ui/Button.test.tsx[2m > [22mButton Component[2m > [22mSizes[2m > [22mdevrait rendre la taille default par defaut[32m 29[2mms[22m[39m
 [32m✓[39m src/__tests__/components/ui/Button.test.tsx[2m > [22mButton Component[2m > [22mSizes[2m > [22mdevrait rendre la taille sm[32m 37[2mms[22m[39m
 [32m✓[39m src/__tests__/components/ui/Button.test.tsx[2m > [22mButton Component[2m > [22mSizes[2m > [22mdevrait rendre la taille lg[32m 30[2mms[22m[39m
 [32m✓[39m src/__tests__/components/Forms.test.tsx[2m > [22mForm Components[2m > [22mInput[2m > [22mhandles onChange event[32m 36[2mms[22m[39m
 [32m✓[39m src/__tests__/components/Forms.test.tsx[2m > [22mForm Components[2m > [22mInput[2m > [22mapplies disabled state[32m 27[2mms[22m[39m
 [32m✓[39m src/__tests__/components/Forms.test.tsx[2m > [22mForm Components[2m > [22mSelect[2m > [22mrenders select with options[32m 39[2mms[22m[39m
 [32m✓[39m src/__tests__/components/Forms.test.tsx[2m > [22mForm Components[2m > [22mSelect[2m > [22mhandles selection change[32m 25[2mms[22m[39m
 [32m✓[39m src/__tests__/components/ui/LoadingSpinner.test.tsx[2m > [22mLoadingSpinner Component[2m > [22mSizes[2m > [22mdevrait rendre la taille md par defaut[32m 60[2mms[22m[39m
 [32m✓[39m src/__tests__/components/ui/LoadingSpinner.test.tsx[2m > [22mLoadingSpinner Component[2m > [22mSizes[2m > [22mdevrait rendre la taille sm[32m 40[2mms[22m[39m
 [32m✓[39m src/__tests__/components/ui/LoadingSpinner.test.tsx[2m > [22mLoadingSpinner Component[2m > [22mSizes[2m > [22mdevrait rendre la taille lg[32m 31[2mms[22m[39m
 [32m✓[39m src/__tests__/components/ui/Button.test.tsx[2m > [22mButton Component[2m > [22metats[2m > [22mdevrait etre desactive quand disabled est true[32m 21[2mms[22m[39m
 [32m✓[39m src/__tests__/components/ui/Button.test.tsx[2m > [22mButton Component[2m > [22metats[2m > [22mne devrait pas declencher onClick quand desactive[32m 30[2mms[22m[39m
 [32m✓[39m src/__tests__/components/ui/Button.test.tsx[2m > [22mButton Component[2m > [22metats[2m > [22mdevrait declencher onClick quand clique[32m 27[2mms[22m[39m
 [32m✓[39m src/__tests__/components/ui/Button.test.tsx[2m > [22mButton Component[2m > [22mClasses personnalisees[2m > [22mdevrait accepter des classes personnalisees[32m 27[2mms[22m[39m
 [32m✓[39m src/__tests__/components/Forms.test.tsx[2m > [22mForm Components[2m > [22mTextarea[2m > [22mrenders textarea with label[33m 467[2mms[22m[39m
 [32m✓[39m src/__tests__/components/Forms.test.tsx[2m > [22mForm Components[2m > [22mTextarea[2m > [22mrespects rows prop[32m 65[2mms[22m[39m
 [32m✓[39m src/__tests__/components/Forms.test.tsx[2m > [22mForm Components[2m > [22mButton[2m > [22mrenders button with text[32m 18[2mms[22m[39m
 [32m✓[39m src/__tests__/components/ui/LoadingSpinner.test.tsx[2m > [22mLoadingSpinner Component[2m > [22mColors[2m > [22mdevrait rendre la couleur blue par defaut[32m 27[2mms[22m[39m
 [32m✓[39m src/__tests__/components/ui/LoadingSpinner.test.tsx[2m > [22mLoadingSpinner Component[2m > [22mColors[2m > [22mdevrait rendre la couleur gray[32m 31[2mms[22m[39m
 [32m✓[39m src/__tests__/components/ui/LoadingSpinner.test.tsx[2m > [22mLoadingSpinner Component[2m > [22mColors[2m > [22mdevrait rendre la couleur white[32m 26[2mms[22m[39m
 [32m✓[39m src/__tests__/components/ui/LoadingSpinner.test.tsx[2m > [22mLoadingSpinner Component[2m > [22mAnimation[2m > [22mdevrait avoir la classe animate-spin[32m 25[2mms[22m[39m
 [32m✓[39m src/__tests__/components/ui/Button.test.tsx[2m > [22mButton Component[2m > [22mClasses personnalisees[2m > [22mdevrait combiner les classes par defaut et personnalisees[32m 19[2mms[22m[39m
 [32m✓[39m src/__tests__/components/ui/Button.test.tsx[2m > [22mButton Component[2m > [22mAccessibilite[2m > [22mdevrait etre focusable[32m 24[2mms[22m[39m
 [32m✓[39m src/__tests__/components/ui/Button.test.tsx[2m > [22mButton Component[2m > [22mAccessibilite[2m > [22mdevrait accepter aria-label[32m 24[2mms[22m[39m
 [32m✓[39m src/__tests__/components/ui/Button.test.tsx[2m > [22mButton Component[2m > [22mAccessibilite[2m > [22mdevrait avoir les styles de focus visibles[32m 27[2mms[22m[39m
 [32m✓[39m src/__tests__/components/ui/Button.test.tsx[2m > [22mButton Component[2m > [22mEnfants[2m > [22mdevrait rendre des enfants complexes[32m 36[2mms[22m[39m
 [32m✓[39m src/__tests__/components/ui/Button.test.tsx[2m > [22mButton Component[2m > [22mRef forwarding[2m > [22mdevrait transmettre la ref au bouton[32m 9[2mms[22m[39m
 [32m✓[39m src/__tests__/components/Forms.test.tsx[2m > [22mForm Components[2m > [22mButton[2m > [22mhandles click event[32m 18[2mms[22m[39m
 [32m✓[39m src/__tests__/components/Forms.test.tsx[2m > [22mForm Components[2m > [22mButton[2m > [22mshows loading state[32m 76[2mms[22m[39m
 [32m✓[39m src/__tests__/components/ui/LoadingSpinner.test.tsx[2m > [22mLoadingSpinner Component[2m > [22mAnimation[2m > [22mdevrait avoir la classe gpu-accelerated[32m 32[2mms[22m[39m
 [32m✓[39m src/__tests__/components/ui/LoadingSpinner.test.tsx[2m > [22mLoadingSpinner Component[2m > [22mClasses personnalisees[2m > [22mdevrait accepter des classes personnalisees sur le conteneur[32m 24[2mms[22m[39m
 [32m✓[39m src/__tests__/components/ui/LoadingSpinner.test.tsx[2m > [22mLoadingSpinner Component[2m > [22mClasses personnalisees[2m > [22mdevrait avoir la classe inline-block[32m 20[2mms[22m[39m
 [32m✓[39m src/__tests__/components/ui/LoadingSpinner.test.tsx[2m > [22mLoadingSpinner Component[2m > [22mCombinaisons[2m > [22mdevrait combiner taille et couleur[32m 21[2mms[22m[39m
 [32m✓[39m src/__tests__/components/ui/LoadingSpinner.test.tsx[2m > [22mLoadingSpinner Component[2m > [22mCombinaisons[2m > [22mdevrait fonctionner avec toutes les options[32m 18[2mms[22m[39m
 [32m✓[39m src/__tests__/components/Forms.test.tsx[2m > [22mForm Components[2m > [22mButton[2m > [22mapplies variant classes[32m 41[2mms[22m[39m
 [32m✓[39m src/__tests__/components/Forms.test.tsx[2m > [22mForm Components[2m > [22mButton[2m > [22mapplies size classes[32m 38[2mms[22m[39m
 [32m✓[39m src/__tests__/components/Forms.test.tsx[2m > [22mForm Components[2m > [22mModal[2m > [22mrenders modal when open[32m 38[2mms[22m[39m
 [32m✓[39m src/__tests__/components/Forms.test.tsx[2m > [22mForm Components[2m > [22mModal[2m > [22mdoes not render when closed[32m 13[2mms[22m[39m
 [32m✓[39m src/__tests__/components/ui/LoadingSpinner.test.tsx[2m > [22mDashboardSkeleton Component[2m > [22mdevrait rendre le skeleton du dashboard[32m 53[2mms[22m[39m
 [32m✓[39m src/__tests__/components/ui/LoadingSpinner.test.tsx[2m > [22mDashboardSkeleton Component[2m > [22mdevrait rendre 4 cartes de stats[32m 42[2mms[22m[39m
 [32m✓[39m src/__tests__/components/ui/LoadingSpinner.test.tsx[2m > [22mDashboardSkeleton Component[2m > [22mdevrait avoir l'animation shimmer sur le header[32m 23[2mms[22m[39m
 [32m✓[39m src/__tests__/components/ui/LoadingSpinner.test.tsx[2m > [22mDashboardSkeleton Component[2m > [22mdevrait rendre la grille principale avec 2 colonnes[32m 14[2mms[22m[39m
 [32m✓[39m src/__tests__/components/Forms.test.tsx[2m > [22mForm Components[2m > [22mModal[2m > [22mcalls onClose when close button clicked[32m 64[2mms[22m[39m
 [32m✓[39m src/__tests__/components/Forms.test.tsx[2m > [22mForm Components[2m > [22mModal[2m > [22mcalls onClose when backdrop clicked[32m 20[2mms[22m[39m
 [32m✓[39m src/__tests__/components/ui/LoadingSpinner.test.tsx[2m > [22mDashboardSkeleton Component[2m > [22mdevrait avoir des delais d'animation decales[32m 44[2mms[22m[39m
 [32m✓[39m src/__tests__/components/ui/LoadingSpinner.test.tsx[2m > [22mDashboardSkeleton Component[2m > [22mdevrait avoir les bonnes classes de layout[32m 15[2mms[22m[39m
 [32m✓[39m src/__tests__/services/aiService.test.ts[2m > [22mAIService[2m > [22mgenerateDocument()[2m > [22mgère les contextes partiels[33m 1503[2mms[22m[39m
 [32m✓[39m src/__tests__/services/aiService.test.ts[2m > [22mAIService[2m > [22mDocument Types[2m > [22msupporte les 4 types de documents[32m 3[2mms[22m[39m
 [32m✓[39m src/__tests__/services/aiService.test.ts[2m > [22mAI Rate Limiting[2m > [22mlimite le nombre de requêtes par minute[32m 0[2mms[22m[39m
[90mstdout[2m | src/__tests__/components/ui/Select.test.tsx
[22m[39m◇ injected env (9) from .env.test // tip: ⌘ custom filepath { path: '/custom/path/.env' }

[90mstdout[2m | src/__tests__/components/ui/Card.test.tsx
[22m[39m◇ injected env (9) from .env.test // tip: ⌁ auth for agents [www.vestauth.com]

[90mstdout[2m | src/__tests__/components/ui/Toast.test.tsx
[22m[39m◇ injected env (9) from .env.test // tip: ⌁ auth for agents [www.vestauth.com]

[90mstdout[2m | src/__tests__/api/emails/incoming-route.integration.test.ts
[22m[39m◇ injected env (9) from .env.test // tip: ◈ encrypted .env [www.dotenvx.com]

 [32m✓[39m src/__tests__/components/ui/Card.test.tsx[2m > [22mCard Components[2m > [22mCard[2m > [22mdevrait rendre une card de base[32m 204[2mms[22m[39m
 [32m✓[39m src/__tests__/components/ui/Card.test.tsx[2m > [22mCard Components[2m > [22mCard[2m > [22mdevrait avoir les classes de base[32m 41[2mms[22m[39m
 [32m✓[39m src/__tests__/components/ui/Card.test.tsx[2m > [22mCard Components[2m > [22mCard[2m > [22mdevrait accepter des classes personnalisees[32m 28[2mms[22m[39m
[90mstdout[2m | src/__tests__/services/deadlineExtractor.coverage.test.ts
[22m[39m◇ injected env (9) from .env.test // tip: ⌘ multiple files { path: ['.env.local', '.env'] }

 [32m✓[39m src/__tests__/components/ui/Select.test.tsx[2m > [22mSelect Components[2m > [22mSelect Container[2m > [22mdevrait rendre le conteneur[32m 186[2mms[22m[39m
 [32m✓[39m src/__tests__/components/ui/Select.test.tsx[2m > [22mSelect Components[2m > [22mSelect Container[2m > [22mdevrait rendre les enfants[32m 49[2mms[22m[39m
 [32m✓[39m src/__tests__/api/emails/incoming-route.integration.test.ts[2m > [22mPOST /api/emails/incoming (integration db)[2m > [22mstores email + attachments + workflow in real database[32m 8[2mms[22m[39m
 [32m✓[39m src/__tests__/api/emails/incoming-route.integration.test.ts[2m > [22mPOST /api/emails/incoming (integration db)[2m > [22mprevents duplicates with same messageId and keeps one email row[32m 2[2mms[22m[39m
 [32m✓[39m src/__tests__/api/emails/incoming-route.integration.test.ts[2m > [22mPOST /api/emails/incoming (integration db)[2m > [22mreturns 404 for unknown recipient and does not create email[32m 3[2mms[22m[39m
 [32m✓[39m src/__tests__/components/ui/Card.test.tsx[2m > [22mCard Components[2m > [22mCard[2m > [22mdevrait transmettre la ref[32m 25[2mms[22m[39m
 [32m✓[39m src/__tests__/components/ui/Card.test.tsx[2m > [22mCard Components[2m > [22mCardHeader[2m > [22mdevrait rendre le header[32m 27[2mms[22m[39m
 [32m✓[39m src/__tests__/components/ui/Card.test.tsx[2m > [22mCard Components[2m > [22mCardHeader[2m > [22mdevrait avoir les styles de flexbox[32m 12[2mms[22m[39m
 [32m✓[39m src/__tests__/components/ui/Card.test.tsx[2m > [22mCard Components[2m > [22mCardTitle[2m > [22mdevrait rendre un titre h3[33m 1091[2mms[22m[39m
 [32m✓[39m src/__tests__/components/ui/Card.test.tsx[2m > [22mCard Components[2m > [22mCardTitle[2m > [22mdevrait avoir les styles de titre[32m 15[2mms[22m[39m
 [32m✓[39m src/__tests__/components/ui/Card.test.tsx[2m > [22mCard Components[2m > [22mCardContent[2m > [22mdevrait rendre le contenu[32m 16[2mms[22m[39m
 [32m✓[39m src/__tests__/components/ui/Card.test.tsx[2m > [22mCard Components[2m > [22mCardContent[2m > [22mdevrait avoir le padding correct[32m 25[2mms[22m[39m
 [32m✓[39m src/__tests__/components/ui/Card.test.tsx[2m > [22mCard Components[2m > [22mCardDescription[2m > [22mdevrait rendre une description[32m 39[2mms[22m[39m
 [32m✓[39m src/__tests__/components/ui/Select.test.tsx[2m > [22mSelect Components[2m > [22mSelectTrigger[2m > [22mdevrait rendre un bouton[33m 1430[2mms[22m[39m
 [32m✓[39m src/__tests__/components/ui/Select.test.tsx[2m > [22mSelect Components[2m > [22mSelectTrigger[2m > [22mdevrait avoir les classes de base[32m 168[2mms[22m[39m
 [32m✓[39m src/__tests__/components/ui/Select.test.tsx[2m > [22mSelect Components[2m > [22mSelectTrigger[2m > [22mdevrait accepter des classes personnalisees[32m 92[2mms[22m[39m
 [32m✓[39m src/__tests__/components/ui/Card.test.tsx[2m > [22mCard Components[2m > [22mCardDescription[2m > [22mdevrait avoir le style muted[32m 18[2mms[22m[39m
 [32m✓[39m src/__tests__/components/ui/Card.test.tsx[2m > [22mCard Components[2m > [22mCardFooter[2m > [22mdevrait rendre le footer[32m 21[2mms[22m[39m
 [32m✓[39m src/__tests__/components/ui/Card.test.tsx[2m > [22mCard Components[2m > [22mCardFooter[2m > [22mdevrait avoir les styles de footer[32m 9[2mms[22m[39m
 [32m✓[39m src/__tests__/components/ui/Select.test.tsx[2m > [22mSelect Components[2m > [22mSelectTrigger[2m > [22mdevrait avoir les styles de focus[32m 68[2mms[22m[39m
 [32m✓[39m src/__tests__/components/ui/Select.test.tsx[2m > [22mSelect Components[2m > [22mSelectTrigger[2m > [22mdevrait avoir les styles disabled[32m 71[2mms[22m[39m
 [32m✓[39m src/__tests__/components/ui/Select.test.tsx[2m > [22mSelect Components[2m > [22mSelectValue[2m > [22mdevrait afficher le placeholder[32m 21[2mms[22m[39m
 [32m✓[39m src/__tests__/services/deadlineExtractor.coverage.test.ts[2m > [22mdeadlineExtractor.ts — Full Coverage[2m > [22mcalculateDeadlineStatus[2m > [22mshould return "depasse" for past dates[32m 13[2mms[22m[39m
 [32m✓[39m src/__tests__/services/deadlineExtractor.coverage.test.ts[2m > [22mdeadlineExtractor.ts — Full Coverage[2m > [22mcalculateDeadlineStatus[2m > [22mshould return "urgent" for today[32m 3[2mms[22m[39m
 [32m✓[39m src/__tests__/services/deadlineExtractor.coverage.test.ts[2m > [22mdeadlineExtractor.ts — Full Coverage[2m > [22mcalculateDeadlineStatus[2m > [22mshould return "urgent" for within 3 days[32m 1[2mms[22m[39m
 [32m✓[39m src/__tests__/services/deadlineExtractor.coverage.test.ts[2m > [22mdeadlineExtractor.ts — Full Coverage[2m > [22mcalculateDeadlineStatus[2m > [22mshould return "proche" for 4-7 days[32m 1[2mms[22m[39m
 [32m✓[39m src/__tests__/services/deadlineExtractor.coverage.test.ts[2m > [22mdeadlineExtractor.ts — Full Coverage[2m > [22mcalculateDeadlineStatus[2m > [22mshould return "a_venir" for > 7 days[32m 1[2mms[22m[39m
 [32m✓[39m src/__tests__/services/deadlineExtractor.coverage.test.ts[2m > [22mdeadlineExtractor.ts — Full Coverage[2m > [22mcalculateDeadlinePriority[2m > [22mshould return "critique" for OQTF types regardless of date[32m 1[2mms[22m[39m
 [32m✓[39m src/__tests__/services/deadlineExtractor.coverage.test.ts[2m > [22mdeadlineExtractor.ts — Full Coverage[2m > [22mcalculateDeadlinePriority[2m > [22mshould return "critique" for delai_recours_contentieux within 7 days[32m 5[2mms[22m[39m
 [32m✓[39m src/__tests__/services/deadlineExtractor.coverage.test.ts[2m > [22mdeadlineExtractor.ts — Full Coverage[2m > [22mcalculateDeadlinePriority[2m > [22mshould NOT return "critique" for delai_recours_contentieux beyond 7 days[32m 2[2mms[22m[39m
 [32m✓[39m src/__tests__/services/deadlineExtractor.coverage.test.ts[2m > [22mdeadlineExtractor.ts — Full Coverage[2m > [22mcalculateDeadlinePriority[2m > [22mshould return "critique" for past dates[32m 6[2mms[22m[39m
 [32m✓[39m src/__tests__/services/deadlineExtractor.coverage.test.ts[2m > [22mdeadlineExtractor.ts — Full Coverage[2m > [22mcalculateDeadlinePriority[2m > [22mshould return "critique" for <= 3 days[32m 1[2mms[22m[39m
 [32m✓[39m src/__tests__/services/deadlineExtractor.coverage.test.ts[2m > [22mdeadlineExtractor.ts — Full Coverage[2m > [22mcalculateDeadlinePriority[2m > [22mshould return "haute" for 4-7 days[32m 1[2mms[22m[39m
 [32m✓[39m src/__tests__/services/deadlineExtractor.coverage.test.ts[2m > [22mdeadlineExtractor.ts — Full Coverage[2m > [22mcalculateDeadlinePriority[2m > [22mshould return "normale" for 8-30 days[32m 1[2mms[22m[39m
 [32m✓[39m src/__tests__/services/deadlineExtractor.coverage.test.ts[2m > [22mdeadlineExtractor.ts — Full Coverage[2m > [22mcalculateDeadlinePriority[2m > [22mshould return "basse" for > 30 days[32m 1[2mms[22m[39m
 [32m✓[39m src/__tests__/services/deadlineExtractor.coverage.test.ts[2m > [22mdeadlineExtractor.ts — Full Coverage[2m > [22mextractDeadlinesFromText[2m > [22mshould return error for empty text[32m 4[2mms[22m[39m
 [32m✓[39m src/__tests__/services/deadlineExtractor.coverage.test.ts[2m > [22mdeadlineExtractor.ts — Full Coverage[2m > [22mextractDeadlinesFromText[2m > [22mshould return error for whitespace-only text[32m 2[2mms[22m[39m
 [32m✓[39m src/__tests__/services/deadlineExtractor.coverage.test.ts[2m > [22mdeadlineExtractor.ts — Full Coverage[2m > [22mextractDeadlinesFromText[2m > [22mshould detect OQTF sans delai template[32m 6[2mms[22m[39m
 [32m✓[39m src/__tests__/services/deadlineExtractor.coverage.test.ts[2m > [22mdeadlineExtractor.ts — Full Coverage[2m > [22mextractDeadlinesFromText[2m > [22mshould detect OQTF avec delai template[32m 1[2mms[22m[39m
 [32m✓[39m src/__tests__/services/deadlineExtractor.coverage.test.ts[2m > [22mdeadlineExtractor.ts — Full Coverage[2m > [22mextractDeadlinesFromText[2m > [22mshould detect refus de titre template[32m 2[2mms[22m[39m
 [32m✓[39m src/__tests__/services/deadlineExtractor.coverage.test.ts[2m > [22mdeadlineExtractor.ts — Full Coverage[2m > [22mextractDeadlinesFromText[2m > [22mshould handle AI unavailable error gracefully[32m 16[2mms[22m[39m
 [32m✓[39m src/__tests__/services/deadlineExtractor.coverage.test.ts[2m > [22mdeadlineExtractor.ts — Full Coverage[2m > [22mextractDeadlinesFromFile[2m > [22mshould handle text/plain files[32m 8[2mms[22m[39m
 [32m✓[39m src/__tests__/services/deadlineExtractor.coverage.test.ts[2m > [22mdeadlineExtractor.ts — Full Coverage[2m > [22mextractDeadlinesFromFile[2m > [22mshould reject unsupported mime types[32m 2[2mms[22m[39m
 [32m✓[39m src/__tests__/components/ui/Select.test.tsx[2m > [22mSelect Components[2m > [22mSelectValue[2m > [22mdevrait rendre un span[32m 48[2mms[22m[39m
[90mstdout[2m | src/__tests__/services/deadlineExtractor.coverage.test.ts[2m > [22m[2mdeadlineExtractor.ts — Full Coverage[2m > [22m[2mextractDeadlinesFromFile[2m > [22m[2mshould attempt PDF extraction
[22m[39mWarning: Setting up fake worker.
(while reading XRef): Error: Invalid XRef stream header
Error: Error: Error: Invalid XRef stream header
    at re (/home/moros/projects/memoLib/node_modules/pdf2json/dist/pdfparser.cjs:1:23583)
    at e.parse (/home/moros/projects/memoLib/node_modules/pdf2json/dist/pdfparser.cjs:1:73598)
    at e.ensure (/home/moros/projects/memoLib/node_modules/pdf2json/dist/pdfparser.cjs:1:453389)
    at ensureModel (/home/moros/projects/memoLib/node_modules/pdf2json/dist/pdfparser.cjs:1:452513)
    at Object.onResolve (/home/moros/projects/memoLib/node_modules/pdf2json/dist/pdfparser.cjs:1:389566)
    at Object.runHandlers (/home/moros/projects/memoLib/node_modules/pdf2json/dist/pdfparser.cjs:1:31257)
    at listOnTimeout (node:internal/timers:685:17)
    at processTimers (node:internal/timers:618:7)

 [32m✓[39m src/__tests__/components/ui/Card.test.tsx[2m > [22mCard Components[2m > [22mComposition complete[2m > [22mdevrait rendre une card complete avec tous les sous-composants[32m 209[2mms[22m[39m
 [32m✓[39m src/__tests__/components/ui/Select.test.tsx[2m > [22mSelect Components[2m > [22mSelectContent[2m > [22mdevrait rendre le contenu du dropdown[32m 78[2mms[22m[39m
 [32m✓[39m src/__tests__/components/ui/Select.test.tsx[2m > [22mSelect Components[2m > [22mSelectContent[2m > [22mdevrait avoir les classes de style[32m 33[2mms[22m[39m
 [32m✓[39m src/__tests__/components/ui/Select.test.tsx[2m > [22mSelect Components[2m > [22mSelectContent[2m > [22mdevrait rendre le contenu[32m 17[2mms[22m[39m
 [32m✓[39m src/__tests__/components/ui/Select.test.tsx[2m > [22mSelect Components[2m > [22mSelectItem[2m > [22mdevrait rendre un item[32m 29[2mms[22m[39m
 [32m✓[39m src/__tests__/components/ui/Card.test.tsx[2m > [22mCard Components[2m > [22mComposition complete[2m > [22mdevrait permettre des cards interactives[32m 195[2mms[22m[39m
 [32m✓[39m src/__tests__/components/ui/Card.test.tsx[2m > [22mCard Components[2m > [22mAccessibilite[2m > [22mdevrait permettre un role article[32m 41[2mms[22m[39m
 [32m✓[39m src/__tests__/components/ui/Toast.test.tsx[2m > [22mToast System[2m > [22mToastProvider[2m > [22mdevrait rendre les enfants[33m 758[2mms[22m[39m
 [32m✓[39m src/__tests__/components/ui/Card.test.tsx[2m > [22mCard Components[2m > [22mAccessibilite[2m > [22mdevrait permettre aria-labelledby[32m 120[2mms[22m[39m
 [32m✓[39m src/__tests__/components/ui/Select.test.tsx[2m > [22mSelect Components[2m > [22mSelectItem[2m > [22mdevrait avoir les styles de base[32m 37[2mms[22m[39m
 [32m✓[39m src/__tests__/components/ui/Select.test.tsx[2m > [22mSelect Components[2m > [22mSelectItem[2m > [22mdevrait avoir le hover state[32m 12[2mms[22m[39m
 [32m✓[39m src/__tests__/components/ui/Select.test.tsx[2m > [22mSelect Components[2m > [22mSelectItem[2m > [22mdevrait accepter des classes personnalisees[32m 24[2mms[22m[39m
 [32m✓[39m src/__tests__/components/ui/Select.test.tsx[2m > [22mSelect Components[2m > [22mSelectItem[2m > [22mdevrait passer des props supplementaires[32m 30[2mms[22m[39m
 [32m✓[39m src/__tests__/components/ui/Toast.test.tsx[2m > [22mToast System[2m > [22mToastProvider[2m > [22mdevrait fournir le contexte[32m 209[2mms[22m[39m
 [32m✓[39m src/__tests__/components/ui/Select.test.tsx[2m > [22mSelect Components[2m > [22mComposition complete[2m > [22mdevrait rendre un select complet[32m 81[2mms[22m[39m
 [32m✓[39m src/__tests__/components/ui/Select.test.tsx[2m > [22mSelect Components[2m > [22mComposition complete[2m > [22mdevrait etre cliquable[32m 109[2mms[22m[39m
 [32m✓[39m src/__tests__/components/ui/Select.test.tsx[2m > [22mSelect Components[2m > [22mCas d'utilisation reels[2m > [22mdevrait fonctionner pour un selecteur de statut de dossier[32m 60[2mms[22m[39m
 [32m✓[39m src/__tests__/components/ui/Toast.test.tsx[2m > [22mToast System[2m > [22museToast hook[2m > [22mdevrait lever une erreur hors du provider[32m 82[2mms[22m[39m
 [32m✓[39m src/__tests__/components/ui/Select.test.tsx[2m > [22mSelect Components[2m > [22mCas d'utilisation reels[2m > [22mdevrait fonctionner pour un selecteur de priorite[32m 111[2mms[22m[39m
 [32m✓[39m src/__tests__/components/ui/Select.test.tsx[2m > [22mSelect Components[2m > [22mAccessibilite[2m > [22mdevrait avoir un trigger focusable[32m 45[2mms[22m[39m
 [32m✓[39m src/__tests__/components/ui/Select.test.tsx[2m > [22mSelect Components[2m > [22mAccessibilite[2m > [22mdevrait etre navigable au clavier[32m 138[2mms[22m[39m
 [32m✓[39m src/__tests__/components/ui/Toast.test.tsx[2m > [22mToast System[2m > [22maddToast[2m > [22mdevrait ajouter un toast[33m 302[2mms[22m[39m
 [32m✓[39m src/__tests__/services/deadlineExtractor.coverage.test.ts[2m > [22mdeadlineExtractor.ts — Full Coverage[2m > [22mextractDeadlinesFromFile[2m > [22mshould attempt PDF extraction[33m 812[2mms[22m[39m
 [32m✓[39m src/__tests__/services/deadlineExtractor.coverage.test.ts[2m > [22mdeadlineExtractor.ts — Full Coverage[2m > [22mextractDeadlinesFromFile[2m > [22mshould attempt DOCX extraction[33m 832[2mms[22m[39m
 [32m✓[39m src/__tests__/services/deadlineExtractor.coverage.test.ts[2m > [22mdeadlineExtractor.ts — Full Coverage[2m > [22mextractDeadlinesFromFile[2m > [22mshould detect document type from filename - OQTF[32m 7[2mms[22m[39m
 [32m✓[39m src/__tests__/services/deadlineExtractor.coverage.test.ts[2m > [22mdeadlineExtractor.ts — Full Coverage[2m > [22mextractDeadlinesFromFile[2m > [22mshould detect document type from filename - arrete[32m 1[2mms[22m[39m
 [32m✓[39m src/__tests__/services/deadlineExtractor.coverage.test.ts[2m > [22mdeadlineExtractor.ts — Full Coverage[2m > [22mextractDeadlinesFromFile[2m > [22mshould detect document type from filename - decision[32m 2[2mms[22m[39m
 [32m✓[39m src/__tests__/services/deadlineExtractor.coverage.test.ts[2m > [22mdeadlineExtractor.ts — Full Coverage[2m > [22mextractDeadlinesFromFile[2m > [22mshould detect document type from filename - convocation[32m 6[2mms[22m[39m
 [32m✓[39m src/__tests__/services/deadlineExtractor.coverage.test.ts[2m > [22mdeadlineExtractor.ts — Full Coverage[2m > [22mextractDeadlinesFromFile[2m > [22mshould detect document type from filename - jugement[32m 1[2mms[22m[39m
 [32m✓[39m src/__tests__/services/deadlineExtractor.coverage.test.ts[2m > [22mdeadlineExtractor.ts — Full Coverage[2m > [22mextractDeadlinesFromFile[2m > [22mshould detect document type from filename - ordonnance[32m 6[2mms[22m[39m
 [32m✓[39m src/__tests__/services/deadlineExtractor.coverage.test.ts[2m > [22mdeadlineExtractor.ts — Full Coverage[2m > [22mextractDeadlinesFromFile[2m > [22mshould detect document type from filename - titre/recepisse[32m 1[2mms[22m[39m
 [32m✓[39m src/__tests__/services/deadlineExtractor.coverage.test.ts[2m > [22mdeadlineExtractor.ts — Full Coverage[2m > [22mdeadlineExtractor object[2m > [22mshould export all methods[32m 1[2mms[22m[39m
 [32m✓[39m src/__tests__/components/ui/Toast.test.tsx[2m > [22mToast System[2m > [22maddToast[2m > [22mdevrait incrementer le compteur de toasts[32m 200[2mms[22m[39m
 [32m✓[39m src/__tests__/components/ui/Toast.test.tsx[2m > [22mToast System[2m > [22maddToast[2m > [22mdevrait ajouter plusieurs toasts[33m 319[2mms[22m[39m
 [32m✓[39m src/__tests__/components/ui/Toast.test.tsx[2m > [22mToast System[2m > [22mshowToast[2m > [22mdevrait afficher un toast info avec titre[32m 93[2mms[22m[39m
 [32m✓[39m src/__tests__/components/ui/Toast.test.tsx[2m > [22mToast System[2m > [22mshowToast[2m > [22mdevrait afficher un toast error[32m 99[2mms[22m[39m
 [32m✓[39m src/__tests__/components/ui/Toast.test.tsx[2m > [22mToast System[2m > [22mshowToast[2m > [22mdevrait afficher un toast warning[32m 180[2mms[22m[39m
[90mstdout[2m | src/__tests__/components/Sidebar.test.tsx
[22m[39m◇ injected env (9) from .env.test // tip: ◈ encrypted .env [www.dotenvx.com]

[90mstdout[2m | src/__tests__/integration/legifrance-api.test.ts
[22m[39m◇ injected env (9) from .env.test // tip: ⌘ suppress logs { quiet: true }

 [32m✓[39m src/__tests__/components/ui/Toast.test.tsx[2m > [22mToast System[2m > [22mremoveToast[2m > [22mdevrait supprimer un toast[32m 108[2mms[22m[39m
 [32m✓[39m src/__tests__/components/ui/Toast.test.tsx[2m > [22mToast System[2m > [22mAuto-dismiss[2m > [22mdevrait supprimer automatiquement apres 5 secondes par defaut[32m 115[2mms[22m[39m
 [32m✓[39m src/__tests__/components/ui/Toast.test.tsx[2m > [22mToast System[2m > [22mAuto-dismiss[2m > [22mdevrait supprimer apres le delai personnalise[32m 49[2mms[22m[39m
[90mstdout[2m | tests/integration/legifrance-api.test.ts
[22m[39m◇ injected env (9) from .env.test // tip: ◈ encrypted .env [www.dotenvx.com]

 [32m✓[39m src/__tests__/components/ui/Toast.test.tsx[2m > [22mToast System[2m > [22mVariants styling[2m > [22mdevrait afficher l'icene de succes[32m 54[2mms[22m[39m
 [32m✓[39m src/__tests__/components/ui/Toast.test.tsx[2m > [22mToast System[2m > [22mVariants styling[2m > [22mdevrait avoir les bonnes classes pour error[32m 23[2mms[22m[39m
 [32m✓[39m src/__tests__/components/ui/Toast.test.tsx[2m > [22mToast System[2m > [22mToast container[2m > [22mdevrait etre positionne en haut e droite[32m 37[2mms[22m[39m
 [32m✓[39m src/__tests__/components/ui/Toast.test.tsx[2m > [22mToast System[2m > [22mToast container[2m > [22mdevrait avoir un z-index eleve[32m 44[2mms[22m[39m
 [32m✓[39m src/__tests__/components/ui/Toast.test.tsx[2m > [22mToast System[2m > [22mToast close button[2m > [22mdevrait avoir un bouton de fermeture[32m 43[2mms[22m[39m
 [32m✓[39m src/__tests__/components/ui/Toast.test.tsx[2m > [22mToast interface[2m > [22mdevrait avoir les proprietes requises[32m 4[2mms[22m[39m
 [32m✓[39m src/__tests__/components/ui/Toast.test.tsx[2m > [22mToast interface[2m > [22mdevrait supporter les proprietes optionnelles[32m 0[2mms[22m[39m
[90mstdout[2m | tests/integration/legifrance-api.test.ts[2m > [22m[2mLégifrance API Integration[2m > [22m[2mCESEDA Search[2m > [22m[2mshould search CESEDA articles
[22m[39m⚠️ Skipping: PISTE API keys not configured

[90mstdout[2m | tests/integration/legifrance-api.test.ts[2m > [22m[2mLégifrance API Integration[2m > [22m[2mCESEDA Search[2m > [22m[2mshould get specific CESEDA article
[22m[39m⚠️ Skipping: PISTE API keys not configured

[90mstdout[2m | tests/integration/legifrance-api.test.ts[2m > [22m[2mLégifrance API Integration[2m > [22m[2mCESEDA Search[2m > [22m[2mshould search by keywords
[22m[39m⚠️ Skipping: PISTE API keys not configured

[90mstdout[2m | tests/integration/legifrance-api.test.ts[2m > [22m[2mLégifrance API Integration[2m > [22m[2mJurisprudence Search[2m > [22m[2mshould search administrative jurisprudence
[22m[39m⚠️ Skipping: PISTE API keys not configured

[90mstdout[2m | tests/integration/legifrance-api.test.ts[2m > [22m[2mLégifrance API Integration[2m > [22m[2mJurisprudence Search[2m > [22m[2mshould search judicial jurisprudence
[22m[39m⚠️ Skipping: PISTE API keys not configured

[90mstdout[2m | tests/integration/legifrance-api.test.ts[2m > [22m[2mLégifrance API Integration[2m > [22m[2mJurisprudence Search[2m > [22m[2mshould get recent CESEDA case law
[22m[39m⚠️ Skipping: PISTE API keys not configured

[90mstdout[2m | tests/integration/legifrance-api.test.ts[2m > [22m[2mLégifrance API Integration[2m > [22m[2mError Handling[2m > [22m[2mshould handle invalid queries gracefully
[22m[39m⚠️ Skipping: PISTE API keys not configured

 [32m✓[39m tests/integration/legifrance-api.test.ts[2m > [22mLégifrance API Integration[2m > [22mConfiguration[2m > [22mshould have valid configuration[32m 11[2mms[22m[39m
 [32m✓[39m tests/integration/legifrance-api.test.ts[2m > [22mLégifrance API Integration[2m > [22mCESEDA Search[2m > [22mshould search CESEDA articles[32m 2[2mms[22m[39m
 [32m✓[39m tests/integration/legifrance-api.test.ts[2m > [22mLégifrance API Integration[2m > [22mCESEDA Search[2m > [22mshould get specific CESEDA article[32m 4[2mms[22m[39m
 [32m✓[39m tests/integration/legifrance-api.test.ts[2m > [22mLégifrance API Integration[2m > [22mCESEDA Search[2m > [22mshould search by keywords[32m 5[2mms[22m[39m
 [32m✓[39m tests/integration/legifrance-api.test.ts[2m > [22mLégifrance API Integration[2m > [22mJurisprudence Search[2m > [22mshould search administrative jurisprudence[32m 1[2mms[22m[39m
 [32m✓[39m tests/integration/legifrance-api.test.ts[2m > [22mLégifrance API Integration[2m > [22mJurisprudence Search[2m > [22mshould search judicial jurisprudence[32m 3[2mms[22m[39m
 [32m✓[39m tests/integration/legifrance-api.test.ts[2m > [22mLégifrance API Integration[2m > [22mJurisprudence Search[2m > [22mshould get recent CESEDA case law[32m 3[2mms[22m[39m
 [32m✓[39m tests/integration/legifrance-api.test.ts[2m > [22mLégifrance API Integration[2m > [22mError Handling[2m > [22mshould handle invalid queries gracefully[32m 4[2mms[22m[39m
 [32m✓[39m tests/integration/legifrance-api.test.ts[2m > [22mLégifrance API Integration[2m > [22mError Handling[2m > [22mshould handle network errors[32m 8[2mms[22m[39m
 [32m✓[39m tests/integration/legifrance-api.test.ts[2m > [22mLégifrance API Integration[2m > [22mMock Mode (without API keys)[2m > [22mshould return mock data when API keys missing[32m 17[2mms[22m[39m
[90mstdout[2m | src/__tests__/hooks/usePerformance.test.tsx
[22m[39m◇ injected env (9) from .env.test // tip: ⌘ multiple files { path: ['.env.local', '.env'] }

[90mstdout[2m | src/__tests__/components/ui/Badge.test.tsx
[22m[39m◇ injected env (9) from .env.test // tip: ⌁ auth for agents [www.vestauth.com]

 [32m✓[39m src/__tests__/integration/legifrance-api.test.ts[2m > [22mLegifrance API Integration[2m > [22mConfiguration[2m > [22mshould have valid configuration[32m 8[2mms[22m[39m
 [32m✓[39m src/__tests__/integration/legifrance-api.test.ts[2m > [22mLegifrance API Integration[2m > [22mCESEDA Search[2m > [22mshould search CESEDA articles[32m 1[2mms[22m[39m
 [32m✓[39m src/__tests__/integration/legifrance-api.test.ts[2m > [22mLegifrance API Integration[2m > [22mCESEDA Search[2m > [22mshould get specific CESEDA article[32m 1[2mms[22m[39m
 [32m✓[39m src/__tests__/integration/legifrance-api.test.ts[2m > [22mLegifrance API Integration[2m > [22mCESEDA Search[2m > [22mshould search by keywords[32m 1[2mms[22m[39m
 [32m✓[39m src/__tests__/integration/legifrance-api.test.ts[2m > [22mLegifrance API Integration[2m > [22mJurisprudence Search[2m > [22mshould search administrative jurisprudence[32m 1[2mms[22m[39m
 [32m✓[39m src/__tests__/integration/legifrance-api.test.ts[2m > [22mLegifrance API Integration[2m > [22mJurisprudence Search[2m > [22mshould search judicial jurisprudence[32m 1[2mms[22m[39m
 [32m✓[39m src/__tests__/integration/legifrance-api.test.ts[2m > [22mLegifrance API Integration[2m > [22mJurisprudence Search[2m > [22mshould get recent CESEDA case law[32m 1[2mms[22m[39m
 [32m✓[39m src/__tests__/integration/legifrance-api.test.ts[2m > [22mLegifrance API Integration[2m > [22mError Handling[2m > [22mshould handle invalid queries gracefully[32m 1[2mms[22m[39m
 [32m✓[39m src/__tests__/integration/legifrance-api.test.ts[2m > [22mLegifrance API Integration[2m > [22mError Handling[2m > [22mshould handle network errors[32m 9[2mms[22m[39m
 [32m✓[39m src/__tests__/integration/legifrance-api.test.ts[2m > [22mLegifrance API Integration[2m > [22mMock Mode (without API keys)[2m > [22mshould return mock data when API keys missing[32m 3[2mms[22m[39m
 [32m✓[39m src/__tests__/integration/legifrance-api.test.ts[2m > [22mAPI Rate Limiting[2m > [22mshould respect rate limits[33m 523[2mms[22m[39m
 [32m✓[39m tests/integration/legifrance-api.test.ts[2m > [22mAPI Rate Limiting[2m > [22mshould respect rate limits[33m 510[2mms[22m[39m
 [32m✓[39m src/__tests__/components/Sidebar.test.tsx[2m > [22mSidebar Component[2m > [22mRendu avec session[2m > [22mdevrait rendre le sidebar[33m 433[2mms[22m[39m
 [32m✓[39m src/__tests__/components/Sidebar.test.tsx[2m > [22mSidebar Component[2m > [22mRendu avec session[2m > [22mdevrait afficher les elements de menu principaux[32m 162[2mms[22m[39m
 [32m✓[39m src/__tests__/components/Sidebar.test.tsx[2m > [22mMenu Items Structure[2m > [22mdevrait avoir Dashboard comme premier item[32m 2[2mms[22m[39m
 [32m✓[39m src/__tests__/components/Sidebar.test.tsx[2m > [22mMenu Items Structure[2m > [22mdevrait avoir Dossiers avec badge[32m 1[2mms[22m[39m
 [32m✓[39m src/__tests__/components/Sidebar.test.tsx[2m > [22mMenu Items Structure[2m > [22mdevrait avoir des liens href valides[32m 2[2mms[22m[39m
 [32m✓[39m src/__tests__/components/Sidebar.test.tsx[2m > [22mSubMenu Items[2m > [22mdevrait avoir differents filtres[32m 6[2mms[22m[39m
 [32m✓[39m src/__tests__/components/Sidebar.test.tsx[2m > [22mSubMenu Items[2m > [22mdevrait avoir des URLs avec query params[32m 1[2mms[22m[39m
 [32m✓[39m src/__tests__/components/Sidebar.test.tsx[2m > [22mToggle Expand Logic[2m > [22mdevrait ajouter un item e la liste expandee[32m 1[2mms[22m[39m
 [32m✓[39m src/__tests__/components/Sidebar.test.tsx[2m > [22mToggle Expand Logic[2m > [22mdevrait retirer un item deje expande[32m 1[2mms[22m[39m
 [32m✓[39m src/__tests__/components/Sidebar.test.tsx[2m > [22mPathname Detection[2m > [22mdevrait detecter la page active[32m 1[2mms[22m[39m
 [32m✓[39m src/__tests__/components/Sidebar.test.tsx[2m > [22mRole-based Menu[2m > [22mAVOCAT devrait voir le menu complet[32m 1[2mms[22m[39m
 [32m✓[39m src/__tests__/components/Sidebar.test.tsx[2m > [22mRole-based Menu[2m > [22mCLIENT devrait voir un menu restreint[32m 2[2mms[22m[39m
 [32m✓[39m src/__tests__/components/Sidebar.test.tsx[2m > [22mBadge Colors[2m > [22mdevrait mapper les couleurs aux classes CSS[32m 1[2mms[22m[39m
[90mstdout[2m | src/__tests__/components/SearchBar.test.tsx
[22m[39m◇ injected env (9) from .env.test // tip: ◈ encrypted .env [www.dotenvx.com]

 [32m✓[39m src/__tests__/hooks/usePerformance.test.tsx[2m > [22musePerformance Hooks[2m > [22museDebounce[2m > [22mretourne la valeur initiale immédiatement[32m 125[2mms[22m[39m
 [32m✓[39m src/__tests__/hooks/usePerformance.test.tsx[2m > [22musePerformance Hooks[2m > [22museDebounce[2m > [22mne change pas la valeur avant le délai[32m 25[2mms[22m[39m
 [32m✓[39m src/__tests__/hooks/usePerformance.test.tsx[2m > [22musePerformance Hooks[2m > [22museDebounce[2m > [22mchange la valeur après le délai[32m 79[2mms[22m[39m
 [32m✓[39m src/__tests__/hooks/usePerformance.test.tsx[2m > [22musePerformance Hooks[2m > [22museDebounce[2m > [22mreset le timer si la valeur change avant le délai[32m 45[2mms[22m[39m
 [32m✓[39m src/__tests__/hooks/usePerformance.test.tsx[2m > [22musePerformance Hooks[2m > [22museDebounce[2m > [22mfonctionne avec différents types[32m 118[2mms[22m[39m
 [32m✓[39m src/__tests__/hooks/usePerformance.test.tsx[2m > [22musePerformance Hooks[2m > [22museDebounce[2m > [22mdélai 0 met à jour immédiatement[32m 24[2mms[22m[39m
 [32m✓[39m src/__tests__/hooks/usePerformance.test.tsx[2m > [22musePerformance Hooks[2m > [22museThrottle[2m > [22mexécute le callback immédiatement au premier appel[32m 21[2mms[22m[39m
 [32m✓[39m src/__tests__/hooks/usePerformance.test.tsx[2m > [22musePerformance Hooks[2m > [22museThrottle[2m > [22mignore les appels dans la période de throttle[32m 8[2mms[22m[39m
 [32m✓[39m src/__tests__/hooks/usePerformance.test.tsx[2m > [22musePerformance Hooks[2m > [22museThrottle[2m > [22mexécute à nouveau après la période de throttle[32m 13[2mms[22m[39m
 [32m✓[39m src/__tests__/hooks/usePerformance.test.tsx[2m > [22musePerformance Hooks[2m > [22museThrottle[2m > [22mpasse les arguments au callback[32m 25[2mms[22m[39m
 [32m✓[39m src/__tests__/components/ui/Badge.test.tsx[2m > [22mBadge Component[2m > [22mRendu de base[2m > [22mdevrait rendre un badge avec le contenu[33m 356[2mms[22m[39m
 [32m✓[39m src/__tests__/components/ui/Badge.test.tsx[2m > [22mBadge Component[2m > [22mRendu de base[2m > [22mdevrait etre un span[32m 45[2mms[22m[39m
 [32m✓[39m src/__tests__/components/ui/Badge.test.tsx[2m > [22mBadge Component[2m > [22mRendu de base[2m > [22mdevrait avoir la classe rounded-full[32m 86[2mms[22m[39m
 [32m✓[39m src/__tests__/components/ui/Badge.test.tsx[2m > [22mBadge Component[2m > [22mRendu de base[2m > [22mdevrait avoir la classe inline-flex[32m 21[2mms[22m[39m
 [32m✓[39m src/__tests__/components/ui/Badge.test.tsx[2m > [22mBadge Component[2m > [22mVariants[2m > [22mdevrait rendre le variant default par defaut[32m 44[2mms[22m[39m
 [32m✓[39m src/__tests__/components/SearchBar.test.tsx[2m > [22mSearchBar Component[2m > [22mRendu initial[2m > [22mdevrait afficher le champ de recherche[33m 322[2mms[22m[39m
 [32m✓[39m src/__tests__/components/ui/Badge.test.tsx[2m > [22mBadge Component[2m > [22mVariants[2m > [22mdevrait rendre le variant success[32m 33[2mms[22m[39m
 [32m✓[39m src/__tests__/components/ui/Badge.test.tsx[2m > [22mBadge Component[2m > [22mVariants[2m > [22mdevrait rendre le variant warning[32m 38[2mms[22m[39m
 [32m✓[39m src/__tests__/components/ui/Badge.test.tsx[2m > [22mBadge Component[2m > [22mVariants[2m > [22mdevrait rendre le variant danger[32m 32[2mms[22m[39m
 [32m✓[39m src/__tests__/components/ui/Badge.test.tsx[2m > [22mBadge Component[2m > [22mVariants[2m > [22mdevrait rendre le variant info[32m 55[2mms[22m[39m
 [32m✓[39m src/__tests__/components/ui/Badge.test.tsx[2m > [22mBadge Component[2m > [22mSizes[2m > [22mdevrait rendre la taille md par defaut[32m 24[2mms[22m[39m
 [32m✓[39m src/__tests__/components/ui/Badge.test.tsx[2m > [22mBadge Component[2m > [22mSizes[2m > [22mdevrait rendre la taille sm[32m 28[2mms[22m[39m
 [32m✓[39m src/__tests__/components/ui/Badge.test.tsx[2m > [22mBadge Component[2m > [22mSizes[2m > [22mdevrait rendre la taille lg[32m 36[2mms[22m[39m
 [32m✓[39m src/__tests__/components/SearchBar.test.tsx[2m > [22mSearchBar Component[2m > [22mRendu initial[2m > [22mdevrait afficher l'icene de recherche[32m 217[2mms[22m[39m
 [32m✓[39m src/__tests__/components/SearchBar.test.tsx[2m > [22mSearchResult Types[2m > [22mdevrait supporter le type client[32m 20[2mms[22m[39m
 [32m✓[39m src/__tests__/components/SearchBar.test.tsx[2m > [22mSearchResult Types[2m > [22mdevrait supporter le type dossier[32m 2[2mms[22m[39m
 [32m✓[39m src/__tests__/components/SearchBar.test.tsx[2m > [22mSearchResult Types[2m > [22mdevrait supporter le type document[32m 3[2mms[22m[39m
 [32m✓[39m src/__tests__/components/SearchBar.test.tsx[2m > [22mSearchResult Types[2m > [22mdevrait supporter le type email[32m 2[2mms[22m[39m
 [32m✓[39m src/__tests__/components/SearchBar.test.tsx[2m > [22mSearchResult Structure[2m > [22mdevrait avoir les champs requis[32m 3[2mms[22m[39m
 [32m✓[39m src/__tests__/components/SearchBar.test.tsx[2m > [22mSearchResult Structure[2m > [22mdevrait avoir un score entre 0 et 1[32m 3[2mms[22m[39m
 [32m✓[39m src/__tests__/components/ui/Badge.test.tsx[2m > [22mBadge Component[2m > [22mCombinaisons[2m > [22mdevrait combiner variant et size[32m 22[2mms[22m[39m
 [32m✓[39m src/__tests__/components/ui/Badge.test.tsx[2m > [22mBadge Component[2m > [22mCombinaisons[2m > [22mdevrait avoir font-medium[32m 14[2mms[22m[39m
 [32m✓[39m src/__tests__/components/ui/Badge.test.tsx[2m > [22mBadge Component[2m > [22mContenu complexe[2m > [22mdevrait rendre avec une icene[32m 32[2mms[22m[39m
 [32m✓[39m src/__tests__/components/ui/Badge.test.tsx[2m > [22mBadge Component[2m > [22mContenu complexe[2m > [22mdevrait rendre un nombre[32m 5[2mms[22m[39m
 [32m✓[39m src/__tests__/components/ui/Badge.test.tsx[2m > [22mBadge Component[2m > [22mDark mode classes[2m > [22mdevrait avoir les classes dark mode pour default[32m 16[2mms[22m[39m
 [32m✓[39m src/__tests__/components/SearchBar.test.tsx[2m > [22mFiltre par type[2m > [22mdevrait pouvoir filtrer par un seul type[32m 31[2mms[22m[39m
 [32m✓[39m src/__tests__/components/SearchBar.test.tsx[2m > [22mFiltre par type[2m > [22mdevrait pouvoir filtrer par plusieurs types[32m 6[2mms[22m[39m
 [32m✓[39m src/__tests__/components/SearchBar.test.tsx[2m > [22mFiltre par type[2m > [22mdevrait retourner tous les resultats sans filtre[32m 1[2mms[22m[39m
 [32m✓[39m src/__tests__/components/SearchBar.test.tsx[2m > [22mTri des resultats par score[2m > [22mdevrait trier par score decroissant[32m 1[2mms[22m[39m
 [32m✓[39m src/__tests__/components/SearchBar.test.tsx[2m > [22mRaccourci clavier Ctrl+K[2m > [22mdevrait etre le raccourci standard[32m 20[2mms[22m[39m
 [32m✓[39m src/__tests__/components/SearchBar.test.tsx[2m > [22mRaccourci clavier Ctrl+K[2m > [22mdevrait supporter aussi Cmd+K sur Mac[32m 1[2mms[22m[39m
 [32m✓[39m src/__tests__/components/ui/Badge.test.tsx[2m > [22mBadge Component[2m > [22mDark mode classes[2m > [22mdevrait avoir les classes dark mode pour success[32m 72[2mms[22m[39m
 [32m✓[39m src/__tests__/components/ui/Badge.test.tsx[2m > [22mBadge Component[2m > [22mDark mode classes[2m > [22mdevrait avoir les classes dark mode pour info[32m 56[2mms[22m[39m
 [32m✓[39m src/__tests__/components/ui/Badge.test.tsx[2m > [22mBadge Component[2m > [22mCas d'utilisation reels[2m > [22mdevrait fonctionner pour un statut de dossier[32m 31[2mms[22m[39m
 [32m✓[39m src/__tests__/components/ui/Badge.test.tsx[2m > [22mBadge Component[2m > [22mCas d'utilisation reels[2m > [22mdevrait fonctionner pour un compteur de notifications[32m 7[2mms[22m[39m
 [32m✓[39m src/__tests__/components/ui/Badge.test.tsx[2m > [22mBadge Component[2m > [22mCas d'utilisation reels[2m > [22mdevrait fonctionner pour un label de priorite[32m 56[2mms[22m[39m
[90mstdout[2m | tests/unit/facture-pdf.test.ts
[22m[39m◇ injected env (9) from .env.test // tip: ⌘ suppress logs { quiet: true }

[90mstdout[2m | src/__tests__/security/audit-trail.test.ts
[22m[39m◇ injected env (9) from .env.test // tip: ◈ encrypted .env [www.dotenvx.com]

 [32m✓[39m tests/unit/facture-pdf.test.ts[2m > [22mFacture PDF Generation[2m > [22mgénère un buffer PDF valide[32m 109[2mms[22m[39m
 [32m✓[39m tests/unit/facture-pdf.test.ts[2m > [22mFacture PDF Generation[2m > [22mle PDF commence par le magic byte %PDF[32m 15[2mms[22m[39m
 [32m✓[39m tests/unit/facture-pdf.test.ts[2m > [22mFacture PDF Generation[2m > [22mgénère un PDF même avec des données minimales[32m 13[2mms[22m[39m
 [32m✓[39m tests/unit/facture-pdf.test.ts[2m > [22mFacture PDF Generation[2m > [22mgère beaucoup de lignes sans crash[32m 74[2mms[22m[39m
 [32m✓[39m tests/unit/facture-pdf.test.ts[2m > [22mFacture PDF Generation[2m > [22mgère les caractères spéciaux dans la description[32m 9[2mms[22m[39m
 [32m✓[39m src/__tests__/security/audit-trail.test.ts[2m > [22mcreateAuditLog[2m > [22mcrée une entrée avec previousHash genesis si aucune entrée précédente[32m 31[2mms[22m[39m
 [32m✓[39m src/__tests__/security/audit-trail.test.ts[2m > [22mcreateAuditLog[2m > [22mchaîne le hash avec l'entrée précédente[32m 11[2mms[22m[39m
 [32m✓[39m src/__tests__/security/audit-trail.test.ts[2m > [22mcreateAuditLog[2m > [22mgénère un hash SHA-256 non vide[32m 4[2mms[22m[39m
 [32m✓[39m src/__tests__/security/audit-trail.test.ts[2m > [22mcreateAuditLog[2m > [22mlog une alerte sécurité si success=false[32m 23[2mms[22m[39m
 [32m✓[39m src/__tests__/security/audit-trail.test.ts[2m > [22mcreateAuditLog[2m > [22mlog une alerte sécurité si action=DATA_BREACH_ATTEMPT[32m 13[2mms[22m[39m
 [32m✓[39m src/__tests__/security/audit-trail.test.ts[2m > [22mcreateAuditLog[2m > [22mpropage l'erreur si Prisma échoue[32m 43[2mms[22m[39m
 [32m✓[39m src/__tests__/security/audit-trail.test.ts[2m > [22mcreateAuditLog[2m > [22mfonctionne sans tenantId (action système)[32m 7[2mms[22m[39m
 [32m✓[39m src/__tests__/security/audit-trail.test.ts[2m > [22mgetAuditLogs[2m > [22mretourne les logs filtrés[32m 2[2mms[22m[39m
 [32m✓[39m src/__tests__/security/audit-trail.test.ts[2m > [22mgetAuditLogs[2m > [22mutilise limit=100 par défaut[32m 2[2mms[22m[39m
 [32m✓[39m src/__tests__/security/audit-trail.test.ts[2m > [22mgetAuditLogs[2m > [22mfiltre sensitiveData si sensitiveOnly=true[32m 1[2mms[22m[39m
 [32m✓[39m src/__tests__/security/audit-trail.test.ts[2m > [22mgetAuditLogs[2m > [22mfiltre par dates et action[32m 3[2mms[22m[39m
 [32m✓[39m src/__tests__/security/audit-trail.test.ts[2m > [22mgenerateComplianceReport[2m > [22mgénère un rapport avec statistiques correctes[32m 14[2mms[22m[39m
 [32m✓[39m src/__tests__/security/audit-trail.test.ts[2m > [22mdetectSuspiciousActivity[2m > [22mdétecte les tentatives de login multiples (>5)[32m 6[2mms[22m[39m
 [32m✓[39m src/__tests__/security/audit-trail.test.ts[2m > [22mdetectSuspiciousActivity[2m > [22mdétecte les exports excessifs (>20)[32m 5[2mms[22m[39m
 [32m✓[39m src/__tests__/security/audit-trail.test.ts[2m > [22mdetectSuspiciousActivity[2m > [22mdétecte les accès en heures inhabituelles[32m 3[2mms[22m[39m
 [32m✓[39m src/__tests__/security/audit-trail.test.ts[2m > [22mdetectSuspiciousActivity[2m > [22mdétecte les accès massifs aux données sensibles[32m 4[2mms[22m[39m
 [32m✓[39m src/__tests__/security/audit-trail.test.ts[2m > [22mdetectSuspiciousActivity[2m > [22mretourne false si activité normale[32m 7[2mms[22m[39m
 [32m✓[39m src/__tests__/security/audit-trail.test.ts[2m > [22mdetectSuspiciousActivity[2m > [22mcrée un log DATA_BREACH_ATTEMPT si activité suspecte[32m 10[2mms[22m[39m
 [32m✓[39m src/__tests__/security/audit-trail.test.ts[2m > [22mverifyAuditChainIntegrity[2m > [22mretourne valid=true si aucune entrée[32m 2[2mms[22m[39m
 [32m✓[39m src/__tests__/security/audit-trail.test.ts[2m > [22mverifyAuditChainIntegrity[2m > [22mdétecte une chaîne cassée (previousHash incorrect)[32m 4[2mms[22m[39m
 [32m✓[39m src/__tests__/security/audit-trail.test.ts[2m > [22mverifyAuditChainIntegrity[2m > [22mdétecte une entrée dont le hash a été altéré[32m 2[2mms[22m[39m
 [32m✓[39m src/__tests__/security/audit-trail.test.ts[2m > [22mverifyAuditChainIntegrity[2m > [22mvalide une chaîne intègre[32m 7[2mms[22m[39m
 [32m✓[39m src/__tests__/security/audit-trail.test.ts[2m > [22mauditMiddleware[2m > [22mjournalise une requête réussie[32m 6[2mms[22m[39m
 [32m✓[39m src/__tests__/security/audit-trail.test.ts[2m > [22mauditMiddleware[2m > [22mjournalise une requête en échec[32m 16[2mms[22m[39m
[90mstdout[2m | src/__tests__/lib/security/rate-limiter.real.test.ts
[22m[39m◇ injected env (9) from .env.test // tip: ⌘ override existing { override: true }

 [32m✓[39m src/__tests__/lib/security/rate-limiter.real.test.ts[2m > [22mrate-limiter - REAL TESTS[2m > [22mRATE_LIMITS configuration[2m > [22mshould have login rate limit configuration[32m 21[2mms[22m[39m
 [32m✓[39m src/__tests__/lib/security/rate-limiter.real.test.ts[2m > [22mrate-limiter - REAL TESTS[2m > [22mRATE_LIMITS configuration[2m > [22mshould have api rate limit configuration[32m 11[2mms[22m[39m
 [32m✓[39m src/__tests__/lib/security/rate-limiter.real.test.ts[2m > [22mrate-limiter - REAL TESTS[2m > [22mRATE_LIMITS configuration[2m > [22mshould have upload rate limit configuration[32m 4[2mms[22m[39m
 [32m✓[39m src/__tests__/lib/security/rate-limiter.real.test.ts[2m > [22mrate-limiter - REAL TESTS[2m > [22mRATE_LIMITS configuration[2m > [22mshould have email rate limit configuration[32m 4[2mms[22m[39m
 [32m✓[39m src/__tests__/lib/security/rate-limiter.real.test.ts[2m > [22mrate-limiter - REAL TESTS[2m > [22mRATE_LIMITS configuration[2m > [22mshould have export rate limit configuration[32m 2[2mms[22m[39m
 [32m✓[39m src/__tests__/lib/security/rate-limiter.real.test.ts[2m > [22mrate-limiter - REAL TESTS[2m > [22mRATE_LIMITS configuration[2m > [22mshould have ai rate limit configuration[32m 3[2mms[22m[39m
 [32m✓[39m src/__tests__/lib/security/rate-limiter.real.test.ts[2m > [22mrate-limiter - REAL TESTS[2m > [22mcheckRateLimit[2m > [22mshould allow first request[32m 3[2mms[22m[39m
 [32m✓[39m src/__tests__/lib/security/rate-limiter.real.test.ts[2m > [22mrate-limiter - REAL TESTS[2m > [22mcheckRateLimit[2m > [22mshould decrement remaining on each request[32m 5[2mms[22m[39m
 [32m✓[39m src/__tests__/lib/security/rate-limiter.real.test.ts[2m > [22mrate-limiter - REAL TESTS[2m > [22mcheckRateLimit[2m > [22mshould deny after exceeding max requests[32m 3[2mms[22m[39m
 [32m✓[39m src/__tests__/lib/security/rate-limiter.real.test.ts[2m > [22mrate-limiter - REAL TESTS[2m > [22mcheckRateLimit[2m > [22mshould block user when blockDuration is set[32m 17[2mms[22m[39m
 [32m✓[39m src/__tests__/lib/security/rate-limiter.real.test.ts[2m > [22mrate-limiter - REAL TESTS[2m > [22mcheckRateLimit[2m > [22mshould provide resetIn time[32m 4[2mms[22m[39m
 [32m✓[39m src/__tests__/lib/security/rate-limiter.real.test.ts[2m > [22mrate-limiter - REAL TESTS[2m > [22mcheckRateLimit[2m > [22mshould reset count after window expires[32m 10[2mms[22m[39m
 [32m✓[39m src/__tests__/lib/security/rate-limiter.real.test.ts[2m > [22mrate-limiter - REAL TESTS[2m > [22mcheckRateLimit[2m > [22mshould handle different identifiers independently[32m 2[2mms[22m[39m
 [32m✓[39m src/__tests__/lib/security/rate-limiter.real.test.ts[2m > [22mrate-limiter - REAL TESTS[2m > [22mrateLimitMiddleware[2m > [22mshould return a function[32m 2[2mms[22m[39m
 [32m✓[39m src/__tests__/lib/security/rate-limiter.real.test.ts[2m > [22mrate-limiter - REAL TESTS[2m > [22mrateLimitMiddleware[2m > [22mshould allow request under limit[32m 6[2mms[22m[39m
 [32m✓[39m src/__tests__/lib/security/rate-limiter.real.test.ts[2m > [22mrate-limiter - REAL TESTS[2m > [22mrateLimitMiddleware[2m > [22mshould use user ID when authenticated[32m 2[2mms[22m[39m
 [32m✓[39m src/__tests__/lib/security/rate-limiter.real.test.ts[2m > [22mrate-limiter - REAL TESTS[2m > [22mrateLimitMiddleware[2m > [22mshould use forwarded IP for anonymous requests[32m 6[2mms[22m[39m
 [32m✓[39m src/__tests__/lib/security/rate-limiter.real.test.ts[2m > [22mrate-limiter - REAL TESTS[2m > [22mrateLimitMiddleware[2m > [22mshould throw with 429 status when rate limited[32m 5[2mms[22m[39m
 [32m✓[39m src/__tests__/lib/security/rate-limiter.real.test.ts[2m > [22mrate-limiter - REAL TESTS[2m > [22mrateLimitMiddleware[2m > [22mshould work with different limit types[32m 13[2mms[22m[39m
 [32m✓[39m src/__tests__/lib/security/rate-limiter.real.test.ts[2m > [22mrate-limiter - REAL TESTS[2m > [22mcleanupRateLimitStore[2m > [22mshould be a function[32m 1[2mms[22m[39m
 [32m✓[39m src/__tests__/lib/security/rate-limiter.real.test.ts[2m > [22mrate-limiter - REAL TESTS[2m > [22mcleanupRateLimitStore[2m > [22mshould not throw when called[32m 18[2mms[22m[39m
 [32m✓[39m src/__tests__/lib/security/rate-limiter.real.test.ts[2m > [22mrate-limiter - REAL TESTS[2m > [22mcleanupRateLimitStore[2m > [22mshould clean expired entries[32m 2[2mms[22m[39m
 [32m✓[39m src/__tests__/lib/security/rate-limiter.real.test.ts[2m > [22mrate-limiter - REAL TESTS[2m > [22mgetAdaptiveRateLimit[2m > [22mshould return same limits at 0 load[32m 10[2mms[22m[39m
 [32m✓[39m src/__tests__/lib/security/rate-limiter.real.test.ts[2m > [22mrate-limiter - REAL TESTS[2m > [22mgetAdaptiveRateLimit[2m > [22mshould reduce limits at high load[32m 5[2mms[22m[39m
 [32m✓[39m src/__tests__/lib/security/rate-limiter.real.test.ts[2m > [22mrate-limiter - REAL TESTS[2m > [22mgetAdaptiveRateLimit[2m > [22mshould scale linearly with load[32m 1[2mms[22m[39m
 [32m✓[39m src/__tests__/lib/security/rate-limiter.real.test.ts[2m > [22mrate-limiter - REAL TESTS[2m > [22mgetAdaptiveRateLimit[2m > [22mshould preserve other config properties[32m 2[2mms[22m[39m
 [32m✓[39m src/__tests__/lib/security/rate-limiter.real.test.ts[2m > [22mrate-limiter - REAL TESTS[2m > [22mgetAdaptiveRateLimit[2m > [22mshould handle edge cases[32m 2[2mms[22m[39m
 [32m✓[39m src/__tests__/lib/security/rate-limiter.real.test.ts[2m > [22mrate-limiter - REAL TESTS[2m > [22mgetAdaptiveRateLimit[2m > [22mshould floor the result to integer[32m 2[2mms[22m[39m
 [32m✓[39m src/__tests__/lib/security/rate-limiter.real.test.ts[2m > [22mrate-limiter - REAL TESTS[2m > [22mRate limit scenarios[2m > [22mshould handle login brute force protection[32m 5[2mms[22m[39m
 [32m✓[39m src/__tests__/lib/security/rate-limiter.real.test.ts[2m > [22mrate-limiter - REAL TESTS[2m > [22mRate limit scenarios[2m > [22mshould handle API burst traffic[32m 50[2mms[22m[39m
[90mstdout[2m | src/__tests__/types/workspace-reasoning.real.test.ts
[22m[39m◇ injected env (9) from .env.test // tip: ⌘ multiple files { path: ['.env.local', '.env'] }

 [32m✓[39m src/__tests__/types/workspace-reasoning.real.test.ts[2m > [22mworkspace-reasoning - Système de raisonnement[2m > [22mWORKSPACE_STATES[2m > [22mcontient tous les 8 états[32m 20[2mms[22m[39m
 [32m✓[39m src/__tests__/types/workspace-reasoning.real.test.ts[2m > [22mworkspace-reasoning - Système de raisonnement[2m > [22mWORKSPACE_STATES[2m > [22métat RECEIVED a un label[32m 1[2mms[22m[39m
 [32m✓[39m src/__tests__/types/workspace-reasoning.real.test.ts[2m > [22mworkspace-reasoning - Système de raisonnement[2m > [22mWORKSPACE_STATES[2m > [22métat FACTS_EXTRACTED a un label[32m 1[2mms[22m[39m
 [32m✓[39m src/__tests__/types/workspace-reasoning.real.test.ts[2m > [22mworkspace-reasoning - Système de raisonnement[2m > [22mWORKSPACE_STATES[2m > [22métat CONTEXT_IDENTIFIED a un label[32m 1[2mms[22m[39m
 [32m✓[39m src/__tests__/types/workspace-reasoning.real.test.ts[2m > [22mworkspace-reasoning - Système de raisonnement[2m > [22mWORKSPACE_STATES[2m > [22métat OBLIGATIONS_DEDUCED a un label[32m 1[2mms[22m[39m
 [32m✓[39m src/__tests__/types/workspace-reasoning.real.test.ts[2m > [22mworkspace-reasoning - Système de raisonnement[2m > [22mWORKSPACE_STATES[2m > [22métat MISSING_IDENTIFIED a un label[32m 1[2mms[22m[39m
 [32m✓[39m src/__tests__/types/workspace-reasoning.real.test.ts[2m > [22mworkspace-reasoning - Système de raisonnement[2m > [22mWORKSPACE_STATES[2m > [22métat RISK_EVALUATED a un label[32m 1[2mms[22m[39m
 [32m✓[39m src/__tests__/types/workspace-reasoning.real.test.ts[2m > [22mworkspace-reasoning - Système de raisonnement[2m > [22mWORKSPACE_STATES[2m > [22métat ACTION_PROPOSED a un label[32m 0[2mms[22m[39m
 [32m✓[39m src/__tests__/types/workspace-reasoning.real.test.ts[2m > [22mworkspace-reasoning - Système de raisonnement[2m > [22mWORKSPACE_STATES[2m > [22métat READY_FOR_HUMAN a un label[32m 14[2mms[22m[39m
 [32m✓[39m src/__tests__/types/workspace-reasoning.real.test.ts[2m > [22mworkspace-reasoning - Système de raisonnement[2m > [22mWORKSPACE_STATES[2m > [22métat RECEIVED a une couleur[32m 1[2mms[22m[39m
 [32m✓[39m src/__tests__/types/workspace-reasoning.real.test.ts[2m > [22mworkspace-reasoning - Système de raisonnement[2m > [22mWORKSPACE_STATES[2m > [22métat FACTS_EXTRACTED a une couleur[32m 1[2mms[22m[39m
 [32m✓[39m src/__tests__/types/workspace-reasoning.real.test.ts[2m > [22mworkspace-reasoning - Système de raisonnement[2m > [22mWORKSPACE_STATES[2m > [22métat CONTEXT_IDENTIFIED a une couleur[32m 8[2mms[22m[39m
 [32m✓[39m src/__tests__/types/workspace-reasoning.real.test.ts[2m > [22mworkspace-reasoning - Système de raisonnement[2m > [22mWORKSPACE_STATES[2m > [22métat OBLIGATIONS_DEDUCED a une couleur[32m 2[2mms[22m[39m
 [32m✓[39m src/__tests__/types/workspace-reasoning.real.test.ts[2m > [22mworkspace-reasoning - Système de raisonnement[2m > [22mWORKSPACE_STATES[2m > [22métat MISSING_IDENTIFIED a une couleur[32m 0[2mms[22m[39m
 [32m✓[39m src/__tests__/types/workspace-reasoning.real.test.ts[2m > [22mworkspace-reasoning - Système de raisonnement[2m > [22mWORKSPACE_STATES[2m > [22métat RISK_EVALUATED a une couleur[32m 0[2mms[22m[39m
 [32m✓[39m src/__tests__/types/workspace-reasoning.real.test.ts[2m > [22mworkspace-reasoning - Système de raisonnement[2m > [22mWORKSPACE_STATES[2m > [22métat ACTION_PROPOSED a une couleur[32m 0[2mms[22m[39m
 [32m✓[39m src/__tests__/types/workspace-reasoning.real.test.ts[2m > [22mworkspace-reasoning - Système de raisonnement[2m > [22mWORKSPACE_STATES[2m > [22métat READY_FOR_HUMAN a une couleur[32m 0[2mms[22m[39m
 [32m✓[39m src/__tests__/types/workspace-reasoning.real.test.ts[2m > [22mworkspace-reasoning - Système de raisonnement[2m > [22mWORKSPACE_STATES[2m > [22métat RECEIVED a une icône[32m 0[2mms[22m[39m
 [32m✓[39m src/__tests__/types/workspace-reasoning.real.test.ts[2m > [22mworkspace-reasoning - Système de raisonnement[2m > [22mWORKSPACE_STATES[2m > [22métat FACTS_EXTRACTED a une icône[32m 0[2mms[22m[39m
 [32m✓[39m src/__tests__/types/workspace-reasoning.real.test.ts[2m > [22mworkspace-reasoning - Système de raisonnement[2m > [22mWORKSPACE_STATES[2m > [22métat CONTEXT_IDENTIFIED a une icône[32m 0[2mms[22m[39m
 [32m✓[39m src/__tests__/types/workspace-reasoning.real.test.ts[2m > [22mworkspace-reasoning - Système de raisonnement[2m > [22mWORKSPACE_STATES[2m > [22métat OBLIGATIONS_DEDUCED a une icône[32m 0[2mms[22m[39m
 [32m✓[39m src/__tests__/types/workspace-reasoning.real.test.ts[2m > [22mworkspace-reasoning - Système de raisonnement[2m > [22mWORKSPACE_STATES[2m > [22métat MISSING_IDENTIFIED a une icône[32m 2[2mms[22m[39m
 [32m✓[39m src/__tests__/types/workspace-reasoning.real.test.ts[2m > [22mworkspace-reasoning - Système de raisonnement[2m > [22mWORKSPACE_STATES[2m > [22métat RISK_EVALUATED a une icône[32m 0[2mms[22m[39m
 [32m✓[39m src/__tests__/types/workspace-reasoning.real.test.ts[2m > [22mworkspace-reasoning - Système de raisonnement[2m > [22mWORKSPACE_STATES[2m > [22métat ACTION_PROPOSED a une icône[32m 0[2mms[22m[39m
 [32m✓[39m src/__tests__/types/workspace-reasoning.real.test.ts[2m > [22mworkspace-reasoning - Système de raisonnement[2m > [22mWORKSPACE_STATES[2m > [22métat READY_FOR_HUMAN a une icône[32m 0[2mms[22m[39m
 [32m✓[39m src/__tests__/types/workspace-reasoning.real.test.ts[2m > [22mworkspace-reasoning - Système de raisonnement[2m > [22mWORKSPACE_STATES[2m > [22mRECEIVED a le label "Recu"[32m 1[2mms[22m[39m
 [32m✓[39m src/__tests__/types/workspace-reasoning.real.test.ts[2m > [22mworkspace-reasoning - Système de raisonnement[2m > [22mWORKSPACE_STATES[2m > [22mREADY_FOR_HUMAN a le label correct[32m 0[2mms[22m[39m
 [32m✓[39m src/__tests__/types/workspace-reasoning.real.test.ts[2m > [22mworkspace-reasoning - Système de raisonnement[2m > [22mSTRUCTURAL_RULES[2m > [22mWORKSPACE_REQUIRED est définie[32m 1[2mms[22m[39m
 [32m✓[39m src/__tests__/types/workspace-reasoning.real.test.ts[2m > [22mworkspace-reasoning - Système de raisonnement[2m > [22mSTRUCTURAL_RULES[2m > [22mFACT_SOURCE_REQUIRED est définie[32m 0[2mms[22m[39m
 [32m✓[39m src/__tests__/types/workspace-reasoning.real.test.ts[2m > [22mworkspace-reasoning - Système de raisonnement[2m > [22mSTRUCTURAL_RULES[2m > [22mOBLIGATION_CONTEXT_REQUIRED est définie[32m 0[2mms[22m[39m
 [32m✓[39m src/__tests__/types/workspace-reasoning.real.test.ts[2m > [22mworkspace-reasoning - Système de raisonnement[2m > [22mSTRUCTURAL_RULES[2m > [22mACTION_MISSING_REQUIRED est définie[32m 12[2mms[22m[39m
 [32m✓[39m src/__tests__/types/workspace-reasoning.real.test.ts[2m > [22mworkspace-reasoning - Système de raisonnement[2m > [22mSTRUCTURAL_RULES[2m > [22mNO_READY_WITH_BLOCKING est définie[32m 1[2mms[22m[39m
 [32m✓[39m src/__tests__/types/workspace-reasoning.real.test.ts[2m > [22mworkspace-reasoning - Système de raisonnement[2m > [22mSTRUCTURAL_RULES[2m > [22mcontient 5 règles structurelles[32m 1[2mms[22m[39m
 [32m✓[39m src/__tests__/types/workspace-reasoning.real.test.ts[2m > [22mworkspace-reasoning - Système de raisonnement[2m > [22mALLOWED_TRANSITIONS[2m > [22mRECEIVED peut aller vers FACTS_EXTRACTED[32m 10[2mms[22m[39m
 [32m✓[39m src/__tests__/types/workspace-reasoning.real.test.ts[2m > [22mworkspace-reasoning - Système de raisonnement[2m > [22mALLOWED_TRANSITIONS[2m > [22mFACTS_EXTRACTED peut aller vers CONTEXT_IDENTIFIED[32m 1[2mms[22m[39m
 [32m✓[39m src/__tests__/types/workspace-reasoning.real.test.ts[2m > [22mworkspace-reasoning - Système de raisonnement[2m > [22mALLOWED_TRANSITIONS[2m > [22mACTION_PROPOSED peut aller vers READY_FOR_HUMAN[32m 2[2mms[22m[39m
 [32m✓[39m src/__tests__/types/workspace-reasoning.real.test.ts[2m > [22mworkspace-reasoning - Système de raisonnement[2m > [22mALLOWED_TRANSITIONS[2m > [22mREADY_FOR_HUMAN est un état terminal (aucune transition)[32m 2[2mms[22m[39m
 [32m✓[39m src/__tests__/types/workspace-reasoning.real.test.ts[2m > [22mworkspace-reasoning - Système de raisonnement[2m > [22mALLOWED_TRANSITIONS[2m > [22mchaque état n'a qu'une seule transition possible (sauf terminal)[32m 1[2mms[22m[39m
 [32m✓[39m src/__tests__/types/workspace-reasoning.real.test.ts[2m > [22mworkspace-reasoning - Système de raisonnement[2m > [22mgetStateBadgeColor[2m > [22mretourne les classes CSS pour RECEIVED[32m 5[2mms[22m[39m
 [32m✓[39m src/__tests__/types/workspace-reasoning.real.test.ts[2m > [22mworkspace-reasoning - Système de raisonnement[2m > [22mgetStateBadgeColor[2m > [22mretourne les classes CSS pour FACTS_EXTRACTED[32m 1[2mms[22m[39m
 [32m✓[39m src/__tests__/types/workspace-reasoning.real.test.ts[2m > [22mworkspace-reasoning - Système de raisonnement[2m > [22mgetStateBadgeColor[2m > [22mretourne les classes CSS pour READY_FOR_HUMAN[32m 9[2mms[22m[39m
 [32m✓[39m src/__tests__/types/workspace-reasoning.real.test.ts[2m > [22mworkspace-reasoning - Système de raisonnement[2m > [22mgetStateBadgeColor[2m > [22métat RECEIVED contient la couleur gray[32m 1[2mms[22m[39m
 [32m✓[39m src/__tests__/types/workspace-reasoning.real.test.ts[2m > [22mworkspace-reasoning - Système de raisonnement[2m > [22mgetStateBadgeColor[2m > [22métat FACTS_EXTRACTED contient la couleur blue[32m 1[2mms[22m[39m
 [32m✓[39m src/__tests__/types/workspace-reasoning.real.test.ts[2m > [22mworkspace-reasoning - Système de raisonnement[2m > [22mgetStateBadgeColor[2m > [22métat CONTEXT_IDENTIFIED contient la couleur purple[32m 0[2mms[22m[39m
 [32m✓[39m src/__tests__/types/workspace-reasoning.real.test.ts[2m > [22mworkspace-reasoning - Système de raisonnement[2m > [22mgetStateBadgeColor[2m > [22métat OBLIGATIONS_DEDUCED contient la couleur orange[32m 1[2mms[22m[39m
 [32m✓[39m src/__tests__/types/workspace-reasoning.real.test.ts[2m > [22mworkspace-reasoning - Système de raisonnement[2m > [22mgetStateBadgeColor[2m > [22métat MISSING_IDENTIFIED contient la couleur red[32m 0[2mms[22m[39m
 [32m✓[39m src/__tests__/types/workspace-reasoning.real.test.ts[2m > [22mworkspace-reasoning - Système de raisonnement[2m > [22mgetStateBadgeColor[2m > [22métat RISK_EVALUATED contient la couleur yellow[32m 1[2mms[22m[39m
 [32m✓[39m src/__tests__/types/workspace-reasoning.real.test.ts[2m > [22mworkspace-reasoning - Système de raisonnement[2m > [22mgetStateBadgeColor[2m > [22métat ACTION_PROPOSED contient la couleur indigo[32m 0[2mms[22m[39m
 [32m✓[39m src/__tests__/types/workspace-reasoning.real.test.ts[2m > [22mworkspace-reasoning - Système de raisonnement[2m > [22mgetStateBadgeColor[2m > [22métat READY_FOR_HUMAN contient la couleur green[32m 0[2mms[22m[39m
 [32m✓[39m src/__tests__/types/workspace-reasoning.real.test.ts[2m > [22mworkspace-reasoning - Système de raisonnement[2m > [22mcanTransitionTo[2m > [22mRECEIVED peut aller à FACTS_EXTRACTED[32m 1[2mms[22m[39m
 [32m✓[39m src/__tests__/types/workspace-reasoning.real.test.ts[2m > [22mworkspace-reasoning - Système de raisonnement[2m > [22mcanTransitionTo[2m > [22mRECEIVED ne peut pas aller à READY_FOR_HUMAN[32m 2[2mms[22m[39m
 [32m✓[39m src/__tests__/types/workspace-reasoning.real.test.ts[2m > [22mworkspace-reasoning - Système de raisonnement[2m > [22mcanTransitionTo[2m > [22mFACTS_EXTRACTED ne peut pas retourner à RECEIVED[32m 1[2mms[22m[39m
 [32m✓[39m src/__tests__/types/workspace-reasoning.real.test.ts[2m > [22mworkspace-reasoning - Système de raisonnement[2m > [22mcanTransitionTo[2m > [22mACTION_PROPOSED peut aller à READY_FOR_HUMAN[32m 0[2mms[22m[39m
 [32m✓[39m src/__tests__/types/workspace-reasoning.real.test.ts[2m > [22mworkspace-reasoning - Système de raisonnement[2m > [22mcanTransitionTo[2m > [22mREADY_FOR_HUMAN ne peut aller nulle part[32m 0[2mms[22m[39m
 [32m✓[39m src/__tests__/types/workspace-reasoning.real.test.ts[2m > [22mworkspace-reasoning - Système de raisonnement[2m > [22mcanTransitionTo[2m > [22mtransitions en séquence complète[32m 7[2mms[22m[39m
 [32m✓[39m src/__tests__/types/workspace-reasoning.real.test.ts[2m > [22mworkspace-reasoning - Système de raisonnement[2m > [22mformatUncertaintyLevel[2m > [22mniveau >= 0.8 = "Tres incertain" en rouge[32m 1[2mms[22m[39m
 [32m✓[39m src/__tests__/types/workspace-reasoning.real.test.ts[2m > [22mworkspace-reasoning - Système de raisonnement[2m > [22mformatUncertaintyLevel[2m > [22mniveau 0.9 = "Tres incertain"[32m 1[2mms[22m[39m
 [32m✓[39m src/__tests__/types/workspace-reasoning.real.test.ts[2m > [22mworkspace-reasoning - Système de raisonnement[2m > [22mformatUncertaintyLevel[2m > [22mniveau 0.5 = "Incertain" en orange[32m 1[2mms[22m[39m
 [32m✓[39m src/__tests__/types/workspace-reasoning.real.test.ts[2m > [22mworkspace-reasoning - Système de raisonnement[2m > [22mformatUncertaintyLevel[2m > [22mniveau 0.7 = "Incertain"[32m 0[2mms[22m[39m
 [32m✓[39m src/__tests__/types/workspace-reasoning.real.test.ts[2m > [22mworkspace-reasoning - Système de raisonnement[2m > [22mformatUncertaintyLevel[2m > [22mniveau 0.2 = "Peu incertain" en jaune[32m 7[2mms[22m[39m
 [32m✓[39m src/__tests__/types/workspace-reasoning.real.test.ts[2m > [22mworkspace-reasoning - Système de raisonnement[2m > [22mformatUncertaintyLevel[2m > [22mniveau 0.4 = "Peu incertain"[32m 0[2mms[22m[39m
 [32m✓[39m src/__tests__/types/workspace-reasoning.real.test.ts[2m > [22mworkspace-reasoning - Système de raisonnement[2m > [22mformatUncertaintyLevel[2m > [22mniveau < 0.2 = "Actionnable" en vert[32m 0[2mms[22m[39m
 [32m✓[39m src/__tests__/types/workspace-reasoning.real.test.ts[2m > [22mworkspace-reasoning - Système de raisonnement[2m > [22mformatUncertaintyLevel[2m > [22mniveau 0 = "Actionnable"[32m 0[2mms[22m[39m
 [32m✓[39m src/__tests__/types/workspace-reasoning.real.test.ts[2m > [22mworkspace-reasoning - Système de raisonnement[2m > [22mcalculateRiskScore[2m > [22mLOW/LOW = 1[32m 1[2mms[22m[39m
 [32m✓[39m src/__tests__/types/workspace-reasoning.real.test.ts[2m > [22mworkspace-reasoning - Système de raisonnement[2m > [22mcalculateRiskScore[2m > [22mLOW/MEDIUM = 2[32m 1[2mms[22m[39m
 [32m✓[39m src/__tests__/types/workspace-reasoning.real.test.ts[2m > [22mworkspace-reasoning - Système de raisonnement[2m > [22mcalculateRiskScore[2m > [22mMEDIUM/MEDIUM = 4[32m 4[2mms[22m[39m
 [32m✓[39m src/__tests__/types/workspace-reasoning.real.test.ts[2m > [22mworkspace-reasoning - Système de raisonnement[2m > [22mcalculateRiskScore[2m > [22mHIGH/HIGH = 9[32m 1[2mms[22m[39m
 [32m✓[39m src/__tests__/types/workspace-reasoning.real.test.ts[2m > [22mworkspace-reasoning - Système de raisonnement[2m > [22mcalculateRiskScore[2m > [22mHIGH/LOW = 3[32m 2[2mms[22m[39m
 [32m✓[39m src/__tests__/types/workspace-reasoning.real.test.ts[2m > [22mworkspace-reasoning - Système de raisonnement[2m > [22mcalculateRiskScore[2m > [22mLOW/HIGH = 3[32m 1[2mms[22m[39m
 [32m✓[39m src/__tests__/types/workspace-reasoning.real.test.ts[2m > [22mworkspace-reasoning - Système de raisonnement[2m > [22mcalculateRiskScore[2m > [22mMEDIUM/HIGH = 6[32m 1[2mms[22m[39m
 [32m✓[39m src/__tests__/types/workspace-reasoning.real.test.ts[2m > [22mworkspace-reasoning - Système de raisonnement[2m > [22mcanTransitionToReadyForHuman[2m > [22mretourne true si aucun élément manquant[32m 1[2mms[22m[39m
 [32m✓[39m src/__tests__/types/workspace-reasoning.real.test.ts[2m > [22mworkspace-reasoning - Système de raisonnement[2m > [22mcanTransitionToReadyForHuman[2m > [22mretourne true si tous les éléments sont résolus[32m 1[2mms[22m[39m
 [32m✓[39m src/__tests__/types/workspace-reasoning.real.test.ts[2m > [22mworkspace-reasoning - Système de raisonnement[2m > [22mcanTransitionToReadyForHuman[2m > [22mretourne false si élément bloquant non résolu[32m 0[2mms[22m[39m
 [32m✓[39m src/__tests__/types/workspace-reasoning.real.test.ts[2m > [22mworkspace-reasoning - Système de raisonnement[2m > [22mcanTransitionToReadyForHuman[2m > [22mretourne false si priorité urgent non résolue[32m 0[2mms[22m[39m
 [32m✓[39m src/__tests__/types/workspace-reasoning.real.test.ts[2m > [22mworkspace-reasoning - Système de raisonnement[2m > [22mcanTransitionToReadyForHuman[2m > [22mretourne false si priorité high non résolue[32m 0[2mms[22m[39m
 [32m✓[39m src/__tests__/types/workspace-reasoning.real.test.ts[2m > [22mworkspace-reasoning - Système de raisonnement[2m > [22mcanTransitionToReadyForHuman[2m > [22mretourne true si priorité normal non résolue (non bloquant)[32m 0[2mms[22m[39m
 [32m✓[39m src/__tests__/types/workspace-reasoning.real.test.ts[2m > [22mworkspace-reasoning - Système de raisonnement[2m > [22mcalculateUncertaintyLevel[2m > [22mretourne 1.0 si aucun fait[32m 0[2mms[22m[39m
 [32m✓[39m src/__tests__/types/workspace-reasoning.real.test.ts[2m > [22mworkspace-reasoning - Système de raisonnement[2m > [22mcalculateUncertaintyLevel[2m > [22mretourne 0 si aucun manque et aucun risque[32m 0[2mms[22m[39m
 [32m✓[39m src/__tests__/types/workspace-reasoning.real.test.ts[2m > [22mworkspace-reasoning - Système de raisonnement[2m > [22mcalculateUncertaintyLevel[2m > [22mplus de faits = moins d'incertitude[32m 0[2mms[22m[39m
 [32m✓[39m src/__tests__/types/workspace-reasoning.real.test.ts[2m > [22mworkspace-reasoning - Système de raisonnement[2m > [22mcalculateUncertaintyLevel[2m > [22mplus de manques = plus d'incertitude[32m 0[2mms[22m[39m
 [32m✓[39m src/__tests__/types/workspace-reasoning.real.test.ts[2m > [22mworkspace-reasoning - Système de raisonnement[2m > [22mcalculateUncertaintyLevel[2m > [22mles risques augmentent l'incertitude[32m 0[2mms[22m[39m
 [32m✓[39m src/__tests__/types/workspace-reasoning.real.test.ts[2m > [22mworkspace-reasoning - Système de raisonnement[2m > [22mcalculateUncertaintyLevel[2m > [22mne dépasse jamais 1.0[32m 3[2mms[22m[39m
 [32m✓[39m src/__tests__/types/workspace-reasoning.real.test.ts[2m > [22mworkspace-reasoning - Système de raisonnement[2m > [22mcalculateUncertaintyLevel[2m > [22mimpact des risques plafonné à 0.5[32m 1[2mms[22m[39m
 [32m✓[39m src/__tests__/types/workspace-reasoning.real.test.ts[2m > [22mworkspace-reasoning - Système de raisonnement[2m > [22mvalidateFactHasSource[2m > [22mretourne true si source présente[32m 3[2mms[22m[39m
 [32m✓[39m src/__tests__/types/workspace-reasoning.real.test.ts[2m > [22mworkspace-reasoning - Système de raisonnement[2m > [22mvalidateFactHasSource[2m > [22mretourne false si source vide[32m 1[2mms[22m[39m
 [32m✓[39m src/__tests__/types/workspace-reasoning.real.test.ts[2m > [22mworkspace-reasoning - Système de raisonnement[2m > [22mvalidateFactHasSource[2m > [22mretourne false si source undefined[32m 1[2mms[22m[39m
 [32m✓[39m src/__tests__/types/workspace-reasoning.real.test.ts[2m > [22mworkspace-reasoning - Système de raisonnement[2m > [22mvalidateFactHasSource[2m > [22maccepte la source EXPLICIT_MESSAGE[32m 1[2mms[22m[39m
 [32m✓[39m src/__tests__/types/workspace-reasoning.real.test.ts[2m > [22mworkspace-reasoning - Système de raisonnement[2m > [22mvalidateFactHasSource[2m > [22maccepte la source METADATA[32m 0[2mms[22m[39m
 [32m✓[39m src/__tests__/types/workspace-reasoning.real.test.ts[2m > [22mworkspace-reasoning - Système de raisonnement[2m > [22mvalidateFactHasSource[2m > [22maccepte la source DOCUMENT[32m 1[2mms[22m[39m
 [32m✓[39m src/__tests__/types/workspace-reasoning.real.test.ts[2m > [22mworkspace-reasoning - Système de raisonnement[2m > [22mvalidateFactHasSource[2m > [22maccepte la source USER_PROVIDED[32m 1[2mms[22m[39m
 [32m✓[39m src/__tests__/types/workspace-reasoning.real.test.ts[2m > [22mworkspace-reasoning - Système de raisonnement[2m > [22mvalidateObligationHasContext[2m > [22mretourne true si contextId présent[32m 1[2mms[22m[39m
 [32m✓[39m src/__tests__/types/workspace-reasoning.real.test.ts[2m > [22mworkspace-reasoning - Système de raisonnement[2m > [22mvalidateObligationHasContext[2m > [22mretourne false si contextId vide[32m 1[2mms[22m[39m
 [32m✓[39m src/__tests__/types/workspace-reasoning.real.test.ts[2m > [22mworkspace-reasoning - Système de raisonnement[2m > [22mvalidateObligationHasContext[2m > [22mretourne false si contextId undefined[32m 0[2mms[22m[39m
 [32m✓[39m src/__tests__/types/workspace-reasoning.real.test.ts[2m > [22mworkspace-reasoning - Système de raisonnement[2m > [22mvalidateStateTransition[2m > [22mtransition valide RECEIVED → FACTS_EXTRACTED[32m 1[2mms[22m[39m
 [32m✓[39m src/__tests__/types/workspace-reasoning.real.test.ts[2m > [22mworkspace-reasoning - Système de raisonnement[2m > [22mvalidateStateTransition[2m > [22mtransition invalide RECEIVED → READY_FOR_HUMAN[32m 1[2mms[22m[39m
 [32m✓[39m src/__tests__/types/workspace-reasoning.real.test.ts[2m > [22mworkspace-reasoning - Système de raisonnement[2m > [22mvalidateStateTransition[2m > [22mtransition ACTION_PROPOSED → READY_FOR_HUMAN sans éléments bloquants[32m 0[2mms[22m[39m
 [32m✓[39m src/__tests__/types/workspace-reasoning.real.test.ts[2m > [22mworkspace-reasoning - Système de raisonnement[2m > [22mvalidateStateTransition[2m > [22mtransition ACTION_PROPOSED → READY_FOR_HUMAN avec élément bloquant[32m 1[2mms[22m[39m
 [32m✓[39m src/__tests__/types/workspace-reasoning.real.test.ts[2m > [22mworkspace-reasoning - Système de raisonnement[2m > [22mgetRiskColor[2m > [22mscore >= 6 = rouge[32m 1[2mms[22m[39m
 [32m✓[39m src/__tests__/types/workspace-reasoning.real.test.ts[2m > [22mworkspace-reasoning - Système de raisonnement[2m > [22mgetRiskColor[2m > [22mscore >= 4 et < 6 = orange[32m 1[2mms[22m[39m
 [32m✓[39m src/__tests__/types/workspace-reasoning.real.test.ts[2m > [22mworkspace-reasoning - Système de raisonnement[2m > [22mgetRiskColor[2m > [22mscore < 4 = jaune[32m 1[2mms[22m[39m
 [32m✓[39m src/__tests__/types/workspace-reasoning.real.test.ts[2m > [22mworkspace-reasoning - Système de raisonnement[2m > [22mWorkflow complet[2m > [22mun workspace peut traverser tous les états[32m 2[2mms[22m[39m
 [32m✓[39m src/__tests__/types/workspace-reasoning.real.test.ts[2m > [22mworkspace-reasoning - Système de raisonnement[2m > [22mWorkflow complet[2m > [22mchaque état a un badge color valide[32m 1[2mms[22m[39m
[90mstdout[2m | src/__tests__/services/aiService.coverage.test.ts
[22m[39m◇ injected env (9) from .env.test // tip: ⌁ auth for agents [www.vestauth.com]

 [32m✓[39m src/__tests__/services/aiService.coverage.test.ts[2m > [22maiService.ts — Full Coverage[2m > [22mgenerateDocument[2m > [22mshould generate a contrat[32m 62[2mms[22m[39m
 [32m✓[39m src/__tests__/services/aiService.coverage.test.ts[2m > [22maiService.ts — Full Coverage[2m > [22mgenerateDocument[2m > [22mshould generate a mise_en_demeure[32m 6[2mms[22m[39m
 [32m✓[39m src/__tests__/services/aiService.coverage.test.ts[2m > [22maiService.ts — Full Coverage[2m > [22mgenerateDocument[2m > [22mshould generate an assignation[32m 8[2mms[22m[39m
 [32m✓[39m src/__tests__/services/aiService.coverage.test.ts[2m > [22maiService.ts — Full Coverage[2m > [22mgenerateDocument[2m > [22mshould generate a courrier[32m 2[2mms[22m[39m
 [32m✓[39m src/__tests__/services/aiService.coverage.test.ts[2m > [22maiService.ts — Full Coverage[2m > [22mgenerateDocument[2m > [22mshould fallback to courrier for unknown type[32m 7[2mms[22m[39m
 [32m✓[39m src/__tests__/services/aiService.coverage.test.ts[2m > [22maiService.ts — Full Coverage[2m > [22mgenerateDocument[2m > [22mshould handle null/undefined context gracefully[32m 5[2mms[22m[39m
 [32m✓[39m src/__tests__/services/aiService.coverage.test.ts[2m > [22maiService.ts — Full Coverage[2m > [22mgetSuggestions[2m > [22mshould return suggestions with dossier context[32m 9[2mms[22m[39m
 [32m✓[39m src/__tests__/services/aiService.coverage.test.ts[2m > [22maiService.ts — Full Coverage[2m > [22mgetSuggestions[2m > [22mshould use defaults when dossier fields missing[32m 6[2mms[22m[39m
 [32m✓[39m src/__tests__/services/aiService.coverage.test.ts[2m > [22maiService.ts — Full Coverage[2m > [22manalyzeRisk[2m > [22mshould return moyen risk for basic dossier[32m 8[2mms[22m[39m
 [32m✓[39m src/__tests__/services/aiService.coverage.test.ts[2m > [22maiService.ts — Full Coverage[2m > [22manalyzeRisk[2m > [22mshould increase risk for high montant[32m 5[2mms[22m[39m
 [32m✓[39m src/__tests__/services/aiService.coverage.test.ts[2m > [22maiService.ts — Full Coverage[2m > [22manalyzeRisk[2m > [22mshould increase risk for urgence critique[32m 9[2mms[22m[39m
 [32m✓[39m src/__tests__/services/aiService.coverage.test.ts[2m > [22maiService.ts — Full Coverage[2m > [22manalyzeRisk[2m > [22mshould decrease risk for good documentation[32m 3[2mms[22m[39m
 [32m✓[39m src/__tests__/services/aiService.coverage.test.ts[2m > [22maiService.ts — Full Coverage[2m > [22manalyzeRisk[2m > [22mshould return critique for combined risk factors[32m 3[2mms[22m[39m
 [32m✓[39m src/__tests__/services/aiService.coverage.test.ts[2m > [22maiService.ts — Full Coverage[2m > [22manalyzeRisk[2m > [22mshould return faible for low risk with good docs[32m 3[2mms[22m[39m
 [32m✓[39m src/__tests__/services/aiService.coverage.test.ts[2m > [22maiService.ts — Full Coverage[2m > [22msummarizeDocument[2m > [22mshould summarize a document[32m 4[2mms[22m[39m
 [32m✓[39m src/__tests__/services/aiService.coverage.test.ts[2m > [22maiService.ts — Full Coverage[2m > [22msummarizeDocument[2m > [22mshould handle short text[32m 4[2mms[22m[39m
 [32m✓[39m src/__tests__/services/aiService.coverage.test.ts[2m > [22maiService.ts — Full Coverage[2m > [22mchatWithAI[2m > [22mshould respond about delai[32m 2[2mms[22m[39m
 [32m✓[39m src/__tests__/services/aiService.coverage.test.ts[2m > [22maiService.ts — Full Coverage[2m > [22mchatWithAI[2m > [22mshould respond about refere[32m 3[2mms[22m[39m
 [32m✓[39m src/__tests__/services/aiService.coverage.test.ts[2m > [22maiService.ts — Full Coverage[2m > [22mchatWithAI[2m > [22mshould give generic response for other questions[32m 2[2mms[22m[39m
 [32m✓[39m src/__tests__/services/aiService.coverage.test.ts[2m > [22maiService.ts — Full Coverage[2m > [22mchatWithAI[2m > [22mshould accept optional context[32m 2[2mms[22m[39m
 [32m✓[39m src/__tests__/services/aiService.coverage.test.ts[2m > [22maiService.ts — Full Coverage[2m > [22mextractEntities[2m > [22mshould extract dates[32m 8[2mms[22m[39m
 [32m✓[39m src/__tests__/services/aiService.coverage.test.ts[2m > [22maiService.ts — Full Coverage[2m > [22mextractEntities[2m > [22mshould extract montants[32m 4[2mms[22m[39m
 [32m✓[39m src/__tests__/services/aiService.coverage.test.ts[2m > [22maiService.ts — Full Coverage[2m > [22mextractEntities[2m > [22mshould extract references[32m 6[2mms[22m[39m
 [32m✓[39m src/__tests__/services/aiService.coverage.test.ts[2m > [22maiService.ts — Full Coverage[2m > [22mextractEntities[2m > [22mshould return mock personnes[32m 4[2mms[22m[39m
 [32m✓[39m src/__tests__/services/aiService.coverage.test.ts[2m > [22maiService.ts — Full Coverage[2m > [22mextractEntities[2m > [22mshould handle text with no matches[32m 6[2mms[22m[39m
 [32m✓[39m src/__tests__/services/aiService.coverage.test.ts[2m > [22maiService.ts — Full Coverage[2m > [22mcheckCompliance[2m > [22mshould be compliant with signature and date[32m 3[2mms[22m[39m
 [32m✓[39m src/__tests__/services/aiService.coverage.test.ts[2m > [22maiService.ts — Full Coverage[2m > [22mcheckCompliance[2m > [22mshould warn about missing signature[32m 5[2mms[22m[39m
 [32m✓[39m src/__tests__/services/aiService.coverage.test.ts[2m > [22maiService.ts — Full Coverage[2m > [22mcheckCompliance[2m > [22mshould error about missing date[32m 9[2mms[22m[39m
 [32m✓[39m src/__tests__/services/aiService.coverage.test.ts[2m > [22maiService.ts — Full Coverage[2m > [22mcheckCompliance[2m > [22mshould info about short document[32m 5[2mms[22m[39m
 [32m✓[39m src/__tests__/services/aiService.coverage.test.ts[2m > [22maiService.ts — Full Coverage[2m > [22mcheckCompliance[2m > [22mshould detect all issues at once[32m 11[2mms[22m[39m
 [32m✓[39m src/__tests__/services/aiService.coverage.test.ts[2m > [22maiService.ts — Full Coverage[2m > [22mgetAIUsageStats[2m > [22mshould return zeros when no stats stored[32m 4[2mms[22m[39m
 [32m✓[39m src/__tests__/services/aiService.coverage.test.ts[2m > [22maiService.ts — Full Coverage[2m > [22mgetAIUsageStats[2m > [22mshould return stored stats[32m 2[2mms[22m[39m
 [32m✓[39m src/__tests__/services/aiService.coverage.test.ts[2m > [22maiService.ts — Full Coverage[2m > [22mgetAIUsageStats[2m > [22mshould return zeros when window is undefined (server-side)[32m 2[2mms[22m[39m
 [32m✓[39m src/__tests__/services/aiService.coverage.test.ts[2m > [22maiService.ts — Full Coverage[2m > [22mlogAIUsage[2m > [22mshould log token usage and update stats[32m 11[2mms[22m[39m
 [32m✓[39m src/__tests__/services/aiService.coverage.test.ts[2m > [22maiService.ts — Full Coverage[2m > [22mlogAIUsage[2m > [22mshould accumulate usage across calls[32m 1[2mms[22m[39m
 [32m✓[39m src/__tests__/services/aiService.coverage.test.ts[2m > [22maiService.ts — Full Coverage[2m > [22mlogAIUsage[2m > [22mshould calculate estimated cost correctly[32m 2[2mms[22m[39m
[90mstdout[2m | src/__tests__/billing/cost-guard.coverage.test.ts
[22m[39m◇ injected env (9) from .env.test // tip: ⌘ override existing { override: true }

[90mstdout[2m | src/__tests__/lib/constants/dossier.constants.test.ts
[22m[39m◇ injected env (9) from .env.test // tip: ⌘ custom filepath { path: '/custom/path/.env' }

[90mstdout[2m | src/__tests__/lib/mappers/dossier.mapper.test.ts
[22m[39m◇ injected env (9) from .env.test // tip: ◈ encrypted .env [www.dotenvx.com]

[90mstdout[2m | src/__tests__/utils/error-utils.test.ts
[22m[39m◇ injected env (9) from .env.test // tip: ⌘ custom filepath { path: '/custom/path/.env' }

 [32m✓[39m src/__tests__/billing/cost-guard.coverage.test.ts[2m > [22mcost-guard.ts — Full Coverage[2m > [22mConstants[2m > [22mshould define costs for all providers[32m 14[2mms[22m[39m
 [32m✓[39m src/__tests__/billing/cost-guard.coverage.test.ts[2m > [22mcost-guard.ts — Full Coverage[2m > [22mConstants[2m > [22mshould define limits for all plans[32m 2[2mms[22m[39m
 [32m✓[39m src/__tests__/billing/cost-guard.coverage.test.ts[2m > [22mcost-guard.ts — Full Coverage[2m > [22mConstants[2m > [22mshould define alert thresholds[32m 2[2mms[22m[39m
 [32m✓[39m src/__tests__/billing/cost-guard.coverage.test.ts[2m > [22mcost-guard.ts — Full Coverage[2m > [22mcheckAICostBudget[2m > [22mshould allow demo mode without limits[32m 2[2mms[22m[39m
 [32m✓[39m src/__tests__/billing/cost-guard.coverage.test.ts[2m > [22mcost-guard.ts — Full Coverage[2m > [22mcheckAICostBudget[2m > [22mshould allow empty tenantId (demo mode)[32m 3[2mms[22m[39m
 [32m✓[39m src/__tests__/billing/cost-guard.coverage.test.ts[2m > [22mcost-guard.ts — Full Coverage[2m > [22mcheckAICostBudget[2m > [22mshould block when tenant not found[32m 3[2mms[22m[39m
 [32m✓[39m src/__tests__/billing/cost-guard.coverage.test.ts[2m > [22mcost-guard.ts — Full Coverage[2m > [22mcheckAICostBudget[2m > [22mshould block when tenant has no plan[32m 5[2mms[22m[39m
 [32m✓[39m src/__tests__/billing/cost-guard.coverage.test.ts[2m > [22mcost-guard.ts — Full Coverage[2m > [22mcheckAICostBudget[2m > [22mshould block when ollamaEnabled is false in settings[32m 2[2mms[22m[39m
 [32m✓[39m src/__tests__/billing/cost-guard.coverage.test.ts[2m > [22mcost-guard.ts — Full Coverage[2m > [22mcheckAICostBudget[2m > [22mshould return normal when cost is low[32m 5[2mms[22m[39m
 [32m✓[39m src/__tests__/billing/cost-guard.coverage.test.ts[2m > [22mcost-guard.ts — Full Coverage[2m > [22mcheckAICostBudget[2m > [22mshould return warning when cost is at 70%[32m 2[2mms[22m[39m
 [32m✓[39m src/__tests__/billing/cost-guard.coverage.test.ts[2m > [22mcost-guard.ts — Full Coverage[2m > [22mcheckAICostBudget[2m > [22mshould return critical when cost is at 90%[32m 2[2mms[22m[39m
 [32m✓[39m src/__tests__/billing/cost-guard.coverage.test.ts[2m > [22mcost-guard.ts — Full Coverage[2m > [22mcheckAICostBudget[2m > [22mshould return blocked when cost is at 100%[32m 1[2mms[22m[39m
 [32m✓[39m src/__tests__/billing/cost-guard.coverage.test.ts[2m > [22mcost-guard.ts — Full Coverage[2m > [22mcheckAICostBudget[2m > [22mshould use DEFAULT limit for unknown plans[32m 1[2mms[22m[39m
 [32m✓[39m src/__tests__/billing/cost-guard.coverage.test.ts[2m > [22mcost-guard.ts — Full Coverage[2m > [22mcheckAICostBudget[2m > [22mshould handle null costEur sum (no records)[32m 2[2mms[22m[39m
 [32m✓[39m src/__tests__/billing/cost-guard.coverage.test.ts[2m > [22mcost-guard.ts — Full Coverage[2m > [22mcheckAICostBudget[2m > [22mshould handle DB error in getMonthlyAICost gracefully[32m 2[2mms[22m[39m
 [32m✓[39m src/__tests__/billing/cost-guard.coverage.test.ts[2m > [22mcost-guard.ts — Full Coverage[2m > [22mcheckAICostLimit (alias)[2m > [22mshould be an alias for checkAICostBudget[32m 1[2mms[22m[39m
 [32m✓[39m src/__tests__/billing/cost-guard.coverage.test.ts[2m > [22mcost-guard.ts — Full Coverage[2m > [22mrecordAIUsage[2m > [22mshould record usage to database[32m 51[2mms[22m[39m
 [32m✓[39m src/__tests__/lib/constants/dossier.constants.test.ts[2m > [22mDossier Constants[2m > [22mSTATUTS_DB[2m > [22mshould have EN_COURS status[32m 96[2mms[22m[39m
 [32m✓[39m src/__tests__/lib/constants/dossier.constants.test.ts[2m > [22mDossier Constants[2m > [22mSTATUTS_DB[2m > [22mshould have EN_ATTENTE status[32m 9[2mms[22m[39m
 [32m✓[39m src/__tests__/lib/constants/dossier.constants.test.ts[2m > [22mDossier Constants[2m > [22mSTATUTS_DB[2m > [22mshould have URGENT status[32m 9[2mms[22m[39m
 [32m✓[39m src/__tests__/lib/constants/dossier.constants.test.ts[2m > [22mDossier Constants[2m > [22mSTATUTS_DB[2m > [22mshould have TERMINE status[32m 2[2mms[22m[39m
 [32m✓[39m src/__tests__/lib/constants/dossier.constants.test.ts[2m > [22mDossier Constants[2m > [22mSTATUTS_DB[2m > [22mshould have ARCHIVE status[32m 3[2mms[22m[39m
 [32m✓[39m src/__tests__/lib/constants/dossier.constants.test.ts[2m > [22mDossier Constants[2m > [22mSTATUTS_DB[2m > [22mshould have SUSPENDU status[32m 2[2mms[22m[39m
 [32m✓[39m src/__tests__/lib/constants/dossier.constants.test.ts[2m > [22mDossier Constants[2m > [22mSTATUTS_UI[2m > [22mshould have BROUILLON status[32m 13[2mms[22m[39m
 [32m✓[39m src/__tests__/lib/constants/dossier.constants.test.ts[2m > [22mDossier Constants[2m > [22mSTATUTS_UI[2m > [22mshould have EN_COURS status[32m 2[2mms[22m[39m
 [32m✓[39m src/__tests__/lib/constants/dossier.constants.test.ts[2m > [22mDossier Constants[2m > [22mSTATUTS_UI[2m > [22mshould have EN_ATTENTE status[32m 6[2mms[22m[39m
 [32m✓[39m src/__tests__/lib/constants/dossier.constants.test.ts[2m > [22mDossier Constants[2m > [22mSTATUTS_UI[2m > [22mshould have URGENT status[32m 2[2mms[22m[39m
 [32m✓[39m src/__tests__/lib/constants/dossier.constants.test.ts[2m > [22mDossier Constants[2m > [22mSTATUTS_UI[2m > [22mshould have TERMINE status[32m 12[2mms[22m[39m
 [32m✓[39m src/__tests__/lib/constants/dossier.constants.test.ts[2m > [22mDossier Constants[2m > [22mSTATUTS_UI[2m > [22mshould have REJETE status[32m 1[2mms[22m[39m
 [32m✓[39m src/__tests__/lib/constants/dossier.constants.test.ts[2m > [22mDossier Constants[2m > [22mSTATUTS_UI[2m > [22mshould have ANNULE status[32m 2[2mms[22m[39m
 [32m✓[39m src/__tests__/lib/constants/dossier.constants.test.ts[2m > [22mDossier Constants[2m > [22mPRIORITES_DB[2m > [22mshould have BASSE priority[32m 10[2mms[22m[39m
 [32m✓[39m src/__tests__/lib/constants/dossier.constants.test.ts[2m > [22mDossier Constants[2m > [22mPRIORITES_DB[2m > [22mshould have NORMALE priority[32m 6[2mms[22m[39m
 [32m✓[39m src/__tests__/lib/constants/dossier.constants.test.ts[2m > [22mDossier Constants[2m > [22mPRIORITES_DB[2m > [22mshould have HAUTE priority[32m 1[2mms[22m[39m
 [32m✓[39m src/__tests__/lib/constants/dossier.constants.test.ts[2m > [22mDossier Constants[2m > [22mPRIORITES_DB[2m > [22mshould have CRITIQUE priority[32m 2[2mms[22m[39m
 [32m✓[39m src/__tests__/lib/mappers/dossier.mapper.test.ts[2m > [22mDossier Mapper[2m > [22mgenerateNumeroDossier[2m > [22mshould generate first dossier number[32m 114[2mms[22m[39m
 [32m✓[39m src/__tests__/lib/mappers/dossier.mapper.test.ts[2m > [22mDossier Mapper[2m > [22mgenerateNumeroDossier[2m > [22mshould generate sequential dossier numbers[32m 6[2mms[22m[39m
 [32m✓[39m src/__tests__/lib/mappers/dossier.mapper.test.ts[2m > [22mDossier Mapper[2m > [22mgenerateNumeroDossier[2m > [22mshould generate three-digit padded numbers[32m 5[2mms[22m[39m
 [32m✓[39m src/__tests__/lib/mappers/dossier.mapper.test.ts[2m > [22mDossier Mapper[2m > [22mgenerateNumeroDossier[2m > [22mshould include current year[32m 5[2mms[22m[39m
 [32m✓[39m src/__tests__/lib/mappers/dossier.mapper.test.ts[2m > [22mDossier Mapper[2m > [22mgenerateNumeroDossier[2m > [22mshould handle large counts[32m 4[2mms[22m[39m
 [32m✓[39m src/__tests__/lib/mappers/dossier.mapper.test.ts[2m > [22mDossier Mapper[2m > [22mformatDate[2m > [22mshould format Date object[32m 54[2mms[22m[39m
 [32m✓[39m src/__tests__/lib/mappers/dossier.mapper.test.ts[2m > [22mDossier Mapper[2m > [22mformatDate[2m > [22mshould format date string[32m 5[2mms[22m[39m
 [32m✓[39m src/__tests__/billing/cost-guard.coverage.test.ts[2m > [22mcost-guard.ts — Full Coverage[2m > [22mrecordAIUsage[2m > [22mshould log significant costs (> 0.01)[32m 7[2mms[22m[39m
 [32m✓[39m src/__tests__/billing/cost-guard.coverage.test.ts[2m > [22mcost-guard.ts — Full Coverage[2m > [22mrecordAIUsage[2m > [22mshould not log insignificant costs (<= 0.01)[32m 3[2mms[22m[39m
 [32m✓[39m src/__tests__/billing/cost-guard.coverage.test.ts[2m > [22mcost-guard.ts — Full Coverage[2m > [22mrecordAIUsage[2m > [22mshould handle DB error gracefully[32m 3[2mms[22m[39m
 [32m✓[39m src/__tests__/billing/cost-guard.coverage.test.ts[2m > [22mcost-guard.ts — Full Coverage[2m > [22mestimateCost[2m > [22mshould return 0 for ollama[32m 3[2mms[22m[39m
 [32m✓[39m src/__tests__/billing/cost-guard.coverage.test.ts[2m > [22mcost-guard.ts — Full Coverage[2m > [22mestimateCost[2m > [22mshould calculate cost for cloudflare[32m 1[2mms[22m[39m
 [32m✓[39m src/__tests__/billing/cost-guard.coverage.test.ts[2m > [22mcost-guard.ts — Full Coverage[2m > [22mestimateCost[2m > [22mshould scale linearly with tokens[32m 1[2mms[22m[39m
 [32m✓[39m src/__tests__/billing/cost-guard.coverage.test.ts[2m > [22mcost-guard.ts — Full Coverage[2m > [22mselectOptimalProvider[2m > [22mshould return ollama when budget is tight[32m 2[2mms[22m[39m
 [32m✓[39m src/__tests__/billing/cost-guard.coverage.test.ts[2m > [22mcost-guard.ts — Full Coverage[2m > [22mselectOptimalProvider[2m > [22mshould return ollama when budget is blocked[32m 2[2mms[22m[39m
 [32m✓[39m src/__tests__/billing/cost-guard.coverage.test.ts[2m > [22mcost-guard.ts — Full Coverage[2m > [22mselectOptimalProvider[2m > [22mshould return cloudflare when budget is healthy[32m 1[2mms[22m[39m
 [32m✓[39m src/__tests__/billing/cost-guard.coverage.test.ts[2m > [22mcost-guard.ts — Full Coverage[2m > [22mselectOptimalProvider[2m > [22mshould return ollama when operation cost exceeds 10% of remaining budget[32m 1[2mms[22m[39m
 [32m✓[39m src/__tests__/billing/cost-guard.coverage.test.ts[2m > [22mcost-guard.ts — Full Coverage[2m > [22mgetCostDashboard[2m > [22mshould return full dashboard with stats[32m 3[2mms[22m[39m
 [32m✓[39m src/__tests__/billing/cost-guard.coverage.test.ts[2m > [22mcost-guard.ts — Full Coverage[2m > [22mgetCostDashboard[2m > [22mshould handle groupBy error gracefully[32m 2[2mms[22m[39m
 [32m✓[39m src/__tests__/billing/cost-guard.coverage.test.ts[2m > [22mcost-guard.ts — Full Coverage[2m > [22mgetCostDashboard[2m > [22mshould generate blocked recommendation[32m 1[2mms[22m[39m
 [32m✓[39m src/__tests__/billing/cost-guard.coverage.test.ts[2m > [22mcost-guard.ts — Full Coverage[2m > [22mgetCostDashboard[2m > [22mshould recommend Ollama when cloudflare usage > ollama[32m 2[2mms[22m[39m
 [32m✓[39m src/__tests__/billing/cost-guard.coverage.test.ts[2m > [22mcost-guard.ts — Full Coverage[2m > [22mgetCostDashboard[2m > [22mshould recommend Ollama prioritaire when usage >= 50%[32m 2[2mms[22m[39m
 [32m✓[39m src/__tests__/billing/cost-guard.coverage.test.ts[2m > [22mcost-guard.ts — Full Coverage[2m > [22mgetCostDashboard[2m > [22mshould show positive message when usage < 30%[32m 1[2mms[22m[39m
 [32m✓[39m src/__tests__/billing/cost-guard.coverage.test.ts[2m > [22mcost-guard.ts — Full Coverage[2m > [22mcheckTenantProfitability[2m > [22mshould return not profitable when tenant not found[32m 6[2mms[22m[39m
 [32m✓[39m src/__tests__/billing/cost-guard.coverage.test.ts[2m > [22mcost-guard.ts — Full Coverage[2m > [22mcheckTenantProfitability[2m > [22mshould return not profitable when tenant has no plan[32m 2[2mms[22m[39m
 [32m✓[39m src/__tests__/billing/cost-guard.coverage.test.ts[2m > [22mcost-guard.ts — Full Coverage[2m > [22mcheckTenantProfitability[2m > [22mshould calculate profitability correctly[32m 2[2mms[22m[39m
 [32m✓[39m src/__tests__/billing/cost-guard.coverage.test.ts[2m > [22mcost-guard.ts — Full Coverage[2m > [22mcheckTenantProfitability[2m > [22mshould detect unprofitable tenant[32m 10[2mms[22m[39m
 [32m✓[39m src/__tests__/lib/constants/dossier.constants.test.ts[2m > [22mDossier Constants[2m > [22mPRIORITES_UI[2m > [22mshould have NORMALE priority[32m 11[2mms[22m[39m
 [32m✓[39m src/__tests__/lib/constants/dossier.constants.test.ts[2m > [22mDossier Constants[2m > [22mPRIORITES_UI[2m > [22mshould have HAUTE priority[32m 1[2mms[22m[39m
 [32m✓[39m src/__tests__/lib/constants/dossier.constants.test.ts[2m > [22mDossier Constants[2m > [22mPRIORITES_UI[2m > [22mshould have URGENTE priority[32m 5[2mms[22m[39m
 [32m✓[39m src/__tests__/lib/constants/dossier.constants.test.ts[2m > [22mDossier Constants[2m > [22mPRIORITES_UI[2m > [22mshould have CRITIQUE priority[32m 2[2mms[22m[39m
 [32m✓[39m src/__tests__/lib/constants/dossier.constants.test.ts[2m > [22mDossier Constants[2m > [22mTYPES_DOSSIER[2m > [22mshould have TITRE_SEJOUR type[32m 3[2mms[22m[39m
 [32m✓[39m src/__tests__/lib/constants/dossier.constants.test.ts[2m > [22mDossier Constants[2m > [22mTYPES_DOSSIER[2m > [22mshould have RECOURS_OQTF type[32m 2[2mms[22m[39m
 [32m✓[39m src/__tests__/lib/constants/dossier.constants.test.ts[2m > [22mDossier Constants[2m > [22mTYPES_DOSSIER[2m > [22mshould have NATURALISATION type[32m 4[2mms[22m[39m
 [32m✓[39m src/__tests__/lib/constants/dossier.constants.test.ts[2m > [22mDossier Constants[2m > [22mTYPES_DOSSIER[2m > [22mshould have REGROUPEMENT_FAMILIAL type[32m 1[2mms[22m[39m
 [32m✓[39m src/__tests__/lib/constants/dossier.constants.test.ts[2m > [22mDossier Constants[2m > [22mTYPES_DOSSIER[2m > [22mshould have ASILE type[32m 1[2mms[22m[39m
 [32m✓[39m src/__tests__/lib/constants/dossier.constants.test.ts[2m > [22mDossier Constants[2m > [22mTYPES_DOSSIER[2m > [22mshould have VISA type[32m 1[2mms[22m[39m
 [32m✓[39m src/__tests__/lib/constants/dossier.constants.test.ts[2m > [22mDossier Constants[2m > [22mTYPES_DOSSIER[2m > [22mshould have AUTRE type[32m 2[2mms[22m[39m
 [32m✓[39m src/__tests__/lib/constants/dossier.constants.test.ts[2m > [22mDossier Constants[2m > [22mTYPE_LABELS[2m > [22mshould have label for TITRE_SEJOUR[32m 2[2mms[22m[39m
 [32m✓[39m src/__tests__/lib/constants/dossier.constants.test.ts[2m > [22mDossier Constants[2m > [22mTYPE_LABELS[2m > [22mshould have label for RECOURS_OQTF[32m 2[2mms[22m[39m
 [32m✓[39m src/__tests__/lib/constants/dossier.constants.test.ts[2m > [22mDossier Constants[2m > [22mTYPE_LABELS[2m > [22mshould have label for NATURALISATION[32m 2[2mms[22m[39m
 [32m✓[39m src/__tests__/lib/constants/dossier.constants.test.ts[2m > [22mDossier Constants[2m > [22mTYPE_LABELS[2m > [22mshould have label for REGROUPEMENT_FAMILIAL[32m 2[2mms[22m[39m
 [32m✓[39m src/__tests__/lib/constants/dossier.constants.test.ts[2m > [22mDossier Constants[2m > [22mTYPE_LABELS[2m > [22mshould have label for ASILE[32m 14[2mms[22m[39m
 [32m✓[39m src/__tests__/lib/constants/dossier.constants.test.ts[2m > [22mDossier Constants[2m > [22mTYPE_LABELS[2m > [22mshould have label for VISA[32m 1[2mms[22m[39m
 [32m✓[39m src/__tests__/lib/constants/dossier.constants.test.ts[2m > [22mDossier Constants[2m > [22mTYPE_LABELS[2m > [22mshould have label for AUTRE[32m 1[2mms[22m[39m
 [32m✓[39m src/__tests__/lib/constants/dossier.constants.test.ts[2m > [22mDossier Constants[2m > [22mSTATUT_COLORS[2m > [22mshould have color for BROUILLON[32m 17[2mms[22m[39m
 [32m✓[39m src/__tests__/lib/constants/dossier.constants.test.ts[2m > [22mDossier Constants[2m > [22mSTATUT_COLORS[2m > [22mshould have color for EN_COURS[32m 1[2mms[22m[39m
 [32m✓[39m src/__tests__/lib/constants/dossier.constants.test.ts[2m > [22mDossier Constants[2m > [22mSTATUT_COLORS[2m > [22mshould have color for EN_ATTENTE[32m 1[2mms[22m[39m
 [32m✓[39m src/__tests__/lib/constants/dossier.constants.test.ts[2m > [22mDossier Constants[2m > [22mSTATUT_COLORS[2m > [22mshould have color for URGENT[32m 1[2mms[22m[39m
 [32m✓[39m src/__tests__/lib/constants/dossier.constants.test.ts[2m > [22mDossier Constants[2m > [22mSTATUT_COLORS[2m > [22mshould have color for TERMINE[32m 17[2mms[22m[39m
 [32m✓[39m src/__tests__/lib/constants/dossier.constants.test.ts[2m > [22mDossier Constants[2m > [22mSTATUT_COLORS[2m > [22mshould have color for REJETE[32m 1[2mms[22m[39m
 [32m✓[39m src/__tests__/lib/constants/dossier.constants.test.ts[2m > [22mDossier Constants[2m > [22mSTATUT_COLORS[2m > [22mshould have color for ANNULE[32m 1[2mms[22m[39m
 [32m✓[39m src/__tests__/lib/constants/dossier.constants.test.ts[2m > [22mDossier Constants[2m > [22mPRIORITE_COLORS[2m > [22mshould have color for NORMALE[32m 2[2mms[22m[39m
 [32m✓[39m src/__tests__/lib/mappers/dossier.mapper.test.ts[2m > [22mDossier Mapper[2m > [22mformatDate[2m > [22mshould return dash for undefined[32m 11[2mms[22m[39m
 [32m✓[39m src/__tests__/lib/mappers/dossier.mapper.test.ts[2m > [22mDossier Mapper[2m > [22mformatDate[2m > [22mshould return dash for null[32m 20[2mms[22m[39m
 [32m✓[39m src/__tests__/lib/mappers/dossier.mapper.test.ts[2m > [22mDossier Mapper[2m > [22mformatDate[2m > [22mshould format ISO date string[32m 11[2mms[22m[39m
 [32m✓[39m src/__tests__/lib/mappers/dossier.mapper.test.ts[2m > [22mDossier Mapper[2m > [22mformatDateForInput[2m > [22mshould format Date for datetime-local input[32m 8[2mms[22m[39m
 [32m✓[39m src/__tests__/lib/mappers/dossier.mapper.test.ts[2m > [22mDossier Mapper[2m > [22mformatDateForInput[2m > [22mshould format date string for input[32m 6[2mms[22m[39m
 [32m✓[39m src/__tests__/lib/mappers/dossier.mapper.test.ts[2m > [22mDossier Mapper[2m > [22mformatDateForInput[2m > [22mshould return empty string for undefined[32m 2[2mms[22m[39m
 [32m✓[39m src/__tests__/lib/mappers/dossier.mapper.test.ts[2m > [22mDossier Mapper[2m > [22mformatDateForInput[2m > [22mshould return empty string for null[32m 12[2mms[22m[39m
 [32m✓[39m src/__tests__/lib/mappers/dossier.mapper.test.ts[2m > [22mDossier Mapper[2m > [22mgetTypeLabel[2m > [22mshould return label for TITRE_SEJOUR[32m 2[2mms[22m[39m
 [32m✓[39m src/__tests__/lib/mappers/dossier.mapper.test.ts[2m > [22mDossier Mapper[2m > [22mgetTypeLabel[2m > [22mshould return label for RECOURS_OQTF[32m 2[2mms[22m[39m
 [32m✓[39m src/__tests__/lib/mappers/dossier.mapper.test.ts[2m > [22mDossier Mapper[2m > [22mgetTypeLabel[2m > [22mshould return label for NATURALISATION[32m 3[2mms[22m[39m
 [32m✓[39m src/__tests__/lib/mappers/dossier.mapper.test.ts[2m > [22mDossier Mapper[2m > [22mgetTypeLabel[2m > [22mshould return label for REGROUPEMENT_FAMILIAL[32m 3[2mms[22m[39m
 [32m✓[39m src/__tests__/lib/mappers/dossier.mapper.test.ts[2m > [22mDossier Mapper[2m > [22mgetTypeLabel[2m > [22mshould return label for VISA[32m 9[2mms[22m[39m
 [32m✓[39m src/__tests__/lib/mappers/dossier.mapper.test.ts[2m > [22mDossier Mapper[2m > [22mgetTypeLabel[2m > [22mshould return label for AUTRE[32m 2[2mms[22m[39m
 [32m✓[39m src/__tests__/lib/mappers/dossier.mapper.test.ts[2m > [22mDossier Mapper[2m > [22mgetTypeLabel[2m > [22mshould return type itself for unknown type[32m 2[2mms[22m[39m
 [32m✓[39m src/__tests__/lib/mappers/dossier.mapper.test.ts[2m > [22mDossier Mapper[2m > [22mmapDossierToUI[2m > [22mshould map dossier ID[32m 3[2mms[22m[39m
 [32m✓[39m src/__tests__/lib/mappers/dossier.mapper.test.ts[2m > [22mDossier Mapper[2m > [22mmapDossierToUI[2m > [22mshould map numero to numeroDossier[32m 2[2mms[22m[39m
 [32m✓[39m src/__tests__/lib/mappers/dossier.mapper.test.ts[2m > [22mDossier Mapper[2m > [22mmapDossierToUI[2m > [22mshould map typeDossier[32m 4[2mms[22m[39m
 [32m✓[39m src/__tests__/lib/mappers/dossier.mapper.test.ts[2m > [22mDossier Mapper[2m > [22mmapDossierToUI[2m > [22mshould map objet to objetDemande[32m 3[2mms[22m[39m
 [32m✓[39m src/__tests__/lib/mappers/dossier.mapper.test.ts[2m > [22mDossier Mapper[2m > [22mmapDossierToUI[2m > [22mshould map client info[32m 3[2mms[22m[39m
 [32m✓[39m src/__tests__/lib/constants/dossier.constants.test.ts[2m > [22mDossier Constants[2m > [22mPRIORITE_COLORS[2m > [22mshould have color for HAUTE[32m 2[2mms[22m[39m
 [32m✓[39m src/__tests__/lib/constants/dossier.constants.test.ts[2m > [22mDossier Constants[2m > [22mPRIORITE_COLORS[2m > [22mshould have color for URGENTE[32m 3[2mms[22m[39m
 [32m✓[39m src/__tests__/lib/constants/dossier.constants.test.ts[2m > [22mDossier Constants[2m > [22mmapStatutToDB[2m > [22mshould map EN_COURS to en_cours[32m 9[2mms[22m[39m
 [32m✓[39m src/__tests__/lib/constants/dossier.constants.test.ts[2m > [22mDossier Constants[2m > [22mmapStatutToDB[2m > [22mshould map TERMINE to termine[32m 2[2mms[22m[39m
 [32m✓[39m src/__tests__/lib/constants/dossier.constants.test.ts[2m > [22mDossier Constants[2m > [22mmapStatutToDB[2m > [22mshould handle unknown status[32m 2[2mms[22m[39m
 [32m✓[39m src/__tests__/lib/constants/dossier.constants.test.ts[2m > [22mDossier Constants[2m > [22mmapStatutToUI[2m > [22mshould map en_cours to EN_COURS[32m 2[2mms[22m[39m
 [32m✓[39m src/__tests__/lib/constants/dossier.constants.test.ts[2m > [22mDossier Constants[2m > [22mmapStatutToUI[2m > [22mshould map termine to TERMINE[32m 2[2mms[22m[39m
 [32m✓[39m src/__tests__/lib/constants/dossier.constants.test.ts[2m > [22mDossier Constants[2m > [22mmapStatutToUI[2m > [22mshould handle unknown status[32m 4[2mms[22m[39m
 [32m✓[39m src/__tests__/lib/constants/dossier.constants.test.ts[2m > [22mDossier Constants[2m > [22mmapPrioriteToDB[2m > [22mshould map NORMALE to normale[32m 4[2mms[22m[39m
 [32m✓[39m src/__tests__/lib/constants/dossier.constants.test.ts[2m > [22mDossier Constants[2m > [22mmapPrioriteToDB[2m > [22mshould map HAUTE to haute[32m 2[2mms[22m[39m
 [32m✓[39m src/__tests__/lib/constants/dossier.constants.test.ts[2m > [22mDossier Constants[2m > [22mmapPrioriteToDB[2m > [22mshould handle unknown priority[32m 1[2mms[22m[39m
 [32m✓[39m src/__tests__/lib/constants/dossier.constants.test.ts[2m > [22mDossier Constants[2m > [22mmapPrioriteToUI[2m > [22mshould map normale to NORMALE[32m 2[2mms[22m[39m
 [32m✓[39m src/__tests__/lib/constants/dossier.constants.test.ts[2m > [22mDossier Constants[2m > [22mmapPrioriteToUI[2m > [22mshould map haute to HAUTE[32m 2[2mms[22m[39m
 [32m✓[39m src/__tests__/lib/constants/dossier.constants.test.ts[2m > [22mDossier Constants[2m > [22mmapPrioriteToUI[2m > [22mshould handle unknown priority[32m 3[2mms[22m[39m
 [32m✓[39m src/__tests__/lib/mappers/dossier.mapper.test.ts[2m > [22mDossier Mapper[2m > [22mmapDossierToUI[2m > [22mshould map _count[32m 3[2mms[22m[39m
 [32m✓[39m src/__tests__/lib/mappers/dossier.mapper.test.ts[2m > [22mDossier Mapper[2m > [22mmapDossierToUI[2m > [22mshould handle null objet[32m 6[2mms[22m[39m
 [32m✓[39m src/__tests__/lib/mappers/dossier.mapper.test.ts[2m > [22mDossier Mapper[2m > [22mmapDossierToUI[2m > [22mshould handle null dateEcheance[32m 9[2mms[22m[39m
 [32m✓[39m src/__tests__/lib/mappers/dossier.mapper.test.ts[2m > [22mDossier Mapper[2m > [22mmapDossiersToUI[2m > [22mshould map array of dossiers[32m 16[2mms[22m[39m
 [32m✓[39m src/__tests__/lib/mappers/dossier.mapper.test.ts[2m > [22mDossier Mapper[2m > [22mmapDossiersToUI[2m > [22mshould return empty array for empty input[32m 3[2mms[22m[39m
 [32m✓[39m src/__tests__/utils/error-utils.test.ts[2m > [22mError Utils[2m > [22mSafe Execute[2m > [22mdevrait retourner success pour fonction réussie[32m 7[2mms[22m[39m
 [32m✓[39m src/__tests__/utils/error-utils.test.ts[2m > [22mError Utils[2m > [22mSafe Execute[2m > [22mdevrait capturer les erreurs[32m 1[2mms[22m[39m
 [32m✓[39m src/__tests__/utils/error-utils.test.ts[2m > [22mError Utils[2m > [22mAsync Safe Execute[2m > [22mdevrait gérer les promesses résolues[32m 2[2mms[22m[39m
 [32m✓[39m src/__tests__/utils/error-utils.test.ts[2m > [22mError Utils[2m > [22mAsync Safe Execute[2m > [22mdevrait capturer les rejections[32m 1[2mms[22m[39m
 [32m✓[39m src/__tests__/utils/error-utils.test.ts[2m > [22mError Utils[2m > [22mRetry Logic[2m > [22mdevrait réussir au premier essai[32m 2[2mms[22m[39m
 [32m✓[39m src/__tests__/utils/error-utils.test.ts[2m > [22mError Utils[2m > [22mRetry Logic[2m > [22mdevrait réessayer après échec[32m 12[2mms[22m[39m
 [2m[90m↓[39m[22m src/__tests__/utils/error-utils.test.ts[2m > [22mError Utils[2m > [22mRetry Logic[2m > [22mdevrait lancer après tous les échecs
 [32m✓[39m src/__tests__/utils/error-utils.test.ts[2m > [22mError Utils[2m > [22mExponential Backoff[2m > [22mdevrait doubler le délai[32m 23[2mms[22m[39m
 [32m✓[39m src/__tests__/utils/error-utils.test.ts[2m > [22mError Utils[2m > [22mExponential Backoff[2m > [22mdevrait respecter le délai maximum[32m 1[2mms[22m[39m
 [32m✓[39m src/__tests__/utils/error-utils.test.ts[2m > [22mError Utils[2m > [22mCustom Error Classes[2m > [22mdevrait créer une ValidationError[32m 2[2mms[22m[39m
 [32m✓[39m src/__tests__/utils/error-utils.test.ts[2m > [22mError Utils[2m > [22mCustom Error Classes[2m > [22mdevrait créer une NotFoundError[32m 6[2mms[22m[39m
 [32m✓[39m src/__tests__/utils/error-utils.test.ts[2m > [22mError Utils[2m > [22mCustom Error Classes[2m > [22mdevrait identifier le type d'erreur[32m 4[2mms[22m[39m
 [32m✓[39m src/__tests__/utils/error-utils.test.ts[2m > [22mError Utils[2m > [22mError Wrapping[2m > [22mdevrait envelopper une Error[32m 13[2mms[22m[39m
 [32m✓[39m src/__tests__/utils/error-utils.test.ts[2m > [22mError Utils[2m > [22mError Wrapping[2m > [22mdevrait gérer les non-Error[32m 1[2mms[22m[39m
 [32m✓[39m src/__tests__/utils/error-utils.test.ts[2m > [22mError Utils[2m > [22mError Aggregation[2m > [22mdevrait retourner null pour aucune erreur[32m 1[2mms[22m[39m
 [32m✓[39m src/__tests__/utils/error-utils.test.ts[2m > [22mError Utils[2m > [22mError Aggregation[2m > [22mdevrait retourner l'erreur unique[32m 1[2mms[22m[39m
 [32m✓[39m src/__tests__/utils/error-utils.test.ts[2m > [22mError Utils[2m > [22mError Aggregation[2m > [22mdevrait agréger plusieurs erreurs[32m 1[2mms[22m[39m
 [32m✓[39m src/__tests__/utils/error-utils.test.ts[2m > [22mError Utils[2m > [22mError Type Guards[2m > [22mdevrait détecter une erreur réseau[32m 1[2mms[22m[39m
 [32m✓[39m src/__tests__/utils/error-utils.test.ts[2m > [22mError Utils[2m > [22mError Type Guards[2m > [22mdevrait typer correctement avec type guard[32m 0[2mms[22m[39m
 [32m✓[39m src/__tests__/utils/error-utils.test.ts[2m > [22mError Utils[2m > [22mError Normalization[2m > [22mdevrait retourner une Error intacte[32m 0[2mms[22m[39m
 [32m✓[39m src/__tests__/utils/error-utils.test.ts[2m > [22mError Utils[2m > [22mError Normalization[2m > [22mdevrait convertir une string[32m 1[2mms[22m[39m
 [32m✓[39m src/__tests__/utils/error-utils.test.ts[2m > [22mError Utils[2m > [22mError Normalization[2m > [22mdevrait gérer les objets[32m 1[2mms[22m[39m
 [32m✓[39m src/__tests__/utils/error-utils.test.ts[2m > [22mError Utils[2m > [22mCircuit Breaker Pattern[2m > [22mdevrait rester fermé après succès[32m 1[2mms[22m[39m
 [32m✓[39m src/__tests__/utils/error-utils.test.ts[2m > [22mError Utils[2m > [22mCircuit Breaker Pattern[2m > [22mdevrait s'ouvrir après seuil d'échecs[32m 1[2mms[22m[39m
 [32m✓[39m src/__tests__/utils/error-utils.test.ts[2m > [22mError Utils[2m > [22mCircuit Breaker Pattern[2m > [22mdevrait refuser les requêtes quand ouvert[32m 5[2mms[22m[39m
 [32m✓[39m src/__tests__/utils/error-utils.test.ts[2m > [22mError Utils[2m > [22mError Logging[2m > [22mdevrait logger les erreurs[32m 6[2mms[22m[39m
[90mstdout[2m | src/__tests__/components/ThemeProvider.test.tsx
[22m[39m◇ injected env (9) from .env.test // tip: ⌁ auth for agents [www.vestauth.com]

[90mstdout[2m | src/__tests__/compliance/gdpr.coverage.test.ts
[22m[39m◇ injected env (9) from .env.test // tip: ◈ secrets for agents [www.dotenvx.com]

[90mstdout[2m | src/__tests__/compliance/gdpr.coverage.test.ts[2m > [22m[2mgdpr.ts — Full Coverage[2m > [22m[2mGDPRCompliance.requestDeletion[2m > [22m[2mshould schedule deletion 30 days from now
[22m[39mDeletion scheduled for user u1 on Sun Oct 04 2026 17:17:45 GMT+0200 (Central European Summer Time)

 [32m✓[39m src/__tests__/compliance/gdpr.coverage.test.ts[2m > [22mgdpr.ts — Full Coverage[2m > [22mGDPRCompliance.recordConsent[2m > [22mshould create consent record[32m 21[2mms[22m[39m
 [32m✓[39m src/__tests__/compliance/gdpr.coverage.test.ts[2m > [22mgdpr.ts — Full Coverage[2m > [22mGDPRCompliance.getUserConsents[2m > [22mshould return mapped consents[32m 13[2mms[22m[39m
 [32m✓[39m src/__tests__/compliance/gdpr.coverage.test.ts[2m > [22mgdpr.ts — Full Coverage[2m > [22mGDPRCompliance.hasConsent[2m > [22mshould return true when granted[32m 1[2mms[22m[39m
 [32m✓[39m src/__tests__/compliance/gdpr.coverage.test.ts[2m > [22mgdpr.ts — Full Coverage[2m > [22mGDPRCompliance.hasConsent[2m > [22mshould return false when not granted[32m 2[2mms[22m[39m
 [32m✓[39m src/__tests__/compliance/gdpr.coverage.test.ts[2m > [22mgdpr.ts — Full Coverage[2m > [22mGDPRCompliance.hasConsent[2m > [22mshould return false when no record[32m 2[2mms[22m[39m
 [32m✓[39m src/__tests__/compliance/gdpr.coverage.test.ts[2m > [22mgdpr.ts — Full Coverage[2m > [22mGDPRCompliance.exportUserData[2m > [22mshould export all categories[32m 15[2mms[22m[39m
 [32m✓[39m src/__tests__/compliance/gdpr.coverage.test.ts[2m > [22mgdpr.ts — Full Coverage[2m > [22mGDPRCompliance.exportUserData[2m > [22mshould export specific categories only[32m 2[2mms[22m[39m
 [32m✓[39m src/__tests__/compliance/gdpr.coverage.test.ts[2m > [22mgdpr.ts — Full Coverage[2m > [22mGDPRCompliance.requestDeletion[2m > [22mshould schedule deletion 30 days from now[32m 9[2mms[22m[39m
 [32m✓[39m src/__tests__/compliance/gdpr.coverage.test.ts[2m > [22mgdpr.ts — Full Coverage[2m > [22mGDPRCompliance.requestDeletion[2m > [22mshould throw if no tenant[32m 19[2mms[22m[39m
 [32m✓[39m src/__tests__/compliance/gdpr.coverage.test.ts[2m > [22mgdpr.ts — Full Coverage[2m > [22mGDPRCompliance.requestDeletion[2m > [22mshould throw if active subscription[32m 2[2mms[22m[39m
[90mstdout[2m | src/__tests__/compliance/gdpr.coverage.test.ts[2m > [22m[2mgdpr.ts — Full Coverage[2m > [22m[2mGDPRCompliance.cancelDeletion[2m > [22m[2mshould update deletion request to cancelled
[22m[39mDeletion cancelled for user u1

[90mstdout[2m | src/__tests__/compliance/gdpr.coverage.test.ts[2m > [22m[2mgdpr.ts — Full Coverage[2m > [22m[2mGDPRCompliance.reportDataBreach[2m > [22m[2mshould create breach record and notify for critical
[22m[39mBreach breach1 reported to supervisory authority

[90mstdout[2m | src/__tests__/compliance/gdpr.coverage.test.ts[2m > [22m[2mgdpr.ts — Full Coverage[2m > [22m[2mGDPRCompliance.reportDataBreach[2m > [22m[2mshould create breach record and notify for critical
[22m[39mUser u1 notified of breach breach1

[90mstdout[2m | src/__tests__/compliance/gdpr.coverage.test.ts[2m > [22m[2mgdpr.ts — Full Coverage[2m > [22m[2mGDPRCompliance.reportDataBreach[2m > [22m[2mshould create breach record and notify for critical
[22m[39mUser u2 notified of breach breach1

[90mstdout[2m | src/__tests__/compliance/gdpr.coverage.test.ts[2m > [22m[2mgdpr.ts — Full Coverage[2m > [22m[2mGDPRCompliance.reportDataBreach[2m > [22m[2mshould handle low severity without authority notification
[22m[39mUser u1 notified of breach breach2

 [32m✓[39m src/__tests__/compliance/gdpr.coverage.test.ts[2m > [22mgdpr.ts — Full Coverage[2m > [22mGDPRCompliance.cancelDeletion[2m > [22mshould update deletion request to cancelled[32m 8[2mms[22m[39m
 [32m✓[39m src/__tests__/compliance/gdpr.coverage.test.ts[2m > [22mgdpr.ts — Full Coverage[2m > [22mGDPRCompliance.executeDeletion[2m > [22mshould anonymize user and delete personal data[32m 3[2mms[22m[39m
 [32m✓[39m src/__tests__/compliance/gdpr.coverage.test.ts[2m > [22mgdpr.ts — Full Coverage[2m > [22mGDPRCompliance.executeDeletion[2m > [22mshould throw if user not found[32m 13[2mms[22m[39m
 [32m✓[39m src/__tests__/compliance/gdpr.coverage.test.ts[2m > [22mgdpr.ts — Full Coverage[2m > [22mGDPRCompliance.executeDeletion[2m > [22mshould handle dossiers with retention blocks[32m 2[2mms[22m[39m
 [32m✓[39m src/__tests__/compliance/gdpr.coverage.test.ts[2m > [22mgdpr.ts — Full Coverage[2m > [22mGDPRCompliance.reportDataBreach[2m > [22mshould create breach record and notify for critical[32m 21[2mms[22m[39m
 [32m✓[39m src/__tests__/compliance/gdpr.coverage.test.ts[2m > [22mgdpr.ts — Full Coverage[2m > [22mGDPRCompliance.reportDataBreach[2m > [22mshould handle low severity without authority notification[32m 2[2mms[22m[39m
 [32m✓[39m src/__tests__/compliance/gdpr.coverage.test.ts[2m > [22mgdpr.ts — Full Coverage[2m > [22mcheckLegalRetention[2m > [22mshould allow deletion when dossier not found[32m 2[2mms[22m[39m
 [32m✓[39m src/__tests__/compliance/gdpr.coverage.test.ts[2m > [22mgdpr.ts — Full Coverage[2m > [22mcheckLegalRetention[2m > [22mshould block active dossiers[32m 1[2mms[22m[39m
 [32m✓[39m src/__tests__/compliance/gdpr.coverage.test.ts[2m > [22mgdpr.ts — Full Coverage[2m > [22mcheckLegalRetention[2m > [22mshould block closed dossiers within retention period[32m 46[2mms[22m[39m
 [32m✓[39m src/__tests__/compliance/gdpr.coverage.test.ts[2m > [22mgdpr.ts — Full Coverage[2m > [22mcheckLegalRetention[2m > [22mshould allow deletion after retention period[32m 4[2mms[22m[39m
 [32m✓[39m src/__tests__/compliance/gdpr.coverage.test.ts[2m > [22mgdpr.ts — Full Coverage[2m > [22mCOOKIE_CATEGORIES[2m > [22mshould have essential as required[32m 1[2mms[22m[39m
 [32m✓[39m src/__tests__/compliance/gdpr.coverage.test.ts[2m > [22mgdpr.ts — Full Coverage[2m > [22mCOOKIE_CATEGORIES[2m > [22mshould have optional categories[32m 1[2mms[22m[39m
 [32m✓[39m src/__tests__/compliance/gdpr.coverage.test.ts[2m > [22mgdpr.ts — Full Coverage[2m > [22mDATA_RETENTION[2m > [22mshould define legal retention periods[32m 1[2mms[22m[39m
[90mstdout[2m | src/__tests__/api/lawyer/workspace-emails-route.test.ts
[22m[39m◇ injected env (9) from .env.test // tip: ⌘ enable debugging { debug: true }

 [32m✓[39m src/__tests__/api/lawyer/workspace-emails-route.test.ts[2m > [22mPOST /api/lawyer/workspaces/[id]/emails[2m > [22mreturns 401 when user is not authenticated[32m 189[2mms[22m[39m
 [32m✓[39m src/__tests__/api/lawyer/workspace-emails-route.test.ts[2m > [22mPOST /api/lawyer/workspaces/[id]/emails[2m > [22mapplies mark_read action for a lawyer user[32m 20[2mms[22m[39m
 [32m✓[39m src/__tests__/api/lawyer/workspace-emails-route.test.ts[2m > [22mPOST /api/lawyer/workspaces/[id]/emails[2m > [22mreturns 400 for unknown action[32m 14[2mms[22m[39m
 [32m✓[39m src/__tests__/components/ThemeProvider.test.tsx[2m > [22mThemeProvider Component[2m > [22mRendu de base[2m > [22mdevrait rendre les enfants[32m 299[2mms[22m[39m
 [32m✓[39m src/__tests__/components/ThemeProvider.test.tsx[2m > [22mThemeProvider Component[2m > [22mRendu de base[2m > [22mdevrait appliquer le theme light par defaut[32m 22[2mms[22m[39m
 [32m✓[39m src/__tests__/components/ThemeProvider.test.tsx[2m > [22mThemeProvider Component[2m > [22mRendu de base[2m > [22mdevrait appliquer le theme dark quand specifie[32m 33[2mms[22m[39m
 [32m✓[39m src/__tests__/components/ThemeProvider.test.tsx[2m > [22mThemeProvider Component[2m > [22museTheme hook[2m > [22mdevrait retourner le theme actuel[32m 33[2mms[22m[39m
 [32m✓[39m src/__tests__/components/ThemeProvider.test.tsx[2m > [22mThemeProvider Component[2m > [22museTheme hook[2m > [22mdevrait retourner les couleurs[32m 43[2mms[22m[39m
 [32m✓[39m src/__tests__/components/ThemeProvider.test.tsx[2m > [22mTheme Types[2m > [22mdevrait supporter light[32m 3[2mms[22m[39m
 [32m✓[39m src/__tests__/components/ThemeProvider.test.tsx[2m > [22mTheme Types[2m > [22mdevrait supporter dark[32m 1[2mms[22m[39m
 [32m✓[39m src/__tests__/components/ThemeProvider.test.tsx[2m > [22mColor Tokens[2m > [22mCouleurs principales[2m > [22mdevrait avoir iris-100 (primary)[32m 3[2mms[22m[39m
 [32m✓[39m src/__tests__/components/ThemeProvider.test.tsx[2m > [22mColor Tokens[2m > [22mCouleurs principales[2m > [22mdevrait avoir fuschia-100 (secondary)[32m 4[2mms[22m[39m
 [32m✓[39m src/__tests__/components/ThemeProvider.test.tsx[2m > [22mColor Tokens[2m > [22mCouleurs de fond[2m > [22mdevrait avoir background[32m 4[2mms[22m[39m
 [32m✓[39m src/__tests__/components/ThemeProvider.test.tsx[2m > [22mColor Tokens[2m > [22mCouleurs de bouton[2m > [22mdevrait avoir button[32m 1[2mms[22m[39m
 [32m✓[39m src/__tests__/components/ThemeProvider.test.tsx[2m > [22mCSS Variables[2m > [22mdevrait definir --color-primary[32m 1[2mms[22m[39m
 [32m✓[39m src/__tests__/components/ThemeProvider.test.tsx[2m > [22mCSS Variables[2m > [22mdevrait definir --color-secondary[32m 2[2mms[22m[39m
 [32m✓[39m src/__tests__/components/ThemeProvider.test.tsx[2m > [22mCSS Variables[2m > [22mdevrait definir les etats hover[32m 1[2mms[22m[39m
 [32m✓[39m src/__tests__/components/ThemeProvider.test.tsx[2m > [22mThemeContext Default Values[2m > [22mdevrait avoir des valeurs par defaut[32m 6[2mms[22m[39m
 [32m✓[39m src/__tests__/components/ThemeProvider.test.tsx[2m > [22mMemoization[2m > [22mdevrait memoizer le contexte[32m 14[2mms[22m[39m
 [32m✓[39m src/__tests__/components/ThemeProvider.test.tsx[2m > [22mColor Contrast[2m > [22mbackground devrait etre clair pour le theme light[32m 2[2mms[22m[39m
[90mstdout[2m | src/__tests__/lib/templates/documents.coverage.test.ts
[22m[39m◇ injected env (9) from .env.test // tip: ⌘ multiple files { path: ['.env.local', '.env'] }

 [32m✓[39m src/__tests__/lib/templates/documents.coverage.test.ts[2m > [22mdocuments.ts — Full Coverage[2m > [22mTEMPLATE_ACKNOWLEDGMENT[2m > [22mshould generate acknowledgment with all variables[32m 68[2mms[22m[39m
 [32m✓[39m src/__tests__/lib/templates/documents.coverage.test.ts[2m > [22mdocuments.ts — Full Coverage[2m > [22mTEMPLATE_ACKNOWLEDGMENT[2m > [22mshould handle missing responseDelay[32m 16[2mms[22m[39m
 [32m✓[39m src/__tests__/lib/templates/documents.coverage.test.ts[2m > [22mdocuments.ts — Full Coverage[2m > [22mTEMPLATE_ACKNOWLEDGMENT[2m > [22mshould generate correct subject[32m 14[2mms[22m[39m
 [32m✓[39m src/__tests__/lib/templates/documents.coverage.test.ts[2m > [22mdocuments.ts — Full Coverage[2m > [22mTEMPLATE_APPOINTMENT_CONFIRMATION[2m > [22mshould generate confirmation with location[32m 13[2mms[22m[39m
 [32m✓[39m src/__tests__/lib/templates/documents.coverage.test.ts[2m > [22mdocuments.ts — Full Coverage[2m > [22mTEMPLATE_APPOINTMENT_CONFIRMATION[2m > [22mshould generate with visio link[32m 4[2mms[22m[39m
 [32m✓[39m src/__tests__/lib/templates/documents.coverage.test.ts[2m > [22mdocuments.ts — Full Coverage[2m > [22mTEMPLATE_APPOINTMENT_CONFIRMATION[2m > [22mshould generate with documents to bring[32m 5[2mms[22m[39m
 [32m✓[39m src/__tests__/lib/templates/documents.coverage.test.ts[2m > [22mdocuments.ts — Full Coverage[2m > [22mTEMPLATE_DOCUMENT_REQUEST[2m > [22mshould generate document request[32m 10[2mms[22m[39m
 [32m✓[39m src/__tests__/lib/templates/documents.coverage.test.ts[2m > [22mdocuments.ts — Full Coverage[2m > [22mTEMPLATE_DOCUMENT_REQUEST[2m > [22mshould handle no deadline and no transmissionMethod[32m 2[2mms[22m[39m
 [32m✓[39m src/__tests__/lib/templates/documents.coverage.test.ts[2m > [22mdocuments.ts — Full Coverage[2m > [22mTEMPLATE_SIMPLE_LETTER[2m > [22mshould generate letter with all fields[32m 17[2mms[22m[39m
 [32m✓[39m src/__tests__/lib/templates/documents.coverage.test.ts[2m > [22mdocuments.ts — Full Coverage[2m > [22mTEMPLATE_SIMPLE_LETTER[2m > [22mshould handle minimal fields[32m 1[2mms[22m[39m
 [32m✓[39m src/__tests__/lib/templates/documents.coverage.test.ts[2m > [22mdocuments.ts — Full Coverage[2m > [22mTEMPLATE_CASE_SUMMARY[2m > [22mshould generate case summary[32m 105[2mms[22m[39m
 [32m✓[39m src/__tests__/lib/templates/documents.coverage.test.ts[2m > [22mdocuments.ts — Full Coverage[2m > [22mTEMPLATE_REMINDER[2m > [22mshould generate first reminder (soft tone)[32m 3[2mms[22m[39m
 [32m✓[39m src/__tests__/lib/templates/documents.coverage.test.ts[2m > [22mdocuments.ts — Full Coverage[2m > [22mTEMPLATE_REMINDER[2m > [22mshould generate second reminder[32m 1[2mms[22m[39m
 [32m✓[39m src/__tests__/lib/templates/documents.coverage.test.ts[2m > [22mdocuments.ts — Full Coverage[2m > [22mTEMPLATE_REMINDER[2m > [22mshould generate third reminder (urgent)[32m 1[2mms[22m[39m
 [32m✓[39m src/__tests__/lib/templates/documents.coverage.test.ts[2m > [22mdocuments.ts — Full Coverage[2m > [22mDOCUMENT_TEMPLATES[2m > [22mshould contain all 6 templates[32m 4[2mms[22m[39m
 [32m✓[39m src/__tests__/lib/templates/documents.coverage.test.ts[2m > [22mdocuments.ts — Full Coverage[2m > [22mgetTemplate[2m > [22mshould return template by id[32m 1[2mms[22m[39m
 [32m✓[39m src/__tests__/lib/templates/documents.coverage.test.ts[2m > [22mdocuments.ts — Full Coverage[2m > [22mgetTemplate[2m > [22mshould return null for unknown id[32m 1[2mms[22m[39m
 [32m✓[39m src/__tests__/lib/templates/documents.coverage.test.ts[2m > [22mdocuments.ts — Full Coverage[2m > [22mgetTemplatesByLevel[2m > [22mshould return GREEN templates[32m 1[2mms[22m[39m
 [32m✓[39m src/__tests__/lib/templates/documents.coverage.test.ts[2m > [22mdocuments.ts — Full Coverage[2m > [22mgetTemplatesByLevel[2m > [22mshould return ORANGE templates[32m 1[2mms[22m[39m
 [32m✓[39m src/__tests__/lib/templates/documents.coverage.test.ts[2m > [22mdocuments.ts — Full Coverage[2m > [22mgetTemplatesByLevel[2m > [22mshould return empty for RED (no RED templates defined)[32m 2[2mms[22m[39m
 [32m✓[39m src/__tests__/lib/templates/documents.coverage.test.ts[2m > [22mdocuments.ts — Full Coverage[2m > [22mgetTemplatesByType[2m > [22mshould filter by document type[32m 1[2mms[22m[39m
 [32m✓[39m src/__tests__/lib/templates/documents.coverage.test.ts[2m > [22mdocuments.ts — Full Coverage[2m > [22mgenerateDocument[2m > [22mshould generate a valid document[32m 1[2mms[22m[39m
 [32m✓[39m src/__tests__/lib/templates/documents.coverage.test.ts[2m > [22mdocuments.ts — Full Coverage[2m > [22mgenerateDocument[2m > [22mshould fail for unknown template[32m 2[2mms[22m[39m
 [32m✓[39m src/__tests__/lib/templates/documents.coverage.test.ts[2m > [22mdocuments.ts — Full Coverage[2m > [22mgenerateDocument[2m > [22mshould fail for missing required variables[32m 3[2mms[22m[39m
 [32m✓[39m src/__tests__/lib/templates/documents.coverage.test.ts[2m > [22mdocuments.ts — Full Coverage[2m > [22mgenerateDocument[2m > [22mshould handle generation error gracefully[32m 1[2mms[22m[39m
[90mstdout[2m | src/__tests__/billing/cost-alerts.coverage.test.ts
[22m[39m◇ injected env (9) from .env.test // tip: ⌘ multiple files { path: ['.env.local', '.env'] }

[90mstdout[2m | src/__tests__/lib/validations/zod-schemas.real.test.ts
[22m[39m◇ injected env (9) from .env.test // tip: ⌘ enable debugging { debug: true }

[90mstdout[2m | src/__tests__/billing/cost-alerts.coverage.test.ts[2m > [22m[2mcost-alerts.ts — Full Coverage[2m > [22m[2msendAlertEmail[2m > [22m[2mshould send email successfully
[22m[39m[Cost Alerts] Email envoyé à admin@a.com pour Cabinet A

 [32m✓[39m src/__tests__/billing/cost-alerts.coverage.test.ts[2m > [22mcost-alerts.ts — Full Coverage[2m > [22mcheckAllTenantsForAlerts[2m > [22mshould return empty array when no tenants[32m 19[2mms[22m[39m
 [32m✓[39m src/__tests__/billing/cost-alerts.coverage.test.ts[2m > [22mcost-alerts.ts — Full Coverage[2m > [22mcheckAllTenantsForAlerts[2m > [22mshould return no alerts when usage is low[32m 2[2mms[22m[39m
 [32m✓[39m src/__tests__/billing/cost-alerts.coverage.test.ts[2m > [22mcost-alerts.ts — Full Coverage[2m > [22mcheckAllTenantsForAlerts[2m > [22mshould return warning alert at 70%[32m 5[2mms[22m[39m
 [32m✓[39m src/__tests__/billing/cost-alerts.coverage.test.ts[2m > [22mcost-alerts.ts — Full Coverage[2m > [22mcheckAllTenantsForAlerts[2m > [22mshould return critical alert at 90%[32m 3[2mms[22m[39m
 [32m✓[39m src/__tests__/billing/cost-alerts.coverage.test.ts[2m > [22mcost-alerts.ts — Full Coverage[2m > [22mcheckAllTenantsForAlerts[2m > [22mshould return blocked alert at 100%[32m 3[2mms[22m[39m
 [32m✓[39m src/__tests__/billing/cost-alerts.coverage.test.ts[2m > [22mcost-alerts.ts — Full Coverage[2m > [22mcheckAllTenantsForAlerts[2m > [22mshould handle tenants without admin users[32m 2[2mms[22m[39m
 [32m✓[39m src/__tests__/billing/cost-alerts.coverage.test.ts[2m > [22mcost-alerts.ts — Full Coverage[2m > [22mcheckAllTenantsForAlerts[2m > [22mshould handle unknown plan name with default budget[32m 2[2mms[22m[39m
 [32m✓[39m src/__tests__/billing/cost-alerts.coverage.test.ts[2m > [22mcost-alerts.ts — Full Coverage[2m > [22mcheckAllTenantsForAlerts[2m > [22mshould handle null plan[32m 4[2mms[22m[39m
 [32m✓[39m src/__tests__/billing/cost-alerts.coverage.test.ts[2m > [22mcost-alerts.ts — Full Coverage[2m > [22mcheckAllTenantsForAlerts[2m > [22mshould handle DB errors gracefully[32m 38[2mms[22m[39m
 [32m✓[39m src/__tests__/billing/cost-alerts.coverage.test.ts[2m > [22mcost-alerts.ts — Full Coverage[2m > [22mcheckAllTenantsForAlerts[2m > [22mshould handle null costEur sum[32m 2[2mms[22m[39m
 [32m✓[39m src/__tests__/billing/cost-alerts.coverage.test.ts[2m > [22mcost-alerts.ts — Full Coverage[2m > [22mcheckAllTenantsForAlerts[2m > [22mshould handle aggregate error gracefully[32m 10[2mms[22m[39m
 [32m✓[39m src/__tests__/billing/cost-alerts.coverage.test.ts[2m > [22mcost-alerts.ts — Full Coverage[2m > [22msendAlertEmail[2m > [22mshould send email successfully[32m 21[2mms[22m[39m
 [32m✓[39m src/__tests__/lib/validations/zod-schemas.real.test.ts[2m > [22mdossier.validation - Schémas Zod v2[2m > [22mdossierBaseSchema[2m > [22maccepte des données valides minimales[32m 10[2mms[22m[39m
 [32m✓[39m src/__tests__/lib/validations/zod-schemas.real.test.ts[2m > [22mdossier.validation - Schémas Zod v2[2m > [22mdossierBaseSchema[2m > [22maccepte tous les types de dossier[32m 3[2mms[22m[39m
 [32m✓[39m src/__tests__/lib/validations/zod-schemas.real.test.ts[2m > [22mdossier.validation - Schémas Zod v2[2m > [22mdossierBaseSchema[2m > [22maccepte toutes les priorités[32m 9[2mms[22m[39m
 [32m✓[39m src/__tests__/lib/validations/zod-schemas.real.test.ts[2m > [22mdossier.validation - Schémas Zod v2[2m > [22mdossierBaseSchema[2m > [22mrejette un typeDossier invalide[32m 2[2mms[22m[39m
 [32m✓[39m src/__tests__/lib/validations/zod-schemas.real.test.ts[2m > [22mdossier.validation - Schémas Zod v2[2m > [22mdossierBaseSchema[2m > [22mrejette un objetDemande trop court (< 10 caractères)[32m 2[2mms[22m[39m
 [32m✓[39m src/__tests__/lib/validations/zod-schemas.real.test.ts[2m > [22mdossier.validation - Schémas Zod v2[2m > [22mdossierBaseSchema[2m > [22mrejette un objetDemande trop long (> 500 caractères)[32m 1[2mms[22m[39m
 [32m✓[39m src/__tests__/lib/validations/zod-schemas.real.test.ts[2m > [22mdossier.validation - Schémas Zod v2[2m > [22mdossierBaseSchema[2m > [22maccepte des notes optionnelles[32m 1[2mms[22m[39m
 [32m✓[39m src/__tests__/lib/validations/zod-schemas.real.test.ts[2m > [22mdossier.validation - Schémas Zod v2[2m > [22mdossierBaseSchema[2m > [22mrejette des notes trop longues (> 2000 caractères)[32m 1[2mms[22m[39m
 [32m✓[39m src/__tests__/lib/validations/zod-schemas.real.test.ts[2m > [22mdossier.validation - Schémas Zod v2[2m > [22mdossierBaseSchema[2m > [22maccepte une dateEcheance valide[32m 5[2mms[22m[39m
 [32m✓[39m src/__tests__/lib/validations/zod-schemas.real.test.ts[2m > [22mdossier.validation - Schémas Zod v2[2m > [22mdossierBaseSchema[2m > [22maccepte une dateEcheance vide[32m 2[2mms[22m[39m
 [32m✓[39m src/__tests__/lib/validations/zod-schemas.real.test.ts[2m > [22mdossier.validation - Schémas Zod v2[2m > [22mdossierBaseSchema[2m > [22mutilise la priorité normale par défaut[32m 3[2mms[22m[39m
 [32m✓[39m src/__tests__/lib/validations/zod-schemas.real.test.ts[2m > [22mdossier.validation - Schémas Zod v2[2m > [22mcreateDossierSchema[2m > [22maccepte des données de création valides[32m 1[2mms[22m[39m
 [32m✓[39m src/__tests__/lib/validations/zod-schemas.real.test.ts[2m > [22mdossier.validation - Schémas Zod v2[2m > [22mcreateDossierSchema[2m > [22mrequiert un clientId UUID valide[32m 1[2mms[22m[39m
 [32m✓[39m src/__tests__/lib/validations/zod-schemas.real.test.ts[2m > [22mdossier.validation - Schémas Zod v2[2m > [22mcreateDossierSchema[2m > [22mrejette sans clientId[32m 2[2mms[22m[39m
 [32m✓[39m src/__tests__/lib/validations/zod-schemas.real.test.ts[2m > [22mdossier.validation - Schémas Zod v2[2m > [22mcreateDossierSchema[2m > [22maccepte un statut optionnel valide[32m 1[2mms[22m[39m
 [32m✓[39m src/__tests__/lib/validations/zod-schemas.real.test.ts[2m > [22mdossier.validation - Schémas Zod v2[2m > [22mcreateDossierSchema[2m > [22mrejette un statut non autorisé à la création[32m 1[2mms[22m[39m
 [32m✓[39m src/__tests__/lib/validations/zod-schemas.real.test.ts[2m > [22mdossier.validation - Schémas Zod v2[2m > [22mcreateDemandeClientSchema[2m > [22maccepte une demande client valide[32m 1[2mms[22m[39m
 [32m✓[39m src/__tests__/lib/validations/zod-schemas.real.test.ts[2m > [22mdossier.validation - Schémas Zod v2[2m > [22mcreateDemandeClientSchema[2m > [22mrequiert minimum 20 caractères pour objetDemande[32m 1[2mms[22m[39m
 [32m✓[39m src/__tests__/lib/validations/zod-schemas.real.test.ts[2m > [22mdossier.validation - Schémas Zod v2[2m > [22mcreateDemandeClientSchema[2m > [22maccepte une urgence booléenne[32m 1[2mms[22m[39m
 [32m✓[39m src/__tests__/lib/validations/zod-schemas.real.test.ts[2m > [22mdossier.validation - Schémas Zod v2[2m > [22mcreateDemandeClientSchema[2m > [22maccepte un complément d'information[32m 1[2mms[22m[39m
 [32m✓[39m src/__tests__/lib/validations/zod-schemas.real.test.ts[2m > [22mdossier.validation - Schémas Zod v2[2m > [22mcreateDemandeClientSchema[2m > [22mrejette un complementInfo trop long (> 1000 caractères)[32m 1[2mms[22m[39m
 [32m✓[39m src/__tests__/lib/validations/zod-schemas.real.test.ts[2m > [22mdossier.validation - Schémas Zod v2[2m > [22mcreateDemandeClientSchema[2m > [22maccepte tous les types de dossier[32m 1[2mms[22m[39m
 [32m✓[39m src/__tests__/lib/validations/zod-schemas.real.test.ts[2m > [22mdossier.validation - Schémas Zod v2[2m > [22mupdateDossierSchema[2m > [22maccepte une mise à jour partielle (typeDossier seul)[32m 1[2mms[22m[39m
 [32m✓[39m src/__tests__/lib/validations/zod-schemas.real.test.ts[2m > [22mdossier.validation - Schémas Zod v2[2m > [22mupdateDossierSchema[2m > [22maccepte une mise à jour vide[32m 1[2mms[22m[39m
 [32m✓[39m src/__tests__/lib/validations/zod-schemas.real.test.ts[2m > [22mdossier.validation - Schémas Zod v2[2m > [22mupdateDossierSchema[2m > [22maccepte tous les statuts pour mise à jour[32m 1[2mms[22m[39m
 [32m✓[39m src/__tests__/lib/validations/zod-schemas.real.test.ts[2m > [22mdossier.validation - Schémas Zod v2[2m > [22mupdateDossierSchema[2m > [22maccepte le statut TERMINE[32m 2[2mms[22m[39m
 [32m✓[39m src/__tests__/lib/validations/zod-schemas.real.test.ts[2m > [22mdossier.validation - Schémas Zod v2[2m > [22mupdateDossierSchema[2m > [22maccepte le statut REJETE[32m 3[2mms[22m[39m
 [32m✓[39m src/__tests__/lib/validations/zod-schemas.real.test.ts[2m > [22mdossier.validation - Schémas Zod v2[2m > [22mupdateDossierSchema[2m > [22maccepte le statut ANNULE[32m 1[2mms[22m[39m
 [32m✓[39m src/__tests__/lib/validations/zod-schemas.real.test.ts[2m > [22mdossier.validation - Schémas Zod v2[2m > [22mupdateDossierSchema[2m > [22maccepte une mise à jour de priorité[32m 1[2mms[22m[39m
 [32m✓[39m src/__tests__/lib/validations/zod-schemas.real.test.ts[2m > [22mdossier.validation - Schémas Zod v2[2m > [22mupdateDossierSchema[2m > [22mrejette un objetDemande invalide même en mise à jour[32m 1[2mms[22m[39m
 [32m✓[39m src/__tests__/lib/validations/zod-schemas.real.test.ts[2m > [22mdossier.validation - Schémas Zod v2[2m > [22mvalidateDossierData[2m > [22mretourne success:true avec data validées[32m 2[2mms[22m[39m
 [32m✓[39m src/__tests__/lib/validations/zod-schemas.real.test.ts[2m > [22mdossier.validation - Schémas Zod v2[2m > [22mvalidateDossierData[2m > [22mretourne success:false avec errors pour données invalides[32m 11[2mms[22m[39m
 [32m✓[39m src/__tests__/lib/validations/zod-schemas.real.test.ts[2m > [22mdossier.validation - Schémas Zod v2[2m > [22mvalidateDossierData[2m > [22mpropage les erreurs non-Zod[32m 3[2mms[22m[39m
 [32m✓[39m src/__tests__/lib/validations/zod-schemas.real.test.ts[2m > [22mdossier.validation - Schémas Zod v2[2m > [22mvalidateDossierData[2m > [22mfonctionne avec updateDossierSchema[32m 1[2mms[22m[39m
 [32m✓[39m src/__tests__/lib/validations/zod-schemas.real.test.ts[2m > [22mdossier.validation - Schémas Zod v2[2m > [22mvalidateDossierData[2m > [22mfonctionne avec createDemandeClientSchema[32m 1[2mms[22m[39m
[90mstdout[2m | src/__tests__/billing/cost-alerts.coverage.test.ts[2m > [22m[2mcost-alerts.ts — Full Coverage[2m > [22m[2msendAlertEmail[2m > [22m[2mshould generate correct subject for each alert level
[22m[39m[Cost Alerts] Email envoyé à a@b.com pour Test

[90mstdout[2m | src/__tests__/billing/cost-alerts.coverage.test.ts[2m > [22m[2mcost-alerts.ts — Full Coverage[2m > [22m[2msendSuperAdminAlert[2m > [22m[2mshould send report to super admin
[22m[39m[Cost Alerts] Rapport super admin envoyé à admin@memoLib.com

[90mstdout[2m | src/__tests__/billing/cost-alerts.coverage.test.ts[2m > [22m[2mcost-alerts.ts — Full Coverage[2m > [22m[2mrunCostAlertCheck[2m > [22m[2mshould run complete check and return stats
[22m[39m[Cost Alerts] Démarrage du check...

[90mstdout[2m | src/__tests__/billing/cost-alerts.coverage.test.ts[2m > [22m[2mcost-alerts.ts — Full Coverage[2m > [22m[2mrunCostAlertCheck[2m > [22m[2mshould run complete check and return stats
[22m[39m[Cost Alerts] Email envoyé à admin@a.com pour Cabinet A

[90mstdout[2m | src/__tests__/billing/cost-alerts.coverage.test.ts[2m > [22m[2mcost-alerts.ts — Full Coverage[2m > [22m[2mrunCostAlertCheck[2m > [22m[2mshould run complete check and return stats
[22m[39m[Cost Alerts] Rapport super admin envoyé à admin@memoLib.com

[90mstdout[2m | src/__tests__/billing/cost-alerts.coverage.test.ts[2m > [22m[2mcost-alerts.ts — Full Coverage[2m > [22m[2mrunCostAlertCheck[2m > [22m[2mshould run complete check and return stats
[22m[39m[Cost Alerts] Check terminé: 1 alertes, 1 emails envoyés

[90mstdout[2m | src/__tests__/billing/cost-alerts.coverage.test.ts[2m > [22m[2mcost-alerts.ts — Full Coverage[2m > [22m[2mrunCostAlertCheck[2m > [22m[2mshould skip sending when no admin email
[22m[39m[Cost Alerts] Démarrage du check...

[90mstdout[2m | src/__tests__/billing/cost-alerts.coverage.test.ts[2m > [22m[2mcost-alerts.ts — Full Coverage[2m > [22m[2mrunCostAlertCheck[2m > [22m[2mshould skip sending when no admin email
[22m[39m[Cost Alerts] Rapport super admin envoyé à admin@memoLib.com

[90mstdout[2m | src/__tests__/billing/cost-alerts.coverage.test.ts[2m > [22m[2mcost-alerts.ts — Full Coverage[2m > [22m[2mrunCostAlertCheck[2m > [22m[2mshould skip sending when no admin email
[22m[39m[Cost Alerts] Check terminé: 1 alertes, 0 emails envoyés

[90mstdout[2m | src/__tests__/billing/cost-alerts.coverage.test.ts[2m > [22m[2mcost-alerts.ts — Full Coverage[2m > [22m[2mrunCostAlertCheck[2m > [22m[2mshould not send super admin alert for warning-only alerts
[22m[39m[Cost Alerts] Démarrage du check...

[90mstdout[2m | src/__tests__/billing/cost-alerts.coverage.test.ts[2m > [22m[2mcost-alerts.ts — Full Coverage[2m > [22m[2mrunCostAlertCheck[2m > [22m[2mshould not send super admin alert for warning-only alerts
[22m[39m[Cost Alerts] Email envoyé à admin@a.com pour Cabinet A

[90mstdout[2m | src/__tests__/billing/cost-alerts.coverage.test.ts[2m > [22m[2mcost-alerts.ts — Full Coverage[2m > [22m[2mrunCostAlertCheck[2m > [22m[2mshould not send super admin alert for warning-only alerts
[22m[39m[Cost Alerts] Check terminé: 1 alertes, 1 emails envoyés

 [32m✓[39m src/__tests__/billing/cost-alerts.coverage.test.ts[2m > [22mcost-alerts.ts — Full Coverage[2m > [22msendAlertEmail[2m > [22mshould return false on fetch failure[32m 4[2mms[22m[39m
 [32m✓[39m src/__tests__/billing/cost-alerts.coverage.test.ts[2m > [22mcost-alerts.ts — Full Coverage[2m > [22msendAlertEmail[2m > [22mshould return false on network error[32m 8[2mms[22m[39m
 [32m✓[39m src/__tests__/billing/cost-alerts.coverage.test.ts[2m > [22mcost-alerts.ts — Full Coverage[2m > [22msendAlertEmail[2m > [22mshould generate correct subject for each alert level[32m 2[2mms[22m[39m
 [32m✓[39m src/__tests__/billing/cost-alerts.coverage.test.ts[2m > [22mcost-alerts.ts — Full Coverage[2m > [22msendSuperAdminAlert[2m > [22mshould do nothing for empty alerts[32m 6[2mms[22m[39m
 [32m✓[39m src/__tests__/billing/cost-alerts.coverage.test.ts[2m > [22mcost-alerts.ts — Full Coverage[2m > [22msendSuperAdminAlert[2m > [22mshould send report to super admin[32m 95[2mms[22m[39m
 [32m✓[39m src/__tests__/billing/cost-alerts.coverage.test.ts[2m > [22mcost-alerts.ts — Full Coverage[2m > [22msendSuperAdminAlert[2m > [22mshould handle fetch error gracefully[32m 18[2mms[22m[39m
 [32m✓[39m src/__tests__/billing/cost-alerts.coverage.test.ts[2m > [22mcost-alerts.ts — Full Coverage[2m > [22mrunCostAlertCheck[2m > [22mshould run complete check and return stats[32m 15[2mms[22m[39m
 [32m✓[39m src/__tests__/billing/cost-alerts.coverage.test.ts[2m > [22mcost-alerts.ts — Full Coverage[2m > [22mrunCostAlertCheck[2m > [22mshould skip sending when no admin email[32m 3[2mms[22m[39m
 [32m✓[39m src/__tests__/billing/cost-alerts.coverage.test.ts[2m > [22mcost-alerts.ts — Full Coverage[2m > [22mrunCostAlertCheck[2m > [22mshould not send super admin alert for warning-only alerts[32m 13[2mms[22m[39m
[90mstdout[2m | src/__tests__/utils/utils-extended.test.ts
[22m[39m◇ injected env (9) from .env.test // tip: ◈ encrypted .env [www.dotenvx.com]

 [32m✓[39m src/__tests__/utils/utils-extended.test.ts[2m > [22mUtils Extended - Pure Unit Tests[2m > [22mstring utilities[2m > [22mshould capitalize first letter[32m 9[2mms[22m[39m
 [32m✓[39m src/__tests__/utils/utils-extended.test.ts[2m > [22mUtils Extended - Pure Unit Tests[2m > [22mstring utilities[2m > [22mshould convert to slug[32m 1[2mms[22m[39m
 [32m✓[39m src/__tests__/utils/utils-extended.test.ts[2m > [22mUtils Extended - Pure Unit Tests[2m > [22mstring utilities[2m > [22mshould truncate with ellipsis[32m 1[2mms[22m[39m
 [32m✓[39m src/__tests__/utils/utils-extended.test.ts[2m > [22mUtils Extended - Pure Unit Tests[2m > [22mstring utilities[2m > [22mshould generate random string[32m 2[2mms[22m[39m
 [32m✓[39m src/__tests__/utils/utils-extended.test.ts[2m > [22mUtils Extended - Pure Unit Tests[2m > [22mnumber utilities[2m > [22mshould clamp number[32m 1[2mms[22m[39m
 [32m✓[39m src/__tests__/utils/utils-extended.test.ts[2m > [22mUtils Extended - Pure Unit Tests[2m > [22mnumber utilities[2m > [22mshould format currency[32m 53[2mms[22m[39m
 [32m✓[39m src/__tests__/utils/utils-extended.test.ts[2m > [22mUtils Extended - Pure Unit Tests[2m > [22mnumber utilities[2m > [22mshould format percentage[32m 1[2mms[22m[39m
 [32m✓[39m src/__tests__/utils/utils-extended.test.ts[2m > [22mUtils Extended - Pure Unit Tests[2m > [22mnumber utilities[2m > [22mshould round to decimals[32m 10[2mms[22m[39m
 [32m✓[39m src/__tests__/utils/utils-extended.test.ts[2m > [22mUtils Extended - Pure Unit Tests[2m > [22marray utilities[2m > [22mshould chunk array[32m 4[2mms[22m[39m
 [32m✓[39m src/__tests__/utils/utils-extended.test.ts[2m > [22mUtils Extended - Pure Unit Tests[2m > [22marray utilities[2m > [22mshould get unique values[32m 1[2mms[22m[39m
 [32m✓[39m src/__tests__/utils/utils-extended.test.ts[2m > [22mUtils Extended - Pure Unit Tests[2m > [22marray utilities[2m > [22mshould shuffle array[32m 1[2mms[22m[39m
 [32m✓[39m src/__tests__/utils/utils-extended.test.ts[2m > [22mUtils Extended - Pure Unit Tests[2m > [22marray utilities[2m > [22mshould group by key[32m 2[2mms[22m[39m
 [32m✓[39m src/__tests__/utils/utils-extended.test.ts[2m > [22mUtils Extended - Pure Unit Tests[2m > [22mobject utilities[2m > [22mshould deep clone[32m 4[2mms[22m[39m
 [32m✓[39m src/__tests__/utils/utils-extended.test.ts[2m > [22mUtils Extended - Pure Unit Tests[2m > [22mobject utilities[2m > [22mshould pick keys[32m 4[2mms[22m[39m
 [32m✓[39m src/__tests__/utils/utils-extended.test.ts[2m > [22mUtils Extended - Pure Unit Tests[2m > [22mobject utilities[2m > [22mshould omit keys[32m 1[2mms[22m[39m
 [32m✓[39m src/__tests__/utils/utils-extended.test.ts[2m > [22mUtils Extended - Pure Unit Tests[2m > [22mobject utilities[2m > [22mshould check if empty[32m 1[2mms[22m[39m
 [32m✓[39m src/__tests__/utils/utils-extended.test.ts[2m > [22mUtils Extended - Pure Unit Tests[2m > [22mdate utilities[2m > [22mshould format date[32m 1[2mms[22m[39m
 [32m✓[39m src/__tests__/utils/utils-extended.test.ts[2m > [22mUtils Extended - Pure Unit Tests[2m > [22mdate utilities[2m > [22mshould add days[32m 1[2mms[22m[39m
 [32m✓[39m src/__tests__/utils/utils-extended.test.ts[2m > [22mUtils Extended - Pure Unit Tests[2m > [22mdate utilities[2m > [22mshould get start of day[32m 1[2mms[22m[39m
 [32m✓[39m src/__tests__/utils/utils-extended.test.ts[2m > [22mUtils Extended - Pure Unit Tests[2m > [22murl utilities[2m > [22mshould parse query string[32m 1[2mms[22m[39m
 [32m✓[39m src/__tests__/utils/utils-extended.test.ts[2m > [22mUtils Extended - Pure Unit Tests[2m > [22murl utilities[2m > [22mshould build query string[32m 1[2mms[22m[39m
[90mstdout[2m | src/__tests__/types/index.test.ts
[22m[39m◇ injected env (9) from .env.test // tip: ⌘ multiple files { path: ['.env.local', '.env'] }

 [32m✓[39m src/__tests__/types/index.test.ts[2m > [22mTypes Index[2m > [22mUserRole[2m > [22mdevrait inclure SUPER_ADMIN[32m 14[2mms[22m[39m
 [32m✓[39m src/__tests__/types/index.test.ts[2m > [22mTypes Index[2m > [22mUserRole[2m > [22mdevrait inclure ADMIN[32m 2[2mms[22m[39m
 [32m✓[39m src/__tests__/types/index.test.ts[2m > [22mTypes Index[2m > [22mUserRole[2m > [22mdevrait inclure CLIENT[32m 2[2mms[22m[39m
 [32m✓[39m src/__tests__/types/index.test.ts[2m > [22mTypes Index[2m > [22mUserRole[2m > [22mdevrait avoir 3 rôles[32m 2[2mms[22m[39m
 [32m✓[39m src/__tests__/types/index.test.ts[2m > [22mTypes Index[2m > [22mTenantPlan[2m > [22mdevrait inclure BASIC[32m 8[2mms[22m[39m
 [32m✓[39m src/__tests__/types/index.test.ts[2m > [22mTypes Index[2m > [22mTenantPlan[2m > [22mdevrait inclure PREMIUM[32m 1[2mms[22m[39m
 [32m✓[39m src/__tests__/types/index.test.ts[2m > [22mTypes Index[2m > [22mTenantPlan[2m > [22mdevrait inclure ENTERPRISE[32m 1[2mms[22m[39m
 [32m✓[39m src/__tests__/types/index.test.ts[2m > [22mTypes Index[2m > [22mTenantPlan[2m > [22mdevrait avoir 3 plans[32m 1[2mms[22m[39m
 [32m✓[39m src/__tests__/types/index.test.ts[2m > [22mTypes Index[2m > [22mUser Interface[2m > [22mdevrait avoir la structure correcte[32m 5[2mms[22m[39m
 [32m✓[39m src/__tests__/types/index.test.ts[2m > [22mTypes Index[2m > [22mUserPermissions[2m > [22mSUPER_ADMIN[2m > [22mdevrait pouvoir gérer les tenants[32m 3[2mms[22m[39m
 [32m✓[39m src/__tests__/types/index.test.ts[2m > [22mTypes Index[2m > [22mUserPermissions[2m > [22mSUPER_ADMIN[2m > [22mdevrait pouvoir gérer les clients[32m 2[2mms[22m[39m
 [32m✓[39m src/__tests__/types/index.test.ts[2m > [22mTypes Index[2m > [22mUserPermissions[2m > [22mSUPER_ADMIN[2m > [22mdevrait pouvoir accéder aux analytics[32m 2[2mms[22m[39m
 [32m✓[39m src/__tests__/types/index.test.ts[2m > [22mTypes Index[2m > [22mUserPermissions[2m > [22mCLIENT[2m > [22mne devrait pas pouvoir gérer les tenants[32m 1[2mms[22m[39m
 [32m✓[39m src/__tests__/types/index.test.ts[2m > [22mTypes Index[2m > [22mUserPermissions[2m > [22mCLIENT[2m > [22mdevrait pouvoir voir son propre dossier[32m 0[2mms[22m[39m
 [32m✓[39m src/__tests__/types/index.test.ts[2m > [22mTypes Index[2m > [22mUserPermissions[2m > [22mCLIENT[2m > [22mdevrait pouvoir voir ses factures[32m 0[2mms[22m[39m
 [32m✓[39m src/__tests__/types/index.test.ts[2m > [22mTypes Index[2m > [22mDashboardStats Interface[2m > [22mdevrait avoir la structure correcte[32m 5[2mms[22m[39m
 [32m✓[39m src/__tests__/types/index.test.ts[2m > [22mTypes Index[2m > [22mRecentActivity Interface[2m > [22mdevrait avoir les types valides[32m 2[2mms[22m[39m
 [32m✓[39m src/__tests__/types/index.test.ts[2m > [22mTypes Index[2m > [22mRecentActivity Interface[2m > [22mdevrait avoir la structure correcte[32m 1[2mms[22m[39m
 [32m✓[39m src/__tests__/types/index.test.ts[2m > [22mTypes Index[2m > [22mDossier Interface[2m > [22mStatuts[2m > [22mdevrait inclure tous les statuts[32m 2[2mms[22m[39m
 [32m✓[39m src/__tests__/types/index.test.ts[2m > [22mTypes Index[2m > [22mDossier Interface[2m > [22mPriorités[2m > [22mdevrait inclure toutes les priorités[32m 1[2mms[22m[39m
 [32m✓[39m src/__tests__/types/index.test.ts[2m > [22mTypes Index[2m > [22mDossier Interface[2m > [22mPhases[2m > [22mdevrait inclure toutes les phases[32m 1[2mms[22m[39m
 [32m✓[39m src/__tests__/types/index.test.ts[2m > [22mTypes Index[2m > [22mDossier Interface[2m > [22mdevrait avoir la structure de base correcte[32m 1[2mms[22m[39m
 [32m✓[39m src/__tests__/types/index.test.ts[2m > [22mTypes Index[2m > [22mPermission Helper Functions[2m > [22mdevrait retourner les permissions correctes pour SUPER_ADMIN[32m 1[2mms[22m[39m
 [32m✓[39m src/__tests__/types/index.test.ts[2m > [22mTypes Index[2m > [22mPermission Helper Functions[2m > [22mdevrait retourner les permissions correctes pour ADMIN[32m 1[2mms[22m[39m
 [32m✓[39m src/__tests__/types/index.test.ts[2m > [22mTypes Index[2m > [22mPermission Helper Functions[2m > [22mdevrait retourner les permissions correctes pour CLIENT[32m 2[2mms[22m[39m
 [32m✓[39m src/__tests__/types/index.test.ts[2m > [22mTypes Index[2m > [22mPermission Helper Functions[2m > [22mdevrait retourner null pour un rôle invalide[32m 1[2mms[22m[39m
[90mstdout[2m | src/__tests__/lib/error-handler.real.test.ts
[22m[39m◇ injected env (9) from .env.test // tip: ⌁ auth for agents [www.vestauth.com]

[90mstdout[2m | src/__tests__/lib/logger.coverage.test.ts
[22m[39m◇ injected env (9) from .env.test // tip: ⌘ multiple files { path: ['.env.local', '.env'] }

[90mstdout[2m | src/__tests__/lib/ai/predictive.test.ts
[22m[39m◇ injected env (9) from .env.test // tip: ⌘ suppress logs { quiet: true }

 [32m✓[39m src/__tests__/lib/logger.coverage.test.ts[2m > [22mlogger.ts — Full Coverage[2m > [22mlogger.debug[2m > [22mshould log in development mode[32m 9[2mms[22m[39m
 [32m✓[39m src/__tests__/lib/logger.coverage.test.ts[2m > [22mlogger.ts — Full Coverage[2m > [22mlogger.info[2m > [22mshould log info message[32m 3[2mms[22m[39m
 [32m✓[39m src/__tests__/lib/logger.coverage.test.ts[2m > [22mlogger.ts — Full Coverage[2m > [22mlogger.info[2m > [22mshould handle no context[32m 1[2mms[22m[39m
 [32m✓[39m src/__tests__/lib/logger.coverage.test.ts[2m > [22mlogger.ts — Full Coverage[2m > [22mlogger.warn[2m > [22mshould log warning[32m 2[2mms[22m[39m
 [32m✓[39m src/__tests__/lib/logger.coverage.test.ts[2m > [22mlogger.ts — Full Coverage[2m > [22mlogger.error[2m > [22mshould log error with Error object[32m 19[2mms[22m[39m
 [32m✓[39m src/__tests__/lib/logger.coverage.test.ts[2m > [22mlogger.ts — Full Coverage[2m > [22mlogger.error[2m > [22mshould log error with string[32m 1[2mms[22m[39m
 [32m✓[39m src/__tests__/lib/logger.coverage.test.ts[2m > [22mlogger.ts — Full Coverage[2m > [22mlogger.error[2m > [22mshould log error without error param[32m 1[2mms[22m[39m
 [32m✓[39m src/__tests__/lib/logger.coverage.test.ts[2m > [22mlogger.ts — Full Coverage[2m > [22mlogger.critical[2m > [22mshould log critical error[32m 5[2mms[22m[39m
 [32m✓[39m src/__tests__/lib/logger.coverage.test.ts[2m > [22mlogger.ts — Full Coverage[2m > [22mlogger.critical[2m > [22mshould handle non-Error values[32m 2[2mms[22m[39m
 [32m✓[39m src/__tests__/lib/logger.coverage.test.ts[2m > [22mlogger.ts — Full Coverage[2m > [22mlogger.performance[2m > [22mshould log slow operations as warning[32m 2[2mms[22m[39m
 [32m✓[39m src/__tests__/lib/logger.coverage.test.ts[2m > [22mlogger.ts — Full Coverage[2m > [22mlogger.performance[2m > [22mshould log fast operations as debug[32m 1[2mms[22m[39m
 [32m✓[39m src/__tests__/lib/logger.coverage.test.ts[2m > [22mlogger.ts — Full Coverage[2m > [22mlogger.performance[2m > [22mshould handle exactly 1000ms[32m 1[2mms[22m[39m
 [32m✓[39m src/__tests__/lib/logger.coverage.test.ts[2m > [22mlogger.ts — Full Coverage[2m > [22mlogger.audit[2m > [22mshould create audit entry[32m 1[2mms[22m[39m
 [32m✓[39m src/__tests__/lib/logger.coverage.test.ts[2m > [22mlogger.ts — Full Coverage[2m > [22mlogger.audit[2m > [22mshould work without details[32m 1[2mms[22m[39m
 [32m✓[39m src/__tests__/lib/logger.coverage.test.ts[2m > [22mlogger.ts — Full Coverage[2m > [22mlogger.logActionDossier[2m > [22mshould log dossier action with full details[32m 1[2mms[22m[39m
 [32m✓[39m src/__tests__/lib/logger.coverage.test.ts[2m > [22mlogger.ts — Full Coverage[2m > [22mlogger.logActionDossier[2m > [22mshould log without optional details[32m 1[2mms[22m[39m
 [32m✓[39m src/__tests__/lib/logger.coverage.test.ts[2m > [22mlogger.ts — Full Coverage[2m > [22mlogger.logAIAction[2m > [22mshould log AI action with full context[32m 9[2mms[22m[39m
 [32m✓[39m src/__tests__/lib/logger.coverage.test.ts[2m > [22mlogger.ts — Full Coverage[2m > [22mlogger.logAIAction[2m > [22mshould handle non-anonymized data flag[32m 5[2mms[22m[39m
 [32m✓[39m src/__tests__/lib/logger.coverage.test.ts[2m > [22mlogger.ts — Full Coverage[2m > [22mlogger.logDeadlineAlert[2m > [22mshould log CRITIQUE alert[32m 2[2mms[22m[39m
 [32m✓[39m src/__tests__/lib/logger.coverage.test.ts[2m > [22mlogger.ts — Full Coverage[2m > [22mlogger.logDeadlineAlert[2m > [22mshould log URGENT alert[32m 9[2mms[22m[39m
 [32m✓[39m src/__tests__/lib/logger.coverage.test.ts[2m > [22mlogger.ts — Full Coverage[2m > [22mlogger.logDeadlineAlert[2m > [22mshould log RAPPEL alert[32m 1[2mms[22m[39m
 [32m✓[39m src/__tests__/lib/logger.coverage.test.ts[2m > [22mlogger.ts — Full Coverage[2m > [22mlogger.logComplianceAction[2m > [22mshould log compliance action[32m 1[2mms[22m[39m
 [32m✓[39m src/__tests__/lib/logger.coverage.test.ts[2m > [22mlogger.ts — Full Coverage[2m > [22mlogger.logComplianceAction[2m > [22mshould log export data action[32m 0[2mms[22m[39m
 [32m✓[39m src/__tests__/lib/logger.coverage.test.ts[2m > [22mlogger.ts — Full Coverage[2m > [22mlogger.getBufferedLogs / getRecentLogs[2m > [22mshould return buffered logs[32m 6[2mms[22m[39m
 [32m✓[39m src/__tests__/lib/error-handler.real.test.ts[2m > [22merror-handler - REAL TESTS[2m > [22mErrorCategory enum[2m > [22mshould have all expected categories[32m 18[2mms[22m[39m
 [32m✓[39m src/__tests__/lib/error-handler.real.test.ts[2m > [22merror-handler - REAL TESTS[2m > [22mclassifyError[2m > [22mNetwork errors[2m > [22mshould classify fetch errors as NETWORK[32m 2[2mms[22m[39m
 [32m✓[39m src/__tests__/lib/error-handler.real.test.ts[2m > [22merror-handler - REAL TESTS[2m > [22mclassifyError[2m > [22mNetwork errors[2m > [22mshould classify network errors as NETWORK[32m 5[2mms[22m[39m
 [32m✓[39m src/__tests__/lib/error-handler.real.test.ts[2m > [22merror-handler - REAL TESTS[2m > [22mclassifyError[2m > [22mNetwork errors[2m > [22mshould classify timeout errors as NETWORK[32m 1[2mms[22m[39m
 [32m✓[39m src/__tests__/lib/error-handler.real.test.ts[2m > [22merror-handler - REAL TESTS[2m > [22mclassifyError[2m > [22mNetwork errors[2m > [22mshould classify ECONNREFUSED as NETWORK[32m 2[2mms[22m[39m
 [32m✓[39m src/__tests__/lib/error-handler.real.test.ts[2m > [22merror-handler - REAL TESTS[2m > [22mclassifyError[2m > [22mNetwork errors[2m > [22mshould classify ENOTFOUND as NETWORK[32m 1[2mms[22m[39m
 [32m✓[39m src/__tests__/lib/error-handler.real.test.ts[2m > [22merror-handler - REAL TESTS[2m > [22mclassifyError[2m > [22mAuthentication errors[2m > [22mshould classify unauthorized errors as AUTHENTICATION[32m 7[2mms[22m[39m
 [32m✓[39m src/__tests__/lib/error-handler.real.test.ts[2m > [22merror-handler - REAL TESTS[2m > [22mclassifyError[2m > [22mAuthentication errors[2m > [22mshould classify 401 errors as AUTHENTICATION[32m 4[2mms[22m[39m
 [32m✓[39m src/__tests__/lib/error-handler.real.test.ts[2m > [22merror-handler - REAL TESTS[2m > [22mclassifyError[2m > [22mAuthorization errors[2m > [22mshould classify forbidden errors as AUTHORIZATION[32m 7[2mms[22m[39m
 [32m✓[39m src/__tests__/lib/error-handler.real.test.ts[2m > [22merror-handler - REAL TESTS[2m > [22mclassifyError[2m > [22mAuthorization errors[2m > [22mshould classify 403 errors as AUTHORIZATION[32m 8[2mms[22m[39m
 [32m✓[39m src/__tests__/lib/error-handler.real.test.ts[2m > [22merror-handler - REAL TESTS[2m > [22mclassifyError[2m > [22mNot found errors[2m > [22mshould classify not found errors as NOT_FOUND[32m 1[2mms[22m[39m
 [32m✓[39m src/__tests__/lib/error-handler.real.test.ts[2m > [22merror-handler - REAL TESTS[2m > [22mclassifyError[2m > [22mNot found errors[2m > [22mshould classify 404 errors as NOT_FOUND[32m 1[2mms[22m[39m
 [32m✓[39m src/__tests__/lib/error-handler.real.test.ts[2m > [22merror-handler - REAL TESTS[2m > [22mclassifyError[2m > [22mValidation errors[2m > [22mshould classify validation errors as VALIDATION[32m 1[2mms[22m[39m
 [32m✓[39m src/__tests__/lib/error-handler.real.test.ts[2m > [22merror-handler - REAL TESTS[2m > [22mclassifyError[2m > [22mValidation errors[2m > [22mshould classify invalid errors as VALIDATION[32m 1[2mms[22m[39m
 [32m✓[39m src/__tests__/lib/error-handler.real.test.ts[2m > [22merror-handler - REAL TESTS[2m > [22mclassifyError[2m > [22mValidation errors[2m > [22mshould classify 400 errors as VALIDATION[32m 2[2mms[22m[39m
 [32m✓[39m src/__tests__/lib/error-handler.real.test.ts[2m > [22merror-handler - REAL TESTS[2m > [22mclassifyError[2m > [22mRate limit errors[2m > [22mshould classify rate limit errors as RATE_LIMIT[32m 1[2mms[22m[39m
 [32m✓[39m src/__tests__/lib/error-handler.real.test.ts[2m > [22merror-handler - REAL TESTS[2m > [22mclassifyError[2m > [22mRate limit errors[2m > [22mshould classify 429 errors as RATE_LIMIT[32m 1[2mms[22m[39m
 [32m✓[39m src/__tests__/lib/error-handler.real.test.ts[2m > [22merror-handler - REAL TESTS[2m > [22mclassifyError[2m > [22mConflict errors[2m > [22mshould classify conflict errors as CONFLICT[32m 13[2mms[22m[39m
 [32m✓[39m src/__tests__/lib/error-handler.real.test.ts[2m > [22merror-handler - REAL TESTS[2m > [22mclassifyError[2m > [22mConflict errors[2m > [22mshould classify 409 errors as CONFLICT[32m 1[2mms[22m[39m
 [32m✓[39m src/__tests__/lib/error-handler.real.test.ts[2m > [22merror-handler - REAL TESTS[2m > [22mclassifyError[2m > [22mServer errors[2m > [22mshould classify server errors as SERVER[32m 1[2mms[22m[39m
 [32m✓[39m src/__tests__/lib/error-handler.real.test.ts[2m > [22merror-handler - REAL TESTS[2m > [22mclassifyError[2m > [22mServer errors[2m > [22mshould classify 500 errors as SERVER[32m 1[2mms[22m[39m
 [32m✓[39m src/__tests__/lib/error-handler.real.test.ts[2m > [22merror-handler - REAL TESTS[2m > [22mclassifyError[2m > [22mServer errors[2m > [22mshould classify 502 errors as SERVER[32m 1[2mms[22m[39m
 [32m✓[39m src/__tests__/lib/error-handler.real.test.ts[2m > [22merror-handler - REAL TESTS[2m > [22mclassifyError[2m > [22mServer errors[2m > [22mshould classify 503 errors as SERVER[32m 0[2mms[22m[39m
 [32m✓[39m src/__tests__/lib/error-handler.real.test.ts[2m > [22merror-handler - REAL TESTS[2m > [22mclassifyError[2m > [22mServer errors[2m > [22mshould classify 504 errors as SERVER[32m 0[2mms[22m[39m
 [32m✓[39m src/__tests__/lib/error-handler.real.test.ts[2m > [22merror-handler - REAL TESTS[2m > [22mclassifyError[2m > [22mUnknown errors[2m > [22mshould classify unknown errors as UNKNOWN[32m 1[2mms[22m[39m
 [32m✓[39m src/__tests__/lib/error-handler.real.test.ts[2m > [22merror-handler - REAL TESTS[2m > [22mclassifyError[2m > [22mUnknown errors[2m > [22mshould handle non-Error objects[32m 1[2mms[22m[39m
 [32m✓[39m src/__tests__/lib/error-handler.real.test.ts[2m > [22merror-handler - REAL TESTS[2m > [22mclassifyError[2m > [22mUnknown errors[2m > [22mshould handle null[32m 1[2mms[22m[39m
 [32m✓[39m src/__tests__/lib/error-handler.real.test.ts[2m > [22merror-handler - REAL TESTS[2m > [22mclassifyError[2m > [22mUnknown errors[2m > [22mshould handle undefined[32m 1[2mms[22m[39m
 [32m✓[39m src/__tests__/lib/error-handler.real.test.ts[2m > [22merror-handler - REAL TESTS[2m > [22mclassifyError[2m > [22mshould include suggestions[32m 14[2mms[22m[39m
 [32m✓[39m src/__tests__/lib/ai/predictive.test.ts[2m > [22mPredictiveAI Service[2m > [22mTimelinePrediction Structure[2m > [22mdevrait contenir estimatedDuration[32m 11[2mms[22m[39m
 [32m✓[39m src/__tests__/lib/ai/predictive.test.ts[2m > [22mPredictiveAI Service[2m > [22mTimelinePrediction Structure[2m > [22mdevrait avoir une confidence entre 0 et 1[32m 4[2mms[22m[39m
 [32m✓[39m src/__tests__/lib/ai/predictive.test.ts[2m > [22mPredictiveAI Service[2m > [22mTimelinePrediction Structure[2m > [22mdevrait identifier le chemin critique[32m 3[2mms[22m[39m
 [32m✓[39m src/__tests__/lib/ai/predictive.test.ts[2m > [22mPredictiveAI Service[2m > [22mRiskFactor Structure[2m > [22mdevrait identifier les risques avec sévérité[32m 1[2mms[22m[39m
 [32m✓[39m src/__tests__/lib/ai/predictive.test.ts[2m > [22mPredictiveAI Service[2m > [22mRiskFactor Structure[2m > [22mdevrait supporter les niveaux de sévérité[32m 8[2mms[22m[39m
 [32m✓[39m src/__tests__/lib/ai/predictive.test.ts[2m > [22mPredictiveAI Service[2m > [22mOutcomePrediction Structure[2m > [22mdevrait prédire la probabilité de succès[32m 1[2mms[22m[39m
 [32m✓[39m src/__tests__/lib/ai/predictive.test.ts[2m > [22mPredictiveAI Service[2m > [22mOutcomePrediction Structure[2m > [22mdevrait proposer des stratégies alternatives[32m 1[2mms[22m[39m
 [32m✓[39m src/__tests__/lib/ai/predictive.test.ts[2m > [22mPredictiveAI Service[2m > [22mOutcomePrediction Structure[2m > [22mdevrait recommander des actions[32m 2[2mms[22m[39m
 [32m✓[39m src/__tests__/lib/ai/predictive.test.ts[2m > [22mPredictiveAI Service[2m > [22mFeature Extraction[2m > [22mdevrait extraire le type de dossier[32m 1[2mms[22m[39m
 [32m✓[39m src/__tests__/lib/ai/predictive.test.ts[2m > [22mPredictiveAI Service[2m > [22mFeature Extraction[2m > [22mdevrait évaluer la complexité[32m 1[2mms[22m[39m
 [32m✓[39m src/__tests__/lib/ai/predictive.test.ts[2m > [22mPredictiveAI Service[2m > [22mFeature Extraction[2m > [22mdevrait évaluer la complétude documentaire[32m 2[2mms[22m[39m
 [32m✓[39m src/__tests__/lib/ai/predictive.test.ts[2m > [22mPredictiveAI Service[2m > [22mDuration Calculation[2m > [22mdevrait calculer la durée moyenne[32m 1[2mms[22m[39m
 [32m✓[39m src/__tests__/lib/ai/predictive.test.ts[2m > [22mPredictiveAI Service[2m > [22mDuration Calculation[2m > [22mdevrait appliquer le multiplicateur de complexité[32m 6[2mms[22m[39m
 [32m✓[39m src/__tests__/lib/ai/predictive.test.ts[2m > [22mPredictiveAI Service[2m > [22mDuration Calculation[2m > [22mdevrait appliquer le multiplicateur d'urgence[32m 1[2mms[22m[39m
 [32m✓[39m src/__tests__/lib/ai/predictive.test.ts[2m > [22mPredictiveAI Service[2m > [22mDuration Calculation[2m > [22mdevrait combiner les multiplicateurs[32m 6[2mms[22m[39m
 [32m✓[39m src/__tests__/lib/ai/predictive.test.ts[2m > [22mPredictiveAI Service[2m > [22mConfidence Calculation[2m > [22mdevrait avoir une confidence de base de 0.8[32m 1[2mms[22m[39m
 [32m✓[39m src/__tests__/lib/ai/predictive.test.ts[2m > [22mPredictiveAI Service[2m > [22mConfidence Calculation[2m > [22mdevrait augmenter avec une bonne complétude[32m 1[2mms[22m[39m
 [32m✓[39m src/__tests__/lib/ai/predictive.test.ts[2m > [22mPredictiveAI Service[2m > [22mConfidence Calculation[2m > [22mdevrait augmenter avec faible complexité[32m 0[2mms[22m[39m
 [32m✓[39m src/__tests__/lib/ai/predictive.test.ts[2m > [22mPredictiveAI Service[2m > [22mConfidence Calculation[2m > [22mdevrait être plafonné à 0.95[32m 0[2mms[22m[39m
 [32m✓[39m src/__tests__/lib/ai/predictive.test.ts[2m > [22mPredictiveAI Service[2m > [22mType de dossier et prédictions[2m > [22mVISA devrait être le plus rapide[32m 0[2mms[22m[39m
 [32m✓[39m src/__tests__/lib/ai/predictive.test.ts[2m > [22mPredictiveAI Service[2m > [22mType de dossier et prédictions[2m > [22mNATURALISATION devrait être le plus long[32m 0[2mms[22m[39m
 [32m✓[39m src/__tests__/lib/ai/predictive.test.ts[2m > [22mPredictiveAI Service[2m > [22mType de dossier et prédictions[2m > [22mRECOURS_OQTF devrait être urgent (90j)[32m 0[2mms[22m[39m
 [32m✓[39m src/__tests__/lib/ai/predictive.test.ts[2m > [22mPredictiveAI Service[2m > [22mRisk Analysis[2m > [22mdevrait identifier les risques de délai[32m 4[2mms[22m[39m
 [32m✓[39m src/__tests__/lib/ai/predictive.test.ts[2m > [22mPredictiveAI Service[2m > [22mRisk Analysis[2m > [22mdevrait identifier les risques documentaires[32m 1[2mms[22m[39m
 [32m✓[39m src/__tests__/lib/ai/predictive.test.ts[2m > [22mPredictiveAI Service[2m > [22mStrategy Generation[2m > [22mdevrait suggérer des stratégies basées sur la probabilité[32m 10[2mms[22m[39m
 [32m✓[39m src/__tests__/lib/ai/predictive.test.ts[2m > [22mPredictiveAI Service[2m > [22mSuccess Probability Calculation[2m > [22mdevrait calculer la probabilité basée sur jurisprudence[32m 1[2mms[22m[39m
 [32m✓[39m src/__tests__/lib/ai/predictive.test.ts[2m > [22mPredictiveAI Service[2m > [22mSuccess Probability Calculation[2m > [22mdevrait ajuster pour le type de dossier[32m 1[2mms[22m[39m
[90mstdout[2m | src/__tests__/security/two-factor-auth.coverage.test.ts
[22m[39m◇ injected env (9) from .env.test // tip: ⌘ custom filepath { path: '/custom/path/.env' }

[90mstdout[2m | src/__tests__/lib/templates/templateEngine.real.test.ts
[22m[39m◇ injected env (9) from .env.test // tip: ⌘ custom filepath { path: '/custom/path/.env' }

 [32m✓[39m src/__tests__/security/two-factor-auth.coverage.test.ts[2m > [22mtwo-factor-auth.ts — Full Coverage[2m > [22mgenerate2FASecret[2m > [22mshould generate secret and QR URL[32m 7[2mms[22m[39m
 [32m✓[39m src/__tests__/security/two-factor-auth.coverage.test.ts[2m > [22mtwo-factor-auth.ts — Full Coverage[2m > [22mgenerateQRCode[2m > [22mshould generate QR code data URL[32m 1[2mms[22m[39m
 [32m✓[39m src/__tests__/security/two-factor-auth.coverage.test.ts[2m > [22mtwo-factor-auth.ts — Full Coverage[2m > [22mgenerateQRCode[2m > [22mshould throw on error[32m 24[2mms[22m[39m
 [32m✓[39m src/__tests__/security/two-factor-auth.coverage.test.ts[2m > [22mtwo-factor-auth.ts — Full Coverage[2m > [22mverify2FAToken[2m > [22mshould return true for valid token[32m 1[2mms[22m[39m
 [32m✓[39m src/__tests__/security/two-factor-auth.coverage.test.ts[2m > [22mtwo-factor-auth.ts — Full Coverage[2m > [22mverify2FAToken[2m > [22mshould return false for invalid token[32m 2[2mms[22m[39m
 [32m✓[39m src/__tests__/security/two-factor-auth.coverage.test.ts[2m > [22mtwo-factor-auth.ts — Full Coverage[2m > [22mverify2FAToken[2m > [22mshould return false on error[32m 10[2mms[22m[39m
 [32m✓[39m src/__tests__/security/two-factor-auth.coverage.test.ts[2m > [22mtwo-factor-auth.ts — Full Coverage[2m > [22mgenerateBackupCodes[2m > [22mshould generate 10 codes by default[32m 5[2mms[22m[39m
 [32m✓[39m src/__tests__/security/two-factor-auth.coverage.test.ts[2m > [22mtwo-factor-auth.ts — Full Coverage[2m > [22mgenerateBackupCodes[2m > [22mshould generate custom number of codes[32m 5[2mms[22m[39m
 [32m✓[39m src/__tests__/security/two-factor-auth.coverage.test.ts[2m > [22mtwo-factor-auth.ts — Full Coverage[2m > [22mgenerateBackupCodes[2m > [22mshould generate unique codes[32m 7[2mms[22m[39m
 [32m✓[39m src/__tests__/security/two-factor-auth.coverage.test.ts[2m > [22mtwo-factor-auth.ts — Full Coverage[2m > [22mhashBackupCode[2m > [22mshould return SHA256 hash[32m 3[2mms[22m[39m
 [32m✓[39m src/__tests__/security/two-factor-auth.coverage.test.ts[2m > [22mtwo-factor-auth.ts — Full Coverage[2m > [22mhashBackupCode[2m > [22mshould be deterministic[32m 1[2mms[22m[39m
 [32m✓[39m src/__tests__/security/two-factor-auth.coverage.test.ts[2m > [22mtwo-factor-auth.ts — Full Coverage[2m > [22mhashBackupCode[2m > [22mshould be different for different codes[32m 4[2mms[22m[39m
 [32m✓[39m src/__tests__/security/two-factor-auth.coverage.test.ts[2m > [22mtwo-factor-auth.ts — Full Coverage[2m > [22mverifyBackupCode[2m > [22mshould return true for valid backup code[32m 1[2mms[22m[39m
 [32m✓[39m src/__tests__/security/two-factor-auth.coverage.test.ts[2m > [22mtwo-factor-auth.ts — Full Coverage[2m > [22mverifyBackupCode[2m > [22mshould return false for invalid backup code[32m 2[2mms[22m[39m
 [32m✓[39m src/__tests__/security/two-factor-auth.coverage.test.ts[2m > [22mtwo-factor-auth.ts — Full Coverage[2m > [22mis2FARequired[2m > [22mshould require 2FA for SUPER_ADMIN[32m 1[2mms[22m[39m
 [32m✓[39m src/__tests__/security/two-factor-auth.coverage.test.ts[2m > [22mtwo-factor-auth.ts — Full Coverage[2m > [22mis2FARequired[2m > [22mshould require 2FA for ADMIN[32m 1[2mms[22m[39m
 [32m✓[39m src/__tests__/security/two-factor-auth.coverage.test.ts[2m > [22mtwo-factor-auth.ts — Full Coverage[2m > [22mis2FARequired[2m > [22mshould not require 2FA for USER[32m 2[2mms[22m[39m
 [32m✓[39m src/__tests__/security/two-factor-auth.coverage.test.ts[2m > [22mtwo-factor-auth.ts — Full Coverage[2m > [22mis2FARequired[2m > [22mshould not require 2FA for LAWYER[32m 0[2mms[22m[39m
 [32m✓[39m src/__tests__/security/two-factor-auth.coverage.test.ts[2m > [22mtwo-factor-auth.ts — Full Coverage[2m > [22msetup2FA[2m > [22mshould return complete setup data[32m 2[2mms[22m[39m
 [32m✓[39m src/__tests__/security/two-factor-auth.coverage.test.ts[2m > [22mtwo-factor-auth.ts — Full Coverage[2m > [22mvalidate2FALogin[2m > [22mshould succeed with valid TOTP token[32m 1[2mms[22m[39m
 [32m✓[39m src/__tests__/security/two-factor-auth.coverage.test.ts[2m > [22mtwo-factor-auth.ts — Full Coverage[2m > [22mvalidate2FALogin[2m > [22mshould succeed with valid backup code[32m 2[2mms[22m[39m
 [32m✓[39m src/__tests__/security/two-factor-auth.coverage.test.ts[2m > [22mtwo-factor-auth.ts — Full Coverage[2m > [22mvalidate2FALogin[2m > [22mshould fail with invalid token and invalid backup[32m 1[2mms[22m[39m
 [32m✓[39m src/__tests__/security/two-factor-auth.coverage.test.ts[2m > [22mtwo-factor-auth.ts — Full Coverage[2m > [22mrequire2FA decorator[2m > [22mshould throw when 2FA not verified for admin[32m 2[2mms[22m[39m
 [32m✓[39m src/__tests__/security/two-factor-auth.coverage.test.ts[2m > [22mtwo-factor-auth.ts — Full Coverage[2m > [22mrequire2FA decorator[2m > [22mshould allow when 2FA verified[32m 2[2mms[22m[39m
 [32m✓[39m src/__tests__/security/two-factor-auth.coverage.test.ts[2m > [22mtwo-factor-auth.ts — Full Coverage[2m > [22mrequire2FA decorator[2m > [22mshould allow non-admin roles without 2FA[32m 1[2mms[22m[39m
 [32m✓[39m src/__tests__/lib/templates/templateEngine.real.test.ts[2m > [22mtemplateEngine - Variables globales[2m > [22mGLOBAL_VARIABLES[2m > [22mdevrait contenir les variables du cabinet[32m 11[2mms[22m[39m
 [32m✓[39m src/__tests__/lib/templates/templateEngine.real.test.ts[2m > [22mtemplateEngine - Variables globales[2m > [22mGLOBAL_VARIABLES[2m > [22mdevrait contenir date_jour et annee[32m 2[2mms[22m[39m
 [32m✓[39m src/__tests__/lib/templates/templateEngine.real.test.ts[2m > [22mtemplateEngine - Variables globales[2m > [22mGLOBAL_VARIABLES[2m > [22mdevrait avoir des types valides[32m 3[2mms[22m[39m
 [32m✓[39m src/__tests__/lib/templates/templateEngine.real.test.ts[2m > [22mtemplateEngine - Variables globales[2m > [22mCLIENT_VARIABLES[2m > [22mdevrait contenir les variables client[32m 3[2mms[22m[39m
 [32m✓[39m src/__tests__/lib/templates/templateEngine.real.test.ts[2m > [22mtemplateEngine - Variables globales[2m > [22mCLIENT_VARIABLES[2m > [22mdevrait avoir client_nom comme requis[32m 1[2mms[22m[39m
 [32m✓[39m src/__tests__/lib/templates/templateEngine.real.test.ts[2m > [22mtemplateEngine - Variables globales[2m > [22mDOSSIER_VARIABLES[2m > [22mdevrait contenir les variables dossier[32m 1[2mms[22m[39m
 [32m✓[39m src/__tests__/lib/templates/templateEngine.real.test.ts[2m > [22mrenderTemplate[2m > [22mdevrait remplacer une variable simple[32m 5[2mms[22m[39m
 [32m✓[39m src/__tests__/lib/templates/templateEngine.real.test.ts[2m > [22mrenderTemplate[2m > [22mdevrait remplacer plusieurs variables[32m 1[2mms[22m[39m
 [32m✓[39m src/__tests__/lib/templates/templateEngine.real.test.ts[2m > [22mrenderTemplate[2m > [22mdevrait gérer les variables numériques[32m 1[2mms[22m[39m
 [32m✓[39m src/__tests__/lib/templates/templateEngine.real.test.ts[2m > [22mrenderTemplate[2m > [22mdevrait ignorer les variables non définies[32m 2[2mms[22m[39m
 [32m✓[39m src/__tests__/lib/templates/templateEngine.real.test.ts[2m > [22mrenderTemplate[2m > [22mdevrait gérer les espaces dans les variables[32m 2[2mms[22m[39m
 [32m✓[39m src/__tests__/lib/templates/templateEngine.real.test.ts[2m > [22mrenderTemplate[2m > [22mdevrait remplacer plusieurs occurrences[32m 1[2mms[22m[39m
 [32m✓[39m src/__tests__/lib/templates/templateEngine.real.test.ts[2m > [22mrenderTemplate[2m > [22mdevrait retourner un template vide[32m 1[2mms[22m[39m
 [32m✓[39m src/__tests__/lib/templates/templateEngine.real.test.ts[2m > [22mrenderTemplate[2m > [22mdevrait gérer un objet de valeurs vide[32m 2[2mms[22m[39m
 [32m✓[39m src/__tests__/lib/templates/templateEngine.real.test.ts[2m > [22mextractVariables[2m > [22mdevrait être définie[32m 1[2mms[22m[39m
 [32m✓[39m src/__tests__/lib/templates/templateEngine.real.test.ts[2m > [22mextractVariables[2m > [22mdevrait retourner un tableau[32m 1[2mms[22m[39m
 [32m✓[39m src/__tests__/lib/templates/templateEngine.real.test.ts[2m > [22mextractVariables[2m > [22mdevrait retourner un tableau vide pour un texte sans pattern[32m 3[2mms[22m[39m
 [32m✓[39m src/__tests__/lib/templates/templateEngine.real.test.ts[2m > [22mextractVariables[2m > [22mdevrait retourner un tableau pour un template vide[32m 1[2mms[22m[39m
 [32m✓[39m src/__tests__/lib/templates/templateEngine.real.test.ts[2m > [22mvalidateTemplate[2m > [22mdevrait valider avec toutes les variables requises[32m 2[2mms[22m[39m
 [32m✓[39m src/__tests__/lib/templates/templateEngine.real.test.ts[2m > [22mvalidateTemplate[2m > [22mdevrait échouer avec une variable requise manquante[32m 5[2mms[22m[39m
 [32m✓[39m src/__tests__/lib/templates/templateEngine.real.test.ts[2m > [22mvalidateTemplate[2m > [22mdevrait ignorer les variables optionnelles manquantes[32m 1[2mms[22m[39m
 [32m✓[39m src/__tests__/lib/templates/templateEngine.real.test.ts[2m > [22mvalidateTemplate[2m > [22mdevrait lister plusieurs variables manquantes[32m 1[2mms[22m[39m
 [32m✓[39m src/__tests__/lib/templates/templateEngine.real.test.ts[2m > [22mformatValue[2m > [22mdevrait formater une date[32m 39[2mms[22m[39m
 [32m✓[39m src/__tests__/lib/templates/templateEngine.real.test.ts[2m > [22mformatValue[2m > [22mdevrait retourner la valeur string pour une date string[32m 1[2mms[22m[39m
 [32m✓[39m src/__tests__/lib/templates/templateEngine.real.test.ts[2m > [22mformatValue[2m > [22mdevrait formater un nombre avec locale FR[32m 9[2mms[22m[39m
 [32m✓[39m src/__tests__/lib/templates/templateEngine.real.test.ts[2m > [22mformatValue[2m > [22mdevrait retourner string pour un nombre non-number[32m 1[2mms[22m[39m
 [32m✓[39m src/__tests__/lib/templates/templateEngine.real.test.ts[2m > [22mformatValue[2m > [22mdevrait gérer le type email[32m 1[2mms[22m[39m
 [32m✓[39m src/__tests__/lib/templates/templateEngine.real.test.ts[2m > [22mformatValue[2m > [22mdevrait gérer le type text[32m 0[2mms[22m[39m
 [32m✓[39m src/__tests__/lib/templates/templateEngine.real.test.ts[2m > [22mformatValue[2m > [22mdevrait gérer les valeurs null/undefined[32m 1[2mms[22m[39m
 [32m✓[39m src/__tests__/lib/templates/templateEngine.real.test.ts[2m > [22mgetDefaultValues[2m > [22mdevrait retourner les valeurs par défaut[32m 2[2mms[22m[39m
 [32m✓[39m src/__tests__/lib/templates/templateEngine.real.test.ts[2m > [22mgetDefaultValues[2m > [22mdevrait avoir l'année courante[32m 2[2mms[22m[39m
 [32m✓[39m src/__tests__/lib/templates/templateEngine.real.test.ts[2m > [22mgetDefaultValues[2m > [22mdevrait avoir une date formatée[32m 2[2mms[22m[39m
 [32m✓[39m src/__tests__/lib/templates/templateEngine.real.test.ts[2m > [22mDEFAULT_TEMPLATES[2m > [22mdevrait contenir des templates prédéfinis[32m 3[2mms[22m[39m
 [32m✓[39m src/__tests__/lib/templates/templateEngine.real.test.ts[2m > [22mDEFAULT_TEMPLATES[2m > [22mchaque template devrait avoir un nom et une catégorie[32m 3[2mms[22m[39m
 [32m✓[39m src/__tests__/lib/templates/templateEngine.real.test.ts[2m > [22mDEFAULT_TEMPLATES[2m > [22mchaque template devrait avoir du contenu[32m 1[2mms[22m[39m
 [32m✓[39m src/__tests__/lib/templates/templateEngine.real.test.ts[2m > [22mDEFAULT_TEMPLATES[2m > [22mchaque template devrait avoir des variables définies[32m 1[2mms[22m[39m
 [32m✓[39m src/__tests__/lib/templates/templateEngine.real.test.ts[2m > [22mIntégration - Génération de document[2m > [22mdevrait générer un document complet[32m 2[2mms[22m[39m
 [32m✓[39m src/__tests__/lib/templates/templateEngine.real.test.ts[2m > [22mIntégration - Génération de document[2m > [22mdevrait valider puis rendre un template[32m 1[2mms[22m[39m
[90mstdout[2m | src/__tests__/lib/utils/rgpd-helpers.coverage.test.ts
[22m[39m◇ injected env (9) from .env.test // tip: ◈ encrypted .env [www.dotenvx.com]

[90mstdout[2m | src/__tests__/api/auth/register.test.ts
[22m[39m◇ injected env (9) from .env.test // tip: ⌘ override existing { override: true }

 [32m✓[39m src/__tests__/lib/utils/rgpd-helpers.coverage.test.ts[2m > [22mrgpd-helpers.ts — Full Coverage[2m > [22manonymizeForAI[2m > [22mshould anonymize email fields[32m 8[2mms[22m[39m
 [32m✓[39m src/__tests__/lib/utils/rgpd-helpers.coverage.test.ts[2m > [22mrgpd-helpers.ts — Full Coverage[2m > [22manonymizeForAI[2m > [22mshould anonymize phone fields[32m 2[2mms[22m[39m
 [32m✓[39m src/__tests__/lib/utils/rgpd-helpers.coverage.test.ts[2m > [22mrgpd-helpers.ts — Full Coverage[2m > [22manonymizeForAI[2m > [22mshould anonymize name fields[32m 2[2mms[22m[39m
 [32m✓[39m src/__tests__/lib/utils/rgpd-helpers.coverage.test.ts[2m > [22mrgpd-helpers.ts — Full Coverage[2m > [22manonymizeForAI[2m > [22mshould anonymize address fields[32m 2[2mms[22m[39m
 [32m✓[39m src/__tests__/lib/utils/rgpd-helpers.coverage.test.ts[2m > [22mrgpd-helpers.ts — Full Coverage[2m > [22manonymizeForAI[2m > [22mshould anonymize other sensitive fields[32m 3[2mms[22m[39m
 [32m✓[39m src/__tests__/lib/utils/rgpd-helpers.coverage.test.ts[2m > [22mrgpd-helpers.ts — Full Coverage[2m > [22manonymizeForAI[2m > [22mshould preserve non-sensitive fields[32m 1[2mms[22m[39m
 [32m✓[39m src/__tests__/lib/utils/rgpd-helpers.coverage.test.ts[2m > [22mrgpd-helpers.ts — Full Coverage[2m > [22manonymizeForAI[2m > [22mshould not modify fields that are not present[32m 5[2mms[22m[39m
 [32m✓[39m src/__tests__/lib/utils/rgpd-helpers.coverage.test.ts[2m > [22mrgpd-helpers.ts — Full Coverage[2m > [22mhasRGPDConsent[2m > [22mshould return true when consent is given[32m 4[2mms[22m[39m
 [32m✓[39m src/__tests__/lib/utils/rgpd-helpers.coverage.test.ts[2m > [22mrgpd-helpers.ts — Full Coverage[2m > [22mhasRGPDConsent[2m > [22mshould return false when no consent[32m 3[2mms[22m[39m
 [32m✓[39m src/__tests__/lib/utils/rgpd-helpers.coverage.test.ts[2m > [22mrgpd-helpers.ts — Full Coverage[2m > [22mhasRGPDConsent[2m > [22mshould return false when consent true but no date[32m 3[2mms[22m[39m
 [32m✓[39m src/__tests__/lib/utils/rgpd-helpers.coverage.test.ts[2m > [22mrgpd-helpers.ts — Full Coverage[2m > [22mhasRGPDConsent[2m > [22mshould return false when client not found[32m 1[2mms[22m[39m
 [32m✓[39m src/__tests__/lib/utils/rgpd-helpers.coverage.test.ts[2m > [22mrgpd-helpers.ts — Full Coverage[2m > [22mrecordConsent[2m > [22mshould update client and log action[32m 16[2mms[22m[39m
 [32m✓[39m src/__tests__/lib/utils/rgpd-helpers.coverage.test.ts[2m > [22mrgpd-helpers.ts — Full Coverage[2m > [22mexportClientData[2m > [22mshould export client data with dossiers[32m 5[2mms[22m[39m
 [32m✓[39m src/__tests__/lib/utils/rgpd-helpers.coverage.test.ts[2m > [22mrgpd-helpers.ts — Full Coverage[2m > [22mexportClientData[2m > [22mshould throw when client not found[32m 17[2mms[22m[39m
 [32m✓[39m src/__tests__/lib/utils/rgpd-helpers.coverage.test.ts[2m > [22mrgpd-helpers.ts — Full Coverage[2m > [22mexportClientData[2m > [22mshould throw on tenant mismatch[32m 5[2mms[22m[39m
 [32m✓[39m src/__tests__/lib/utils/rgpd-helpers.coverage.test.ts[2m > [22mrgpd-helpers.ts — Full Coverage[2m > [22manonymizeClientData[2m > [22mshould anonymize client data[32m 17[2mms[22m[39m
 [32m✓[39m src/__tests__/lib/utils/rgpd-helpers.coverage.test.ts[2m > [22mrgpd-helpers.ts — Full Coverage[2m > [22manonymizeClientData[2m > [22mshould throw on tenant mismatch[32m 2[2mms[22m[39m
 [32m✓[39m src/__tests__/lib/utils/rgpd-helpers.coverage.test.ts[2m > [22mrgpd-helpers.ts — Full Coverage[2m > [22manonymizeClientData[2m > [22mshould throw when client not found[32m 2[2mms[22m[39m
 [32m✓[39m src/__tests__/lib/utils/rgpd-helpers.coverage.test.ts[2m > [22mrgpd-helpers.ts — Full Coverage[2m > [22mvalidateDataProcessing[2m > [22mshould allow with consent and non-sensitive data[32m 1[2mms[22m[39m
 [32m✓[39m src/__tests__/lib/utils/rgpd-helpers.coverage.test.ts[2m > [22mrgpd-helpers.ts — Full Coverage[2m > [22mvalidateDataProcessing[2m > [22mshould deny without consent[32m 1[2mms[22m[39m
 [32m✓[39m src/__tests__/lib/utils/rgpd-helpers.coverage.test.ts[2m > [22mrgpd-helpers.ts — Full Coverage[2m > [22mvalidateDataProcessing[2m > [22mshould deny sensitive data types[32m 1[2mms[22m[39m
 [32m✓[39m src/__tests__/lib/utils/rgpd-helpers.coverage.test.ts[2m > [22mrgpd-helpers.ts — Full Coverage[2m > [22mvalidateDataProcessing[2m > [22mshould deny criminal data[32m 1[2mms[22m[39m
 [32m✓[39m src/__tests__/lib/utils/rgpd-helpers.coverage.test.ts[2m > [22mrgpd-helpers.ts — Full Coverage[2m > [22mvalidateDataProcessing[2m > [22mshould deny biometric data[32m 1[2mms[22m[39m
 [32m✓[39m src/__tests__/lib/utils/rgpd-helpers.coverage.test.ts[2m > [22mrgpd-helpers.ts — Full Coverage[2m > [22mlogDataAccess[2m > [22mshould log access via logger.audit[32m 3[2mms[22m[39m
 [32m✓[39m src/__tests__/api/auth/register.test.ts[2m > [22mPOST /api/auth/register[2m > [22mretourne 400 si champs obligatoires manquants[32m 71[2mms[22m[39m
 [32m✓[39m src/__tests__/api/auth/register.test.ts[2m > [22mPOST /api/auth/register[2m > [22mretourne 400 si mot de passe trop faible[32m 6[2mms[22m[39m
 [32m✓[39m src/__tests__/api/auth/register.test.ts[2m > [22mPOST /api/auth/register[2m > [22mretourne 409 si email déjà utilisé[32m 7[2mms[22m[39m
 [32m✓[39m src/__tests__/api/auth/register.test.ts[2m > [22mPOST /api/auth/register[2m > [22mretourne 400 si plan invalide[32m 6[2mms[22m[39m
 [32m✓[39m src/__tests__/api/auth/register.test.ts[2m > [22mPOST /api/auth/register[2m > [22mretourne 200 avec user et tenant en cas de succès[32m 14[2mms[22m[39m
 [32m✓[39m src/__tests__/api/auth/register.test.ts[2m > [22mPOST /api/auth/register[2m > [22mretourne 503 si base de données indisponible[32m 9[2mms[22m[39m
[90mstdout[2m | src/__tests__/compliance/gdpr-right-to-erasure.test.ts
[22m[39m◇ injected env (9) from .env.test // tip: ⌁ auth for agents [www.vestauth.com]

 [32m✓[39m src/__tests__/lib/error-handler.real.test.ts[2m > [22merror-handler - REAL TESTS[2m > [22mclassifyError[2m > [22mshould preserve original error[32m 1[2mms[22m[39m
 [32m✓[39m src/__tests__/lib/error-handler.real.test.ts[2m > [22merror-handler - REAL TESTS[2m > [22mgetErrorStatusCode[2m > [22mshould extract status from object with status property[32m 2[2mms[22m[39m
 [32m✓[39m src/__tests__/lib/error-handler.real.test.ts[2m > [22merror-handler - REAL TESTS[2m > [22mgetErrorStatusCode[2m > [22mshould return undefined for error without status[32m 1[2mms[22m[39m
 [32m✓[39m src/__tests__/lib/error-handler.real.test.ts[2m > [22merror-handler - REAL TESTS[2m > [22mgetErrorStatusCode[2m > [22mshould return undefined for null[32m 0[2mms[22m[39m
 [32m✓[39m src/__tests__/lib/error-handler.real.test.ts[2m > [22merror-handler - REAL TESTS[2m > [22mgetErrorStatusCode[2m > [22mshould return undefined for string[32m 1[2mms[22m[39m
 [32m✓[39m src/__tests__/lib/error-handler.real.test.ts[2m > [22merror-handler - REAL TESTS[2m > [22misRetryableError[2m > [22mshould return true for retryable errors[32m 17[2mms[22m[39m
 [32m✓[39m src/__tests__/lib/error-handler.real.test.ts[2m > [22merror-handler - REAL TESTS[2m > [22misRetryableError[2m > [22mshould return false for non-retryable errors[32m 1[2mms[22m[39m
 [32m✓[39m src/__tests__/lib/error-handler.real.test.ts[2m > [22merror-handler - REAL TESTS[2m > [22misRetryableError[2m > [22mshould return false for validation errors[32m 1[2mms[22m[39m
 [32m✓[39m src/__tests__/lib/error-handler.real.test.ts[2m > [22merror-handler - REAL TESTS[2m > [22misRetryableError[2m > [22mshould return true for server errors[32m 1[2mms[22m[39m
 [32m✓[39m src/__tests__/lib/error-handler.real.test.ts[2m > [22merror-handler - REAL TESTS[2m > [22mgetRetryDelay[2m > [22mshould return retryDelay from error[32m 1[2mms[22m[39m
 [32m✓[39m src/__tests__/lib/error-handler.real.test.ts[2m > [22merror-handler - REAL TESTS[2m > [22mgetRetryDelay[2m > [22mshould return default 3000ms when no retryDelay[32m 1[2mms[22m[39m
 [32m✓[39m src/__tests__/lib/error-handler.real.test.ts[2m > [22merror-handler - REAL TESTS[2m > [22mgetRetryDelay[2m > [22mshould return network error delay[32m 1[2mms[22m[39m
 [32m✓[39m src/__tests__/lib/error-handler.real.test.ts[2m > [22merror-handler - REAL TESTS[2m > [22mformatErrorForLogging[2m > [22mshould format error for logging[32m 24[2mms[22m[39m
 [32m✓[39m src/__tests__/lib/error-handler.real.test.ts[2m > [22merror-handler - REAL TESTS[2m > [22mformatErrorForLogging[2m > [22mshould include statusCode when present[32m 5[2mms[22m[39m
 [32m✓[39m src/__tests__/lib/error-handler.real.test.ts[2m > [22merror-handler - REAL TESTS[2m > [22mformatErrorForLogging[2m > [22mshould include stack trace[32m 3[2mms[22m[39m
 [32m✓[39m src/__tests__/lib/error-handler.real.test.ts[2m > [22merror-handler - REAL TESTS[2m > [22mcreateErrorFromResponse[2m > [22mshould create error from Response with JSON body[32m 1[2mms[22m[39m
 [32m✓[39m src/__tests__/lib/error-handler.real.test.ts[2m > [22merror-handler - REAL TESTS[2m > [22mcreateErrorFromResponse[2m > [22mshould use message from response JSON[32m 3[2mms[22m[39m
 [32m✓[39m src/__tests__/lib/error-handler.real.test.ts[2m > [22merror-handler - REAL TESTS[2m > [22mcreateErrorFromResponse[2m > [22mshould use default message on JSON parse error[32m 2[2mms[22m[39m
 [32m✓[39m src/__tests__/lib/error-handler.real.test.ts[2m > [22merror-handler - REAL TESTS[2m > [22mwithErrorHandling[2m > [22mshould pass through successful results[32m 4[2mms[22m[39m
 [32m✓[39m src/__tests__/lib/error-handler.real.test.ts[2m > [22merror-handler - REAL TESTS[2m > [22mwithErrorHandling[2m > [22mshould classify and rethrow errors[32m 8[2mms[22m[39m
 [32m✓[39m src/__tests__/lib/error-handler.real.test.ts[2m > [22merror-handler - REAL TESTS[2m > [22mwithErrorHandling[2m > [22mshould call onError callback[32m 4[2mms[22m[39m
 [32m✓[39m src/__tests__/lib/error-handler.real.test.ts[2m > [22merror-handler - REAL TESTS[2m > [22mwithErrorHandling[2m > [22mshould preserve function arguments[32m 6[2mms[22m[39m
 [32m✓[39m src/__tests__/lib/error-handler.real.test.ts[2m > [22merror-handler - REAL TESTS[2m > [22mError classification integration[2m > [22mshould handle complete error flow[32m 2[2mms[22m[39m
 [32m✓[39m src/__tests__/lib/error-handler.real.test.ts[2m > [22merror-handler - REAL TESTS[2m > [22mError classification integration[2m > [22mshould provide user-friendly messages for all categories[32m 2[2mms[22m[39m
 [32m✓[39m src/__tests__/compliance/gdpr-right-to-erasure.test.ts[2m > [22mRGPD — Droit à l'oubli (Article 17) — E2E[2m > [22mcheckLegalRetention[2m > [22mautorise la suppression si dossier inexistant[32m 15[2mms[22m[39m
 [32m✓[39m src/__tests__/compliance/gdpr-right-to-erasure.test.ts[2m > [22mRGPD — Droit à l'oubli (Article 17) — E2E[2m > [22mcheckLegalRetention[2m > [22mbloque si dossier encore actif (non clôturé)[32m 2[2mms[22m[39m
 [32m✓[39m src/__tests__/compliance/gdpr-right-to-erasure.test.ts[2m > [22mRGPD — Droit à l'oubli (Article 17) — E2E[2m > [22mcheckLegalRetention[2m > [22mbloque si dossier clôturé depuis moins de 5 ans[32m 75[2mms[22m[39m
 [32m✓[39m src/__tests__/compliance/gdpr-right-to-erasure.test.ts[2m > [22mRGPD — Droit à l'oubli (Article 17) — E2E[2m > [22mcheckLegalRetention[2m > [22mautorise la suppression si dossier clôturé depuis plus de 5 ans[32m 6[2mms[22m[39m
[90mstdout[2m | src/__tests__/compliance/gdpr-right-to-erasure.test.ts[2m > [22m[2mRGPD — Droit à l'oubli (Article 17) — E2E[2m > [22m[2mrequestDeletion[2m > [22m[2mplanifie la suppression à J+30 si pas d'abonnement actif
[22m[39mDeletion scheduled for user user-test-rgpd on Sun Oct 04 2026 17:17:54 GMT+0200 (Central European Summer Time)

[90mstdout[2m | src/__tests__/compliance/gdpr-right-to-erasure.test.ts[2m > [22m[2mRGPD — Droit à l'oubli (Article 17) — E2E[2m > [22m[2mcancelDeletion[2m > [22m[2mannule la demande de suppression planifiée
[22m[39mDeletion cancelled for user user-test-rgpd

[90mstdout[2m | src/__tests__/compliance/gdpr-right-to-erasure.test.ts[2m > [22m[2mRGPD — Droit à l'oubli (Article 17) — E2E[2m > [22m[2mrunRightToErasureE2E[2m > [22m[2mexécute le flux complet de bout en bout
[22m[39mDeletion scheduled for user user-test-rgpd on Sun Oct 04 2026 17:17:54 GMT+0200 (Central European Summer Time)

 [32m✓[39m src/__tests__/compliance/gdpr-right-to-erasure.test.ts[2m > [22mRGPD — Droit à l'oubli (Article 17) — E2E[2m > [22mcheckLegalRetention[2m > [22mrespecte DATA_RETENTION.legalFiles = 1825 jours (5 ans)[32m 1[2mms[22m[39m
 [32m✓[39m src/__tests__/compliance/gdpr-right-to-erasure.test.ts[2m > [22mRGPD — Droit à l'oubli (Article 17) — E2E[2m > [22mrequestDeletion[2m > [22mrefuse si abonnement actif[32m 11[2mms[22m[39m
 [32m✓[39m src/__tests__/compliance/gdpr-right-to-erasure.test.ts[2m > [22mRGPD — Droit à l'oubli (Article 17) — E2E[2m > [22mrequestDeletion[2m > [22mplanifie la suppression à J+30 si pas d'abonnement actif[32m 13[2mms[22m[39m
 [32m✓[39m src/__tests__/compliance/gdpr-right-to-erasure.test.ts[2m > [22mRGPD — Droit à l'oubli (Article 17) — E2E[2m > [22mcancelDeletion[2m > [22mannule la demande de suppression planifiée[32m 9[2mms[22m[39m
 [32m✓[39m src/__tests__/compliance/gdpr-right-to-erasure.test.ts[2m > [22mRGPD — Droit à l'oubli (Article 17) — E2E[2m > [22mexecuteDeletion — flux complet[2m > [22manonymise l'email utilisateur[32m 6[2mms[22m[39m
 [32m✓[39m src/__tests__/compliance/gdpr-right-to-erasure.test.ts[2m > [22mRGPD — Droit à l'oubli (Article 17) — E2E[2m > [22mexecuteDeletion — flux complet[2m > [22manonymise les logs d'audit (userId → DELETED)[32m 4[2mms[22m[39m
 [32m✓[39m src/__tests__/compliance/gdpr-right-to-erasure.test.ts[2m > [22mRGPD — Droit à l'oubli (Article 17) — E2E[2m > [22mexecuteDeletion — flux complet[2m > [22mne supprime pas les emails partagés du tenant[32m 1[2mms[22m[39m
 [32m✓[39m src/__tests__/compliance/gdpr-right-to-erasure.test.ts[2m > [22mRGPD — Droit à l'oubli (Article 17) — E2E[2m > [22mexecuteDeletion — flux complet[2m > [22mmarque la demande de suppression comme completed[32m 2[2mms[22m[39m
 [32m✓[39m src/__tests__/compliance/gdpr-right-to-erasure.test.ts[2m > [22mRGPD — Droit à l'oubli (Article 17) — E2E[2m > [22mexecuteDeletion — flux complet[2m > [22mNE supprime PAS les emails si dossiers sous rétention légale[32m 4[2mms[22m[39m
 [32m✓[39m src/__tests__/compliance/gdpr-right-to-erasure.test.ts[2m > [22mRGPD — Droit à l'oubli (Article 17) — E2E[2m > [22mrunRightToErasureE2E[2m > [22mexécute le flux complet de bout en bout[32m 16[2mms[22m[39m
[90mstdout[2m | src/__tests__/hooks/useAuth.test.tsx
[22m[39m◇ injected env (9) from .env.test // tip: ⌘ suppress logs { quiet: true }

 [32m✓[39m src/__tests__/lib/logger.coverage.test.ts[2m > [22mlogger.ts — Full Coverage[2m > [22mlogger.getBufferedLogs / getRecentLogs[2m > [22mshould return recent logs with limit[32m 1[2mms[22m[39m
 [32m✓[39m src/__tests__/lib/logger.coverage.test.ts[2m > [22mlogger.ts — Full Coverage[2m > [22mlogger.startTimer[2m > [22mshould measure elapsed time[33m 2835[2mms[22m[39m
 [32m✓[39m src/__tests__/lib/logger.coverage.test.ts[2m > [22mlogger.ts — Full Coverage[2m > [22msanitizeContext (via logger methods)[2m > [22mshould redact sensitive technical fields[32m 1[2mms[22m[39m
 [32m✓[39m src/__tests__/lib/logger.coverage.test.ts[2m > [22mlogger.ts — Full Coverage[2m > [22msanitizeContext (via logger methods)[2m > [22mshould anonymize email fields[32m 6[2mms[22m[39m
 [32m✓[39m src/__tests__/lib/logger.coverage.test.ts[2m > [22mlogger.ts — Full Coverage[2m > [22msanitizeContext (via logger methods)[2m > [22mshould handle personal data when not rgpdCompliant[32m 1[2mms[22m[39m
 [32m✓[39m src/__tests__/lib/logger.coverage.test.ts[2m > [22mlogger.ts — Full Coverage[2m > [22msanitizeContext (via logger methods)[2m > [22mshould keep personal data when rgpdCompliant is true[32m 6[2mms[22m[39m
 [32m✓[39m src/__tests__/lib/logger.coverage.test.ts[2m > [22mlogger.ts — Full Coverage[2m > [22mwithLogging[2m > [22mshould wrap async function and log success[32m 5[2mms[22m[39m
 [32m✓[39m src/__tests__/lib/logger.coverage.test.ts[2m > [22mlogger.ts — Full Coverage[2m > [22mwithLogging[2m > [22mshould wrap async function and log failure[32m 27[2mms[22m[39m
 [32m✓[39m src/__tests__/lib/logger.coverage.test.ts[2m > [22mlogger.ts — Full Coverage[2m > [22mlogDossierAction helper[2m > [22mshould delegate to logger.logActionDossier[32m 9[2mms[22m[39m
 [32m✓[39m src/__tests__/lib/logger.coverage.test.ts[2m > [22mlogger.ts — Full Coverage[2m > [22mlogDeadlineCritique helper[2m > [22mshould detect CRITIQUE severity (< 48h)[32m 12[2mms[22m[39m
 [32m✓[39m src/__tests__/lib/logger.coverage.test.ts[2m > [22mlogger.ts — Full Coverage[2m > [22mlogDeadlineCritique helper[2m > [22mshould detect URGENT severity (48-168h)[32m 6[2mms[22m[39m
 [32m✓[39m src/__tests__/lib/logger.coverage.test.ts[2m > [22mlogger.ts — Full Coverage[2m > [22mlogDeadlineCritique helper[2m > [22mshould detect RAPPEL severity (> 168h)[32m 14[2mms[22m[39m
 [32m✓[39m src/__tests__/lib/logger.coverage.test.ts[2m > [22mlogger.ts — Full Coverage[2m > [22mlogIAUsage helper[2m > [22mshould delegate to logger.logAIAction[32m 9[2mms[22m[39m
 [32m✓[39m src/__tests__/lib/logger.coverage.test.ts[2m > [22mlogger.ts — Full Coverage[2m > [22mlogRGPDAction helper[2m > [22mshould delegate to logger.logComplianceAction[32m 1[2mms[22m[39m
[90mstdout[2m | src/__tests__/lib/hooks/hooks.logic.test.ts
[22m[39m◇ injected env (9) from .env.test // tip: ⌁ auth for agents [www.vestauth.com]

 [2m[90m↓[39m[22m src/__tests__/hooks/useAuth.test.tsx[2m > [22museAuth Hook[2m > [22mreturns session data
 [32m✓[39m src/__tests__/hooks/useAuth.test.tsx[2m > [22museAuth Hook[2m > [22mprovides authentication helpers[32m 105[2mms[22m[39m
 [32m✓[39m src/__tests__/lib/hooks/hooks.logic.test.ts[2m > [22mHook Logic Tests[2m > [22museDebounce logic[2m > [22mshould export debounce implementation[32m 37[2mms[22m[39m
 [32m✓[39m src/__tests__/lib/hooks/hooks.logic.test.ts[2m > [22mHook Logic Tests[2m > [22museLocalStorage logic[2m > [22mshould handle localStorage operations[32m 3[2mms[22m[39m
 [32m✓[39m src/__tests__/lib/hooks/hooks.logic.test.ts[2m > [22mHook Logic Tests[2m > [22mvalidation logic[2m > [22mshould validate email[32m 1[2mms[22m[39m
 [32m✓[39m src/__tests__/lib/hooks/hooks.logic.test.ts[2m > [22mHook Logic Tests[2m > [22mvalidation logic[2m > [22mshould validate phone[32m 1[2mms[22m[39m
 [32m✓[39m src/__tests__/lib/hooks/hooks.logic.test.ts[2m > [22mHook Logic Tests[2m > [22mvalidation logic[2m > [22mshould validate required fields[32m 2[2mms[22m[39m
 [32m✓[39m src/__tests__/lib/hooks/hooks.logic.test.ts[2m > [22mHook Logic Tests[2m > [22mdate utilities[2m > [22mshould format relative dates[32m 1[2mms[22m[39m
 [32m✓[39m src/__tests__/lib/hooks/hooks.logic.test.ts[2m > [22mHook Logic Tests[2m > [22mdate utilities[2m > [22mshould check if date is past[32m 1[2mms[22m[39m
 [32m✓[39m src/__tests__/lib/hooks/hooks.logic.test.ts[2m > [22mHook Logic Tests[2m > [22mdate utilities[2m > [22mshould add days to date[32m 2[2mms[22m[39m
 [32m✓[39m src/__tests__/lib/hooks/hooks.logic.test.ts[2m > [22mHook Logic Tests[2m > [22marray utilities[2m > [22mshould filter unique items[32m 8[2mms[22m[39m
 [32m✓[39m src/__tests__/lib/hooks/hooks.logic.test.ts[2m > [22mHook Logic Tests[2m > [22marray utilities[2m > [22mshould group by key[32m 2[2mms[22m[39m
 [32m✓[39m src/__tests__/lib/hooks/hooks.logic.test.ts[2m > [22mHook Logic Tests[2m > [22marray utilities[2m > [22mshould sort by property[32m 3[2mms[22m[39m
 [32m✓[39m src/__tests__/lib/hooks/hooks.logic.test.ts[2m > [22mHook Logic Tests[2m > [22mstring utilities[2m > [22mshould capitalize string[32m 1[2mms[22m[39m
 [32m✓[39m src/__tests__/lib/hooks/hooks.logic.test.ts[2m > [22mHook Logic Tests[2m > [22mstring utilities[2m > [22mshould slugify string[32m 7[2mms[22m[39m
 [32m✓[39m src/__tests__/lib/hooks/hooks.logic.test.ts[2m > [22mHook Logic Tests[2m > [22mstring utilities[2m > [22mshould truncate string[32m 1[2mms[22m[39m
 [32m✓[39m src/__tests__/lib/hooks/hooks.logic.test.ts[2m > [22mHook Logic Tests[2m > [22mnumber utilities[2m > [22mshould format currency[32m 74[2mms[22m[39m
 [32m✓[39m src/__tests__/lib/hooks/hooks.logic.test.ts[2m > [22mHook Logic Tests[2m > [22mnumber utilities[2m > [22mshould format percentage[32m 1[2mms[22m[39m
 [32m✓[39m src/__tests__/lib/hooks/hooks.logic.test.ts[2m > [22mHook Logic Tests[2m > [22mnumber utilities[2m > [22mshould clamp value[32m 2[2mms[22m[39m
[90mstdout[2m | src/__tests__/services/collaborationService.test.ts
[22m[39m◇ injected env (9) from .env.test // tip: ⌘ suppress logs { quiet: true }

[90mstdout[2m | src/__tests__/api/notifications.test.ts
[22m[39m◇ injected env (9) from .env.test // tip: ⌘ suppress logs { quiet: true }

 [32m✓[39m src/__tests__/services/collaborationService.test.ts[2m > [22mCollaboration Service[2m > [22mComment Interface[2m > [22mdevrait avoir tous les champs requis[32m 21[2mms[22m[39m
 [32m✓[39m src/__tests__/services/collaborationService.test.ts[2m > [22mCollaboration Service[2m > [22mComment Interface[2m > [22mdevrait supporter les champs optionnels[32m 19[2mms[22m[39m
 [32m✓[39m src/__tests__/services/collaborationService.test.ts[2m > [22mCollaboration Service[2m > [22mNotification Interface[2m > [22mdevrait avoir tous les types valides[32m 25[2mms[22m[39m
 [32m✓[39m src/__tests__/services/collaborationService.test.ts[2m > [22mCollaboration Service[2m > [22mNotification Interface[2m > [22mdevrait avoir la structure correcte[32m 3[2mms[22m[39m
 [32m✓[39m src/__tests__/services/collaborationService.test.ts[2m > [22mCollaboration Service[2m > [22mActivity Interface[2m > [22mdevrait avoir la structure correcte[32m 2[2mms[22m[39m
 [32m✓[39m src/__tests__/services/collaborationService.test.ts[2m > [22mCollaboration Service[2m > [22mMention Extraction[2m > [22mdevrait extraire une mention simple[32m 2[2mms[22m[39m
 [32m✓[39m src/__tests__/services/collaborationService.test.ts[2m > [22mCollaboration Service[2m > [22mMention Extraction[2m > [22mdevrait extraire plusieurs mentions[32m 2[2mms[22m[39m
 [32m✓[39m src/__tests__/services/collaborationService.test.ts[2m > [22mCollaboration Service[2m > [22mMention Extraction[2m > [22mdevrait retourner vide si pas de mentions[32m 1[2mms[22m[39m
 [32m✓[39m src/__tests__/services/collaborationService.test.ts[2m > [22mCollaboration Service[2m > [22mComment Filtering[2m > [22mdevrait filtrer par dossierId[32m 14[2mms[22m[39m
 [32m✓[39m src/__tests__/services/collaborationService.test.ts[2m > [22mCollaboration Service[2m > [22mComment Filtering[2m > [22mdevrait filtrer par clientId[32m 1[2mms[22m[39m
 [32m✓[39m src/__tests__/services/collaborationService.test.ts[2m > [22mCollaboration Service[2m > [22mComment Filtering[2m > [22mdevrait retourner tous sans filtre[32m 1[2mms[22m[39m
 [32m✓[39m src/__tests__/services/collaborationService.test.ts[2m > [22mCollaboration Service[2m > [22mReactions[2m > [22mdevrait ajouter une réaction[32m 8[2mms[22m[39m
 [32m✓[39m src/__tests__/services/collaborationService.test.ts[2m > [22mCollaboration Service[2m > [22mReactions[2m > [22mdevrait ne pas dupliquer la réaction[32m 1[2mms[22m[39m
 [32m✓[39m src/__tests__/services/collaborationService.test.ts[2m > [22mCollaboration Service[2m > [22mReactions[2m > [22mdevrait supprimer une réaction[32m 1[2mms[22m[39m
 [32m✓[39m src/__tests__/services/collaborationService.test.ts[2m > [22mCollaboration Service[2m > [22mReactions[2m > [22mdevrait supprimer le emoji si plus de réactions[32m 1[2mms[22m[39m
 [32m✓[39m src/__tests__/services/collaborationService.test.ts[2m > [22mCollaboration Service[2m > [22mNotification Read Status[2m > [22mdevrait marquer une notification comme lue[32m 1[2mms[22m[39m
 [32m✓[39m src/__tests__/services/collaborationService.test.ts[2m > [22mCollaboration Service[2m > [22mNotification Read Status[2m > [22mdevrait marquer toutes comme lues[32m 1[2mms[22m[39m
 [32m✓[39m src/__tests__/services/collaborationService.test.ts[2m > [22mCollaboration Service[2m > [22mNotification Read Status[2m > [22mdevrait compter les non lues[32m 1[2mms[22m[39m
 [32m✓[39m src/__tests__/services/collaborationService.test.ts[2m > [22mCollaboration Service[2m > [22mThread Management[2m > [22mdevrait récupérer les commentaires racines[32m 1[2mms[22m[39m
 [32m✓[39m src/__tests__/services/collaborationService.test.ts[2m > [22mCollaboration Service[2m > [22mThread Management[2m > [22mdevrait récupérer les réponses d'un commentaire[32m 6[2mms[22m[39m
 [32m✓[39m src/__tests__/services/collaborationService.test.ts[2m > [22mCollaboration Service[2m > [22mThread Management[2m > [22mdevrait retourner vide si pas de réponses[32m 1[2mms[22m[39m
 [32m✓[39m src/__tests__/services/collaborationService.test.ts[2m > [22mCollaboration Service[2m > [22mActivity Logging[2m > [22mdevrait créer une activité avec timestamp[32m 2[2mms[22m[39m
 [32m✓[39m src/__tests__/api/notifications.test.ts[2m > [22mAPI /api/notifications[2m > [22mGET /api/notifications[2m > [22mretourne 400 si userId manquant[32m 27[2mms[22m[39m
 [32m✓[39m src/__tests__/api/notifications.test.ts[2m > [22mAPI /api/notifications[2m > [22mGET /api/notifications[2m > [22mretourne les notifications pour un utilisateur[32m 7[2mms[22m[39m
 [32m✓[39m src/__tests__/api/notifications.test.ts[2m > [22mAPI /api/notifications[2m > [22mGET /api/notifications[2m > [22mfiltre les notifications non lues[32m 9[2mms[22m[39m
 [32m✓[39m src/__tests__/api/notifications.test.ts[2m > [22mAPI /api/notifications[2m > [22mGET /api/notifications[2m > [22mrespecte limit et offset[32m 13[2mms[22m[39m
 [32m✓[39m src/__tests__/api/notifications.test.ts[2m > [22mAPI /api/notifications[2m > [22mGET /api/notifications[2m > [22mindique hasMore quand limite atteinte[32m 4[2mms[22m[39m
 [32m✓[39m src/__tests__/api/notifications.test.ts[2m > [22mAPI /api/notifications[2m > [22mGET /api/notifications[2m > [22mgère les erreurs serveur[32m 47[2mms[22m[39m
 [32m✓[39m src/__tests__/api/notifications.test.ts[2m > [22mAPI /api/notifications[2m > [22mPATCH /api/notifications[2m > [22mretourne 400 si userId manquant[32m 4[2mms[22m[39m
 [32m✓[39m src/__tests__/api/notifications.test.ts[2m > [22mAPI /api/notifications[2m > [22mPATCH /api/notifications[2m > [22mmarque toutes les notifications comme lues[32m 11[2mms[22m[39m
 [32m✓[39m src/__tests__/api/notifications.test.ts[2m > [22mAPI /api/notifications[2m > [22mPATCH /api/notifications[2m > [22mmarque une notification spécifique comme lue[32m 5[2mms[22m[39m
 [32m✓[39m src/__tests__/api/notifications.test.ts[2m > [22mAPI /api/notifications[2m > [22mPATCH /api/notifications[2m > [22mretourne 400 si ni notificationId ni markAll fourni[32m 9[2mms[22m[39m
 [32m✓[39m src/__tests__/api/notifications.test.ts[2m > [22mAPI /api/notifications[2m > [22mPATCH /api/notifications[2m > [22mgère les erreurs serveur[32m 4[2mms[22m[39m
 [32m✓[39m src/__tests__/api/notifications.test.ts[2m > [22mAPI /api/notifications[2m > [22mDELETE /api/notifications[2m > [22mretourne 400 si id manquant[32m 3[2mms[22m[39m
 [32m✓[39m src/__tests__/api/notifications.test.ts[2m > [22mAPI /api/notifications[2m > [22mDELETE /api/notifications[2m > [22mretourne 400 si userId manquant[32m 2[2mms[22m[39m
 [32m✓[39m src/__tests__/api/notifications.test.ts[2m > [22mAPI /api/notifications[2m > [22mDELETE /api/notifications[2m > [22msupprime une notification avec succès[32m 8[2mms[22m[39m
 [32m✓[39m src/__tests__/api/notifications.test.ts[2m > [22mAPI /api/notifications[2m > [22mDELETE /api/notifications[2m > [22mgère les erreurs serveur lors de la suppression[32m 4[2mms[22m[39m
[90mstdout[2m | src/__tests__/utils/sanitization-utils.test.ts
[22m[39m◇ injected env (9) from .env.test // tip: ◈ secrets for agents [www.dotenvx.com]

[90mstdout[2m | src/__tests__/lib/mappers/dossier.mapper.real.test.ts
[22m[39m◇ injected env (9) from .env.test // tip: ◈ encrypted .env [www.dotenvx.com]

[90mstdout[2m | src/__tests__/lib/metadata.real.test.ts
[22m[39m◇ injected env (9) from .env.test // tip: ⌘ suppress logs { quiet: true }

[90mstdout[2m | src/__tests__/services/searchAnalytics.test.ts
[22m[39m◇ injected env (9) from .env.test // tip: ⌁ auth for agents [www.vestauth.com]

 [32m✓[39m src/__tests__/utils/sanitization-utils.test.ts[2m > [22mSanitization Utils[2m > [22mHTML Escaping[2m > [22mdevrait échapper les balises[32m 18[2mms[22m[39m
 [32m✓[39m src/__tests__/utils/sanitization-utils.test.ts[2m > [22mSanitization Utils[2m > [22mHTML Escaping[2m > [22mdevrait échapper les ampersands[32m 4[2mms[22m[39m
 [32m✓[39m src/__tests__/utils/sanitization-utils.test.ts[2m > [22mSanitization Utils[2m > [22mHTML Escaping[2m > [22mdevrait échapper les guillemets[32m 1[2mms[22m[39m
 [32m✓[39m src/__tests__/utils/sanitization-utils.test.ts[2m > [22mSanitization Utils[2m > [22mHTML Escaping[2m > [22mdevrait échapper les apostrophes[32m 1[2mms[22m[39m
 [32m✓[39m src/__tests__/utils/sanitization-utils.test.ts[2m > [22mSanitization Utils[2m > [22mHTML Escaping[2m > [22mne devrait pas modifier le texte normal[32m 4[2mms[22m[39m
 [32m✓[39m src/__tests__/utils/sanitization-utils.test.ts[2m > [22mSanitization Utils[2m > [22mHTML Tag Stripping[2m > [22mdevrait supprimer les balises simples[32m 1[2mms[22m[39m
 [32m✓[39m src/__tests__/utils/sanitization-utils.test.ts[2m > [22mSanitization Utils[2m > [22mHTML Tag Stripping[2m > [22mdevrait supprimer les balises avec attributs[32m 6[2mms[22m[39m
 [32m✓[39m src/__tests__/utils/sanitization-utils.test.ts[2m > [22mSanitization Utils[2m > [22mHTML Tag Stripping[2m > [22mdevrait supprimer les scripts[32m 1[2mms[22m[39m
 [32m✓[39m src/__tests__/utils/sanitization-utils.test.ts[2m > [22mSanitization Utils[2m > [22mHTML Tag Stripping[2m > [22mdevrait garder le texte[32m 3[2mms[22m[39m
 [32m✓[39m src/__tests__/utils/sanitization-utils.test.ts[2m > [22mSanitization Utils[2m > [22mSQL Injection Prevention[2m > [22mdevrait échapper les single quotes[32m 1[2mms[22m[39m
 [32m✓[39m src/__tests__/utils/sanitization-utils.test.ts[2m > [22mSanitization Utils[2m > [22mSQL Injection Prevention[2m > [22mdevrait échapper les double quotes[32m 1[2mms[22m[39m
 [32m✓[39m src/__tests__/utils/sanitization-utils.test.ts[2m > [22mSanitization Utils[2m > [22mSQL Injection Prevention[2m > [22mdevrait échapper les backslashes[32m 4[2mms[22m[39m
 [32m✓[39m src/__tests__/utils/sanitization-utils.test.ts[2m > [22mSanitization Utils[2m > [22mSQL Injection Prevention[2m > [22mdevrait échapper les semicolons[32m 1[2mms[22m[39m
 [32m✓[39m src/__tests__/utils/sanitization-utils.test.ts[2m > [22mSanitization Utils[2m > [22mInput Trimming[2m > [22mdevrait supprimer les espaces en début/fin[32m 1[2mms[22m[39m
 [32m✓[39m src/__tests__/utils/sanitization-utils.test.ts[2m > [22mSanitization Utils[2m > [22mInput Trimming[2m > [22mdevrait normaliser les espaces multiples[32m 1[2mms[22m[39m
 [32m✓[39m src/__tests__/utils/sanitization-utils.test.ts[2m > [22mSanitization Utils[2m > [22mInput Trimming[2m > [22mdevrait gérer les tabs[32m 0[2mms[22m[39m
 [32m✓[39m src/__tests__/utils/sanitization-utils.test.ts[2m > [22mSanitization Utils[2m > [22mInput Trimming[2m > [22mdevrait gérer les newlines[32m 2[2mms[22m[39m
 [32m✓[39m src/__tests__/utils/sanitization-utils.test.ts[2m > [22mSanitization Utils[2m > [22mSpecial Characters Removal[2m > [22mdevrait supprimer les caractères spéciaux[32m 1[2mms[22m[39m
 [32m✓[39m src/__tests__/utils/sanitization-utils.test.ts[2m > [22mSanitization Utils[2m > [22mSpecial Characters Removal[2m > [22mdevrait garder les espaces[32m 0[2mms[22m[39m
 [32m✓[39m src/__tests__/utils/sanitization-utils.test.ts[2m > [22mSanitization Utils[2m > [22mSpecial Characters Removal[2m > [22mdevrait garder les chiffres[32m 0[2mms[22m[39m
 [32m✓[39m src/__tests__/utils/sanitization-utils.test.ts[2m > [22mSanitization Utils[2m > [22mAlphanumeric Only[2m > [22mdevrait supprimer tout sauf lettres et chiffres[32m 1[2mms[22m[39m
 [32m✓[39m src/__tests__/utils/sanitization-utils.test.ts[2m > [22mSanitization Utils[2m > [22mAlphanumeric Only[2m > [22mdevrait gérer une chaîne vide[32m 2[2mms[22m[39m
 [32m✓[39m src/__tests__/utils/sanitization-utils.test.ts[2m > [22mSanitization Utils[2m > [22mFilename Sanitization[2m > [22mdevrait remplacer les caractères interdits Windows[32m 1[2mms[22m[39m
 [32m✓[39m src/__tests__/utils/sanitization-utils.test.ts[2m > [22mSanitization Utils[2m > [22mFilename Sanitization[2m > [22mdevrait empêcher le path traversal[32m 7[2mms[22m[39m
 [32m✓[39m src/__tests__/utils/sanitization-utils.test.ts[2m > [22mSanitization Utils[2m > [22mFilename Sanitization[2m > [22mdevrait supprimer les doubles points[32m 1[2mms[22m[39m
 [32m✓[39m src/__tests__/utils/sanitization-utils.test.ts[2m > [22mSanitization Utils[2m > [22mFilename Sanitization[2m > [22mdevrait supprimer les points en début[32m 0[2mms[22m[39m
 [32m✓[39m src/__tests__/utils/sanitization-utils.test.ts[2m > [22mSanitization Utils[2m > [22mURL Slug Generation[2m > [22mdevrait convertir en minuscules[32m 6[2mms[22m[39m
 [32m✓[39m src/__tests__/utils/sanitization-utils.test.ts[2m > [22mSanitization Utils[2m > [22mURL Slug Generation[2m > [22mdevrait supprimer les accents[32m 1[2mms[22m[39m
 [32m✓[39m src/__tests__/utils/sanitization-utils.test.ts[2m > [22mSanitization Utils[2m > [22mURL Slug Generation[2m > [22mdevrait remplacer les espaces par des tirets[32m 1[2mms[22m[39m
 [32m✓[39m src/__tests__/utils/sanitization-utils.test.ts[2m > [22mSanitization Utils[2m > [22mURL Slug Generation[2m > [22mdevrait supprimer les caractères spéciaux[32m 1[2mms[22m[39m
 [32m✓[39m src/__tests__/utils/sanitization-utils.test.ts[2m > [22mSanitization Utils[2m > [22mURL Slug Generation[2m > [22mdevrait éviter les tirets multiples[32m 1[2mms[22m[39m
 [32m✓[39m src/__tests__/utils/sanitization-utils.test.ts[2m > [22mSanitization Utils[2m > [22mJSON Safe String[2m > [22mdevrait échapper les backslashes[32m 4[2mms[22m[39m
 [32m✓[39m src/__tests__/utils/sanitization-utils.test.ts[2m > [22mSanitization Utils[2m > [22mJSON Safe String[2m > [22mdevrait échapper les guillemets[32m 1[2mms[22m[39m
 [32m✓[39m src/__tests__/utils/sanitization-utils.test.ts[2m > [22mSanitization Utils[2m > [22mJSON Safe String[2m > [22mdevrait échapper les newlines[32m 1[2mms[22m[39m
 [32m✓[39m src/__tests__/utils/sanitization-utils.test.ts[2m > [22mSanitization Utils[2m > [22mXSS Prevention[2m > [22mdevrait supprimer les scripts[32m 2[2mms[22m[39m
 [32m✓[39m src/__tests__/utils/sanitization-utils.test.ts[2m > [22mSanitization Utils[2m > [22mXSS Prevention[2m > [22mdevrait supprimer les event handlers[32m 2[2mms[22m[39m
 [32m✓[39m src/__tests__/utils/sanitization-utils.test.ts[2m > [22mSanitization Utils[2m > [22mXSS Prevention[2m > [22mdevrait supprimer javascript:[32m 0[2mms[22m[39m
 [32m✓[39m src/__tests__/utils/sanitization-utils.test.ts[2m > [22mSanitization Utils[2m > [22mCredit Card Masking[2m > [22mdevrait masquer les chiffres du milieu[32m 1[2mms[22m[39m
 [32m✓[39m src/__tests__/utils/sanitization-utils.test.ts[2m > [22mSanitization Utils[2m > [22mCredit Card Masking[2m > [22mdevrait gérer les espaces[32m 1[2mms[22m[39m
 [32m✓[39m src/__tests__/utils/sanitization-utils.test.ts[2m > [22mSanitization Utils[2m > [22mCredit Card Masking[2m > [22mdevrait retourner tel quel si trop court[32m 1[2mms[22m[39m
 [32m✓[39m src/__tests__/utils/sanitization-utils.test.ts[2m > [22mSanitization Utils[2m > [22mIBAN Validation Pattern[2m > [22mdevrait valider un IBAN français[32m 5[2mms[22m[39m
 [32m✓[39m src/__tests__/utils/sanitization-utils.test.ts[2m > [22mSanitization Utils[2m > [22mIBAN Validation Pattern[2m > [22mdevrait valider un IBAN allemand[32m 1[2mms[22m[39m
 [32m✓[39m src/__tests__/utils/sanitization-utils.test.ts[2m > [22mSanitization Utils[2m > [22mIBAN Validation Pattern[2m > [22mdevrait rejeter un format invalide[32m 1[2mms[22m[39m
 [32m✓[39m src/__tests__/utils/sanitization-utils.test.ts[2m > [22mSanitization Utils[2m > [22mUnicode Normalization[2m > [22mdevrait normaliser les caractères composés[32m 3[2mms[22m[39m
 [32m✓[39m src/__tests__/utils/sanitization-utils.test.ts[2m > [22mSanitization Utils[2m > [22mControl Characters Removal[2m > [22mdevrait supprimer les caractères de contrôle[32m 1[2mms[22m[39m
 [32m✓[39m src/__tests__/utils/sanitization-utils.test.ts[2m > [22mSanitization Utils[2m > [22mControl Characters Removal[2m > [22mdevrait garder les newlines[32m 1[2mms[22m[39m
 [32m✓[39m src/__tests__/utils/sanitization-utils.test.ts[2m > [22mSanitization Utils[2m > [22mControl Characters Removal[2m > [22mdevrait garder les tabs[32m 1[2mms[22m[39m
 [32m✓[39m src/__tests__/utils/sanitization-utils.test.ts[2m > [22mSanitization Utils[2m > [22mPath Traversal Prevention[2m > [22mdevrait supprimer ..[32m 1[2mms[22m[39m
 [32m✓[39m src/__tests__/utils/sanitization-utils.test.ts[2m > [22mSanitization Utils[2m > [22mPath Traversal Prevention[2m > [22mdevrait supprimer les slashes doubles[32m 1[2mms[22m[39m
 [32m✓[39m src/__tests__/utils/sanitization-utils.test.ts[2m > [22mSanitization Utils[2m > [22mPath Traversal Prevention[2m > [22mdevrait supprimer le slash initial[32m 4[2mms[22m[39m
 [32m✓[39m src/__tests__/lib/mappers/dossier.mapper.real.test.ts[2m > [22mdossier.mapper - REAL TESTS[2m > [22mmapDossierToUI[2m > [22mshould map dossier DB to UI format[32m 25[2mms[22m[39m
 [32m✓[39m src/__tests__/lib/mappers/dossier.mapper.real.test.ts[2m > [22mdossier.mapper - REAL TESTS[2m > [22mmapDossierToUI[2m > [22mshould map statut to UI format[32m 1[2mms[22m[39m
 [32m✓[39m src/__tests__/lib/mappers/dossier.mapper.real.test.ts[2m > [22mdossier.mapper - REAL TESTS[2m > [22mmapDossierToUI[2m > [22mshould map priorite to UI format[32m 1[2mms[22m[39m
 [32m✓[39m src/__tests__/lib/mappers/dossier.mapper.real.test.ts[2m > [22mdossier.mapper - REAL TESTS[2m > [22mmapDossierToUI[2m > [22mshould map client info[32m 2[2mms[22m[39m
 [32m✓[39m src/__tests__/lib/mappers/dossier.mapper.real.test.ts[2m > [22mdossier.mapper - REAL TESTS[2m > [22mmapDossierToUI[2m > [22mshould include _count object[32m 1[2mms[22m[39m
 [32m✓[39m src/__tests__/lib/mappers/dossier.mapper.real.test.ts[2m > [22mdossier.mapper - REAL TESTS[2m > [22mmapDossierToUI[2m > [22mshould handle null objet[32m 1[2mms[22m[39m
 [32m✓[39m src/__tests__/lib/mappers/dossier.mapper.real.test.ts[2m > [22mdossier.mapper - REAL TESTS[2m > [22mmapDossierToUI[2m > [22mshould handle null dateEcheance[32m 1[2mms[22m[39m
 [32m✓[39m src/__tests__/lib/mappers/dossier.mapper.real.test.ts[2m > [22mdossier.mapper - REAL TESTS[2m > [22mmapDossiersToUI[2m > [22mshould map array of dossiers[32m 4[2mms[22m[39m
 [32m✓[39m src/__tests__/lib/mappers/dossier.mapper.real.test.ts[2m > [22mdossier.mapper - REAL TESTS[2m > [22mmapDossiersToUI[2m > [22mshould handle empty array[32m 5[2mms[22m[39m
 [32m✓[39m src/__tests__/lib/mappers/dossier.mapper.real.test.ts[2m > [22mdossier.mapper - REAL TESTS[2m > [22mmapDossiersToUI[2m > [22mshould map all dossiers correctly[32m 4[2mms[22m[39m
 [32m✓[39m src/__tests__/lib/mappers/dossier.mapper.real.test.ts[2m > [22mdossier.mapper - REAL TESTS[2m > [22mgenerateNumeroDossier[2m > [22mshould generate number with current year[32m 2[2mms[22m[39m
 [32m✓[39m src/__tests__/lib/mappers/dossier.mapper.real.test.ts[2m > [22mdossier.mapper - REAL TESTS[2m > [22mgenerateNumeroDossier[2m > [22mshould pad count with zeros[32m 1[2mms[22m[39m
 [32m✓[39m src/__tests__/lib/mappers/dossier.mapper.real.test.ts[2m > [22mdossier.mapper - REAL TESTS[2m > [22mgenerateNumeroDossier[2m > [22mshould handle large counts[32m 1[2mms[22m[39m
 [32m✓[39m src/__tests__/lib/mappers/dossier.mapper.real.test.ts[2m > [22mdossier.mapper - REAL TESTS[2m > [22mgenerateNumeroDossier[2m > [22mshould increment count by 1[32m 1[2mms[22m[39m
 [32m✓[39m src/__tests__/lib/mappers/dossier.mapper.real.test.ts[2m > [22mdossier.mapper - REAL TESTS[2m > [22mformatDate[2m > [22mshould format Date object to French format[32m 67[2mms[22m[39m
 [32m✓[39m src/__tests__/services/searchAnalytics.test.ts[2m > [22mSearch Analytics Service[2m > [22mSearchAnalytics Interface[2m > [22mdevrait avoir tous les champs requis[32m 15[2mms[22m[39m
 [32m✓[39m src/__tests__/services/searchAnalytics.test.ts[2m > [22mSearch Analytics Service[2m > [22mSearchAnalytics Interface[2m > [22mdevrait supporter les champs optionnels[32m 4[2mms[22m[39m
 [32m✓[39m src/__tests__/services/searchAnalytics.test.ts[2m > [22mSearch Analytics Service[2m > [22mQuery Validation[2m > [22mdevrait nettoyer les espaces[32m 1[2mms[22m[39m
 [32m✓[39m src/__tests__/services/searchAnalytics.test.ts[2m > [22mSearch Analytics Service[2m > [22mQuery Validation[2m > [22mdevrait mettre en minuscules[32m 1[2mms[22m[39m
 [32m✓[39m src/__tests__/services/searchAnalytics.test.ts[2m > [22mSearch Analytics Service[2m > [22mQuery Validation[2m > [22mdevrait limiter la longueur[32m 1[2mms[22m[39m
 [32m✓[39m src/__tests__/services/searchAnalytics.test.ts[2m > [22mSearch Analytics Service[2m > [22mPopular Searches Aggregation[2m > [22mdevrait compter les occurrences[32m 1[2mms[22m[39m
 [32m✓[39m src/__tests__/services/searchAnalytics.test.ts[2m > [22mSearch Analytics Service[2m > [22mPopular Searches Aggregation[2m > [22mdevrait trier par fréquence décroissante[32m 1[2mms[22m[39m
 [32m✓[39m src/__tests__/services/searchAnalytics.test.ts[2m > [22mSearch Analytics Service[2m > [22mPopular Searches Aggregation[2m > [22mdevrait gérer un tableau vide[32m 7[2mms[22m[39m
 [32m✓[39m src/__tests__/services/searchAnalytics.test.ts[2m > [22mSearch Analytics Service[2m > [22mRecent Searches[2m > [22mdevrait retourner les plus récentes en premier[32m 3[2mms[22m[39m
 [32m✓[39m src/__tests__/services/searchAnalytics.test.ts[2m > [22mSearch Analytics Service[2m > [22mRecent Searches[2m > [22mdevrait respecter la limite[32m 34[2mms[22m[39m
 [32m✓[39m src/__tests__/services/searchAnalytics.test.ts[2m > [22mSearch Analytics Service[2m > [22mExecution Time Analysis[2m > [22mdevrait calculer la moyenne[32m 6[2mms[22m[39m
 [32m✓[39m src/__tests__/services/searchAnalytics.test.ts[2m > [22mSearch Analytics Service[2m > [22mExecution Time Analysis[2m > [22mdevrait trouver le minimum[32m 1[2mms[22m[39m
 [32m✓[39m src/__tests__/services/searchAnalytics.test.ts[2m > [22mSearch Analytics Service[2m > [22mExecution Time Analysis[2m > [22mdevrait trouver le maximum[32m 1[2mms[22m[39m
 [32m✓[39m src/__tests__/services/searchAnalytics.test.ts[2m > [22mSearch Analytics Service[2m > [22mExecution Time Analysis[2m > [22mdevrait gérer un tableau vide[32m 27[2mms[22m[39m
 [32m✓[39m src/__tests__/services/searchAnalytics.test.ts[2m > [22mSearch Analytics Service[2m > [22mSearch Types Filtering[2m > [22mdevrait garder les types valides[32m 1[2mms[22m[39m
 [32m✓[39m src/__tests__/services/searchAnalytics.test.ts[2m > [22mSearch Analytics Service[2m > [22mSearch Types Filtering[2m > [22mdevrait exclure les types invalides[32m 1[2mms[22m[39m
 [32m✓[39m src/__tests__/services/searchAnalytics.test.ts[2m > [22mSearch Analytics Service[2m > [22mSearch Types Filtering[2m > [22mdevrait retourner vide si tous invalides[32m 1[2mms[22m[39m
 [32m✓[39m src/__tests__/services/searchAnalytics.test.ts[2m > [22mSearch Analytics Service[2m > [22mResult Count Categories[2m > [22mdevrait catégoriser 0 comme NO_RESULTS[32m 1[2mms[22m[39m
 [32m✓[39m src/__tests__/services/searchAnalytics.test.ts[2m > [22mSearch Analytics Service[2m > [22mResult Count Categories[2m > [22mdevrait catégoriser 1-5 comme FEW[32m 0[2mms[22m[39m
 [32m✓[39m src/__tests__/services/searchAnalytics.test.ts[2m > [22mSearch Analytics Service[2m > [22mResult Count Categories[2m > [22mdevrait catégoriser 6-20 comme MODERATE[32m 1[2mms[22m[39m
 [32m✓[39m src/__tests__/services/searchAnalytics.test.ts[2m > [22mSearch Analytics Service[2m > [22mResult Count Categories[2m > [22mdevrait catégoriser 21-100 comme MANY[32m 0[2mms[22m[39m
 [32m✓[39m src/__tests__/services/searchAnalytics.test.ts[2m > [22mSearch Analytics Service[2m > [22mResult Count Categories[2m > [22mdevrait catégoriser >100 comme TOO_MANY[32m 0[2mms[22m[39m
 [32m✓[39m src/__tests__/services/searchAnalytics.test.ts[2m > [22mSearch Analytics Service[2m > [22mTenant Isolation[2m > [22mdevrait filtrer par tenant[32m 6[2mms[22m[39m
 [32m✓[39m src/__tests__/lib/mappers/dossier.mapper.real.test.ts[2m > [22mdossier.mapper - REAL TESTS[2m > [22mformatDate[2m > [22mshould format date string to French format[32m 19[2mms[22m[39m
 [32m✓[39m src/__tests__/lib/mappers/dossier.mapper.real.test.ts[2m > [22mdossier.mapper - REAL TESTS[2m > [22mformatDate[2m > [22mshould return dash for undefined[32m 1[2mms[22m[39m
 [32m✓[39m src/__tests__/lib/mappers/dossier.mapper.real.test.ts[2m > [22mdossier.mapper - REAL TESTS[2m > [22mformatDate[2m > [22mshould return dash for null[32m 0[2mms[22m[39m
 [32m✓[39m src/__tests__/lib/mappers/dossier.mapper.real.test.ts[2m > [22mdossier.mapper - REAL TESTS[2m > [22mformatDate[2m > [22mshould handle various date formats[32m 12[2mms[22m[39m
 [32m✓[39m src/__tests__/lib/mappers/dossier.mapper.real.test.ts[2m > [22mdossier.mapper - REAL TESTS[2m > [22mformatDateForInput[2m > [22mshould format Date for datetime-local input[32m 1[2mms[22m[39m
 [32m✓[39m src/__tests__/lib/mappers/dossier.mapper.real.test.ts[2m > [22mdossier.mapper - REAL TESTS[2m > [22mformatDateForInput[2m > [22mshould format date string for input[32m 1[2mms[22m[39m
 [32m✓[39m src/__tests__/lib/mappers/dossier.mapper.real.test.ts[2m > [22mdossier.mapper - REAL TESTS[2m > [22mformatDateForInput[2m > [22mshould return empty string for undefined[32m 1[2mms[22m[39m
 [32m✓[39m src/__tests__/lib/mappers/dossier.mapper.real.test.ts[2m > [22mdossier.mapper - REAL TESTS[2m > [22mformatDateForInput[2m > [22mshould return empty string for null[32m 1[2mms[22m[39m
 [32m✓[39m src/__tests__/lib/mappers/dossier.mapper.real.test.ts[2m > [22mdossier.mapper - REAL TESTS[2m > [22mformatDateForInput[2m > [22mshould return exactly 16 characters[32m 0[2mms[22m[39m
 [32m✓[39m src/__tests__/lib/mappers/dossier.mapper.real.test.ts[2m > [22mdossier.mapper - REAL TESTS[2m > [22mgetTypeLabel[2m > [22mshould return label for TITRE_SEJOUR[32m 0[2mms[22m[39m
 [32m✓[39m src/__tests__/lib/mappers/dossier.mapper.real.test.ts[2m > [22mdossier.mapper - REAL TESTS[2m > [22mgetTypeLabel[2m > [22mshould return label for RECOURS_OQTF[32m 0[2mms[22m[39m
 [32m✓[39m src/__tests__/lib/mappers/dossier.mapper.real.test.ts[2m > [22mdossier.mapper - REAL TESTS[2m > [22mgetTypeLabel[2m > [22mshould return label for NATURALISATION[32m 0[2mms[22m[39m
 [32m✓[39m src/__tests__/lib/mappers/dossier.mapper.real.test.ts[2m > [22mdossier.mapper - REAL TESTS[2m > [22mgetTypeLabel[2m > [22mshould return label for REGROUPEMENT_FAMILIAL[32m 0[2mms[22m[39m
 [32m✓[39m src/__tests__/lib/mappers/dossier.mapper.real.test.ts[2m > [22mdossier.mapper - REAL TESTS[2m > [22mgetTypeLabel[2m > [22mshould return label for ASILE[32m 0[2mms[22m[39m
 [32m✓[39m src/__tests__/lib/mappers/dossier.mapper.real.test.ts[2m > [22mdossier.mapper - REAL TESTS[2m > [22mgetTypeLabel[2m > [22mshould return label for VISA[32m 0[2mms[22m[39m
 [32m✓[39m src/__tests__/lib/mappers/dossier.mapper.real.test.ts[2m > [22mdossier.mapper - REAL TESTS[2m > [22mgetTypeLabel[2m > [22mshould return label for AUTRE[32m 2[2mms[22m[39m
 [32m✓[39m src/__tests__/lib/mappers/dossier.mapper.real.test.ts[2m > [22mdossier.mapper - REAL TESTS[2m > [22mgetTypeLabel[2m > [22mshould return type itself for unknown types[32m 1[2mms[22m[39m
 [32m✓[39m src/__tests__/lib/mappers/dossier.mapper.real.test.ts[2m > [22mdossier.mapper - REAL TESTS[2m > [22mIntegration scenarios[2m > [22mshould fully transform dossier for UI display[32m 11[2mms[22m[39m
 [32m✓[39m src/__tests__/lib/metadata.real.test.ts[2m > [22mmetadata - Métadonnées SEO[2m > [22mdefaultMetadata[2m > [22mcontient un titre par défaut[32m 8[2mms[22m[39m
 [32m✓[39m src/__tests__/lib/metadata.real.test.ts[2m > [22mmetadata - Métadonnées SEO[2m > [22mdefaultMetadata[2m > [22mcontient un template de titre[32m 1[2mms[22m[39m
 [32m✓[39m src/__tests__/lib/metadata.real.test.ts[2m > [22mmetadata - Métadonnées SEO[2m > [22mdefaultMetadata[2m > [22mcontient une description[32m 1[2mms[22m[39m
 [32m✓[39m src/__tests__/lib/metadata.real.test.ts[2m > [22mmetadata - Métadonnées SEO[2m > [22mdefaultMetadata[2m > [22mcontient des mots-clés SEO[32m 3[2mms[22m[39m
 [32m✓[39m src/__tests__/lib/metadata.real.test.ts[2m > [22mmetadata - Métadonnées SEO[2m > [22mdefaultMetadata[2m > [22minclut des mots-clés juridiques[32m 3[2mms[22m[39m
 [32m✓[39m src/__tests__/lib/metadata.real.test.ts[2m > [22mmetadata - Métadonnées SEO[2m > [22mdefaultMetadata[2m > [22minclut des mots-clés IA[32m 1[2mms[22m[39m
 [32m✓[39m src/__tests__/lib/metadata.real.test.ts[2m > [22mmetadata - Métadonnées SEO[2m > [22mdefaultMetadata[2m > [22mcontient les informations auteur[32m 1[2mms[22m[39m
 [32m✓[39m src/__tests__/lib/metadata.real.test.ts[2m > [22mmetadata - Métadonnées SEO[2m > [22mdefaultMetadata[2m > [22mcontient creator et publisher[32m 1[2mms[22m[39m
 [32m✓[39m src/__tests__/lib/metadata.real.test.ts[2m > [22mmetadata - Métadonnées SEO[2m > [22mdefaultMetadata[2m > [22mconfigure les robots correctement[32m 1[2mms[22m[39m
 [32m✓[39m src/__tests__/lib/metadata.real.test.ts[2m > [22mmetadata - Métadonnées SEO[2m > [22mdefaultMetadata[2m > [22mconfigure googleBot[32m 1[2mms[22m[39m
 [32m✓[39m src/__tests__/lib/metadata.real.test.ts[2m > [22mmetadata - Métadonnées SEO[2m > [22mdefaultMetadata[2m > [22mcontient la configuration OpenGraph[32m 3[2mms[22m[39m
 [32m✓[39m src/__tests__/lib/metadata.real.test.ts[2m > [22mmetadata - Métadonnées SEO[2m > [22mdefaultMetadata[2m > [22mcontient siteName dans OpenGraph[32m 7[2mms[22m[39m
 [32m✓[39m src/__tests__/lib/metadata.real.test.ts[2m > [22mmetadata - Métadonnées SEO[2m > [22mdefaultMetadata[2m > [22mcontient des images OpenGraph[32m 4[2mms[22m[39m
 [32m✓[39m src/__tests__/lib/metadata.real.test.ts[2m > [22mmetadata - Métadonnées SEO[2m > [22mdefaultMetadata[2m > [22mconfigure les images OG avec dimensions[32m 1[2mms[22m[39m
 [32m✓[39m src/__tests__/lib/metadata.real.test.ts[2m > [22mmetadata - Métadonnées SEO[2m > [22mdefaultMetadata[2m > [22mcontient la configuration Twitter[32m 1[2mms[22m[39m
 [32m✓[39m src/__tests__/lib/metadata.real.test.ts[2m > [22mmetadata - Métadonnées SEO[2m > [22mdefaultMetadata[2m > [22mcontient le creator Twitter[32m 1[2mms[22m[39m
 [32m✓[39m src/__tests__/lib/metadata.real.test.ts[2m > [22mmetadata - Métadonnées SEO[2m > [22mdefaultMetadata[2m > [22mcontient les icônes[32m 0[2mms[22m[39m
 [32m✓[39m src/__tests__/lib/metadata.real.test.ts[2m > [22mmetadata - Métadonnées SEO[2m > [22mdefaultMetadata[2m > [22mcontient le manifest[32m 1[2mms[22m[39m
 [32m✓[39m src/__tests__/lib/metadata.real.test.ts[2m > [22mmetadata - Métadonnées SEO[2m > [22mdefaultMetadata[2m > [22mcontient les alternates avec canonical[32m 1[2mms[22m[39m
 [32m✓[39m src/__tests__/lib/metadata.real.test.ts[2m > [22mmetadata - Métadonnées SEO[2m > [22mcreatePageMetadata[2m > [22mcrée des métadonnées avec titre[32m 10[2mms[22m[39m
 [32m✓[39m src/__tests__/lib/metadata.real.test.ts[2m > [22mmetadata - Métadonnées SEO[2m > [22mcreatePageMetadata[2m > [22mutilise la description par défaut si non fournie[32m 1[2mms[22m[39m
 [32m✓[39m src/__tests__/lib/metadata.real.test.ts[2m > [22mmetadata - Métadonnées SEO[2m > [22mcreatePageMetadata[2m > [22mutilise une description personnalisée[32m 1[2mms[22m[39m
 [32m✓[39m src/__tests__/lib/metadata.real.test.ts[2m > [22mmetadata - Métadonnées SEO[2m > [22mcreatePageMetadata[2m > [22mgénère l'URL canonique avec path[32m 1[2mms[22m[39m
 [32m✓[39m src/__tests__/lib/metadata.real.test.ts[2m > [22mmetadata - Métadonnées SEO[2m > [22mcreatePageMetadata[2m > [22mne génère pas d'alternates sans path[32m 1[2mms[22m[39m
 [32m✓[39m src/__tests__/lib/metadata.real.test.ts[2m > [22mmetadata - Métadonnées SEO[2m > [22mcreatePageMetadata[2m > [22mconfigure OpenGraph avec le titre[32m 1[2mms[22m[39m
 [32m✓[39m src/__tests__/lib/metadata.real.test.ts[2m > [22mmetadata - Métadonnées SEO[2m > [22mcreatePageMetadata[2m > [22mconfigure OpenGraph avec description personnalisée[32m 1[2mms[22m[39m
 [32m✓[39m src/__tests__/lib/metadata.real.test.ts[2m > [22mmetadata - Métadonnées SEO[2m > [22mcreatePageMetadata[2m > [22mconfigure OpenGraph URL avec path[32m 1[2mms[22m[39m
 [32m✓[39m src/__tests__/lib/metadata.real.test.ts[2m > [22mmetadata - Métadonnées SEO[2m > [22mcreatePageMetadata[2m > [22mOpenGraph URL est undefined sans path[32m 1[2mms[22m[39m
 [32m✓[39m src/__tests__/lib/metadata.real.test.ts[2m > [22mmetadata - Métadonnées SEO[2m > [22msectionMetadata[2m > [22mcontient les métadonnées dashboard[32m 1[2mms[22m[39m
 [32m✓[39m src/__tests__/lib/metadata.real.test.ts[2m > [22mmetadata - Métadonnées SEO[2m > [22msectionMetadata[2m > [22mcontient les métadonnées dossiers[32m 1[2mms[22m[39m
 [32m✓[39m src/__tests__/lib/metadata.real.test.ts[2m > [22mmetadata - Métadonnées SEO[2m > [22msectionMetadata[2m > [22mcontient les métadonnées clients[32m 0[2mms[22m[39m
 [32m✓[39m src/__tests__/lib/metadata.real.test.ts[2m > [22mmetadata - Métadonnées SEO[2m > [22msectionMetadata[2m > [22mcontient les métadonnées factures[32m 0[2mms[22m[39m
 [32m✓[39m src/__tests__/lib/metadata.real.test.ts[2m > [22mmetadata - Métadonnées SEO[2m > [22msectionMetadata[2m > [22mcontient les métadonnées documents[32m 0[2mms[22m[39m
 [32m✓[39m src/__tests__/lib/metadata.real.test.ts[2m > [22mmetadata - Métadonnées SEO[2m > [22msectionMetadata[2m > [22mcontient les métadonnées settings[32m 1[2mms[22m[39m
 [32m✓[39m src/__tests__/lib/metadata.real.test.ts[2m > [22mmetadata - Métadonnées SEO[2m > [22msectionMetadata[2m > [22mchaque section a une description[32m 8[2mms[22m[39m
 [32m✓[39m src/__tests__/lib/metadata.real.test.ts[2m > [22mmetadata - Métadonnées SEO[2m > [22msectionMetadata[2m > [22mchaque section a les alternates configurés[32m 1[2mms[22m[39m
 [32m✓[39m src/__tests__/lib/metadata.real.test.ts[2m > [22mmetadata - Métadonnées SEO[2m > [22msectionMetadata[2m > [22mdashboard pointe vers /dashboard[32m 1[2mms[22m[39m
 [32m✓[39m src/__tests__/lib/metadata.real.test.ts[2m > [22mmetadata - Métadonnées SEO[2m > [22msectionMetadata[2m > [22mdossiers pointe vers /dossiers[32m 1[2mms[22m[39m
 [32m✓[39m src/__tests__/lib/metadata.real.test.ts[2m > [22mmetadata - Métadonnées SEO[2m > [22msectionMetadata[2m > [22mfactures pointe vers /factures[32m 1[2mms[22m[39m
 [32m✓[39m src/__tests__/lib/metadata.real.test.ts[2m > [22mmetadata - Métadonnées SEO[2m > [22mCohérence des métadonnées[2m > [22mtoutes les sections utilisent createPageMetadata[32m 2[2mms[22m[39m
 [32m✓[39m src/__tests__/lib/metadata.real.test.ts[2m > [22mmetadata - Métadonnées SEO[2m > [22mCohérence des métadonnées[2m > [22mles URLs sont cohérentes[32m 1[2mms[22m[39m
[90mstdout[2m | src/__tests__/lib/postgres.config.test.ts
[22m[39m◇ injected env (9) from .env.test // tip: ◈ secrets for agents [www.dotenvx.com]

 [32m✓[39m src/__tests__/lib/postgres.config.test.ts[2m > [22mPostgreSQL Config - Pure Unit Tests[2m > [22mconnection string parsing[2m > [22mshould parse connection string components[32m 31[2mms[22m[39m
 [32m✓[39m src/__tests__/lib/postgres.config.test.ts[2m > [22mPostgreSQL Config - Pure Unit Tests[2m > [22mpool configuration[2m > [22mshould define pool defaults[32m 1[2mms[22m[39m
 [32m✓[39m src/__tests__/lib/postgres.config.test.ts[2m > [22mPostgreSQL Config - Pure Unit Tests[2m > [22mpool configuration[2m > [22mshould calculate optimal pool size[32m 1[2mms[22m[39m
 [32m✓[39m src/__tests__/lib/postgres.config.test.ts[2m > [22mPostgreSQL Config - Pure Unit Tests[2m > [22mSSL configuration[2m > [22mshould define SSL modes[32m 1[2mms[22m[39m
 [32m✓[39m src/__tests__/lib/postgres.config.test.ts[2m > [22mPostgreSQL Config - Pure Unit Tests[2m > [22mSSL configuration[2m > [22mshould create SSL config[32m 13[2mms[22m[39m
 [32m✓[39m src/__tests__/lib/postgres.config.test.ts[2m > [22mPostgreSQL Config - Pure Unit Tests[2m > [22mstatement timeout[2m > [22mshould set statement timeout[32m 1[2mms[22m[39m
 [32m✓[39m src/__tests__/lib/postgres.config.test.ts[2m > [22mPostgreSQL Config - Pure Unit Tests[2m > [22mhealth check[2m > [22mshould create health check query[32m 1[2mms[22m[39m
 [32m✓[39m src/__tests__/lib/postgres.config.test.ts[2m > [22mPostgreSQL Config - Pure Unit Tests[2m > [22mhealth check[2m > [22mshould check connection health status[32m 1[2mms[22m[39m
 [32m✓[39m src/__tests__/lib/postgres.config.test.ts[2m > [22mPostgreSQL Config - Pure Unit Tests[2m > [22mretry configuration[2m > [22mshould define retry settings[32m 6[2mms[22m[39m
 [32m✓[39m src/__tests__/lib/postgres.config.test.ts[2m > [22mPostgreSQL Config - Pure Unit Tests[2m > [22mretry configuration[2m > [22mshould calculate exponential backoff[32m 3[2mms[22m[39m
[90mstdout[2m | src/__tests__/lib/planLimits.coverage.test.ts
[22m[39m◇ injected env (9) from .env.test // tip: ◈ secrets for agents [www.dotenvx.com]

 [32m✓[39m src/__tests__/lib/postgres.config.test.ts[2m > [22mPostgreSQL Config - Pure Unit Tests[2m > [22mquery logging[2m > [22mshould create query log entry[32m 5[2mms[22m[39m
 [32m✓[39m src/__tests__/lib/postgres.config.test.ts[2m > [22mPostgreSQL Config - Pure Unit Tests[2m > [22mquery logging[2m > [22mshould detect slow query[32m 52[2mms[22m[39m
 [32m✓[39m src/__tests__/lib/postgres.config.test.ts[2m > [22mPostgreSQL Config - Pure Unit Tests[2m > [22mdatabase schemas[2m > [22mshould define schema names[32m 4[2mms[22m[39m
 [32m✓[39m src/__tests__/lib/postgres.config.test.ts[2m > [22mPostgreSQL Config - Pure Unit Tests[2m > [22mprepared statements[2m > [22mshould create statement name[32m 21[2mms[22m[39m
 [32m✓[39m src/__tests__/lib/postgres.config.test.ts[2m > [22mPostgreSQL Config - Pure Unit Tests[2m > [22mtransaction isolation[2m > [22mshould define isolation levels[32m 1[2mms[22m[39m
[90mstdout[2m | src/__tests__/services/deadlineExtractor.test.ts
[22m[39m◇ injected env (9) from .env.test // tip: ⌘ override existing { override: true }

 [32m✓[39m src/__tests__/lib/planLimits.coverage.test.ts[2m > [22mplanLimits.ts — Full Coverage[2m > [22mcanCreateDossier[2m > [22mshould allow when under limit[32m 21[2mms[22m[39m
 [32m✓[39m src/__tests__/lib/planLimits.coverage.test.ts[2m > [22mplanLimits.ts — Full Coverage[2m > [22mcanCreateDossier[2m > [22mshould deny when at limit[32m 7[2mms[22m[39m
 [32m✓[39m src/__tests__/lib/planLimits.coverage.test.ts[2m > [22mplanLimits.ts — Full Coverage[2m > [22mcanCreateDossier[2m > [22mshould deny when tenant not found[32m 6[2mms[22m[39m
 [32m✓[39m src/__tests__/lib/planLimits.coverage.test.ts[2m > [22mplanLimits.ts — Full Coverage[2m > [22mcanAddClient[2m > [22mshould allow when under limit[32m 2[2mms[22m[39m
 [32m✓[39m src/__tests__/lib/planLimits.coverage.test.ts[2m > [22mplanLimits.ts — Full Coverage[2m > [22mcanAddClient[2m > [22mshould deny when at limit[32m 8[2mms[22m[39m
 [32m✓[39m src/__tests__/lib/planLimits.coverage.test.ts[2m > [22mplanLimits.ts — Full Coverage[2m > [22mcanAddClient[2m > [22mshould deny when tenant not found[32m 1[2mms[22m[39m
 [32m✓[39m src/__tests__/lib/planLimits.coverage.test.ts[2m > [22mplanLimits.ts — Full Coverage[2m > [22mcanAddUser[2m > [22mshould allow when under limit[32m 14[2mms[22m[39m
 [32m✓[39m src/__tests__/lib/planLimits.coverage.test.ts[2m > [22mplanLimits.ts — Full Coverage[2m > [22mcanAddUser[2m > [22mshould deny when at limit[32m 6[2mms[22m[39m
 [32m✓[39m src/__tests__/lib/planLimits.coverage.test.ts[2m > [22mplanLimits.ts — Full Coverage[2m > [22mcanAddUser[2m > [22mshould deny when tenant not found[32m 1[2mms[22m[39m
 [32m✓[39m src/__tests__/lib/planLimits.coverage.test.ts[2m > [22mplanLimits.ts — Full Coverage[2m > [22mcanUploadFile[2m > [22mshould allow when storage is within limits[32m 1[2mms[22m[39m
 [32m✓[39m src/__tests__/lib/planLimits.coverage.test.ts[2m > [22mplanLimits.ts — Full Coverage[2m > [22mcanUploadFile[2m > [22mshould deny when upload would exceed storage limit[32m 1[2mms[22m[39m
 [32m✓[39m src/__tests__/services/deadlineExtractor.test.ts[2m > [22mDeadlineExtractor - Templates OQTF v2.0[2m > [22mcalculateDeadlineStatus()[2m > [22mRetourne "depasse" si date passee[32m 16[2mms[22m[39m
 [32m✓[39m src/__tests__/services/deadlineExtractor.test.ts[2m > [22mDeadlineExtractor - Templates OQTF v2.0[2m > [22mcalculateDeadlineStatus()[2m > [22mRetourne "urgent" pour aujourd'hui[32m 1[2mms[22m[39m
 [32m✓[39m src/__tests__/services/deadlineExtractor.test.ts[2m > [22mDeadlineExtractor - Templates OQTF v2.0[2m > [22mcalculateDeadlineStatus()[2m > [22mRetourne "urgent" si <= 3 jours[32m 1[2mms[22m[39m
 [32m✓[39m src/__tests__/services/deadlineExtractor.test.ts[2m > [22mDeadlineExtractor - Templates OQTF v2.0[2m > [22mcalculateDeadlineStatus()[2m > [22mRetourne "proche" si <= 7 jours[32m 2[2mms[22m[39m
 [32m✓[39m src/__tests__/services/deadlineExtractor.test.ts[2m > [22mDeadlineExtractor - Templates OQTF v2.0[2m > [22mcalculateDeadlineStatus()[2m > [22mRetourne "a_venir" si > 7 jours[32m 1[2mms[22m[39m
 [32m✓[39m src/__tests__/services/deadlineExtractor.test.ts[2m > [22mDeadlineExtractor - Templates OQTF v2.0[2m > [22mcalculateDeadlinePriority()[2m > [22mOQTF toujours critique[32m 1[2mms[22m[39m
 [32m✓[39m src/__tests__/services/deadlineExtractor.test.ts[2m > [22mDeadlineExtractor - Templates OQTF v2.0[2m > [22mcalculateDeadlinePriority()[2m > [22mRecours contentieux court = critique[32m 7[2mms[22m[39m
 [32m✓[39m src/__tests__/services/deadlineExtractor.test.ts[2m > [22mDeadlineExtractor - Templates OQTF v2.0[2m > [22mcalculateDeadlinePriority()[2m > [22mDate passee = critique[32m 1[2mms[22m[39m
 [32m✓[39m src/__tests__/services/deadlineExtractor.test.ts[2m > [22mDeadlineExtractor - Templates OQTF v2.0[2m > [22mcalculateDeadlinePriority()[2m > [22m<= 3 jours = critique[32m 14[2mms[22m[39m
 [32m✓[39m src/__tests__/services/deadlineExtractor.test.ts[2m > [22mDeadlineExtractor - Templates OQTF v2.0[2m > [22mcalculateDeadlinePriority()[2m > [22m<= 7 jours = haute[32m 1[2mms[22m[39m
 [32m✓[39m src/__tests__/services/deadlineExtractor.test.ts[2m > [22mDeadlineExtractor - Templates OQTF v2.0[2m > [22mcalculateDeadlinePriority()[2m > [22m<= 30 jours = normale[32m 1[2mms[22m[39m
 [32m✓[39m src/__tests__/services/deadlineExtractor.test.ts[2m > [22mDeadlineExtractor - Templates OQTF v2.0[2m > [22mcalculateDeadlinePriority()[2m > [22m> 30 jours = basse[32m 1[2mms[22m[39m
 [32m✓[39m src/__tests__/services/deadlineExtractor.test.ts[2m > [22mDeadlineExtractor - Templates OQTF v2.0[2m > [22mConfidence Level Calculation[2m > [22mHigh confidence >= 0.90[32m 1[2mms[22m[39m
 [32m✓[39m src/__tests__/services/deadlineExtractor.test.ts[2m > [22mDeadlineExtractor - Templates OQTF v2.0[2m > [22mConfidence Level Calculation[2m > [22mMedium confidence 0.70-0.89[32m 1[2mms[22m[39m
 [32m✓[39m src/__tests__/services/deadlineExtractor.test.ts[2m > [22mDeadlineExtractor - Templates OQTF v2.0[2m > [22mConfidence Level Calculation[2m > [22mLow confidence < 0.70[32m 1[2mms[22m[39m
 [32m✓[39m src/__tests__/services/deadlineExtractor.test.ts[2m > [22mDeadlineExtractor - Templates OQTF v2.0[2m > [22mTemplate OQTF Detection (logique)[2m > [22mDetecte OQTF sans delai avec keywords[32m 11[2mms[22m[39m
 [32m✓[39m src/__tests__/services/deadlineExtractor.test.ts[2m > [22mDeadlineExtractor - Templates OQTF v2.0[2m > [22mTemplate OQTF Detection (logique)[2m > [22mDetecte OQTF avec delai 30 jours[32m 2[2mms[22m[39m
 [32m✓[39m src/__tests__/services/deadlineExtractor.test.ts[2m > [22mDeadlineExtractor - Templates OQTF v2.0[2m > [22mTemplate OQTF Detection (logique)[2m > [22mDetecte refus titre de sejour[32m 3[2mms[22m[39m
 [32m✓[39m src/__tests__/services/deadlineExtractor.test.ts[2m > [22mDeadlineExtractor - Templates OQTF v2.0[2m > [22mAuto-Checklist Templates[2m > [22mOQTF 48h genere checklist urgence[32m 15[2mms[22m[39m
 [32m✓[39m src/__tests__/services/deadlineExtractor.test.ts[2m > [22mDeadlineExtractor - Templates OQTF v2.0[2m > [22mAuto-Checklist Templates[2m > [22mOQTF 30j genere checklist standard[32m 2[2mms[22m[39m
 [32m✓[39m src/__tests__/services/deadlineExtractor.test.ts[2m > [22mDeadlineExtractor - Templates OQTF v2.0[2m > [22mAuto-Checklist Templates[2m > [22mRefus titre genere checklist recours[32m 1[2mms[22m[39m
 [32m✓[39m src/__tests__/services/deadlineExtractor.test.ts[2m > [22mDeadlineExtractor - Templates OQTF v2.0[2m > [22mMetadata Enrichment[2m > [22mTemplate OQTF 48h ajoute metadata complete[32m 1[2mms[22m[39m
 [32m✓[39m src/__tests__/services/deadlineExtractor.test.ts[2m > [22mDeadlineExtractor - Templates OQTF v2.0[2m > [22mMetadata Enrichment[2m > [22mTemplate OQTF 30j ajoute metadata avec articles[32m 1[2mms[22m[39m
 [32m✓[39m src/__tests__/services/deadlineExtractor.test.ts[2m > [22mDeadlineExtractor - Templates OQTF v2.0[2m > [22mMetadata Enrichment[2m > [22mRefus titre ajoute metadata avec CJA[32m 1[2mms[22m[39m
 [32m✓[39m src/__tests__/services/deadlineExtractor.test.ts[2m > [22mDeadlineExtractor - Templates OQTF v2.0[2m > [22mConfidence Boost Logic[2m > [22mBoost +0.15 si template + keywords detectes[32m 1[2mms[22m[39m
 [32m✓[39m src/__tests__/services/deadlineExtractor.test.ts[2m > [22mDeadlineExtractor - Templates OQTF v2.0[2m > [22mConfidence Boost Logic[2m > [22mBoost ne depasse pas 0.95[32m 0[2mms[22m[39m
 [32m✓[39m src/__tests__/services/deadlineExtractor.test.ts[2m > [22mDeadlineExtractor - Templates OQTF v2.0[2m > [22mConfidence Boost Logic[2m > [22mPas de boost si keywords absents[32m 0[2mms[22m[39m
 [32m✓[39m src/__tests__/services/deadlineExtractor.test.ts[2m > [22mDeadlineExtractor - Templates OQTF v2.0[2m > [22mSuggested Actions Generation[2m > [22mActions incluent template detecte[32m 1[2mms[22m[39m
 [32m✓[39m src/__tests__/services/deadlineExtractor.test.ts[2m > [22mDeadlineExtractor - Templates OQTF v2.0[2m > [22mSuggested Actions Generation[2m > [22mAlerte urgence si delai critique[32m 2[2mms[22m[39m
 [32m✓[39m src/__tests__/services/deadlineExtractor.test.ts[2m > [22mDeadlineExtractor - Templates OQTF v2.0[2m > [22mSuggested Actions Generation[2m > [22mPas d'alerte urgence si delai normal[32m 1[2mms[22m[39m
 [32m✓[39m src/__tests__/services/deadlineExtractor.test.ts[2m > [22mDeadlineExtractor - Templates OQTF v2.0[2m > [22mEdge Cases[2m > [22mGere date invalide gracieusement[32m 1[2mms[22m[39m
 [32m✓[39m src/__tests__/services/deadlineExtractor.test.ts[2m > [22mDeadlineExtractor - Templates OQTF v2.0[2m > [22mEdge Cases[2m > [22mGere type de delai inconnu[32m 1[2mms[22m[39m
 [32m✓[39m src/__tests__/services/deadlineExtractor.test.ts[2m > [22mDeadlineExtractor - Templates OQTF v2.0[2m > [22mEdge Cases[2m > [22mGere confidence hors limites[32m 1[2mms[22m[39m
 [32m✓[39m src/__tests__/lib/planLimits.coverage.test.ts[2m > [22mplanLimits.ts — Full Coverage[2m > [22mcanUploadFile[2m > [22mshould deny when tenant not found[32m 3[2mms[22m[39m
 [32m✓[39m src/__tests__/lib/planLimits.coverage.test.ts[2m > [22mplanLimits.ts — Full Coverage[2m > [22mcanPerformAIAction[2m > [22mshould allow level 1 actions for level 3 plan[32m 8[2mms[22m[39m
 [32m✓[39m src/__tests__/lib/planLimits.coverage.test.ts[2m > [22mplanLimits.ts — Full Coverage[2m > [22mcanPerformAIAction[2m > [22mshould allow level 2 actions for level 3 plan[32m 1[2mms[22m[39m
 [32m✓[39m src/__tests__/lib/planLimits.coverage.test.ts[2m > [22mplanLimits.ts — Full Coverage[2m > [22mcanPerformAIAction[2m > [22mshould allow level 3 actions for level 3 plan[32m 2[2mms[22m[39m
 [32m✓[39m src/__tests__/lib/planLimits.coverage.test.ts[2m > [22mplanLimits.ts — Full Coverage[2m > [22mcanPerformAIAction[2m > [22mshould deny level 4 actions for level 3 plan[32m 1[2mms[22m[39m
 [32m✓[39m src/__tests__/lib/planLimits.coverage.test.ts[2m > [22mplanLimits.ts — Full Coverage[2m > [22mcanPerformAIAction[2m > [22mshould always deny forbidden actions (level 999)[32m 1[2mms[22m[39m
 [32m✓[39m src/__tests__/lib/planLimits.coverage.test.ts[2m > [22mplanLimits.ts — Full Coverage[2m > [22mcanPerformAIAction[2m > [22mshould deny SEND_OFFICIAL_DOCUMENT[32m 1[2mms[22m[39m
 [32m✓[39m src/__tests__/lib/planLimits.coverage.test.ts[2m > [22mplanLimits.ts — Full Coverage[2m > [22mcanPerformAIAction[2m > [22mshould deny CHOOSE_LEGAL_STRATEGY[32m 2[2mms[22m[39m
 [32m✓[39m src/__tests__/lib/planLimits.coverage.test.ts[2m > [22mplanLimits.ts — Full Coverage[2m > [22mcanPerformAIAction[2m > [22mshould deny COMMIT_CABINET[32m 0[2mms[22m[39m
 [32m✓[39m src/__tests__/lib/planLimits.coverage.test.ts[2m > [22mplanLimits.ts — Full Coverage[2m > [22mcanPerformAIAction[2m > [22mshould require validation when plan forces humanValidation[32m 1[2mms[22m[39m
 [32m✓[39m src/__tests__/lib/planLimits.coverage.test.ts[2m > [22mplanLimits.ts — Full Coverage[2m > [22mcanPerformAIAction[2m > [22mshould deny when tenant not found[32m 1[2mms[22m[39m
 [32m✓[39m src/__tests__/lib/planLimits.coverage.test.ts[2m > [22mplanLimits.ts — Full Coverage[2m > [22mcanPerformAIAction[2m > [22mshould allow all level 1 actions[32m 6[2mms[22m[39m
 [32m✓[39m src/__tests__/lib/planLimits.coverage.test.ts[2m > [22mplanLimits.ts — Full Coverage[2m > [22mcanAccessAdvancedAnalytics[2m > [22mshould return true when plan has analytics[32m 1[2mms[22m[39m
 [32m✓[39m src/__tests__/lib/planLimits.coverage.test.ts[2m > [22mplanLimits.ts — Full Coverage[2m > [22mcanAccessAdvancedAnalytics[2m > [22mshould return false when plan lacks analytics[32m 1[2mms[22m[39m
 [32m✓[39m src/__tests__/lib/planLimits.coverage.test.ts[2m > [22mplanLimits.ts — Full Coverage[2m > [22mcanAccessAdvancedAnalytics[2m > [22mshould return false when tenant not found[32m 1[2mms[22m[39m
 [32m✓[39m src/__tests__/lib/planLimits.coverage.test.ts[2m > [22mplanLimits.ts — Full Coverage[2m > [22mcanAccessExternalAI[2m > [22mshould return true when plan has external AI[32m 1[2mms[22m[39m
 [32m✓[39m src/__tests__/lib/planLimits.coverage.test.ts[2m > [22mplanLimits.ts — Full Coverage[2m > [22mcanAccessExternalAI[2m > [22mshould return false when plan lacks external AI[32m 1[2mms[22m[39m
 [32m✓[39m src/__tests__/lib/planLimits.coverage.test.ts[2m > [22mplanLimits.ts — Full Coverage[2m > [22mcanAccessExternalAI[2m > [22mshould return false when tenant not found[32m 5[2mms[22m[39m
 [32m✓[39m src/__tests__/lib/planLimits.coverage.test.ts[2m > [22mplanLimits.ts — Full Coverage[2m > [22mhasPrioritySupport[2m > [22mshould return true when plan has priority support[32m 7[2mms[22m[39m
 [32m✓[39m src/__tests__/lib/planLimits.coverage.test.ts[2m > [22mplanLimits.ts — Full Coverage[2m > [22mhasPrioritySupport[2m > [22mshould return false when plan lacks priority support[32m 1[2mms[22m[39m
 [32m✓[39m src/__tests__/lib/planLimits.coverage.test.ts[2m > [22mplanLimits.ts — Full Coverage[2m > [22mhasPrioritySupport[2m > [22mshould return false when tenant not found[32m 1[2mms[22m[39m
 [32m✓[39m src/__tests__/lib/planLimits.coverage.test.ts[2m > [22mplanLimits.ts — Full Coverage[2m > [22mgetTenantLimits[2m > [22mshould return plan limits[32m 3[2mms[22m[39m
 [32m✓[39m src/__tests__/lib/planLimits.coverage.test.ts[2m > [22mplanLimits.ts — Full Coverage[2m > [22mgetTenantLimits[2m > [22mshould return null when tenant not found[32m 1[2mms[22m[39m
 [32m✓[39m src/__tests__/lib/planLimits.coverage.test.ts[2m > [22mplanLimits.ts — Full Coverage[2m > [22mgetTenantUsage[2m > [22mshould return current usage[32m 1[2mms[22m[39m
 [32m✓[39m src/__tests__/lib/planLimits.coverage.test.ts[2m > [22mplanLimits.ts — Full Coverage[2m > [22mgetTenantUsage[2m > [22mshould return null when tenant not found[32m 1[2mms[22m[39m
 [32m✓[39m src/__tests__/lib/planLimits.coverage.test.ts[2m > [22mplanLimits.ts — Full Coverage[2m > [22mincrement functions[2m > [22mincrementDossierCount should call prisma update[32m 7[2mms[22m[39m
 [32m✓[39m src/__tests__/lib/planLimits.coverage.test.ts[2m > [22mplanLimits.ts — Full Coverage[2m > [22mincrement functions[2m > [22mincrementClientCount should call prisma update[32m 7[2mms[22m[39m
 [32m✓[39m src/__tests__/lib/planLimits.coverage.test.ts[2m > [22mplanLimits.ts — Full Coverage[2m > [22mincrement functions[2m > [22mincrementUserCount should call prisma update[32m 2[2mms[22m[39m
 [32m✓[39m src/__tests__/lib/planLimits.coverage.test.ts[2m > [22mplanLimits.ts — Full Coverage[2m > [22mincrement functions[2m > [22maddStorageUsage should call prisma update with size[32m 1[2mms[22m[39m
 [32m✓[39m src/__tests__/lib/planLimits.coverage.test.ts[2m > [22mplanLimits.ts — Full Coverage[2m > [22mlogAIAction[2m > [22mshould log an AI action without error[32m 35[2mms[22m[39m
 [32m✓[39m src/__tests__/lib/planLimits.coverage.test.ts[2m > [22mplanLimits.ts — Full Coverage[2m > [22mlogAIAction[2m > [22mshould handle missing userId[32m 4[2mms[22m[39m
 [32m✓[39m src/__tests__/lib/planLimits.coverage.test.ts[2m > [22mplanLimits.ts — Full Coverage[2m > [22mlogAIAction[2m > [22mshould handle errors gracefully[32m 16[2mms[22m[39m
[90mstdout[2m | src/__tests__/utils/password-utils.test.ts
[22m[39m◇ injected env (9) from .env.test // tip: ⌘ multiple files { path: ['.env.local', '.env'] }

[90mstdout[2m | src/__tests__/lib/utils/utils.extended.test.ts
[22m[39m◇ injected env (9) from .env.test // tip: ⌘ custom filepath { path: '/custom/path/.env' }

 [32m✓[39m src/__tests__/utils/password-utils.test.ts[2m > [22mPassword Validation Utils[2m > [22mPassword Strength[2m > [22mdevrait retourner 0 pour un mot de passe vide[32m 17[2mms[22m[39m
 [32m✓[39m src/__tests__/utils/password-utils.test.ts[2m > [22mPassword Validation Utils[2m > [22mPassword Strength[2m > [22mdevrait retourner faible pour un mot simple[32m 4[2mms[22m[39m
 [32m✓[39m src/__tests__/utils/password-utils.test.ts[2m > [22mPassword Validation Utils[2m > [22mPassword Strength[2m > [22mdevrait retourner fort pour un mot de passe complexe[32m 1[2mms[22m[39m
 [32m✓[39m src/__tests__/utils/password-utils.test.ts[2m > [22mPassword Validation Utils[2m > [22mPassword Strength[2m > [22mdevrait récompenser la longueur[32m 14[2mms[22m[39m
 [32m✓[39m src/__tests__/utils/password-utils.test.ts[2m > [22mPassword Validation Utils[2m > [22mPassword Rules Validation[2m > [22mdevrait valider un mot de passe conforme[32m 4[2mms[22m[39m
 [32m✓[39m src/__tests__/utils/password-utils.test.ts[2m > [22mPassword Validation Utils[2m > [22mPassword Rules Validation[2m > [22mdevrait rejeter un mot de passe trop court[32m 2[2mms[22m[39m
 [32m✓[39m src/__tests__/utils/password-utils.test.ts[2m > [22mPassword Validation Utils[2m > [22mPassword Rules Validation[2m > [22mdevrait rejeter sans majuscule[32m 9[2mms[22m[39m
 [32m✓[39m src/__tests__/utils/password-utils.test.ts[2m > [22mPassword Validation Utils[2m > [22mPassword Rules Validation[2m > [22mdevrait rejeter sans minuscule[32m 14[2mms[22m[39m
 [32m✓[39m src/__tests__/utils/password-utils.test.ts[2m > [22mPassword Validation Utils[2m > [22mPassword Rules Validation[2m > [22mdevrait rejeter sans chiffre[32m 3[2mms[22m[39m
 [32m✓[39m src/__tests__/utils/password-utils.test.ts[2m > [22mPassword Validation Utils[2m > [22mPassword Rules Validation[2m > [22mdevrait rejeter sans caractère spécial[32m 1[2mms[22m[39m
 [32m✓[39m src/__tests__/utils/password-utils.test.ts[2m > [22mPassword Validation Utils[2m > [22mCommon Password Detection[2m > [22mdevrait détecter un mot de passe commun[32m 1[2mms[22m[39m
 [32m✓[39m src/__tests__/utils/password-utils.test.ts[2m > [22mPassword Validation Utils[2m > [22mCommon Password Detection[2m > [22mdevrait détecter indépendamment de la casse[32m 22[2mms[22m[39m
 [32m✓[39m src/__tests__/lib/utils/utils.extended.test.ts[2m > [22mUtils Module - Extended[2m > [22mcn function[2m > [22mshould merge class names[32m 79[2mms[22m[39m
 [32m✓[39m src/__tests__/lib/utils/utils.extended.test.ts[2m > [22mUtils Module - Extended[2m > [22mcn function[2m > [22mshould handle conditional classes[32m 13[2mms[22m[39m
 [32m✓[39m src/__tests__/lib/utils/utils.extended.test.ts[2m > [22mUtils Module - Extended[2m > [22mcn function[2m > [22mshould handle undefined values[32m 1[2mms[22m[39m
 [32m✓[39m src/__tests__/lib/utils/utils.extended.test.ts[2m > [22mUtils Module - Extended[2m > [22mcn function[2m > [22mshould handle arrays of classes[32m 1[2mms[22m[39m
 [32m✓[39m src/__tests__/lib/utils/utils.extended.test.ts[2m > [22mUtils Module - Extended[2m > [22mcn function[2m > [22mshould handle empty input[32m 1[2mms[22m[39m
 [32m✓[39m src/__tests__/lib/utils/utils.extended.test.ts[2m > [22mUtils Module - Extended[2m > [22mcn function[2m > [22mshould dedupe conflicting Tailwind classes[32m 2[2mms[22m[39m
 [32m✓[39m src/__tests__/utils/password-utils.test.ts[2m > [22mPassword Validation Utils[2m > [22mCommon Password Detection[2m > [22mdevrait accepter un mot de passe unique[32m 1[2mms[22m[39m
 [32m✓[39m src/__tests__/utils/password-utils.test.ts[2m > [22mPassword Validation Utils[2m > [22mPassword Entropy[2m > [22mdevrait calculer une entropie faible pour un mot simple[32m 2[2mms[22m[39m
 [32m✓[39m src/__tests__/utils/password-utils.test.ts[2m > [22mPassword Validation Utils[2m > [22mPassword Entropy[2m > [22mdevrait calculer une entropie élevée pour un mot complexe[32m 1[2mms[22m[39m
 [32m✓[39m src/__tests__/utils/password-utils.test.ts[2m > [22mPassword Validation Utils[2m > [22mPassword History Check[2m > [22mdevrait détecter un mot de passe dans l'historique[32m 1[2mms[22m[39m
 [32m✓[39m src/__tests__/utils/password-utils.test.ts[2m > [22mPassword Validation Utils[2m > [22mPassword History Check[2m > [22mdevrait accepter un nouveau mot de passe[32m 6[2mms[22m[39m
 [32m✓[39m src/__tests__/utils/password-utils.test.ts[2m > [22mPassword Validation Utils[2m > [22mPassword Generation Helpers[2m > [22mdevrait générer la bonne longueur[32m 1[2mms[22m[39m
 [32m✓[39m src/__tests__/utils/password-utils.test.ts[2m > [22mPassword Validation Utils[2m > [22mPassword Generation Helpers[2m > [22mdevrait générer des mots de passe différents[32m 7[2mms[22m[39m
 [32m✓[39m src/__tests__/utils/password-utils.test.ts[2m > [22mPassword Validation Utils[2m > [22mPassword Similarity Check[2m > [22mdevrait détecter des mots de passe similaires[32m 1[2mms[22m[39m
 [32m✓[39m src/__tests__/utils/password-utils.test.ts[2m > [22mPassword Validation Utils[2m > [22mPassword Similarity Check[2m > [22mdevrait accepter des mots de passe différents[32m 1[2mms[22m[39m
 [32m✓[39m src/__tests__/utils/password-utils.test.ts[2m > [22mPassword Validation Utils[2m > [22mPassword Expiry Check[2m > [22mdevrait détecter un mot de passe expiré[32m 13[2mms[22m[39m
 [32m✓[39m src/__tests__/utils/password-utils.test.ts[2m > [22mPassword Validation Utils[2m > [22mPassword Expiry Check[2m > [22mdevrait accepter un mot de passe récent[32m 1[2mms[22m[39m
 [32m✓[39m src/__tests__/utils/password-utils.test.ts[2m > [22mPassword Validation Utils[2m > [22mUsername in Password Check[2m > [22mdevrait détecter le nom d'utilisateur dans le mot de passe[32m 0[2mms[22m[39m
 [32m✓[39m src/__tests__/utils/password-utils.test.ts[2m > [22mPassword Validation Utils[2m > [22mUsername in Password Check[2m > [22mdevrait accepter un mot de passe sans le nom[32m 2[2mms[22m[39m
 [32m✓[39m src/__tests__/utils/password-utils.test.ts[2m > [22mPassword Validation Utils[2m > [22mSequential Characters Detection[2m > [22mdevrait détecter abc[32m 1[2mms[22m[39m
 [32m✓[39m src/__tests__/utils/password-utils.test.ts[2m > [22mPassword Validation Utils[2m > [22mSequential Characters Detection[2m > [22mdevrait détecter 123[32m 9[2mms[22m[39m
 [32m✓[39m src/__tests__/utils/password-utils.test.ts[2m > [22mPassword Validation Utils[2m > [22mSequential Characters Detection[2m > [22mdevrait accepter un mot de passe sans séquence[32m 1[2mms[22m[39m
 [32m✓[39m src/__tests__/utils/password-utils.test.ts[2m > [22mPassword Validation Utils[2m > [22mRepeated Characters Detection[2m > [22mdevrait détecter aaa[32m 1[2mms[22m[39m
 [32m✓[39m src/__tests__/utils/password-utils.test.ts[2m > [22mPassword Validation Utils[2m > [22mRepeated Characters Detection[2m > [22mdevrait accepter un mot de passe sans répétition[32m 1[2mms[22m[39m
 [32m✓[39m src/__tests__/lib/utils/utils.extended.test.ts[2m > [22mUtils Module - Extended[2m > [22mformatDate function[2m > [22mshould format date with default options[32m 23[2mms[22m[39m
 [32m✓[39m src/__tests__/lib/utils/utils.extended.test.ts[2m > [22mUtils Module - Extended[2m > [22mformatDate function[2m > [22mshould format date string input[32m 15[2mms[22m[39m
 [32m✓[39m src/__tests__/lib/utils/utils.extended.test.ts[2m > [22mUtils Module - Extended[2m > [22mformatDate function[2m > [22mshould handle invalid date[32m 5[2mms[22m[39m
 [32m✓[39m src/__tests__/lib/utils/utils.extended.test.ts[2m > [22mUtils Module - Extended[2m > [22mformatCurrency function[2m > [22mshould format euros[32m 6[2mms[22m[39m
 [32m✓[39m src/__tests__/lib/utils/utils.extended.test.ts[2m > [22mUtils Module - Extended[2m > [22mformatCurrency function[2m > [22mshould handle zero[32m 1[2mms[22m[39m
 [32m✓[39m src/__tests__/lib/utils/utils.extended.test.ts[2m > [22mUtils Module - Extended[2m > [22mformatCurrency function[2m > [22mshould handle negative values[32m 1[2mms[22m[39m
 [32m✓[39m src/__tests__/lib/utils/utils.extended.test.ts[2m > [22mUtils Module - Extended[2m > [22mtruncate function[2m > [22mshould truncate long strings[32m 0[2mms[22m[39m
 [32m✓[39m src/__tests__/lib/utils/utils.extended.test.ts[2m > [22mUtils Module - Extended[2m > [22mtruncate function[2m > [22mshould not truncate short strings[32m 0[2mms[22m[39m
 [32m✓[39m src/__tests__/lib/utils/utils.extended.test.ts[2m > [22mUtils Module - Extended[2m > [22mtruncate function[2m > [22mshould handle empty string[32m 0[2mms[22m[39m
 [32m✓[39m src/__tests__/lib/utils/utils.extended.test.ts[2m > [22mAdditional utility functions[2m > [22mslugify[2m > [22mshould create URL-safe slugs[32m 3[2mms[22m[39m
 [32m✓[39m src/__tests__/lib/utils/utils.extended.test.ts[2m > [22mAdditional utility functions[2m > [22mslugify[2m > [22mshould handle special characters[32m 3[2mms[22m[39m
 [32m✓[39m src/__tests__/lib/utils/utils.extended.test.ts[2m > [22mAdditional utility functions[2m > [22mdebounce[2m > [22mshould debounce function calls[32m 12[2mms[22m[39m
 [32m✓[39m src/__tests__/lib/utils/utils.extended.test.ts[2m > [22mAdditional utility functions[2m > [22mthrottle[2m > [22mshould throttle function calls[32m 3[2mms[22m[39m
 [32m✓[39m src/__tests__/lib/utils/utils.extended.test.ts[2m > [22mAdditional utility functions[2m > [22mdeepClone[2m > [22mshould deep clone objects[32m 2[2mms[22m[39m
 [32m✓[39m src/__tests__/lib/utils/utils.extended.test.ts[2m > [22mAdditional utility functions[2m > [22misEqual[2m > [22mshould compare objects[32m 9[2mms[22m[39m
 [32m✓[39m src/__tests__/lib/utils/utils.extended.test.ts[2m > [22mAdditional utility functions[2m > [22mcapitalize[2m > [22mshould capitalize first letter[32m 2[2mms[22m[39m
 [32m✓[39m src/__tests__/lib/utils/utils.extended.test.ts[2m > [22mAdditional utility functions[2m > [22mgenerateId[2m > [22mshould generate unique IDs[32m 2[2mms[22m[39m
 [32m✓[39m src/__tests__/lib/utils/utils.extended.test.ts[2m > [22mAdditional utility functions[2m > [22mparseJSON[2m > [22mshould safely parse JSON[32m 2[2mms[22m[39m
 [32m✓[39m src/__tests__/lib/utils/utils.extended.test.ts[2m > [22mAdditional utility functions[2m > [22mparseJSON[2m > [22mshould return default on invalid JSON[32m 6[2mms[22m[39m
[90mstdout[2m | src/__tests__/utils/event-utils.test.ts
[22m[39m◇ injected env (9) from .env.test // tip: ⌁ auth for agents [www.vestauth.com]

 [32m✓[39m src/__tests__/utils/event-utils.test.ts[2m > [22mEvent Utils[2m > [22mSimple Event Emitter[2m > [22mdevrait émettre des événements[32m 35[2mms[22m[39m
 [32m✓[39m src/__tests__/utils/event-utils.test.ts[2m > [22mEvent Utils[2m > [22mSimple Event Emitter[2m > [22mdevrait supporter plusieurs listeners[32m 9[2mms[22m[39m
 [32m✓[39m src/__tests__/utils/event-utils.test.ts[2m > [22mEvent Utils[2m > [22mSimple Event Emitter[2m > [22mdevrait supprimer un listener[32m 2[2mms[22m[39m
 [32m✓[39m src/__tests__/utils/event-utils.test.ts[2m > [22mEvent Utils[2m > [22mSimple Event Emitter[2m > [22mdevrait compter les listeners[32m 1[2mms[22m[39m
 [32m✓[39m src/__tests__/utils/event-utils.test.ts[2m > [22mEvent Utils[2m > [22mOnce Handler[2m > [22mdevrait appeler once une seule fois[32m 1[2mms[22m[39m
 [32m✓[39m src/__tests__/utils/event-utils.test.ts[2m > [22mEvent Utils[2m > [22mDebounce[2m > [22mdevrait retarder l'exécution[32m 26[2mms[22m[39m
 [32m✓[39m src/__tests__/utils/event-utils.test.ts[2m > [22mEvent Utils[2m > [22mDebounce[2m > [22mdevrait annuler les appels précédents[32m 2[2mms[22m[39m
 [32m✓[39m src/__tests__/utils/event-utils.test.ts[2m > [22mEvent Utils[2m > [22mThrottle[2m > [22mdevrait limiter les appels[32m 2[2mms[22m[39m
 [32m✓[39m src/__tests__/utils/event-utils.test.ts[2m > [22mEvent Utils[2m > [22mPub/Sub Pattern[2m > [22mdevrait publier aux abonnés[32m 2[2mms[22m[39m
 [32m✓[39m src/__tests__/utils/event-utils.test.ts[2m > [22mEvent Utils[2m > [22mPub/Sub Pattern[2m > [22mdevrait retourner une fonction de désabonnement[32m 3[2mms[22m[39m
[90mstdout[2m | src/__tests__/lib/constants/dossier.constants.real.test.ts
[22m[39m◇ injected env (9) from .env.test // tip: ⌘ suppress logs { quiet: true }

 [32m✓[39m src/__tests__/utils/event-utils.test.ts[2m > [22mEvent Utils[2m > [22mEvent Queue[2m > [22mdevrait mettre en queue les événements[32m 24[2mms[22m[39m
 [32m✓[39m src/__tests__/utils/event-utils.test.ts[2m > [22mEvent Utils[2m > [22mEvent Filter[2m > [22mdevrait filtrer les événements[32m 3[2mms[22m[39m
 [32m✓[39m src/__tests__/utils/event-utils.test.ts[2m > [22mEvent Utils[2m > [22mAsync Event Handling[2m > [22mdevrait attendre tous les handlers[32m 16[2mms[22m[39m
 [32m✓[39m src/__tests__/utils/event-utils.test.ts[2m > [22mEvent Utils[2m > [22mEvent Replay[2m > [22mdevrait rejouer les événements bufférisés[32m 8[2mms[22m[39m
 [32m✓[39m src/__tests__/utils/event-utils.test.ts[2m > [22mEvent Utils[2m > [22mEvent Transformation[2m > [22mdevrait transformer les événements[32m 1[2mms[22m[39m
 [32m✓[39m src/__tests__/utils/event-utils.test.ts[2m > [22mEvent Utils[2m > [22mEvent Aggregation[2m > [22mdevrait agréger les événements[32m 8[2mms[22m[39m
 [32m✓[39m src/__tests__/lib/constants/dossier.constants.real.test.ts[2m > [22mdossier.constants - REAL TESTS[2m > [22mSTATUTS_DB constants[2m > [22mshould have all DB status values[32m 19[2mms[22m[39m
 [32m✓[39m src/__tests__/lib/constants/dossier.constants.real.test.ts[2m > [22mdossier.constants - REAL TESTS[2m > [22mSTATUTS_DB constants[2m > [22mshould use snake_case format[32m 9[2mms[22m[39m
 [32m✓[39m src/__tests__/lib/constants/dossier.constants.real.test.ts[2m > [22mdossier.constants - REAL TESTS[2m > [22mSTATUTS_UI constants[2m > [22mshould have all UI status values[32m 2[2mms[22m[39m
 [32m✓[39m src/__tests__/lib/constants/dossier.constants.real.test.ts[2m > [22mdossier.constants - REAL TESTS[2m > [22mSTATUTS_UI constants[2m > [22mshould use SCREAMING_CASE format[32m 7[2mms[22m[39m
 [32m✓[39m src/__tests__/lib/constants/dossier.constants.real.test.ts[2m > [22mdossier.constants - REAL TESTS[2m > [22mPRIORITES_DB constants[2m > [22mshould have all DB priority values[32m 1[2mms[22m[39m
 [32m✓[39m src/__tests__/lib/constants/dossier.constants.real.test.ts[2m > [22mdossier.constants - REAL TESTS[2m > [22mPRIORITES_UI constants[2m > [22mshould have all UI priority values[32m 5[2mms[22m[39m
 [32m✓[39m src/__tests__/lib/constants/dossier.constants.real.test.ts[2m > [22mdossier.constants - REAL TESTS[2m > [22mTYPES_DOSSIER constants[2m > [22mshould have all dossier types[32m 3[2mms[22m[39m
 [32m✓[39m src/__tests__/lib/constants/dossier.constants.real.test.ts[2m > [22mdossier.constants - REAL TESTS[2m > [22mTYPE_LABELS[2m > [22mshould have labels for all dossier types[32m 1[2mms[22m[39m
 [32m✓[39m src/__tests__/lib/constants/dossier.constants.real.test.ts[2m > [22mdossier.constants - REAL TESTS[2m > [22mTYPE_LABELS[2m > [22mshould have a label for each type[32m 5[2mms[22m[39m
 [32m✓[39m src/__tests__/lib/constants/dossier.constants.real.test.ts[2m > [22mdossier.constants - REAL TESTS[2m > [22mSTATUT_COLORS[2m > [22mshould have colors for all UI statuses[32m 6[2mms[22m[39m
 [32m✓[39m src/__tests__/lib/constants/dossier.constants.real.test.ts[2m > [22mdossier.constants - REAL TESTS[2m > [22mSTATUT_COLORS[2m > [22mshould only use valid color values[32m 5[2mms[22m[39m
 [32m✓[39m src/__tests__/lib/constants/dossier.constants.real.test.ts[2m > [22mdossier.constants - REAL TESTS[2m > [22mPRIORITE_COLORS[2m > [22mshould have colors for all UI priorities[32m 1[2mms[22m[39m
 [32m✓[39m src/__tests__/lib/constants/dossier.constants.real.test.ts[2m > [22mdossier.constants - REAL TESTS[2m > [22mmapStatutToUI[2m > [22mshould map en_cours to EN_COURS[32m 1[2mms[22m[39m
 [32m✓[39m src/__tests__/lib/constants/dossier.constants.real.test.ts[2m > [22mdossier.constants - REAL TESTS[2m > [22mmapStatutToUI[2m > [22mshould map en_attente to EN_ATTENTE[32m 0[2mms[22m[39m
 [32m✓[39m src/__tests__/lib/constants/dossier.constants.real.test.ts[2m > [22mdossier.constants - REAL TESTS[2m > [22mmapStatutToUI[2m > [22mshould map urgent to URGENT[32m 1[2mms[22m[39m
 [32m✓[39m src/__tests__/lib/constants/dossier.constants.real.test.ts[2m > [22mdossier.constants - REAL TESTS[2m > [22mmapStatutToUI[2m > [22mshould map termine to TERMINE[32m 0[2mms[22m[39m
 [32m✓[39m src/__tests__/lib/constants/dossier.constants.real.test.ts[2m > [22mdossier.constants - REAL TESTS[2m > [22mmapStatutToUI[2m > [22mshould map archive to ANNULE[32m 2[2mms[22m[39m
 [32m✓[39m src/__tests__/lib/constants/dossier.constants.real.test.ts[2m > [22mdossier.constants - REAL TESTS[2m > [22mmapStatutToUI[2m > [22mshould map suspendu to EN_ATTENTE[32m 1[2mms[22m[39m
 [32m✓[39m src/__tests__/lib/constants/dossier.constants.real.test.ts[2m > [22mdossier.constants - REAL TESTS[2m > [22mmapStatutToUI[2m > [22mshould default to EN_COURS for unknown status[32m 6[2mms[22m[39m
 [32m✓[39m src/__tests__/lib/constants/dossier.constants.real.test.ts[2m > [22mdossier.constants - REAL TESTS[2m > [22mmapStatutToDB[2m > [22mshould map BROUILLON to en_cours[32m 1[2mms[22m[39m
 [32m✓[39m src/__tests__/lib/constants/dossier.constants.real.test.ts[2m > [22mdossier.constants - REAL TESTS[2m > [22mmapStatutToDB[2m > [22mshould map EN_COURS to en_cours[32m 12[2mms[22m[39m
 [32m✓[39m src/__tests__/lib/constants/dossier.constants.real.test.ts[2m > [22mdossier.constants - REAL TESTS[2m > [22mmapStatutToDB[2m > [22mshould map EN_ATTENTE to en_attente[32m 0[2mms[22m[39m
 [32m✓[39m src/__tests__/lib/constants/dossier.constants.real.test.ts[2m > [22mdossier.constants - REAL TESTS[2m > [22mmapStatutToDB[2m > [22mshould map URGENT to urgent[32m 0[2mms[22m[39m
 [32m✓[39m src/__tests__/lib/constants/dossier.constants.real.test.ts[2m > [22mdossier.constants - REAL TESTS[2m > [22mmapStatutToDB[2m > [22mshould map TERMINE to termine[32m 0[2mms[22m[39m
 [32m✓[39m src/__tests__/lib/constants/dossier.constants.real.test.ts[2m > [22mdossier.constants - REAL TESTS[2m > [22mmapStatutToDB[2m > [22mshould map REJETE to termine[32m 1[2mms[22m[39m
 [32m✓[39m src/__tests__/lib/constants/dossier.constants.real.test.ts[2m > [22mdossier.constants - REAL TESTS[2m > [22mmapStatutToDB[2m > [22mshould map ANNULE to archive[32m 1[2mms[22m[39m
 [32m✓[39m src/__tests__/lib/constants/dossier.constants.real.test.ts[2m > [22mdossier.constants - REAL TESTS[2m > [22mmapStatutToDB[2m > [22mshould default to en_cours for unknown status[32m 0[2mms[22m[39m
 [32m✓[39m src/__tests__/lib/constants/dossier.constants.real.test.ts[2m > [22mdossier.constants - REAL TESTS[2m > [22mmapPrioriteToUI[2m > [22mshould map basse to NORMALE[32m 9[2mms[22m[39m
 [32m✓[39m src/__tests__/lib/constants/dossier.constants.real.test.ts[2m > [22mdossier.constants - REAL TESTS[2m > [22mmapPrioriteToUI[2m > [22mshould map normale to NORMALE[32m 1[2mms[22m[39m
 [32m✓[39m src/__tests__/lib/constants/dossier.constants.real.test.ts[2m > [22mdossier.constants - REAL TESTS[2m > [22mmapPrioriteToUI[2m > [22mshould map haute to HAUTE[32m 1[2mms[22m[39m
 [32m✓[39m src/__tests__/lib/constants/dossier.constants.real.test.ts[2m > [22mdossier.constants - REAL TESTS[2m > [22mmapPrioriteToUI[2m > [22mshould map critique to CRITIQUE[32m 0[2mms[22m[39m
 [32m✓[39m src/__tests__/lib/constants/dossier.constants.real.test.ts[2m > [22mdossier.constants - REAL TESTS[2m > [22mmapPrioriteToUI[2m > [22mshould default to NORMALE for unknown priority[32m 1[2mms[22m[39m
 [32m✓[39m src/__tests__/lib/constants/dossier.constants.real.test.ts[2m > [22mdossier.constants - REAL TESTS[2m > [22mmapPrioriteToDB[2m > [22mshould map NORMALE to normale[32m 1[2mms[22m[39m
 [32m✓[39m src/__tests__/lib/constants/dossier.constants.real.test.ts[2m > [22mdossier.constants - REAL TESTS[2m > [22mmapPrioriteToDB[2m > [22mshould map HAUTE to haute[32m 2[2mms[22m[39m
 [32m✓[39m src/__tests__/lib/constants/dossier.constants.real.test.ts[2m > [22mdossier.constants - REAL TESTS[2m > [22mmapPrioriteToDB[2m > [22mshould map URGENTE to haute[32m 0[2mms[22m[39m
 [32m✓[39m src/__tests__/lib/constants/dossier.constants.real.test.ts[2m > [22mdossier.constants - REAL TESTS[2m > [22mmapPrioriteToDB[2m > [22mshould map CRITIQUE to critique[32m 1[2mms[22m[39m
 [32m✓[39m src/__tests__/lib/constants/dossier.constants.real.test.ts[2m > [22mdossier.constants - REAL TESTS[2m > [22mmapPrioriteToDB[2m > [22mshould default to normale for unknown priority[32m 1[2mms[22m[39m
 [32m✓[39m src/__tests__/lib/constants/dossier.constants.real.test.ts[2m > [22mdossier.constants - REAL TESTS[2m > [22mBidirectional mapping consistency[2m > [22mshould map DB->UI->DB consistently for status[32m 7[2mms[22m[39m
 [32m✓[39m src/__tests__/lib/constants/dossier.constants.real.test.ts[2m > [22mdossier.constants - REAL TESTS[2m > [22mBidirectional mapping consistency[2m > [22mshould map DB->UI->DB consistently for priority[32m 6[2mms[22m[39m
 [32m✓[39m src/__tests__/lib/constants/dossier.constants.real.test.ts[2m > [22mdossier.constants - REAL TESTS[2m > [22mIntegration scenarios[2m > [22mshould support dossier status workflow[32m 1[2mms[22m[39m
 [32m✓[39m src/__tests__/lib/constants/dossier.constants.real.test.ts[2m > [22mdossier.constants - REAL TESTS[2m > [22mIntegration scenarios[2m > [22mshould support priority escalation[32m 1[2mms[22m[39m
[90mstdout[2m | src/__tests__/api/audit-logs.coverage.test.ts
[22m[39m◇ injected env (9) from .env.test // tip: ⌘ enable debugging { debug: true }

[90mstdout[2m | src/__tests__/lib/workflows/workflow-config.coverage.test.ts
[22m[39m◇ injected env (9) from .env.test // tip: ⌘ multiple files { path: ['.env.local', '.env'] }

[90mstdout[2m | tests/unit/time-tracking.test.ts
[22m[39m◇ injected env (9) from .env.test // tip: ⌘ override existing { override: true }

 [32m✓[39m src/__tests__/api/audit-logs.coverage.test.ts[2m > [22maudit-logs route — Full Coverage[2m > [22mGET[2m > [22mshould return 401 when not authenticated[32m 47[2mms[22m[39m
 [32m✓[39m src/__tests__/api/audit-logs.coverage.test.ts[2m > [22maudit-logs route — Full Coverage[2m > [22mGET[2m > [22mshould return 403 for non-allowed roles[32m 3[2mms[22m[39m
 [32m✓[39m src/__tests__/api/audit-logs.coverage.test.ts[2m > [22maudit-logs route — Full Coverage[2m > [22mGET[2m > [22mshould return logs for ADMIN[32m 8[2mms[22m[39m
 [32m✓[39m src/__tests__/api/audit-logs.coverage.test.ts[2m > [22maudit-logs route — Full Coverage[2m > [22mGET[2m > [22mshould apply filters[32m 5[2mms[22m[39m
 [32m✓[39m src/__tests__/api/audit-logs.coverage.test.ts[2m > [22maudit-logs route — Full Coverage[2m > [22mGET[2m > [22mshould handle SUPER_ADMIN with tenantId param[32m 4[2mms[22m[39m
 [32m✓[39m src/__tests__/api/audit-logs.coverage.test.ts[2m > [22maudit-logs route — Full Coverage[2m > [22mGET[2m > [22mshould return 400 for SUPER_ADMIN without tenantId[32m 2[2mms[22m[39m
 [32m✓[39m src/__tests__/api/audit-logs.coverage.test.ts[2m > [22maudit-logs route — Full Coverage[2m > [22mGET[2m > [22mshould return 403 for tenant mismatch[32m 3[2mms[22m[39m
 [32m✓[39m src/__tests__/api/audit-logs.coverage.test.ts[2m > [22maudit-logs route — Full Coverage[2m > [22mGET[2m > [22mshould return 500 on error[32m 6[2mms[22m[39m
 [32m✓[39m src/__tests__/api/audit-logs.coverage.test.ts[2m > [22maudit-logs route — Full Coverage[2m > [22mPOST[2m > [22mshould create audit log[32m 8[2mms[22m[39m
 [32m✓[39m src/__tests__/api/audit-logs.coverage.test.ts[2m > [22maudit-logs route — Full Coverage[2m > [22mPOST[2m > [22mshould chain hash from previous log[32m 11[2mms[22m[39m
[90mstdout[2m | src/__tests__/lib/cache/smart-cache.real.test.ts
[22m[39m◇ injected env (9) from .env.test // tip: ◈ encrypted .env [www.dotenvx.com]

[90mstdout[2m | src/__tests__/lib/workflows/workflow-config.coverage.test.ts[2m > [22m[2mworkflow-config.ts — Full Coverage[2m > [22m[2msaveWorkflowConfig[2m > [22m[2mshould attempt to save with tenantId
[22m[39m[WorkflowConfig] Configuration sauvegardée pour tenant: tenant-1

 [32m✓[39m src/__tests__/api/audit-logs.coverage.test.ts[2m > [22maudit-logs route — Full Coverage[2m > [22mPOST[2m > [22mshould return 400 for missing fields[32m 2[2mms[22m[39m
 [32m✓[39m src/__tests__/api/audit-logs.coverage.test.ts[2m > [22maudit-logs route — Full Coverage[2m > [22mPOST[2m > [22mshould return 401 when not authenticated[32m 5[2mms[22m[39m
 [32m✓[39m src/__tests__/api/audit-logs.coverage.test.ts[2m > [22maudit-logs route — Full Coverage[2m > [22mPOST[2m > [22mshould return 500 on error[32m 1[2mms[22m[39m
 [32m✓[39m src/__tests__/api/audit-logs.coverage.test.ts[2m > [22maudit-logs route — Full Coverage[2m > [22mPATCH[2m > [22mshould return 403 (immutable)[32m 2[2mms[22m[39m
 [32m✓[39m src/__tests__/api/audit-logs.coverage.test.ts[2m > [22maudit-logs route — Full Coverage[2m > [22mDELETE[2m > [22mshould return 403 (immutable)[32m 3[2mms[22m[39m
 [32m✓[39m src/__tests__/lib/workflows/workflow-config.coverage.test.ts[2m > [22mworkflow-config.ts — Full Coverage[2m > [22mDEFAULT_WORKFLOW_CONFIG[2m > [22mshould be enabled with autoTrigger[32m 15[2mms[22m[39m
 [32m✓[39m src/__tests__/lib/workflows/workflow-config.coverage.test.ts[2m > [22mworkflow-config.ts — Full Coverage[2m > [22mDEFAULT_WORKFLOW_CONFIG[2m > [22mshould have AI config with ollama[32m 1[2mms[22m[39m
 [32m✓[39m src/__tests__/lib/workflows/workflow-config.coverage.test.ts[2m > [22mworkflow-config.ts — Full Coverage[2m > [22mDEFAULT_WORKFLOW_CONFIG[2m > [22mshould have notifications config[32m 4[2mms[22m[39m
 [32m✓[39m src/__tests__/lib/workflows/workflow-config.coverage.test.ts[2m > [22mworkflow-config.ts — Full Coverage[2m > [22mDEFAULT_WORKFLOW_CONFIG[2m > [22mshould have calendar config with working hours[32m 3[2mms[22m[39m
 [32m✓[39m src/__tests__/lib/workflows/workflow-config.coverage.test.ts[2m > [22mworkflow-config.ts — Full Coverage[2m > [22mDEFAULT_WORKFLOW_CONFIG[2m > [22mshould have security config[32m 1[2mms[22m[39m
 [32m✓[39m src/__tests__/lib/workflows/workflow-config.coverage.test.ts[2m > [22mworkflow-config.ts — Full Coverage[2m > [22mDEFAULT_WORKFLOW_CONFIG[2m > [22mshould have performance config[32m 1[2mms[22m[39m
 [32m✓[39m src/__tests__/lib/workflows/workflow-config.coverage.test.ts[2m > [22mworkflow-config.ts — Full Coverage[2m > [22mPRESET_CONFIGS[2m > [22mPERFORMANCE should optimize for speed[32m 1[2mms[22m[39m
 [32m✓[39m src/__tests__/lib/workflows/workflow-config.coverage.test.ts[2m > [22mworkflow-config.ts — Full Coverage[2m > [22mPRESET_CONFIGS[2m > [22mSECURITY should maximize controls[32m 2[2mms[22m[39m
 [32m✓[39m src/__tests__/lib/workflows/workflow-config.coverage.test.ts[2m > [22mworkflow-config.ts — Full Coverage[2m > [22mPRESET_CONFIGS[2m > [22mAUTOMATED should maximize automation[32m 5[2mms[22m[39m
 [32m✓[39m src/__tests__/lib/workflows/workflow-config.coverage.test.ts[2m > [22mworkflow-config.ts — Full Coverage[2m > [22mPRESET_CONFIGS[2m > [22mLAW_FIRM should be optimized for legal[32m 2[2mms[22m[39m
 [32m✓[39m src/__tests__/lib/workflows/workflow-config.coverage.test.ts[2m > [22mworkflow-config.ts — Full Coverage[2m > [22mloadWorkflowConfig[2m > [22mshould return default config when no tenantId[32m 5[2mms[22m[39m
 [32m✓[39m src/__tests__/lib/workflows/workflow-config.coverage.test.ts[2m > [22mworkflow-config.ts — Full Coverage[2m > [22mloadWorkflowConfig[2m > [22mshould return default config when tenant not found[32m 5[2mms[22m[39m
 [32m✓[39m src/__tests__/lib/workflows/workflow-config.coverage.test.ts[2m > [22mworkflow-config.ts — Full Coverage[2m > [22mloadWorkflowConfig[2m > [22mshould return default config on error[32m 1[2mms[22m[39m
 [32m✓[39m src/__tests__/lib/workflows/workflow-config.coverage.test.ts[2m > [22mworkflow-config.ts — Full Coverage[2m > [22msaveWorkflowConfig[2m > [22mshould warn when no tenantId[32m 8[2mms[22m[39m
 [32m✓[39m src/__tests__/lib/workflows/workflow-config.coverage.test.ts[2m > [22mworkflow-config.ts — Full Coverage[2m > [22msaveWorkflowConfig[2m > [22mshould attempt to save with tenantId[32m 11[2mms[22m[39m
 [32m✓[39m src/__tests__/lib/workflows/workflow-config.coverage.test.ts[2m > [22mworkflow-config.ts — Full Coverage[2m > [22mvalidateWorkflowConfig[2m > [22mshould accept valid config[32m 2[2mms[22m[39m
 [32m✓[39m src/__tests__/lib/workflows/workflow-config.coverage.test.ts[2m > [22mworkflow-config.ts — Full Coverage[2m > [22mvalidateWorkflowConfig[2m > [22mshould reject temperature > 1[32m 1[2mms[22m[39m
 [32m✓[39m src/__tests__/lib/workflows/workflow-config.coverage.test.ts[2m > [22mworkflow-config.ts — Full Coverage[2m > [22mvalidateWorkflowConfig[2m > [22mshould reject temperature < 0[32m 1[2mms[22m[39m
 [32m✓[39m src/__tests__/lib/workflows/workflow-config.coverage.test.ts[2m > [22mworkflow-config.ts — Full Coverage[2m > [22mvalidateWorkflowConfig[2m > [22mshould reject maxConcurrentWorkflows < 1[32m 1[2mms[22m[39m
 [32m✓[39m src/__tests__/lib/workflows/workflow-config.coverage.test.ts[2m > [22mworkflow-config.ts — Full Coverage[2m > [22mvalidateWorkflowConfig[2m > [22mshould reject dataRetentionDays < 30[32m 3[2mms[22m[39m
 [32m✓[39m src/__tests__/lib/workflows/workflow-config.coverage.test.ts[2m > [22mworkflow-config.ts — Full Coverage[2m > [22mvalidateWorkflowConfig[2m > [22mshould accept empty config[32m 1[2mms[22m[39m
 [32m✓[39m src/__tests__/lib/workflows/workflow-config.coverage.test.ts[2m > [22mworkflow-config.ts — Full Coverage[2m > [22mmergeConfigs[2m > [22mshould merge all sections[32m 1[2mms[22m[39m
 [32m✓[39m src/__tests__/lib/workflows/workflow-config.coverage.test.ts[2m > [22mworkflow-config.ts — Full Coverage[2m > [22mmergeConfigs[2m > [22mshould preserve base values for non-overridden fields[32m 1[2mms[22m[39m
 [32m✓[39m tests/unit/time-tracking.test.ts[2m > [22mTime Tracking[2m > [22mDuration calculation[2m > [22mcalculates montant from duration and tarif[32m 13[2mms[22m[39m
 [32m✓[39m tests/unit/time-tracking.test.ts[2m > [22mTime Tracking[2m > [22mDuration calculation[2m > [22mcalculates montant for 30 minutes[32m 1[2mms[22m[39m
 [32m✓[39m tests/unit/time-tracking.test.ts[2m > [22mTime Tracking[2m > [22mDuration calculation[2m > [22mcalculates montant for 15 minutes[32m 3[2mms[22m[39m
 [32m✓[39m tests/unit/time-tracking.test.ts[2m > [22mTime Tracking[2m > [22mDuration calculation[2m > [22mhandles zero tarif (non-billable)[32m 1[2mms[22m[39m
 [32m✓[39m tests/unit/time-tracking.test.ts[2m > [22mTime Tracking[2m > [22mStats aggregation[2m > [22mcalculates total minutes[32m 3[2mms[22m[39m
 [32m✓[39m tests/unit/time-tracking.test.ts[2m > [22mTime Tracking[2m > [22mStats aggregation[2m > [22mcalculates total billable minutes[32m 4[2mms[22m[39m
 [32m✓[39m tests/unit/time-tracking.test.ts[2m > [22mTime Tracking[2m > [22mStats aggregation[2m > [22mcalculates total montant[32m 1[2mms[22m[39m
 [32m✓[39m tests/unit/time-tracking.test.ts[2m > [22mTime Tracking[2m > [22mStats aggregation[2m > [22mcalculates unbilled montant[32m 1[2mms[22m[39m
 [32m✓[39m tests/unit/time-tracking.test.ts[2m > [22mTime Tracking[2m > [22mStats aggregation[2m > [22mconverts minutes to hours with 1 decimal[32m 1[2mms[22m[39m
 [32m✓[39m tests/unit/time-tracking.test.ts[2m > [22mTime Tracking[2m > [22mValidation[2m > [22mrejects duration less than 1 minute[32m 2[2mms[22m[39m
 [32m✓[39m tests/unit/time-tracking.test.ts[2m > [22mTime Tracking[2m > [22mValidation[2m > [22mrejects empty description[32m 2[2mms[22m[39m
 [32m✓[39m tests/unit/time-tracking.test.ts[2m > [22mTime Tracking[2m > [22mValidation[2m > [22maccepts valid categories[32m 3[2mms[22m[39m
 [32m✓[39m tests/unit/time-tracking.test.ts[2m > [22mTime Tracking[2m > [22mValidation[2m > [22mprevents deletion of billed entries[32m 1[2mms[22m[39m
 [32m✓[39m tests/unit/time-tracking.test.ts[2m > [22mTime Tracking[2m > [22mValidation[2m > [22mallows deletion of unbilled entries[32m 1[2mms[22m[39m
 [32m✓[39m tests/unit/time-tracking.test.ts[2m > [22mTime Tracking[2m > [22mCategory distribution[2m > [22mgroups entries by category[32m 1[2mms[22m[39m
 [32m✓[39m src/__tests__/lib/cache/smart-cache.real.test.ts[2m > [22msmart-cache - Cache multi-couche[2m > [22mCACHE_TTL[2m > [22mcontient HOT avec 60 secondes[32m 30[2mms[22m[39m
 [32m✓[39m src/__tests__/lib/cache/smart-cache.real.test.ts[2m > [22msmart-cache - Cache multi-couche[2m > [22mCACHE_TTL[2m > [22mcontient WARM avec 300 secondes (5 min)[32m 9[2mms[22m[39m
 [32m✓[39m src/__tests__/lib/cache/smart-cache.real.test.ts[2m > [22msmart-cache - Cache multi-couche[2m > [22mCACHE_TTL[2m > [22mcontient COLD avec 3600 secondes (1h)[32m 1[2mms[22m[39m
 [32m✓[39m src/__tests__/lib/cache/smart-cache.real.test.ts[2m > [22msmart-cache - Cache multi-couche[2m > [22mCACHE_TTL[2m > [22mcontient STATIC avec 86400 secondes (24h)[32m 1[2mms[22m[39m
 [32m✓[39m src/__tests__/lib/cache/smart-cache.real.test.ts[2m > [22msmart-cache - Cache multi-couche[2m > [22mCACHE_TTL[2m > [22mcontient SESSION avec 1800 secondes (30 min)[32m 0[2mms[22m[39m
 [32m✓[39m src/__tests__/lib/cache/smart-cache.real.test.ts[2m > [22msmart-cache - Cache multi-couche[2m > [22mCACHE_TTL[2m > [22ma 5 tiers de cache[32m 0[2mms[22m[39m
 [32m✓[39m src/__tests__/lib/cache/smart-cache.real.test.ts[2m > [22msmart-cache - Cache multi-couche[2m > [22mCACHE_TTL[2m > [22mHOT < WARM < COLD < STATIC[32m 10[2mms[22m[39m
 [32m✓[39m src/__tests__/lib/cache/smart-cache.real.test.ts[2m > [22msmart-cache - Cache multi-couche[2m > [22mTTL_TIERS[2m > [22mest un alias de CACHE_TTL[32m 7[2mms[22m[39m
 [32m✓[39m src/__tests__/lib/cache/smart-cache.real.test.ts[2m > [22msmart-cache - Cache multi-couche[2m > [22mTTL_TIERS[2m > [22mcontient les mêmes valeurs[32m 7[2mms[22m[39m
 [32m✓[39m src/__tests__/lib/cache/smart-cache.real.test.ts[2m > [22msmart-cache - Cache multi-couche[2m > [22mcacheKey[2m > [22mgénère une clé avec resource seulement[32m 2[2mms[22m[39m
 [32m✓[39m src/__tests__/lib/cache/smart-cache.real.test.ts[2m > [22msmart-cache - Cache multi-couche[2m > [22mcacheKey[2m > [22mgénère une clé avec resource et id[32m 19[2mms[22m[39m
 [32m✓[39m src/__tests__/lib/cache/smart-cache.real.test.ts[2m > [22msmart-cache - Cache multi-couche[2m > [22mcacheKey[2m > [22mgénère une clé avec resource, id et params[32m 1[2mms[22m[39m
 [32m✓[39m src/__tests__/lib/cache/smart-cache.real.test.ts[2m > [22msmart-cache - Cache multi-couche[2m > [22mcacheKey[2m > [22mtrie les params alphabétiquement[32m 33[2mms[22m[39m
 [32m✓[39m src/__tests__/lib/cache/smart-cache.real.test.ts[2m > [22msmart-cache - Cache multi-couche[2m > [22mcacheKey[2m > [22mgère les params sans id[32m 2[2mms[22m[39m
 [32m✓[39m src/__tests__/lib/cache/smart-cache.real.test.ts[2m > [22msmart-cache - Cache multi-couche[2m > [22mcacheKey[2m > [22mgère les params numériques[32m 1[2mms[22m[39m
 [32m✓[39m src/__tests__/lib/cache/smart-cache.real.test.ts[2m > [22msmart-cache - Cache multi-couche[2m > [22mcacheKey[2m > [22mgère les params booléens[32m 1[2mms[22m[39m
 [32m✓[39m src/__tests__/lib/cache/smart-cache.real.test.ts[2m > [22msmart-cache - Cache multi-couche[2m > [22mcacheKey[2m > [22mgère les params vides[32m 0[2mms[22m[39m
 [32m✓[39m src/__tests__/lib/cache/smart-cache.real.test.ts[2m > [22msmart-cache - Cache multi-couche[2m > [22mcacheKey[2m > [22mgénère des clés cohérentes pour tenant[32m 1[2mms[22m[39m
 [32m✓[39m src/__tests__/lib/cache/smart-cache.real.test.ts[2m > [22msmart-cache - Cache multi-couche[2m > [22mcacheKey[2m > [22mgénère des clés pour CESEDA[32m 7[2mms[22m[39m
 [32m✓[39m src/__tests__/lib/cache/smart-cache.real.test.ts[2m > [22msmart-cache - Cache multi-couche[2m > [22mCohérence du module[2m > [22mtous les TTL sont des nombres positifs[32m 6[2mms[22m[39m
 [32m✓[39m src/__tests__/lib/cache/smart-cache.real.test.ts[2m > [22msmart-cache - Cache multi-couche[2m > [22mCohérence du module[2m > [22mles clés générées commencent par cache:[32m 1[2mms[22m[39m
 [32m✓[39m src/__tests__/lib/cache/smart-cache.real.test.ts[2m > [22msmart-cache - Cache multi-couche[2m > [22mCohérence du module[2m > [22mles clés ne contiennent pas de caractères spéciaux dangereux[32m 1[2mms[22m[39m
[90mstdout[2m | src/__tests__/lib/ceseda/dossier-service.coverage.test.ts
[22m[39m◇ injected env (9) from .env.test // tip: ◈ encrypted .env [www.dotenvx.com]

 [32m✓[39m src/__tests__/lib/ceseda/dossier-service.coverage.test.ts[2m > [22mCesedaService — Full Coverage[2m > [22mcalculatePriorite[2m > [22mshould return NORMALE without echeance[32m 13[2mms[22m[39m
 [32m✓[39m src/__tests__/lib/ceseda/dossier-service.coverage.test.ts[2m > [22mCesedaService — Full Coverage[2m > [22mcalculatePriorite[2m > [22mshould return CRITIQUE for OQTF <= 7 days[32m 1[2mms[22m[39m
 [32m✓[39m src/__tests__/lib/ceseda/dossier-service.coverage.test.ts[2m > [22mCesedaService — Full Coverage[2m > [22mcalculatePriorite[2m > [22mshould return HAUTE for OQTF 8-15 days[32m 1[2mms[22m[39m
 [32m✓[39m src/__tests__/lib/ceseda/dossier-service.coverage.test.ts[2m > [22mCesedaService — Full Coverage[2m > [22mcalculatePriorite[2m > [22mshould return NORMALE for OQTF > 15 days[32m 2[2mms[22m[39m
 [32m✓[39m src/__tests__/lib/ceseda/dossier-service.coverage.test.ts[2m > [22mCesedaService — Full Coverage[2m > [22mcalculatePriorite[2m > [22mshould return CRITIQUE for ASILE <= 15 days[32m 2[2mms[22m[39m
 [32m✓[39m src/__tests__/lib/ceseda/dossier-service.coverage.test.ts[2m > [22mCesedaService — Full Coverage[2m > [22mcalculatePriorite[2m > [22mshould return HAUTE for ASILE 16-30 days[32m 1[2mms[22m[39m
 [32m✓[39m src/__tests__/lib/ceseda/dossier-service.coverage.test.ts[2m > [22mCesedaService — Full Coverage[2m > [22mcalculatePriorite[2m > [22mshould return NORMALE for ASILE > 30 days[32m 1[2mms[22m[39m
 [32m✓[39m src/__tests__/lib/ceseda/dossier-service.coverage.test.ts[2m > [22mCesedaService — Full Coverage[2m > [22mcalculatePriorite[2m > [22mshould return HAUTE for other types <= 30 days[32m 8[2mms[22m[39m
 [32m✓[39m src/__tests__/lib/ceseda/dossier-service.coverage.test.ts[2m > [22mCesedaService — Full Coverage[2m > [22mcalculatePriorite[2m > [22mshould return NORMALE for other types > 30 days[32m 3[2mms[22m[39m
 [32m✓[39m src/__tests__/lib/ceseda/dossier-service.coverage.test.ts[2m > [22mCesedaService — Full Coverage[2m > [22mgenerateNumero[2m > [22mshould generate sequential number[32m 2[2mms[22m[39m
 [32m✓[39m src/__tests__/lib/ceseda/dossier-service.coverage.test.ts[2m > [22mCesedaService — Full Coverage[2m > [22mgenerateNumero[2m > [22mshould pad to 3 digits[32m 1[2mms[22m[39m
 [32m✓[39m src/__tests__/lib/ceseda/dossier-service.coverage.test.ts[2m > [22mCesedaService — Full Coverage[2m > [22mcreateDossier[2m > [22mshould create dossier with calculated priority[32m 32[2mms[22m[39m
 [32m✓[39m src/__tests__/lib/ceseda/dossier-service.coverage.test.ts[2m > [22mCesedaService — Full Coverage[2m > [22mcreateDossier[2m > [22mshould use provided priority when given[32m 2[2mms[22m[39m
 [32m✓[39m src/__tests__/lib/ceseda/dossier-service.coverage.test.ts[2m > [22mCesedaService — Full Coverage[2m > [22mupdateStatut[2m > [22mshould update status[32m 8[2mms[22m[39m
 [32m✓[39m src/__tests__/lib/ceseda/dossier-service.coverage.test.ts[2m > [22mCesedaService — Full Coverage[2m > [22mupdateStatut[2m > [22mshould include userId when provided[32m 6[2mms[22m[39m
 [32m✓[39m src/__tests__/lib/ceseda/dossier-service.coverage.test.ts[2m > [22mCesedaService — Full Coverage[2m > [22mgetDossiersUrgents[2m > [22mshould query urgent dossiers[32m 8[2mms[22m[39m
 [32m✓[39m src/__tests__/lib/ceseda/dossier-service.coverage.test.ts[2m > [22mCesedaService — Full Coverage[2m > [22mgetStats[2m > [22mshould return dashboard stats[32m 3[2mms[22m[39m
 [32m✓[39m src/__tests__/lib/ceseda/dossier-service.coverage.test.ts[2m > [22mCesedaService — Full Coverage[2m > [22mupdatePriorites[2m > [22mshould update priorities for dossiers whose priority changed[32m 2[2mms[22m[39m
 [32m✓[39m src/__tests__/lib/ceseda/dossier-service.coverage.test.ts[2m > [22mCesedaService — Full Coverage[2m > [22mupdatePriorites[2m > [22mshould skip dossiers with unchanged priority[32m 7[2mms[22m[39m
 [32m✓[39m src/__tests__/lib/ceseda/dossier-service.coverage.test.ts[2m > [22mCesedaService — Full Coverage[2m > [22msearchDossiers[2m > [22mshould search with all filters[32m 1[2mms[22m[39m
 [32m✓[39m src/__tests__/lib/ceseda/dossier-service.coverage.test.ts[2m > [22mCesedaService — Full Coverage[2m > [22msearchDossiers[2m > [22mshould search with no filters[32m 1[2mms[22m[39m
[90mstdout[2m | src/__tests__/security/two-factor-auth.test.ts
[22m[39m◇ injected env (9) from .env.test // tip: ⌘ multiple files { path: ['.env.local', '.env'] }

[90mstdout[2m | src/__tests__/domain/statistics.test.ts
[22m[39m◇ injected env (9) from .env.test // tip: ⌘ suppress logs { quiet: true }

 [32m✓[39m src/__tests__/security/two-factor-auth.test.ts[2m > [22mtwo-factor-auth[2m > [22mgenerate2FASecret[2m > [22mdevrait générer un secret et une URL TOTP[32m 19[2mms[22m[39m
 [32m✓[39m src/__tests__/security/two-factor-auth.test.ts[2m > [22mtwo-factor-auth[2m > [22mgenerate2FASecret[2m > [22mdevrait inclure l'email encodé dans l'URL TOTP[32m 1[2mms[22m[39m
 [32m✓[39m src/__tests__/security/two-factor-auth.test.ts[2m > [22mtwo-factor-auth[2m > [22mgenerate2FASecret[2m > [22mdevrait inclure le nom de l'app dans l'URL[32m 1[2mms[22m[39m
 [32m✓[39m src/__tests__/security/two-factor-auth.test.ts[2m > [22mtwo-factor-auth[2m > [22mgenerate2FASecret[2m > [22mdevrait générer des secrets uniques[32m 2[2mms[22m[39m
 [32m✓[39m src/__tests__/security/two-factor-auth.test.ts[2m > [22mtwo-factor-auth[2m > [22mgenerateQRCode[2m > [22mdevrait générer un QR code en base64[32m 21[2mms[22m[39m
 [32m✓[39m src/__tests__/security/two-factor-auth.test.ts[2m > [22mtwo-factor-auth[2m > [22mgenerateQRCode[2m > [22mdevrait fonctionner avec l'URL générée par generate2FASecret[32m 2[2mms[22m[39m
 [32m✓[39m src/__tests__/security/two-factor-auth.test.ts[2m > [22mtwo-factor-auth[2m > [22mverify2FAToken[2m > [22mdevrait retourner un boolean[32m 5[2mms[22m[39m
 [32m✓[39m src/__tests__/security/two-factor-auth.test.ts[2m > [22mtwo-factor-auth[2m > [22mverify2FAToken[2m > [22mdevrait retourner false pour un token invalide[32m 5[2mms[22m[39m
 [32m✓[39m src/__tests__/security/two-factor-auth.test.ts[2m > [22mtwo-factor-auth[2m > [22mverify2FAToken[2m > [22mdevrait gérer les erreurs gracieusement[32m 1[2mms[22m[39m
 [32m✓[39m src/__tests__/security/two-factor-auth.test.ts[2m > [22mtwo-factor-auth[2m > [22mgenerateBackupCodes[2m > [22mdevrait générer 10 codes par défaut[32m 8[2mms[22m[39m
 [32m✓[39m src/__tests__/security/two-factor-auth.test.ts[2m > [22mtwo-factor-auth[2m > [22mgenerateBackupCodes[2m > [22mdevrait générer le nombre de codes demandé[32m 8[2mms[22m[39m
 [32m✓[39m src/__tests__/security/two-factor-auth.test.ts[2m > [22mtwo-factor-auth[2m > [22mgenerateBackupCodes[2m > [22mdevrait générer des codes uniques[32m 4[2mms[22m[39m
 [32m✓[39m src/__tests__/security/two-factor-auth.test.ts[2m > [22mtwo-factor-auth[2m > [22mgenerateBackupCodes[2m > [22mdevrait gérer 0 codes[32m 1[2mms[22m[39m
 [32m✓[39m src/__tests__/security/two-factor-auth.test.ts[2m > [22mtwo-factor-auth[2m > [22mhashBackupCode[2m > [22mdevrait hasher un code de manière déterministe[32m 2[2mms[22m[39m
 [32m✓[39m src/__tests__/security/two-factor-auth.test.ts[2m > [22mtwo-factor-auth[2m > [22mhashBackupCode[2m > [22mdevrait produire des hashes différents pour des codes différents[32m 8[2mms[22m[39m
 [32m✓[39m src/__tests__/security/two-factor-auth.test.ts[2m > [22mtwo-factor-auth[2m > [22mhashBackupCode[2m > [22mdevrait être sensible à la casse[32m 1[2mms[22m[39m
 [32m✓[39m src/__tests__/security/two-factor-auth.test.ts[2m > [22mtwo-factor-auth[2m > [22mverifyBackupCode[2m > [22mdevrait vérifier un code de backup valide[32m 1[2mms[22m[39m
 [32m✓[39m src/__tests__/security/two-factor-auth.test.ts[2m > [22mtwo-factor-auth[2m > [22mverifyBackupCode[2m > [22mdevrait rejeter un code de backup invalide[32m 1[2mms[22m[39m
 [32m✓[39m src/__tests__/security/two-factor-auth.test.ts[2m > [22mtwo-factor-auth[2m > [22mverifyBackupCode[2m > [22mdevrait rejeter si liste de codes vide[32m 1[2mms[22m[39m
 [32m✓[39m src/__tests__/security/two-factor-auth.test.ts[2m > [22mtwo-factor-auth[2m > [22mverifyBackupCode[2m > [22mdevrait fonctionner avec des codes générés[32m 1[2mms[22m[39m
 [32m✓[39m src/__tests__/security/two-factor-auth.test.ts[2m > [22mtwo-factor-auth[2m > [22mis2FARequired[2m > [22mdevrait exiger 2FA pour SUPER_ADMIN[32m 1[2mms[22m[39m
 [32m✓[39m src/__tests__/security/two-factor-auth.test.ts[2m > [22mtwo-factor-auth[2m > [22mis2FARequired[2m > [22mdevrait exiger 2FA pour ADMIN[32m 1[2mms[22m[39m
 [32m✓[39m src/__tests__/security/two-factor-auth.test.ts[2m > [22mtwo-factor-auth[2m > [22mis2FARequired[2m > [22mne devrait pas exiger 2FA pour USER[32m 3[2mms[22m[39m
 [32m✓[39m src/__tests__/security/two-factor-auth.test.ts[2m > [22mtwo-factor-auth[2m > [22mis2FARequired[2m > [22mne devrait pas exiger 2FA pour GUEST[32m 2[2mms[22m[39m
 [32m✓[39m src/__tests__/security/two-factor-auth.test.ts[2m > [22mtwo-factor-auth[2m > [22mis2FARequired[2m > [22mne devrait pas exiger 2FA pour un rôle inconnu[32m 1[2mms[22m[39m
 [32m✓[39m src/__tests__/security/two-factor-auth.test.ts[2m > [22mtwo-factor-auth[2m > [22mis2FARequired[2m > [22mdevrait être sensible à la casse[32m 1[2mms[22m[39m
 [32m✓[39m src/__tests__/domain/statistics.test.ts[2m > [22mStatistics[2m > [22mBasic Metrics[2m > [22mdevrait calculer la somme[32m 14[2mms[22m[39m
 [32m✓[39m src/__tests__/domain/statistics.test.ts[2m > [22mStatistics[2m > [22mBasic Metrics[2m > [22mdevrait calculer la moyenne[32m 1[2mms[22m[39m
 [32m✓[39m src/__tests__/domain/statistics.test.ts[2m > [22mStatistics[2m > [22mBasic Metrics[2m > [22mdevrait calculer la médiane impaire[32m 1[2mms[22m[39m
 [32m✓[39m src/__tests__/domain/statistics.test.ts[2m > [22mStatistics[2m > [22mBasic Metrics[2m > [22mdevrait calculer la médiane paire[32m 1[2mms[22m[39m
 [32m✓[39m src/__tests__/domain/statistics.test.ts[2m > [22mStatistics[2m > [22mBasic Metrics[2m > [22mdevrait calculer le min[32m 1[2mms[22m[39m
 [32m✓[39m src/__tests__/domain/statistics.test.ts[2m > [22mStatistics[2m > [22mBasic Metrics[2m > [22mdevrait calculer le max[32m 1[2mms[22m[39m
 [32m✓[39m src/__tests__/domain/statistics.test.ts[2m > [22mStatistics[2m > [22mTime Series[2m > [22mdevrait agréger par jour[32m 6[2mms[22m[39m
 [32m✓[39m src/__tests__/domain/statistics.test.ts[2m > [22mStatistics[2m > [22mGrowth Rate[2m > [22mdevrait calculer une croissance positive[32m 1[2mms[22m[39m
 [32m✓[39m src/__tests__/domain/statistics.test.ts[2m > [22mStatistics[2m > [22mGrowth Rate[2m > [22mdevrait calculer une croissance négative[32m 6[2mms[22m[39m
 [32m✓[39m src/__tests__/domain/statistics.test.ts[2m > [22mStatistics[2m > [22mGrowth Rate[2m > [22mdevrait gérer une valeur précédente de 0[32m 3[2mms[22m[39m
 [32m✓[39m src/__tests__/domain/statistics.test.ts[2m > [22mStatistics[2m > [22mPercentages[2m > [22mdevrait calculer le pourcentage[32m 6[2mms[22m[39m
 [32m✓[39m src/__tests__/domain/statistics.test.ts[2m > [22mStatistics[2m > [22mPercentages[2m > [22mdevrait formater le pourcentage[32m 1[2mms[22m[39m
 [32m✓[39m src/__tests__/domain/statistics.test.ts[2m > [22mStatistics[2m > [22mDistribution[2m > [22mdevrait calculer la distribution[32m 1[2mms[22m[39m
 [32m✓[39m src/__tests__/domain/statistics.test.ts[2m > [22mKPIs[2m > [22mDossier KPIs[2m > [22mdevrait calculer le taux de complétion[32m 1[2mms[22m[39m
 [32m✓[39m src/__tests__/domain/statistics.test.ts[2m > [22mKPIs[2m > [22mDossier KPIs[2m > [22mdevrait calculer le taux de retard[32m 0[2mms[22m[39m
 [32m✓[39m src/__tests__/domain/statistics.test.ts[2m > [22mKPIs[2m > [22mDossier KPIs[2m > [22mdevrait gérer zéro dossiers[32m 0[2mms[22m[39m
 [32m✓[39m src/__tests__/domain/statistics.test.ts[2m > [22mKPIs[2m > [22mFinancial KPIs[2m > [22mdevrait calculer le taux de recouvrement[32m 0[2mms[22m[39m
 [32m✓[39m src/__tests__/domain/statistics.test.ts[2m > [22mKPIs[2m > [22mFinancial KPIs[2m > [22mdevrait calculer la moyenne des factures[32m 0[2mms[22m[39m
 [32m✓[39m src/__tests__/domain/statistics.test.ts[2m > [22mKPIs[2m > [22mPerformance KPIs[2m > [22mdevrait calculer le temps moyen de traitement[32m 0[2mms[22m[39m
 [32m✓[39m src/__tests__/domain/statistics.test.ts[2m > [22mKPIs[2m > [22mPerformance KPIs[2m > [22mdevrait calculer le débit[32m 0[2mms[22m[39m
 [32m✓[39m src/__tests__/domain/statistics.test.ts[2m > [22mReports[2m > [22mReport Generation[2m > [22mdevrait générer une plage de dates[32m 5[2mms[22m[39m
 [32m✓[39m src/__tests__/domain/statistics.test.ts[2m > [22mReports[2m > [22mReport Formatting[2m > [22mdevrait formater un nombre en français[32m 47[2mms[22m[39m
 [32m✓[39m src/__tests__/domain/statistics.test.ts[2m > [22mReports[2m > [22mReport Formatting[2m > [22mdevrait formater une devise[32m 2[2mms[22m[39m
 [32m✓[39m src/__tests__/domain/statistics.test.ts[2m > [22mTrends[2m > [22mTrend Detection[2m > [22mdevrait détecter une tendance à la hausse[32m 1[2mms[22m[39m
 [32m✓[39m src/__tests__/domain/statistics.test.ts[2m > [22mTrends[2m > [22mTrend Detection[2m > [22mdevrait détecter une tendance à la baisse[32m 1[2mms[22m[39m
 [32m✓[39m src/__tests__/domain/statistics.test.ts[2m > [22mTrends[2m > [22mTrend Detection[2m > [22mdevrait détecter une tendance stable[32m 0[2mms[22m[39m
 [32m✓[39m src/__tests__/domain/statistics.test.ts[2m > [22mTrends[2m > [22mMoving Average[2m > [22mdevrait calculer la moyenne mobile[32m 1[2mms[22m[39m
 [32m✓[39m src/__tests__/domain/statistics.test.ts[2m > [22mComparisons[2m > [22mPeriod Comparison[2m > [22mdevrait comparer les périodes avec augmentation[32m 1[2mms[22m[39m
 [32m✓[39m src/__tests__/domain/statistics.test.ts[2m > [22mComparisons[2m > [22mPeriod Comparison[2m > [22mdevrait comparer les périodes avec diminution[32m 1[2mms[22m[39m
[90mstdout[2m | src/__tests__/api/client/client.test.ts
[22m[39m◇ injected env (9) from .env.test // tip: ⌘ custom filepath { path: '/custom/path/.env' }

 [32m✓[39m src/__tests__/api/client/client.test.ts[2m > [22mAPI /api/client[2m > [22mAuthentication[2m > [22mrejette les requêtes non authentifiées[32m 8[2mms[22m[39m
 [32m✓[39m src/__tests__/api/client/client.test.ts[2m > [22mAPI /api/client[2m > [22mAuthentication[2m > [22mrejette les utilisateurs sans rôle CLIENT[32m 1[2mms[22m[39m
 [32m✓[39m src/__tests__/api/client/client.test.ts[2m > [22mAPI /api/client[2m > [22mAuthentication[2m > [22maccepte les utilisateurs avec rôle CLIENT[32m 1[2mms[22m[39m
 [32m✓[39m src/__tests__/api/client/client.test.ts[2m > [22mAPI /api/client[2m > [22mGET /api/client/profile[2m > [22mretourne le profil du client connecté[32m 3[2mms[22m[39m
 [32m✓[39m src/__tests__/api/client/client.test.ts[2m > [22mAPI /api/client[2m > [22mGET /api/client/profile[2m > [22mexclut les données sensibles[32m 5[2mms[22m[39m
 [32m✓[39m src/__tests__/api/client/client.test.ts[2m > [22mAPI /api/client[2m > [22mGET /api/client/dossiers[2m > [22mretourne uniquement les dossiers du client[32m 6[2mms[22m[39m
 [32m✓[39m src/__tests__/api/client/client.test.ts[2m > [22mAPI /api/client[2m > [22mGET /api/client/dossiers[2m > [22mexclut les informations internes[32m 1[2mms[22m[39m
 [32m✓[39m src/__tests__/api/client/client.test.ts[2m > [22mAPI /api/client[2m > [22mGET /api/client/documents[2m > [22mretourne les documents associés au client[32m 1[2mms[22m[39m
 [32m✓[39m src/__tests__/api/client/client.test.ts[2m > [22mAPI /api/client[2m > [22mGET /api/client/documents[2m > [22mfiltre par dossier si spécifié[32m 1[2mms[22m[39m
 [32m✓[39m src/__tests__/api/client/client.test.ts[2m > [22mAPI /api/client[2m > [22mPOST /api/client/documents[2m > [22mpermet au client d'uploader des documents[32m 1[2mms[22m[39m
 [32m✓[39m src/__tests__/api/client/client.test.ts[2m > [22mAPI /api/client[2m > [22mPOST /api/client/documents[2m > [22mrejette les types de fichiers dangereux[32m 6[2mms[22m[39m
 [32m✓[39m src/__tests__/api/client/client.test.ts[2m > [22mAPI /api/client[2m > [22mPOST /api/client/documents[2m > [22mlimite la taille des fichiers[32m 1[2mms[22m[39m
 [32m✓[39m src/__tests__/api/client/client.test.ts[2m > [22mAPI /api/client[2m > [22mGET /api/client/messages[2m > [22mretourne les messages du client[32m 1[2mms[22m[39m
 [32m✓[39m src/__tests__/api/client/client.test.ts[2m > [22mAPI /api/client[2m > [22mPOST /api/client/messages[2m > [22mpermet au client d'envoyer un message[32m 1[2mms[22m[39m
 [32m✓[39m src/__tests__/api/client/client.test.ts[2m > [22mAPI /api/client[2m > [22mPOST /api/client/messages[2m > [22mrejette les messages vides[32m 1[2mms[22m[39m
 [32m✓[39m src/__tests__/api/client/client.test.ts[2m > [22mAPI /api/client[2m > [22mPOST /api/client/messages[2m > [22mrejette les messages trop longs[32m 1[2mms[22m[39m
 [32m✓[39m src/__tests__/api/client/client.test.ts[2m > [22mAPI /api/client[2m > [22mGET /api/client/notifications[2m > [22mretourne les notifications non lues[32m 1[2mms[22m[39m
 [32m✓[39m src/__tests__/api/client/client.test.ts[2m > [22mAPI /api/client[2m > [22mPUT /api/client/notifications/read[2m > [22mmarque les notifications comme lues[32m 1[2mms[22m[39m
 [32m✓[39m src/__tests__/api/client/client.test.ts[2m > [22mClient Data Privacy[2m > [22mne montre que les données du client lui-même[32m 1[2mms[22m[39m
 [32m✓[39m src/__tests__/api/client/client.test.ts[2m > [22mClient Data Privacy[2m > [22misole les données par tenant[32m 1[2mms[22m[39m
 [32m✓[39m src/__tests__/api/client/client.test.ts[2m > [22mClient Plan Limits[2m > [22mvérifie les limites de documents[32m 1[2mms[22m[39m
 [32m✓[39m src/__tests__/api/client/client.test.ts[2m > [22mClient Plan Limits[2m > [22mbloque si limite atteinte[32m 1[2mms[22m[39m
 [32m✓[39m src/__tests__/api/client/client.test.ts[2m > [22mClient Plan Limits[2m > [22mautorise tout pour enterprise[32m 1[2mms[22m[39m
[90mstdout[2m | src/__tests__/domain/audit.test.ts
[22m[39m◇ injected env (9) from .env.test // tip: ⌘ custom filepath { path: '/custom/path/.env' }

 [32m✓[39m src/__tests__/domain/audit.test.ts[2m > [22mAudit Log[2m > [22mLog Entry[2m > [22mdevrait créer une entrée d'audit[32m 5[2mms[22m[39m
 [32m✓[39m src/__tests__/domain/audit.test.ts[2m > [22mAudit Log[2m > [22mLog Entry[2m > [22mdevrait avoir un timestamp[32m 1[2mms[22m[39m
 [32m✓[39m src/__tests__/domain/audit.test.ts[2m > [22mAudit Log[2m > [22mLog Entry[2m > [22mdevrait avoir un ID unique[32m 3[2mms[22m[39m
 [32m✓[39m src/__tests__/domain/audit.test.ts[2m > [22mAudit Log[2m > [22mLog Levels[2m > [22mERROR devrait être loggé avec minLevel INFO[32m 1[2mms[22m[39m
 [32m✓[39m src/__tests__/domain/audit.test.ts[2m > [22mAudit Log[2m > [22mLog Levels[2m > [22mDEBUG ne devrait pas être loggé avec minLevel WARN[32m 1[2mms[22m[39m
 [32m✓[39m src/__tests__/domain/audit.test.ts[2m > [22mAudit Log[2m > [22mLog Formatting[2m > [22mdevrait formater une entrée de log[32m 2[2mms[22m[39m
 [32m✓[39m src/__tests__/domain/audit.test.ts[2m > [22mAudit Log[2m > [22mAction Types[2m > [22mdevrait avoir les actions d'authentification[32m 1[2mms[22m[39m
 [32m✓[39m src/__tests__/domain/audit.test.ts[2m > [22mAudit Log[2m > [22mAction Types[2m > [22mdevrait avoir les actions de dossier[32m 1[2mms[22m[39m
 [32m✓[39m src/__tests__/domain/audit.test.ts[2m > [22mAudit Log[2m > [22mAction Types[2m > [22mdevrait suivre le format namespace.action[32m 3[2mms[22m[39m
 [32m✓[39m src/__tests__/domain/audit.test.ts[2m > [22mActivity Tracking[2m > [22mUser Activity[2m > [22mdevrait mettre à jour lastActive[32m 3[2mms[22m[39m
 [32m✓[39m src/__tests__/domain/audit.test.ts[2m > [22mActivity Tracking[2m > [22mUser Activity[2m > [22mdevrait ajouter l'action[32m 3[2mms[22m[39m
 [32m✓[39m src/__tests__/domain/audit.test.ts[2m > [22mActivity Tracking[2m > [22mSession Tracking[2m > [22mdevrait calculer la durée de session[32m 1[2mms[22m[39m
 [32m✓[39m src/__tests__/domain/audit.test.ts[2m > [22mCompliance Logging[2m > [22mGDPR Logging[2m > [22mdevrait reconnaître un événement GDPR[32m 1[2mms[22m[39m
 [32m✓[39m src/__tests__/domain/audit.test.ts[2m > [22mCompliance Logging[2m > [22mGDPR Logging[2m > [22mne devrait pas reconnaître un événement non-GDPR[32m 0[2mms[22m[39m
 [32m✓[39m src/__tests__/domain/audit.test.ts[2m > [22mCompliance Logging[2m > [22mData Retention[2m > [22mdevrait identifier un log expiré[32m 1[2mms[22m[39m
 [32m✓[39m src/__tests__/domain/audit.test.ts[2m > [22mCompliance Logging[2m > [22mData Retention[2m > [22mne devrait pas identifier un log récent comme expiré[32m 0[2mms[22m[39m
 [32m✓[39m src/__tests__/domain/audit.test.ts[2m > [22mError Logging[2m > [22mError Entry[2m > [22mdevrait créer un log d'erreur[32m 1[2mms[22m[39m
 [32m✓[39m src/__tests__/domain/audit.test.ts[2m > [22mError Logging[2m > [22mError Entry[2m > [22mdevrait inclure le contexte[32m 1[2mms[22m[39m
 [32m✓[39m src/__tests__/domain/audit.test.ts[2m > [22mError Logging[2m > [22mError Aggregation[2m > [22mdevrait agréger les erreurs similaires[32m 1[2mms[22m[39m
 [32m✓[39m src/__tests__/domain/audit.test.ts[2m > [22mChange History[2m > [22mField Changes[2m > [22mdevrait détecter les changements[32m 2[2mms[22m[39m
 [32m✓[39m src/__tests__/domain/audit.test.ts[2m > [22mChange History[2m > [22mField Changes[2m > [22mne devrait pas détecter si identique[32m 1[2mms[22m[39m
[90mstdout[2m | tests/unit/copilot-ceseda.test.ts
[22m[39m◇ injected env (9) from .env.test // tip: ⌘ enable debugging { debug: true }

[90mstdout[2m | src/__tests__/lib/prisma.extended.test.ts
[22m[39m◇ injected env (9) from .env.test // tip: ⌘ multiple files { path: ['.env.local', '.env'] }

 [32m✓[39m src/__tests__/lib/prisma.extended.test.ts[2m > [22mPrisma Extended - Pure Unit Tests[2m > [22mquery building[2m > [22mshould build where clause[32m 21[2mms[22m[39m
 [32m✓[39m src/__tests__/lib/prisma.extended.test.ts[2m > [22mPrisma Extended - Pure Unit Tests[2m > [22mquery building[2m > [22mshould build orderBy clause[32m 2[2mms[22m[39m
 [32m✓[39m src/__tests__/lib/prisma.extended.test.ts[2m > [22mPrisma Extended - Pure Unit Tests[2m > [22mpagination[2m > [22mshould calculate skip and take[32m 2[2mms[22m[39m
 [32m✓[39m src/__tests__/lib/prisma.extended.test.ts[2m > [22mPrisma Extended - Pure Unit Tests[2m > [22mpagination[2m > [22mshould calculate total pages[32m 2[2mms[22m[39m
 [32m✓[39m src/__tests__/lib/prisma.extended.test.ts[2m > [22mPrisma Extended - Pure Unit Tests[2m > [22mpagination[2m > [22mshould create pagination meta[32m 2[2mms[22m[39m
 [32m✓[39m src/__tests__/lib/prisma.extended.test.ts[2m > [22mPrisma Extended - Pure Unit Tests[2m > [22minclude/select optimization[2m > [22mshould create select object[32m 1[2mms[22m[39m
 [32m✓[39m src/__tests__/lib/prisma.extended.test.ts[2m > [22mPrisma Extended - Pure Unit Tests[2m > [22minclude/select optimization[2m > [22mshould create include object[32m 1[2mms[22m[39m
 [32m✓[39m src/__tests__/lib/prisma.extended.test.ts[2m > [22mPrisma Extended - Pure Unit Tests[2m > [22msearch queries[2m > [22mshould build contains search[32m 1[2mms[22m[39m
 [32m✓[39m src/__tests__/lib/prisma.extended.test.ts[2m > [22mPrisma Extended - Pure Unit Tests[2m > [22msearch queries[2m > [22mshould escape search term[32m 1[2mms[22m[39m
 [32m✓[39m src/__tests__/lib/prisma.extended.test.ts[2m > [22mPrisma Extended - Pure Unit Tests[2m > [22mtransaction helpers[2m > [22mshould create transaction options[32m 1[2mms[22m[39m
 [32m✓[39m src/__tests__/lib/prisma.extended.test.ts[2m > [22mPrisma Extended - Pure Unit Tests[2m > [22mdate filters[2m > [22mshould build date range filter[32m 6[2mms[22m[39m
 [32m✓[39m src/__tests__/lib/prisma.extended.test.ts[2m > [22mPrisma Extended - Pure Unit Tests[2m > [22mdate filters[2m > [22mshould build relative date filter[32m 25[2mms[22m[39m
 [32m✓[39m src/__tests__/lib/prisma.extended.test.ts[2m > [22mPrisma Extended - Pure Unit Tests[2m > [22msoft delete[2m > [22mshould add soft delete filter[32m 1[2mms[22m[39m
 [32m✓[39m src/__tests__/lib/prisma.extended.test.ts[2m > [22mPrisma Extended - Pure Unit Tests[2m > [22mupsert helpers[2m > [22mshould create upsert data[32m 1[2mms[22m[39m
 [32m✓[39m src/__tests__/lib/prisma.extended.test.ts[2m > [22mPrisma Extended - Pure Unit Tests[2m > [22mconnection pool[2m > [22mshould validate pool size[32m 1[2mms[22m[39m
[90mstdout[2m | src/__tests__/api/api-rest.test.ts
[22m[39m◇ injected env (9) from .env.test // tip: ◈ encrypted .env [www.dotenvx.com]

[90mstdout[2m | src/__tests__/models/models.test.ts
[22m[39m◇ injected env (9) from .env.test // tip: ⌁ auth for agents [www.vestauth.com]

[90mstdout[2m | src/__tests__/e2e/business-logic.test.ts
[22m[39m◇ injected env (9) from .env.test // tip: ⌁ auth for agents [www.vestauth.com]

 [32m✓[39m tests/unit/copilot-ceseda.test.ts[2m > [22mCopilote CESEDA[2m > [22mproduit une analyse complète[32m 17[2mms[22m[39m
 [32m✓[39m tests/unit/copilot-ceseda.test.ts[2m > [22mCopilote CESEDA[2m > [22mdétecte les forces du dossier OQTF[32m 4[2mms[22m[39m
 [32m✓[39m tests/unit/copilot-ceseda.test.ts[2m > [22mCopilote CESEDA[2m > [22mdétecte les faiblesses (pièces manquantes)[32m 2[2mms[22m[39m
 [32m✓[39m tests/unit/copilot-ceseda.test.ts[2m > [22mCopilote CESEDA[2m > [22mcalcule la complétude[32m 4[2mms[22m[39m
 [32m✓[39m tests/unit/copilot-ceseda.test.ts[2m > [22mCopilote CESEDA[2m > [22midentifie les articles CESEDA pour OQTF[32m 2[2mms[22m[39m
 [32m✓[39m tests/unit/copilot-ceseda.test.ts[2m > [22mCopilote CESEDA[2m > [22midentifie les voies de recours[32m 3[2mms[22m[39m
 [32m✓[39m tests/unit/copilot-ceseda.test.ts[2m > [22mCopilote CESEDA[2m > [22mdétecte les deadlines critiques[32m 3[2mms[22m[39m
 [32m✓[39m tests/unit/copilot-ceseda.test.ts[2m > [22mCopilote CESEDA[2m > [22mgénère des actions recommandées[32m 2[2mms[22m[39m
 [32m✓[39m tests/unit/copilot-ceseda.test.ts[2m > [22mCopilote CESEDA[2m > [22mdétecte les blocages[32m 1[2mms[22m[39m
 [32m✓[39m tests/unit/copilot-ceseda.test.ts[2m > [22mCopilote CESEDA[2m > [22mrésumé contient les éléments de situation[32m 7[2mms[22m[39m
 [32m✓[39m tests/unit/copilot-ceseda.test.ts[2m > [22mCopilote CESEDA[2m > [22mgère un dossier vide gracieusement[32m 17[2mms[22m[39m
 [32m✓[39m tests/unit/copilot-ceseda.test.ts[2m > [22mCopilote CESEDA[2m > [22mdossier asile détecte les bons articles[32m 1[2mms[22m[39m
 [32m✓[39m src/__tests__/api/api-rest.test.ts[2m > [22mAPI REST[2m > [22mHTTP Status Codes[2m > [22mOK devrait être 200[32m 16[2mms[22m[39m
 [32m✓[39m src/__tests__/api/api-rest.test.ts[2m > [22mAPI REST[2m > [22mHTTP Status Codes[2m > [22mCREATED devrait être 201[32m 3[2mms[22m[39m
 [32m✓[39m src/__tests__/api/api-rest.test.ts[2m > [22mAPI REST[2m > [22mHTTP Status Codes[2m > [22mNOT_FOUND devrait être 404[32m 1[2mms[22m[39m
 [32m✓[39m src/__tests__/api/api-rest.test.ts[2m > [22mAPI REST[2m > [22mHTTP Status Codes[2m > [22mINTERNAL_ERROR devrait être 500[32m 1[2mms[22m[39m
 [32m✓[39m src/__tests__/api/api-rest.test.ts[2m > [22mAPI REST[2m > [22mResponse Format[2m > [22mdevrait créer une réponse de succès[32m 3[2mms[22m[39m
 [32m✓[39m src/__tests__/api/api-rest.test.ts[2m > [22mAPI REST[2m > [22mResponse Format[2m > [22mdevrait créer une réponse d'erreur[32m 3[2mms[22m[39m
 [32m✓[39m src/__tests__/api/api-rest.test.ts[2m > [22mAPI REST[2m > [22mPagination[2m > [22mdevrait calculer le nombre de pages[32m 5[2mms[22m[39m
 [32m✓[39m src/__tests__/api/api-rest.test.ts[2m > [22mAPI REST[2m > [22mPagination[2m > [22mdevrait gérer les pages partielles[32m 5[2mms[22m[39m
 [32m✓[39m src/__tests__/api/api-rest.test.ts[2m > [22mAPI REST[2m > [22mPagination[2m > [22mdevrait avoir au moins 1 page[32m 4[2mms[22m[39m
 [32m✓[39m src/__tests__/api/api-rest.test.ts[2m > [22mAPI REST[2m > [22mQuery Parameters[2m > [22mdevrait avoir des valeurs par défaut[32m 2[2mms[22m[39m
 [32m✓[39m src/__tests__/api/api-rest.test.ts[2m > [22mAPI REST[2m > [22mQuery Parameters[2m > [22mdevrait parser page et limit[32m 2[2mms[22m[39m
 [32m✓[39m src/__tests__/api/api-rest.test.ts[2m > [22mAPI REST[2m > [22mQuery Parameters[2m > [22mdevrait limiter à 100 max[32m 1[2mms[22m[39m
 [32m✓[39m src/__tests__/api/api-rest.test.ts[2m > [22mAPI REST[2m > [22mError Messages[2m > [22mdevrait avoir un message pour 404[32m 1[2mms[22m[39m
 [32m✓[39m src/__tests__/api/api-rest.test.ts[2m > [22mAPI REST[2m > [22mError Messages[2m > [22mdevrait avoir un message pour 401[32m 4[2mms[22m[39m
 [32m✓[39m src/__tests__/api/api-rest.test.ts[2m > [22mAPI REST[2m > [22mRequest Validation[2m > [22mdevrait valider les champs requis[32m 18[2mms[22m[39m
 [32m✓[39m src/__tests__/api/api-rest.test.ts[2m > [22mAPI REST[2m > [22mRequest Validation[2m > [22mdevrait retourner vide si tout est fourni[32m 17[2mms[22m[39m
 [2m[90m↓[39m[22m src/__tests__/e2e/business-logic.test.ts[2m > [22m LOGIQUES MÉTIER - memoLib[2m > [22m🏢 Scenario 1: Gestion Multi-Tenant[2m > [22m1.1 API Health Check accessible (requires running server)
 [32m✓[39m src/__tests__/e2e/business-logic.test.ts[2m > [22m LOGIQUES MÉTIER - memoLib[2m > [22m🏢 Scenario 1: Gestion Multi-Tenant[2m > [22m1.2 Isolation des donnees entre cabinets[32m 24[2mms[22m[39m
 [32m✓[39m src/__tests__/e2e/business-logic.test.ts[2m > [22m LOGIQUES MÉTIER - memoLib[2m > [22m🏢 Scenario 1: Gestion Multi-Tenant[2m > [22m1.3 Gestion des limites par plan (quotas)[32m 1[2mms[22m[39m
 [2m[90m↓[39m[22m src/__tests__/e2e/business-logic.test.ts[2m > [22m LOGIQUES MÉTIER - memoLib[2m > [22m Scenario 2: Authentification[2m > [22m2.1 Auth Providers disponibles (requires running server)
 [32m✓[39m src/__tests__/e2e/business-logic.test.ts[2m > [22m LOGIQUES MÉTIER - memoLib[2m > [22m Scenario 2: Authentification[2m > [22m2.2 Roles et permissions definis[32m 14[2mms[22m[39m
 [2m[90m↓[39m[22m src/__tests__/e2e/business-logic.test.ts[2m > [22m LOGIQUES MÉTIER - memoLib[2m > [22m Scenario 2: Authentification[2m > [22m2.3 Routes API protegees (requires running server)
 [32m✓[39m src/__tests__/e2e/business-logic.test.ts[2m > [22m LOGIQUES MÉTIER - memoLib[2m > [22m Scenario 3: Gestion des Clients[2m > [22m3.1 Structure donnees client[32m 6[2mms[22m[39m
 [32m✓[39m src/__tests__/e2e/business-logic.test.ts[2m > [22m LOGIQUES MÉTIER - memoLib[2m > [22m Scenario 3: Gestion des Clients[2m > [22m3.2 Email unique par tenant[32m 1[2mms[22m[39m
 [32m✓[39m src/__tests__/e2e/business-logic.test.ts[2m > [22m LOGIQUES MÉTIER - memoLib[2m > [22m Scenario 3: Gestion des Clients[2m > [22m3.3 Donnees completude client[32m 1[2mms[22m[39m
 [32m✓[39m src/__tests__/e2e/business-logic.test.ts[2m > [22m LOGIQUES MÉTIER - memoLib[2m > [22m Scenario 4: Gestion des Dossiers[2m > [22m4.1 Generation numero dossier unique[32m 8[2mms[22m[39m
 [32m✓[39m src/__tests__/e2e/business-logic.test.ts[2m > [22m LOGIQUES MÉTIER - memoLib[2m > [22m Scenario 4: Gestion des Dossiers[2m > [22m4.2 Types de dossiers CESEDA valides[32m 7[2mms[22m[39m
 [32m✓[39m src/__tests__/e2e/business-logic.test.ts[2m > [22m LOGIQUES MÉTIER - memoLib[2m > [22m Scenario 4: Gestion des Dossiers[2m > [22m4.3 Calcul priorite automatique correct[32m 4[2mms[22m[39m
 [32m✓[39m src/__tests__/e2e/business-logic.test.ts[2m > [22m LOGIQUES MÉTIER - memoLib[2m > [22m Scenario 4: Gestion des Dossiers[2m > [22m4.4 Workflow de statuts valide[32m 4[2mms[22m[39m
 [32m✓[39m src/__tests__/e2e/business-logic.test.ts[2m > [22m LOGIQUES MÉTIER - memoLib[2m > [22m Scenario 4: Gestion des Dossiers[2m > [22m4.5 Delais OQTF (48h a 30 jours)[32m 3[2mms[22m[39m
 [32m✓[39m src/__tests__/e2e/business-logic.test.ts[2m > [22m LOGIQUES MÉTIER - memoLib[2m > [22m Scenario 5: IA & Suggestions[2m > [22m5.1 Types de suggestions IA[32m 1[2mms[22m[39m
 [32m✓[39m src/__tests__/e2e/business-logic.test.ts[2m > [22m LOGIQUES MÉTIER - memoLib[2m > [22m Scenario 5: IA & Suggestions[2m > [22m5.2 Score de confiance IA[32m 1[2mms[22m[39m
 [32m✓[39m src/__tests__/e2e/business-logic.test.ts[2m > [22m LOGIQUES MÉTIER - memoLib[2m > [22m Scenario 5: IA & Suggestions[2m > [22m5.3 Ajustement confiance apres validation[32m 1[2mms[22m[39m
 [32m✓[39m src/__tests__/models/models.test.ts[2m > [22mDatabase Models Logic - Pure Unit Tests[2m > [22muser model[2m > [22mshould validate user fields[32m 46[2mms[22m[39m
 [32m✓[39m src/__tests__/models/models.test.ts[2m > [22mDatabase Models Logic - Pure Unit Tests[2m > [22muser model[2m > [22mshould generate password hash placeholder[32m 2[2mms[22m[39m
 [32m✓[39m src/__tests__/models/models.test.ts[2m > [22mDatabase Models Logic - Pure Unit Tests[2m > [22mdossier model[2m > [22mshould validate dossier fields[32m 14[2mms[22m[39m
 [32m✓[39m src/__tests__/models/models.test.ts[2m > [22mDatabase Models Logic - Pure Unit Tests[2m > [22mdossier model[2m > [22mshould calculate deadline status[32m 15[2mms[22m[39m
 [32m✓[39m src/__tests__/models/models.test.ts[2m > [22mDatabase Models Logic - Pure Unit Tests[2m > [22mclient model[2m > [22mshould format client display name[32m 1[2mms[22m[39m
 [32m✓[39m src/__tests__/models/models.test.ts[2m > [22mDatabase Models Logic - Pure Unit Tests[2m > [22mclient model[2m > [22mshould validate phone number[32m 2[2mms[22m[39m
 [32m✓[39m src/__tests__/models/models.test.ts[2m > [22mDatabase Models Logic - Pure Unit Tests[2m > [22mdocument model[2m > [22mshould get document type from extension[32m 21[2mms[22m[39m
 [32m✓[39m src/__tests__/api/api-rest.test.ts[2m > [22mAPI REST[2m > [22mContent Types[2m > [22mJSON devrait être application/json[32m 3[2mms[22m[39m
 [32m✓[39m src/__tests__/api/api-rest.test.ts[2m > [22mAPI REST[2m > [22mContent Types[2m > [22mPDF devrait être application/pdf[32m 8[2mms[22m[39m
 [32m✓[39m src/__tests__/api/api-rest.test.ts[2m > [22mAPI Endpoints[2m > [22mDossiers Endpoints[2m > [22mdevrait avoir 5 endpoints dossiers[32m 3[2mms[22m[39m
 [32m✓[39m src/__tests__/api/api-rest.test.ts[2m > [22mAPI Endpoints[2m > [22mDossiers Endpoints[2m > [22mdevrait avoir GET pour la liste[32m 1[2mms[22m[39m
 [32m✓[39m src/__tests__/api/api-rest.test.ts[2m > [22mAPI Endpoints[2m > [22mDossiers Endpoints[2m > [22mdevrait avoir POST pour création[32m 4[2mms[22m[39m
 [32m✓[39m src/__tests__/api/api-rest.test.ts[2m > [22mAPI Endpoints[2m > [22mAuthentication Endpoints[2m > [22mdevrait avoir 4 endpoints auth[32m 2[2mms[22m[39m
 [32m✓[39m src/__tests__/api/api-rest.test.ts[2m > [22mRate Limiting[2m > [22mPUBLIC devrait avoir 100 req/min[32m 2[2mms[22m[39m
 [32m✓[39m src/__tests__/api/api-rest.test.ts[2m > [22mRate Limiting[2m > [22mAUTHENTICATED devrait avoir 1000 req/min[32m 6[2mms[22m[39m
 [32m✓[39m src/__tests__/api/api-rest.test.ts[2m > [22mRate Limiting[2m > [22mdevrait limiter après dépassement[32m 3[2mms[22m[39m
 [32m✓[39m src/__tests__/api/api-rest.test.ts[2m > [22mRate Limiting[2m > [22mne devrait pas limiter sous la limite[32m 2[2mms[22m[39m
 [32m✓[39m src/__tests__/models/models.test.ts[2m > [22mDatabase Models Logic - Pure Unit Tests[2m > [22mdocument model[2m > [22mshould validate file size[32m 1[2mms[22m[39m
 [32m✓[39m src/__tests__/models/models.test.ts[2m > [22mDatabase Models Logic - Pure Unit Tests[2m > [22mevent model[2m > [22mshould create event object[32m 5[2mms[22m[39m
 [32m✓[39m src/__tests__/models/models.test.ts[2m > [22mDatabase Models Logic - Pure Unit Tests[2m > [22mcomment model[2m > [22mshould validate comment content[32m 1[2mms[22m[39m
 [32m✓[39m src/__tests__/models/models.test.ts[2m > [22mDatabase Models Logic - Pure Unit Tests[2m > [22mcomment model[2m > [22mshould extract mentions[32m 4[2mms[22m[39m
 [32m✓[39m src/__tests__/models/models.test.ts[2m > [22mDatabase Models Logic - Pure Unit Tests[2m > [22mworkspace model[2m > [22mshould validate workspace slug[32m 3[2mms[22m[39m
 [32m✓[39m src/__tests__/models/models.test.ts[2m > [22mDatabase Models Logic - Pure Unit Tests[2m > [22mworkspace model[2m > [22mshould generate unique slug[32m 2[2mms[22m[39m
 [32m✓[39m src/__tests__/models/models.test.ts[2m > [22mDatabase Models Logic - Pure Unit Tests[2m > [22maudit log model[2m > [22mshould create audit entry[32m 1[2mms[22m[39m
 [32m✓[39m src/__tests__/e2e/business-logic.test.ts[2m > [22m LOGIQUES MÉTIER - memoLib[2m > [22m Scenario 6: Integrations[2m > [22m6.1 Configuration API Legifrance PISTE[32m 2[2mms[22m[39m
 [32m✓[39m src/__tests__/e2e/business-logic.test.ts[2m > [22m LOGIQUES MÉTIER - memoLib[2m > [22m Scenario 6: Integrations[2m > [22m6.2 Articles CESEDA importants[32m 1[2mms[22m[39m
 [32m✓[39m src/__tests__/e2e/business-logic.test.ts[2m > [22m LOGIQUES MÉTIER - memoLib[2m > [22m Scenario 7: Dashboard & Analytics[2m > [22m7.1 Structure statistiques dashboard[32m 1[2mms[22m[39m
 [32m✓[39m src/__tests__/e2e/business-logic.test.ts[2m > [22m LOGIQUES MÉTIER - memoLib[2m > [22m Scenario 7: Dashboard & Analytics[2m > [22m7.2 Calcul taux de reussite[32m 1[2mms[22m[39m
 [32m✓[39m src/__tests__/e2e/business-logic.test.ts[2m > [22m LOGIQUES MÉTIER - memoLib[2m > [22m Scenario 7: Dashboard & Analytics[2m > [22m7.3 Alertes echeances triees par urgence[32m 1[2mms[22m[39m
 [32m✓[39m src/__tests__/e2e/business-logic.test.ts[2m > [22m LOGIQUES MÉTIER - memoLib[2m > [22m️ Scenario 8: Securite[2m > [22m8.1 Verification tenant sur chaque requete[32m 1[2mms[22m[39m
 [32m✓[39m src/__tests__/e2e/business-logic.test.ts[2m > [22m LOGIQUES MÉTIER - memoLib[2m > [22m️ Scenario 8: Securite[2m > [22m8.2 Structure log audit[32m 4[2mms[22m[39m
 [32m✓[39m src/__tests__/e2e/business-logic.test.ts[2m > [22m LOGIQUES MÉTIER - memoLib[2m > [22m️ Scenario 8: Securite[2m > [22m8.3 Validation mot de passe securise[32m 2[2mms[22m[39m
 [2m[90m↓[39m[22m src/__tests__/e2e/business-logic.test.ts[2m > [22m🌐 Tests API Production (requires running server)[2m > [22mAPI Health Check
 [2m[90m↓[39m[22m src/__tests__/e2e/business-logic.test.ts[2m > [22m🌐 Tests API Production (requires running server)[2m > [22mAuth Providers disponibles
 [2m[90m↓[39m[22m src/__tests__/e2e/business-logic.test.ts[2m > [22m🌐 Tests API Production (requires running server)[2m > [22mPage Login accessible
 [2m[90m↓[39m[22m src/__tests__/e2e/business-logic.test.ts[2m > [22m🌐 Tests API Production (requires running server)[2m > [22mPage Dashboard protegee
 [2m[90m↓[39m[22m src/__tests__/e2e/business-logic.test.ts[2m > [22m🌐 Tests API Production (requires running server)[2m > [22mAPI Admin protegee (401/403)
[90mstdout[2m | src/__tests__/utils/email-utils.test.ts
[22m[39m◇ injected env (9) from .env.test // tip: ◈ secrets for agents [www.dotenvx.com]

 [32m✓[39m src/__tests__/utils/email-utils.test.ts[2m > [22mEmail Validation Utils[2m > [22mBasic Email Validation[2m > [22mdevrait valider un email simple[32m 7[2mms[22m[39m
 [32m✓[39m src/__tests__/utils/email-utils.test.ts[2m > [22mEmail Validation Utils[2m > [22mBasic Email Validation[2m > [22mdevrait valider un email avec sous-domaine[32m 1[2mms[22m[39m
 [32m✓[39m src/__tests__/utils/email-utils.test.ts[2m > [22mEmail Validation Utils[2m > [22mBasic Email Validation[2m > [22mdevrait rejeter un email sans @[32m 1[2mms[22m[39m
 [32m✓[39m src/__tests__/utils/email-utils.test.ts[2m > [22mEmail Validation Utils[2m > [22mBasic Email Validation[2m > [22mdevrait rejeter un email sans domaine[32m 1[2mms[22m[39m
 [32m✓[39m src/__tests__/utils/email-utils.test.ts[2m > [22mEmail Validation Utils[2m > [22mBasic Email Validation[2m > [22mdevrait rejeter un email sans extension[32m 1[2mms[22m[39m
 [32m✓[39m src/__tests__/utils/email-utils.test.ts[2m > [22mEmail Validation Utils[2m > [22mBasic Email Validation[2m > [22mdevrait rejeter un email vide[32m 1[2mms[22m[39m
 [32m✓[39m src/__tests__/utils/email-utils.test.ts[2m > [22mEmail Validation Utils[2m > [22mBasic Email Validation[2m > [22mdevrait rejeter un email avec espaces[32m 1[2mms[22m[39m
 [32m✓[39m src/__tests__/utils/email-utils.test.ts[2m > [22mEmail Validation Utils[2m > [22mStrict Email Validation[2m > [22mdevrait valider un email standard[32m 1[2mms[22m[39m
 [32m✓[39m src/__tests__/utils/email-utils.test.ts[2m > [22mEmail Validation Utils[2m > [22mStrict Email Validation[2m > [22mdevrait valider un email avec points[32m 1[2mms[22m[39m
 [32m✓[39m src/__tests__/utils/email-utils.test.ts[2m > [22mEmail Validation Utils[2m > [22mStrict Email Validation[2m > [22mdevrait valider un email avec +[32m 1[2mms[22m[39m
 [32m✓[39m src/__tests__/utils/email-utils.test.ts[2m > [22mEmail Validation Utils[2m > [22mStrict Email Validation[2m > [22mdevrait rejeter un email avec caractères spéciaux invalides[32m 1[2mms[22m[39m
 [32m✓[39m src/__tests__/utils/email-utils.test.ts[2m > [22mEmail Validation Utils[2m > [22mDomain Extraction[2m > [22mdevrait extraire le domaine[32m 1[2mms[22m[39m
 [32m✓[39m src/__tests__/utils/email-utils.test.ts[2m > [22mEmail Validation Utils[2m > [22mDomain Extraction[2m > [22mdevrait mettre en minuscules[32m 0[2mms[22m[39m
 [32m✓[39m src/__tests__/utils/email-utils.test.ts[2m > [22mEmail Validation Utils[2m > [22mDomain Extraction[2m > [22mdevrait retourner null pour email invalide[32m 0[2mms[22m[39m
 [32m✓[39m src/__tests__/utils/email-utils.test.ts[2m > [22mEmail Validation Utils[2m > [22mEmail Normalization[2m > [22mdevrait mettre en minuscules[32m 0[2mms[22m[39m
 [32m✓[39m src/__tests__/utils/email-utils.test.ts[2m > [22mEmail Validation Utils[2m > [22mEmail Normalization[2m > [22mdevrait supprimer les espaces[32m 0[2mms[22m[39m
 [32m✓[39m src/__tests__/utils/email-utils.test.ts[2m > [22mEmail Validation Utils[2m > [22mProfessional Email Detection[2m > [22mdevrait détecter un email professionnel[32m 0[2mms[22m[39m
 [32m✓[39m src/__tests__/utils/email-utils.test.ts[2m > [22mEmail Validation Utils[2m > [22mProfessional Email Detection[2m > [22mdevrait rejeter Gmail comme non professionnel[32m 0[2mms[22m[39m
 [32m✓[39m src/__tests__/utils/email-utils.test.ts[2m > [22mEmail Validation Utils[2m > [22mProfessional Email Detection[2m > [22mdevrait rejeter Hotmail comme non professionnel[32m 0[2mms[22m[39m
 [32m✓[39m src/__tests__/utils/email-utils.test.ts[2m > [22mEmail Validation Utils[2m > [22mEmail Masking[2m > [22mdevrait masquer la partie locale[32m 3[2mms[22m[39m
 [32m✓[39m src/__tests__/utils/email-utils.test.ts[2m > [22mEmail Validation Utils[2m > [22mEmail Masking[2m > [22mdevrait gérer les emails courts[32m 1[2mms[22m[39m
 [32m✓[39m src/__tests__/utils/email-utils.test.ts[2m > [22mEmail Validation Utils[2m > [22mDisposable Email Detection[2m > [22mdevrait détecter un email jetable[32m 7[2mms[22m[39m
 [32m✓[39m src/__tests__/utils/email-utils.test.ts[2m > [22mEmail Validation Utils[2m > [22mDisposable Email Detection[2m > [22mdevrait accepter un email normal[32m 1[2mms[22m[39m
 [32m✓[39m src/__tests__/utils/email-utils.test.ts[2m > [22mEmail Validation Utils[2m > [22mEmail List Validation[2m > [22mdevrait séparer les emails valides et invalides[32m 7[2mms[22m[39m
 [32m✓[39m src/__tests__/utils/email-utils.test.ts[2m > [22mEmail Validation Utils[2m > [22mEmail Comparison[2m > [22mdevrait comparer indépendamment de la casse[32m 1[2mms[22m[39m
 [32m✓[39m src/__tests__/utils/email-utils.test.ts[2m > [22mEmail Validation Utils[2m > [22mEmail Comparison[2m > [22mdevrait détecter des emails différents[32m 1[2mms[22m[39m
[90mstdout[2m | src/__tests__/utils/array-utils.test.ts
[22m[39m◇ injected env (9) from .env.test // tip: ⌘ suppress logs { quiet: true }

 [32m✓[39m src/__tests__/utils/array-utils.test.ts[2m > [22mArray Utils[2m > [22mUnique Items[2m > [22mdevrait retourner les éléments uniques[32m 7[2mms[22m[39m
 [32m✓[39m src/__tests__/utils/array-utils.test.ts[2m > [22mArray Utils[2m > [22mUnique Items[2m > [22mdevrait gérer un tableau vide[32m 2[2mms[22m[39m
 [32m✓[39m src/__tests__/utils/array-utils.test.ts[2m > [22mArray Utils[2m > [22mUnique Items[2m > [22mdevrait gérer les chaînes[32m 3[2mms[22m[39m
 [32m✓[39m src/__tests__/utils/array-utils.test.ts[2m > [22mArray Utils[2m > [22mUnique By Property[2m > [22mdevrait retourner les éléments uniques par clé[32m 7[2mms[22m[39m
 [32m✓[39m src/__tests__/utils/array-utils.test.ts[2m > [22mArray Utils[2m > [22mGroup By[2m > [22mdevrait grouper par propriété[32m 2[2mms[22m[39m
 [32m✓[39m src/__tests__/utils/array-utils.test.ts[2m > [22mArray Utils[2m > [22mChunk Array[2m > [22mdevrait diviser en morceaux égaux[32m 2[2mms[22m[39m
 [32m✓[39m src/__tests__/utils/array-utils.test.ts[2m > [22mArray Utils[2m > [22mChunk Array[2m > [22mdevrait gérer le dernier morceau plus petit[32m 1[2mms[22m[39m
 [32m✓[39m src/__tests__/utils/array-utils.test.ts[2m > [22mArray Utils[2m > [22mChunk Array[2m > [22mdevrait gérer un tableau vide[32m 1[2mms[22m[39m
 [32m✓[39m src/__tests__/utils/array-utils.test.ts[2m > [22mArray Utils[2m > [22mFlatten Array[2m > [22mdevrait aplatir un niveau[32m 1[2mms[22m[39m
 [32m✓[39m src/__tests__/utils/array-utils.test.ts[2m > [22mArray Utils[2m > [22mFlatten Array[2m > [22mdevrait gérer les éléments mixtes[32m 1[2mms[22m[39m
 [32m✓[39m src/__tests__/utils/array-utils.test.ts[2m > [22mArray Utils[2m > [22mIntersection[2m > [22mdevrait retourner les éléments communs[32m 1[2mms[22m[39m
 [32m✓[39m src/__tests__/utils/array-utils.test.ts[2m > [22mArray Utils[2m > [22mIntersection[2m > [22mdevrait retourner vide sans éléments communs[32m 1[2mms[22m[39m
 [32m✓[39m src/__tests__/utils/array-utils.test.ts[2m > [22mArray Utils[2m > [22mDifference[2m > [22mdevrait retourner les éléments différents[32m 1[2mms[22m[39m
 [32m✓[39m src/__tests__/utils/array-utils.test.ts[2m > [22mArray Utils[2m > [22mDifference[2m > [22mdevrait retourner tout si aucun commun[32m 1[2mms[22m[39m
 [32m✓[39m src/__tests__/utils/array-utils.test.ts[2m > [22mArray Utils[2m > [22mSort By Property[2m > [22mdevrait trier par ordre croissant[32m 3[2mms[22m[39m
 [32m✓[39m src/__tests__/utils/array-utils.test.ts[2m > [22mArray Utils[2m > [22mSort By Property[2m > [22mdevrait trier par ordre décroissant[32m 1[2mms[22m[39m
 [32m✓[39m src/__tests__/utils/array-utils.test.ts[2m > [22mArray Utils[2m > [22mPaginate Array[2m > [22mdevrait retourner la première page[32m 1[2mms[22m[39m
 [32m✓[39m src/__tests__/utils/array-utils.test.ts[2m > [22mArray Utils[2m > [22mPaginate Array[2m > [22mdevrait calculer le nombre de pages[32m 1[2mms[22m[39m
 [32m✓[39m src/__tests__/utils/array-utils.test.ts[2m > [22mArray Utils[2m > [22mPaginate Array[2m > [22mdevrait retourner la dernière page[32m 1[2mms[22m[39m
 [32m✓[39m src/__tests__/utils/array-utils.test.ts[2m > [22mArray Utils[2m > [22mTake and Skip[2m > [22mdevrait prendre les n premiers[32m 1[2mms[22m[39m
 [32m✓[39m src/__tests__/utils/array-utils.test.ts[2m > [22mArray Utils[2m > [22mTake and Skip[2m > [22mdevrait sauter les n premiers[32m 1[2mms[22m[39m
 [32m✓[39m src/__tests__/utils/array-utils.test.ts[2m > [22mArray Utils[2m > [22mShuffle Array[2m > [22mdevrait conserver tous les éléments[32m 1[2mms[22m[39m
 [32m✓[39m src/__tests__/utils/array-utils.test.ts[2m > [22mArray Utils[2m > [22mShuffle Array[2m > [22mdevrait retourner une nouvelle référence[32m 1[2mms[22m[39m
 [32m✓[39m src/__tests__/utils/array-utils.test.ts[2m > [22mArray Utils[2m > [22mFind With Index[2m > [22mdevrait retourner l'élément et l'index[32m 1[2mms[22m[39m
 [32m✓[39m src/__tests__/utils/array-utils.test.ts[2m > [22mArray Utils[2m > [22mFind With Index[2m > [22mdevrait retourner null si non trouvé[32m 1[2mms[22m[39m
 [32m✓[39m src/__tests__/utils/array-utils.test.ts[2m > [22mArray Utils[2m > [22mCount By[2m > [22mdevrait compter par propriété[32m 1[2mms[22m[39m
 [32m✓[39m src/__tests__/utils/array-utils.test.ts[2m > [22mArray Utils[2m > [22mSum By[2m > [22mdevrait additionner par propriété[32m 1[2mms[22m[39m
 [32m✓[39m src/__tests__/utils/array-utils.test.ts[2m > [22mArray Utils[2m > [22mAverage By[2m > [22mdevrait calculer la moyenne[32m 1[2mms[22m[39m
 [32m✓[39m src/__tests__/utils/array-utils.test.ts[2m > [22mArray Utils[2m > [22mAverage By[2m > [22mdevrait retourner 0 pour un tableau vide[32m 1[2mms[22m[39m
 [32m✓[39m src/__tests__/utils/array-utils.test.ts[2m > [22mArray Utils[2m > [22mMin/Max By[2m > [22mdevrait trouver le minimum[32m 1[2mms[22m[39m
 [32m✓[39m src/__tests__/utils/array-utils.test.ts[2m > [22mArray Utils[2m > [22mMin/Max By[2m > [22mdevrait trouver le maximum[32m 1[2mms[22m[39m
 [32m✓[39m src/__tests__/utils/array-utils.test.ts[2m > [22mArray Utils[2m > [22mPartition[2m > [22mdevrait partitionner selon le prédicat[32m 2[2mms[22m[39m
 [32m✓[39m src/__tests__/utils/array-utils.test.ts[2m > [22mArray Utils[2m > [22mRange Generation[2m > [22mdevrait générer une plage simple[32m 2[2mms[22m[39m
 [32m✓[39m src/__tests__/utils/array-utils.test.ts[2m > [22mArray Utils[2m > [22mRange Generation[2m > [22mdevrait respecter le pas[32m 1[2mms[22m[39m
 [32m✓[39m src/__tests__/utils/array-utils.test.ts[2m > [22mArray Utils[2m > [22mRange Generation[2m > [22mdevrait gérer un début différent[32m 1[2mms[22m[39m
 [32m✓[39m src/__tests__/utils/array-utils.test.ts[2m > [22mArray Utils[2m > [22mFirst and Last[2m > [22mdevrait retourner le premier élément[32m 1[2mms[22m[39m
 [32m✓[39m src/__tests__/utils/array-utils.test.ts[2m > [22mArray Utils[2m > [22mFirst and Last[2m > [22mdevrait retourner le dernier élément[32m 1[2mms[22m[39m
 [32m✓[39m src/__tests__/utils/array-utils.test.ts[2m > [22mArray Utils[2m > [22mFirst and Last[2m > [22mdevrait retourner undefined pour un tableau vide[32m 1[2mms[22m[39m
[90mstdout[2m | src/__tests__/domain/templates.test.ts
[22m[39m◇ injected env (9) from .env.test // tip: ⌘ custom filepath { path: '/custom/path/.env' }

[90mstdout[2m | src/__tests__/lib/validations/dossier.validation.real.test.ts
[22m[39m◇ injected env (9) from .env.test // tip: ⌘ multiple files { path: ['.env.local', '.env'] }

 [32m✓[39m src/__tests__/domain/templates.test.ts[2m > [22mDocument Templates[2m > [22mTemplate Types[2m > [22mdevrait avoir le type COURRIER[32m 9[2mms[22m[39m
 [32m✓[39m src/__tests__/domain/templates.test.ts[2m > [22mDocument Templates[2m > [22mTemplate Types[2m > [22mdevrait avoir le type FACTURE[32m 2[2mms[22m[39m
 [32m✓[39m src/__tests__/domain/templates.test.ts[2m > [22mDocument Templates[2m > [22mTemplate Variables[2m > [22mdevrait avoir les variables client[32m 7[2mms[22m[39m
 [32m✓[39m src/__tests__/domain/templates.test.ts[2m > [22mDocument Templates[2m > [22mTemplate Variables[2m > [22mdevrait avoir les variables dossier[32m 1[2mms[22m[39m
 [32m✓[39m src/__tests__/domain/templates.test.ts[2m > [22mDocument Templates[2m > [22mVariable Replacement[2m > [22mdevrait remplacer les variables simples[32m 4[2mms[22m[39m
 [32m✓[39m src/__tests__/domain/templates.test.ts[2m > [22mDocument Templates[2m > [22mVariable Replacement[2m > [22mdevrait remplacer les variables imbriquées[32m 5[2mms[22m[39m
 [32m✓[39m src/__tests__/domain/templates.test.ts[2m > [22mDocument Templates[2m > [22mVariable Replacement[2m > [22mdevrait garder les variables non résolues[32m 1[2mms[22m[39m
 [32m✓[39m src/__tests__/domain/templates.test.ts[2m > [22mDocument Templates[2m > [22mTemplate Validation[2m > [22mdevrait extraire les variables[32m 5[2mms[22m[39m
 [32m✓[39m src/__tests__/domain/templates.test.ts[2m > [22mDocument Templates[2m > [22mTemplate Validation[2m > [22mdevrait valider un template correct[32m 1[2mms[22m[39m
 [32m✓[39m src/__tests__/domain/templates.test.ts[2m > [22mDocument Templates[2m > [22mTemplate Validation[2m > [22mdevrait détecter les variables manquantes[32m 8[2mms[22m[39m
 [32m✓[39m src/__tests__/domain/templates.test.ts[2m > [22mLetter Templates[2m > [22mFrench Letter Format[2m > [22mdevrait formater la date en français[32m 79[2mms[22m[39m
[90mstdout[2m | src/__tests__/domain/client.test.ts
[22m[39m◇ injected env (9) from .env.test // tip: ⌘ custom filepath { path: '/custom/path/.env' }

 [32m✓[39m src/__tests__/domain/templates.test.ts[2m > [22mLetter Templates[2m > [22mFrench Letter Format[2m > [22mdevrait générer l'en-tête du courrier[32m 2[2mms[22m[39m
 [32m✓[39m src/__tests__/domain/templates.test.ts[2m > [22mLetter Templates[2m > [22mSalutations[2m > [22mdevrait avoir la salutation Madame, Monsieur[32m 1[2mms[22m[39m
 [32m✓[39m src/__tests__/domain/templates.test.ts[2m > [22mLetter Templates[2m > [22mSalutations[2m > [22mdevrait avoir une formule de politesse standard[32m 1[2mms[22m[39m
 [32m✓[39m src/__tests__/domain/templates.test.ts[2m > [22mContract Templates[2m > [22mContract Clauses[2m > [22mdevrait avoir des clauses obligatoires[32m 1[2mms[22m[39m
 [32m✓[39m src/__tests__/domain/templates.test.ts[2m > [22mContract Templates[2m > [22mContract Clauses[2m > [22mdevrait avoir la clause objet[32m 7[2mms[22m[39m
 [32m✓[39m src/__tests__/domain/templates.test.ts[2m > [22mContract Templates[2m > [22mContract Generation[2m > [22mdevrait générer un numéro de contrat[32m 1[2mms[22m[39m
 [32m✓[39m src/__tests__/domain/templates.test.ts[2m > [22mContract Templates[2m > [22mContract Generation[2m > [22mdevrait inclure l'année en cours[32m 1[2mms[22m[39m
 [32m✓[39m src/__tests__/domain/templates.test.ts[2m > [22mInvoice Templates[2m > [22mInvoice Format[2m > [22mdevrait calculer le sous-total[32m 7[2mms[22m[39m
 [32m✓[39m src/__tests__/domain/templates.test.ts[2m > [22mInvoice Templates[2m > [22mInvoice Format[2m > [22mdevrait calculer la TVA[32m 4[2mms[22m[39m
 [32m✓[39m src/__tests__/domain/templates.test.ts[2m > [22mEmail Templates[2m > [22mEmail Subjects[2m > [22mdevrait avoir un sujet de bienvenue[32m 1[2mms[22m[39m
 [32m✓[39m src/__tests__/domain/templates.test.ts[2m > [22mEmail Templates[2m > [22mEmail Subjects[2m > [22mdevrait avoir un sujet de facture[32m 1[2mms[22m[39m
[90mstdout[2m | src/__tests__/types/dossier.types.real.test.ts
[22m[39m◇ injected env (9) from .env.test // tip: ⌘ multiple files { path: ['.env.local', '.env'] }

 [32m✓[39m src/__tests__/domain/client.test.ts[2m > [22mClient Domain[2m > [22mClient Interface[2m > [22mdevrait avoir une structure valide[32m 26[2mms[22m[39m
 [32m✓[39m src/__tests__/domain/client.test.ts[2m > [22mClient Domain[2m > [22mName Formatting[2m > [22mdevrait formater le nom complet[32m 11[2mms[22m[39m
 [32m✓[39m src/__tests__/domain/client.test.ts[2m > [22mClient Domain[2m > [22mName Formatting[2m > [22mdevrait mettre le nom en majuscules[32m 1[2mms[22m[39m
 [32m✓[39m src/__tests__/domain/client.test.ts[2m > [22mClient Domain[2m > [22mEmail Validation[2m > [22mdevrait accepter un email valide[32m 1[2mms[22m[39m
 [32m✓[39m src/__tests__/domain/client.test.ts[2m > [22mClient Domain[2m > [22mEmail Validation[2m > [22mdevrait rejeter un email sans @[32m 1[2mms[22m[39m
 [32m✓[39m src/__tests__/domain/client.test.ts[2m > [22mClient Domain[2m > [22mEmail Validation[2m > [22mdevrait rejeter un email sans domaine[32m 9[2mms[22m[39m
 [32m✓[39m src/__tests__/domain/client.test.ts[2m > [22mClient Domain[2m > [22mPhone Validation[2m > [22mdevrait formater un numéro français[32m 2[2mms[22m[39m
 [32m✓[39m src/__tests__/domain/client.test.ts[2m > [22mClient Domain[2m > [22mPhone Validation[2m > [22mdevrait nettoyer les caractères non numériques[32m 10[2mms[22m[39m
 [32m✓[39m src/__tests__/domain/client.test.ts[2m > [22mClient Domain[2m > [22mNationality[2m > [22mdevrait avoir une liste de nationalités[32m 1[2mms[22m[39m
 [32m✓[39m src/__tests__/domain/client.test.ts[2m > [22mClient Domain[2m > [22mNationality[2m > [22mdevrait inclure Française[32m 19[2mms[22m[39m
 [32m✓[39m src/__tests__/lib/validations/dossier.validation.real.test.ts[2m > [22mdossierBaseSchema - Tests Réels[2m > [22mtypeDossier validation[2m > [22mdevrait accepter TITRE_SEJOUR[32m 24[2mms[22m[39m
 [32m✓[39m src/__tests__/lib/validations/dossier.validation.real.test.ts[2m > [22mdossierBaseSchema - Tests Réels[2m > [22mtypeDossier validation[2m > [22mdevrait accepter RECOURS_OQTF[32m 6[2mms[22m[39m
 [32m✓[39m src/__tests__/lib/validations/dossier.validation.real.test.ts[2m > [22mdossierBaseSchema - Tests Réels[2m > [22mtypeDossier validation[2m > [22mdevrait accepter NATURALISATION[32m 2[2mms[22m[39m
 [32m✓[39m src/__tests__/lib/validations/dossier.validation.real.test.ts[2m > [22mdossierBaseSchema - Tests Réels[2m > [22mtypeDossier validation[2m > [22mdevrait accepter REGROUPEMENT_FAMILIAL[32m 2[2mms[22m[39m
 [32m✓[39m src/__tests__/lib/validations/dossier.validation.real.test.ts[2m > [22mdossierBaseSchema - Tests Réels[2m > [22mtypeDossier validation[2m > [22mdevrait accepter ASILE[32m 3[2mms[22m[39m
 [32m✓[39m src/__tests__/lib/validations/dossier.validation.real.test.ts[2m > [22mdossierBaseSchema - Tests Réels[2m > [22mtypeDossier validation[2m > [22mdevrait accepter VISA[32m 3[2mms[22m[39m
 [32m✓[39m src/__tests__/lib/validations/dossier.validation.real.test.ts[2m > [22mdossierBaseSchema - Tests Réels[2m > [22mtypeDossier validation[2m > [22mdevrait accepter AUTRE[32m 2[2mms[22m[39m
 [32m✓[39m src/__tests__/lib/validations/dossier.validation.real.test.ts[2m > [22mdossierBaseSchema - Tests Réels[2m > [22mtypeDossier validation[2m > [22mdevrait rejeter un type invalide[32m 4[2mms[22m[39m
 [32m✓[39m src/__tests__/lib/validations/dossier.validation.real.test.ts[2m > [22mdossierBaseSchema - Tests Réels[2m > [22mobjetDemande validation[2m > [22mdevrait accepter une demande de 10 caractères minimum[32m 3[2mms[22m[39m
 [32m✓[39m src/__tests__/lib/validations/dossier.validation.real.test.ts[2m > [22mdossierBaseSchema - Tests Réels[2m > [22mobjetDemande validation[2m > [22mdevrait rejeter une demande trop courte[32m 1[2mms[22m[39m
 [32m✓[39m src/__tests__/lib/validations/dossier.validation.real.test.ts[2m > [22mdossierBaseSchema - Tests Réels[2m > [22mobjetDemande validation[2m > [22mdevrait accepter une demande de 500 caractères[32m 1[2mms[22m[39m
 [32m✓[39m src/__tests__/lib/validations/dossier.validation.real.test.ts[2m > [22mdossierBaseSchema - Tests Réels[2m > [22mobjetDemande validation[2m > [22mdevrait rejeter une demande de plus de 500 caractères[32m 1[2mms[22m[39m
 [32m✓[39m src/__tests__/lib/validations/dossier.validation.real.test.ts[2m > [22mdossierBaseSchema - Tests Réels[2m > [22mpriorite validation[2m > [22mdevrait avoir NORMALE par défaut[32m 3[2mms[22m[39m
 [32m✓[39m src/__tests__/lib/validations/dossier.validation.real.test.ts[2m > [22mdossierBaseSchema - Tests Réels[2m > [22mpriorite validation[2m > [22mdevrait accepter HAUTE[32m 1[2mms[22m[39m
 [32m✓[39m src/__tests__/lib/validations/dossier.validation.real.test.ts[2m > [22mdossierBaseSchema - Tests Réels[2m > [22mpriorite validation[2m > [22mdevrait accepter URGENTE[32m 6[2mms[22m[39m
 [32m✓[39m src/__tests__/lib/validations/dossier.validation.real.test.ts[2m > [22mdossierBaseSchema - Tests Réels[2m > [22mpriorite validation[2m > [22mdevrait accepter CRITIQUE[32m 2[2mms[22m[39m
 [32m✓[39m src/__tests__/lib/validations/dossier.validation.real.test.ts[2m > [22mdossierBaseSchema - Tests Réels[2m > [22mdateEcheance validation[2m > [22mdevrait accepter une date ISO valide[32m 2[2mms[22m[39m
 [32m✓[39m src/__tests__/lib/validations/dossier.validation.real.test.ts[2m > [22mdossierBaseSchema - Tests Réels[2m > [22mdateEcheance validation[2m > [22mdevrait accepter une chaîne vide[32m 2[2mms[22m[39m
 [32m✓[39m src/__tests__/lib/validations/dossier.validation.real.test.ts[2m > [22mdossierBaseSchema - Tests Réels[2m > [22mdateEcheance validation[2m > [22mdevrait être optionnel[32m 4[2mms[22m[39m
 [32m✓[39m src/__tests__/lib/validations/dossier.validation.real.test.ts[2m > [22mdossierBaseSchema - Tests Réels[2m > [22mnotes validation[2m > [22mdevrait accepter des notes[32m 2[2mms[22m[39m
 [32m✓[39m src/__tests__/lib/validations/dossier.validation.real.test.ts[2m > [22mdossierBaseSchema - Tests Réels[2m > [22mnotes validation[2m > [22mdevrait rejeter des notes > 2000 caractères[32m 1[2mms[22m[39m
 [32m✓[39m src/__tests__/lib/validations/dossier.validation.real.test.ts[2m > [22mcreateDossierSchema - Tests Réels[2m > [22mdevrait valider un dossier complet[32m 2[2mms[22m[39m
 [32m✓[39m src/__tests__/lib/validations/dossier.validation.real.test.ts[2m > [22mcreateDossierSchema - Tests Réels[2m > [22mdevrait rejeter un clientId non-UUID[32m 1[2mms[22m[39m
 [32m✓[39m src/__tests__/lib/validations/dossier.validation.real.test.ts[2m > [22mcreateDossierSchema - Tests Réels[2m > [22mdevrait accepter un statut BROUILLON[32m 1[2mms[22m[39m
 [32m✓[39m src/__tests__/lib/validations/dossier.validation.real.test.ts[2m > [22mcreateDossierSchema - Tests Réels[2m > [22mdevrait accepter un statut EN_COURS[32m 1[2mms[22m[39m
 [32m✓[39m src/__tests__/lib/validations/dossier.validation.real.test.ts[2m > [22mcreateDossierSchema - Tests Réels[2m > [22mdevrait accepter un statut URGENT[32m 1[2mms[22m[39m
 [32m✓[39m src/__tests__/lib/validations/dossier.validation.real.test.ts[2m > [22mcreateDemandeClientSchema - Tests Réels[2m > [22mdevrait valider une demande client simple[32m 1[2mms[22m[39m
 [32m✓[39m src/__tests__/lib/validations/dossier.validation.real.test.ts[2m > [22mcreateDemandeClientSchema - Tests Réels[2m > [22mdevrait exiger 20 caractères minimum pour objetDemande[32m 1[2mms[22m[39m
 [32m✓[39m src/__tests__/lib/validations/dossier.validation.real.test.ts[2m > [22mcreateDemandeClientSchema - Tests Réels[2m > [22mdevrait accepter urgence=true[32m 1[2mms[22m[39m
 [32m✓[39m src/__tests__/lib/validations/dossier.validation.real.test.ts[2m > [22mcreateDemandeClientSchema - Tests Réels[2m > [22mdevrait accepter complementInfo[32m 1[2mms[22m[39m
 [32m✓[39m src/__tests__/lib/validations/dossier.validation.real.test.ts[2m > [22mcreateDemandeClientSchema - Tests Réels[2m > [22mdevrait rejeter complementInfo > 1000 caractères[32m 1[2mms[22m[39m
 [32m✓[39m src/__tests__/lib/validations/dossier.validation.real.test.ts[2m > [22mupdateDossierSchema - Tests Réels[2m > [22mdevrait accepter un objet vide (mise à jour partielle)[32m 1[2mms[22m[39m
 [32m✓[39m src/__tests__/lib/validations/dossier.validation.real.test.ts[2m > [22mupdateDossierSchema - Tests Réels[2m > [22mdevrait accepter une mise à jour de priorité seule[32m 2[2mms[22m[39m
 [32m✓[39m src/__tests__/lib/validations/dossier.validation.real.test.ts[2m > [22mupdateDossierSchema - Tests Réels[2m > [22mdevrait accepter tous les statuts finaux[32m 1[2mms[22m[39m
 [32m✓[39m src/__tests__/lib/validations/dossier.validation.real.test.ts[2m > [22mupdateDossierSchema - Tests Réels[2m > [22mdevrait accepter une mise à jour multiple[32m 1[2mms[22m[39m
 [32m✓[39m src/__tests__/lib/validations/dossier.validation.real.test.ts[2m > [22mvalidateDossierData - Tests Réels[2m > [22mdevrait retourner success=true avec données valides[32m 1[2mms[22m[39m
 [32m✓[39m src/__tests__/lib/validations/dossier.validation.real.test.ts[2m > [22mvalidateDossierData - Tests Réels[2m > [22mdevrait retourner success=false avec erreurs Zod[32m 2[2mms[22m[39m
 [32m✓[39m src/__tests__/lib/validations/dossier.validation.real.test.ts[2m > [22mvalidateDossierData - Tests Réels[2m > [22mdevrait fonctionner avec createDossierSchema[32m 1[2mms[22m[39m
 [32m✓[39m src/__tests__/lib/validations/dossier.validation.real.test.ts[2m > [22mvalidateDossierData - Tests Réels[2m > [22mdevrait propager les erreurs non-Zod[32m 3[2mms[22m[39m
 [32m✓[39m src/__tests__/domain/client.test.ts[2m > [22mClient Domain[2m > [22mNationality[2m > [22mdevrait inclure Autre[32m 4[2mms[22m[39m
 [32m✓[39m src/__tests__/domain/client.test.ts[2m > [22mClient Domain[2m > [22mClient Search[2m > [22mdevrait trouver par nom[32m 2[2mms[22m[39m
 [32m✓[39m src/__tests__/domain/client.test.ts[2m > [22mClient Domain[2m > [22mClient Search[2m > [22mdevrait trouver par prénom[32m 7[2mms[22m[39m
 [32m✓[39m src/__tests__/domain/client.test.ts[2m > [22mClient Domain[2m > [22mClient Search[2m > [22mdevrait trouver par email[32m 8[2mms[22m[39m
 [32m✓[39m src/__tests__/domain/client.test.ts[2m > [22mClient Domain[2m > [22mClient Search[2m > [22mdevrait être insensible à la casse[32m 1[2mms[22m[39m
 [32m✓[39m src/__tests__/domain/client.test.ts[2m > [22mClient Domain[2m > [22mClient Sorting[2m > [22mdevrait trier par nom[32m 39[2mms[22m[39m
 [32m✓[39m src/__tests__/domain/client.test.ts[2m > [22mClient Domain[2m > [22mAge Calculation[2m > [22mdevrait calculer l'âge correctement[32m 1[2mms[22m[39m
 [32m✓[39m src/__tests__/domain/client.test.ts[2m > [22mClient Domain[2m > [22mAge Calculation[2m > [22mdevrait gérer les bébés[32m 1[2mms[22m[39m
 [32m✓[39m src/__tests__/domain/client.test.ts[2m > [22mClient Domain[2m > [22mNuméro étranger[2m > [22mdevrait formater le numéro étranger[32m 1[2mms[22m[39m
 [32m✓[39m src/__tests__/domain/client.test.ts[2m > [22mClient Documents[2m > [22mDocument Types[2m > [22mdevrait avoir 7 types de documents[32m 1[2mms[22m[39m
 [32m✓[39m src/__tests__/domain/client.test.ts[2m > [22mClient Documents[2m > [22mDocument Types[2m > [22mdevrait inclure PASSEPORT[32m 1[2mms[22m[39m
 [32m✓[39m src/__tests__/domain/client.test.ts[2m > [22mClient Documents[2m > [22mDocument Types[2m > [22mdevrait inclure TITRE_SEJOUR[32m 8[2mms[22m[39m
 [32m✓[39m src/__tests__/domain/client.test.ts[2m > [22mClient Documents[2m > [22mDocument Checklist[2m > [22mdevrait identifier les documents manquants[32m 2[2mms[22m[39m
 [32m✓[39m src/__tests__/domain/client.test.ts[2m > [22mClient Documents[2m > [22mDocument Checklist[2m > [22mdevrait retourner vide si tout fourni[32m 1[2mms[22m[39m
 [32m✓[39m src/__tests__/types/dossier.types.real.test.ts[2m > [22mdossier.types - Types et utilitaires dossiers[2m > [22mSTATUTS_DOSSIER[2m > [22mcontient nouveau[32m 12[2mms[22m[39m
 [32m✓[39m src/__tests__/types/dossier.types.real.test.ts[2m > [22mdossier.types - Types et utilitaires dossiers[2m > [22mSTATUTS_DOSSIER[2m > [22mcontient en_cours[32m 2[2mms[22m[39m
 [32m✓[39m src/__tests__/types/dossier.types.real.test.ts[2m > [22mdossier.types - Types et utilitaires dossiers[2m > [22mSTATUTS_DOSSIER[2m > [22mcontient urgent[32m 2[2mms[22m[39m
 [32m✓[39m src/__tests__/types/dossier.types.real.test.ts[2m > [22mdossier.types - Types et utilitaires dossiers[2m > [22mSTATUTS_DOSSIER[2m > [22mcontient termine[32m 2[2mms[22m[39m
 [32m✓[39m src/__tests__/types/dossier.types.real.test.ts[2m > [22mdossier.types - Types et utilitaires dossiers[2m > [22mSTATUTS_DOSSIER[2m > [22mcontient archive[32m 1[2mms[22m[39m
 [32m✓[39m src/__tests__/types/dossier.types.real.test.ts[2m > [22mdossier.types - Types et utilitaires dossiers[2m > [22mSTATUTS_DOSSIER[2m > [22ma 7 statuts[32m 4[2mms[22m[39m
 [32m✓[39m src/__tests__/types/dossier.types.real.test.ts[2m > [22mdossier.types - Types et utilitaires dossiers[2m > [22mPRIORITES[2m > [22mcontient basse[32m 3[2mms[22m[39m
 [32m✓[39m src/__tests__/types/dossier.types.real.test.ts[2m > [22mdossier.types - Types et utilitaires dossiers[2m > [22mPRIORITES[2m > [22mcontient normale[32m 3[2mms[22m[39m
 [32m✓[39m src/__tests__/types/dossier.types.real.test.ts[2m > [22mdossier.types - Types et utilitaires dossiers[2m > [22mPRIORITES[2m > [22mcontient haute[32m 3[2mms[22m[39m
 [32m✓[39m src/__tests__/types/dossier.types.real.test.ts[2m > [22mdossier.types - Types et utilitaires dossiers[2m > [22mPRIORITES[2m > [22mcontient critique[32m 2[2mms[22m[39m
 [32m✓[39m src/__tests__/types/dossier.types.real.test.ts[2m > [22mdossier.types - Types et utilitaires dossiers[2m > [22mPRIORITES[2m > [22ma 4 priorités[32m 1[2mms[22m[39m
 [32m✓[39m src/__tests__/types/dossier.types.real.test.ts[2m > [22mdossier.types - Types et utilitaires dossiers[2m > [22mPHASES_DOSSIER[2m > [22mcontient instruction[32m 1[2mms[22m[39m
 [32m✓[39m src/__tests__/types/dossier.types.real.test.ts[2m > [22mdossier.types - Types et utilitaires dossiers[2m > [22mPHASES_DOSSIER[2m > [22mcontient recours[32m 1[2mms[22m[39m
 [32m✓[39m src/__tests__/types/dossier.types.real.test.ts[2m > [22mdossier.types - Types et utilitaires dossiers[2m > [22mPHASES_DOSSIER[2m > [22mcontient audience[32m 2[2mms[22m[39m
 [32m✓[39m src/__tests__/types/dossier.types.real.test.ts[2m > [22mdossier.types - Types et utilitaires dossiers[2m > [22mPHASES_DOSSIER[2m > [22mcontient decision[32m 2[2mms[22m[39m
 [32m✓[39m src/__tests__/types/dossier.types.real.test.ts[2m > [22mdossier.types - Types et utilitaires dossiers[2m > [22mPHASES_DOSSIER[2m > [22mcontient execution[32m 3[2mms[22m[39m
 [32m✓[39m src/__tests__/types/dossier.types.real.test.ts[2m > [22mdossier.types - Types et utilitaires dossiers[2m > [22mPHASES_DOSSIER[2m > [22ma 5 phases[32m 2[2mms[22m[39m
 [32m✓[39m src/__tests__/types/dossier.types.real.test.ts[2m > [22mdossier.types - Types et utilitaires dossiers[2m > [22mTYPES_DOSSIER_CESEDA[2m > [22mcontient OQTF[32m 1[2mms[22m[39m
 [32m✓[39m src/__tests__/types/dossier.types.real.test.ts[2m > [22mdossier.types - Types et utilitaires dossiers[2m > [22mTYPES_DOSSIER_CESEDA[2m > [22mcontient Naturalisation[32m 12[2mms[22m[39m
 [32m✓[39m src/__tests__/types/dossier.types.real.test.ts[2m > [22mdossier.types - Types et utilitaires dossiers[2m > [22mTYPES_DOSSIER_CESEDA[2m > [22mcontient Asile[32m 2[2mms[22m[39m
 [32m✓[39m src/__tests__/types/dossier.types.real.test.ts[2m > [22mdossier.types - Types et utilitaires dossiers[2m > [22mTYPES_DOSSIER_CESEDA[2m > [22mcontient TitreSejour[32m 1[2mms[22m[39m
 [32m✓[39m src/__tests__/types/dossier.types.real.test.ts[2m > [22mdossier.types - Types et utilitaires dossiers[2m > [22mTYPES_DOSSIER_CESEDA[2m > [22mcontient RegroupementFamilial[32m 1[2mms[22m[39m
 [32m✓[39m src/__tests__/types/dossier.types.real.test.ts[2m > [22mdossier.types - Types et utilitaires dossiers[2m > [22mTYPES_DOSSIER_CESEDA[2m > [22ma au moins 8 types[32m 1[2mms[22m[39m
 [32m✓[39m src/__tests__/types/dossier.types.real.test.ts[2m > [22mdossier.types - Types et utilitaires dossiers[2m > [22mJURIDICTIONS[2m > [22mcontient Prefecture[32m 1[2mms[22m[39m
 [32m✓[39m src/__tests__/types/dossier.types.real.test.ts[2m > [22mdossier.types - Types et utilitaires dossiers[2m > [22mJURIDICTIONS[2m > [22mcontient Tribunal administratif[32m 1[2mms[22m[39m
 [32m✓[39m src/__tests__/types/dossier.types.real.test.ts[2m > [22mdossier.types - Types et utilitaires dossiers[2m > [22mJURIDICTIONS[2m > [22mcontient CNDA[32m 1[2mms[22m[39m
 [32m✓[39m src/__tests__/types/dossier.types.real.test.ts[2m > [22mdossier.types - Types et utilitaires dossiers[2m > [22mJURIDICTIONS[2m > [22ma au moins 7 juridictions[32m 1[2mms[22m[39m
 [32m✓[39m src/__tests__/types/dossier.types.real.test.ts[2m > [22mdossier.types - Types et utilitaires dossiers[2m > [22mTYPES_RECOURS[2m > [22mcontient Gracieux[32m 1[2mms[22m[39m
 [32m✓[39m src/__tests__/types/dossier.types.real.test.ts[2m > [22mdossier.types - Types et utilitaires dossiers[2m > [22mTYPES_RECOURS[2m > [22mcontient Contentieux[32m 1[2mms[22m[39m
 [32m✓[39m src/__tests__/types/dossier.types.real.test.ts[2m > [22mdossier.types - Types et utilitaires dossiers[2m > [22mTYPES_RECOURS[2m > [22mcontient Refere liberte[32m 1[2mms[22m[39m
 [32m✓[39m src/__tests__/types/dossier.types.real.test.ts[2m > [22mdossier.types - Types et utilitaires dossiers[2m > [22mTYPES_RECOURS[2m > [22ma au moins 5 types[32m 3[2mms[22m[39m
 [32m✓[39m src/__tests__/types/dossier.types.real.test.ts[2m > [22mdossier.types - Types et utilitaires dossiers[2m > [22mINSTANCES[2m > [22mcontient Premiere instance[32m 6[2mms[22m[39m
 [32m✓[39m src/__tests__/types/dossier.types.real.test.ts[2m > [22mdossier.types - Types et utilitaires dossiers[2m > [22mINSTANCES[2m > [22mcontient Appel[32m 1[2mms[22m[39m
 [32m✓[39m src/__tests__/types/dossier.types.real.test.ts[2m > [22mdossier.types - Types et utilitaires dossiers[2m > [22mINSTANCES[2m > [22mcontient Cassation[32m 1[2mms[22m[39m
 [32m✓[39m src/__tests__/types/dossier.types.real.test.ts[2m > [22mdossier.types - Types et utilitaires dossiers[2m > [22mINSTANCES[2m > [22ma 3 instances[32m 0[2mms[22m[39m
 [32m✓[39m src/__tests__/types/dossier.types.real.test.ts[2m > [22mdossier.types - Types et utilitaires dossiers[2m > [22mMODES_FACTURATION[2m > [22mcontient forfait[32m 12[2mms[22m[39m
 [32m✓[39m src/__tests__/types/dossier.types.real.test.ts[2m > [22mdossier.types - Types et utilitaires dossiers[2m > [22mMODES_FACTURATION[2m > [22mcontient horaire[32m 1[2mms[22m[39m
 [32m✓[39m src/__tests__/types/dossier.types.real.test.ts[2m > [22mdossier.types - Types et utilitaires dossiers[2m > [22mMODES_FACTURATION[2m > [22mcontient resultat[32m 0[2mms[22m[39m
 [32m✓[39m src/__tests__/types/dossier.types.real.test.ts[2m > [22mdossier.types - Types et utilitaires dossiers[2m > [22mMODES_FACTURATION[2m > [22mcontient mixte[32m 0[2mms[22m[39m
 [32m✓[39m src/__tests__/types/dossier.types.real.test.ts[2m > [22mdossier.types - Types et utilitaires dossiers[2m > [22mAutres constantes[2m > [22mNIVEAUX_CONFIDENTIALITE a 4 niveaux[32m 3[2mms[22m[39m
 [32m✓[39m src/__tests__/types/dossier.types.real.test.ts[2m > [22mdossier.types - Types et utilitaires dossiers[2m > [22mAutres constantes[2m > [22mCANAUX_CONTACT contient email et telephone[32m 1[2mms[22m[39m
 [32m✓[39m src/__tests__/types/dossier.types.real.test.ts[2m > [22mdossier.types - Types et utilitaires dossiers[2m > [22mAutres constantes[2m > [22mFREQUENCES_RELANCE contient hebdomadaire[32m 8[2mms[22m[39m
 [32m✓[39m src/__tests__/types/dossier.types.real.test.ts[2m > [22mdossier.types - Types et utilitaires dossiers[2m > [22mAutres constantes[2m > [22mTYPES_TACHE a 4 types[32m 1[2mms[22m[39m
 [32m✓[39m src/__tests__/types/dossier.types.real.test.ts[2m > [22mdossier.types - Types et utilitaires dossiers[2m > [22mAutres constantes[2m > [22mSTATUTS_TACHE a 5 statuts[32m 1[2mms[22m[39m
 [32m✓[39m src/__tests__/types/dossier.types.real.test.ts[2m > [22mdossier.types - Types et utilitaires dossiers[2m > [22mAutres constantes[2m > [22mTYPES_EVENEMENT contient audience[32m 4[2mms[22m[39m
 [32m✓[39m src/__tests__/types/dossier.types.real.test.ts[2m > [22mdossier.types - Types et utilitaires dossiers[2m > [22mAutres constantes[2m > [22mIMPORTANCES_EVENEMENT contient critique[32m 13[2mms[22m[39m
 [32m✓[39m src/__tests__/types/dossier.types.real.test.ts[2m > [22mdossier.types - Types et utilitaires dossiers[2m > [22mAutres constantes[2m > [22mCATEGORIES_EVENEMENT contient procedure[32m 6[2mms[22m[39m
 [32m✓[39m src/__tests__/types/dossier.types.real.test.ts[2m > [22mdossier.types - Types et utilitaires dossiers[2m > [22mAutres constantes[2m > [22mTYPES_COMMENTAIRE contient note[32m 1[2mms[22m[39m
 [32m✓[39m src/__tests__/types/dossier.types.real.test.ts[2m > [22mdossier.types - Types et utilitaires dossiers[2m > [22misDossierEnRetard[2m > [22mretourne false si pas de dateEcheance[32m 1[2mms[22m[39m
 [32m✓[39m src/__tests__/types/dossier.types.real.test.ts[2m > [22mdossier.types - Types et utilitaires dossiers[2m > [22misDossierEnRetard[2m > [22mretourne true si échéance passée et non terminé[32m 0[2mms[22m[39m
 [32m✓[39m src/__tests__/types/dossier.types.real.test.ts[2m > [22mdossier.types - Types et utilitaires dossiers[2m > [22misDossierEnRetard[2m > [22mretourne false si terminé même si échéance passée[32m 5[2mms[22m[39m
 [32m✓[39m src/__tests__/types/dossier.types.real.test.ts[2m > [22mdossier.types - Types et utilitaires dossiers[2m > [22misDossierEnRetard[2m > [22mretourne false si archivé même si échéance passée[32m 3[2mms[22m[39m
 [32m✓[39m src/__tests__/types/dossier.types.real.test.ts[2m > [22mdossier.types - Types et utilitaires dossiers[2m > [22misDossierEnRetard[2m > [22mretourne false si échéance future[32m 3[2mms[22m[39m
 [32m✓[39m src/__tests__/types/dossier.types.real.test.ts[2m > [22mdossier.types - Types et utilitaires dossiers[2m > [22mjoursAvantEcheance[2m > [22mretourne null si pas de dateEcheance[32m 2[2mms[22m[39m
 [32m✓[39m src/__tests__/types/dossier.types.real.test.ts[2m > [22mdossier.types - Types et utilitaires dossiers[2m > [22mjoursAvantEcheance[2m > [22mretourne un nombre négatif pour date passée[32m 7[2mms[22m[39m
 [32m✓[39m src/__tests__/types/dossier.types.real.test.ts[2m > [22mdossier.types - Types et utilitaires dossiers[2m > [22mjoursAvantEcheance[2m > [22mretourne un nombre positif pour date future[32m 2[2mms[22m[39m
 [32m✓[39m src/__tests__/types/dossier.types.real.test.ts[2m > [22mdossier.types - Types et utilitaires dossiers[2m > [22mcouleurPriorite[2m > [22mretourne rouge pour critique[32m 1[2mms[22m[39m
 [32m✓[39m src/__tests__/types/dossier.types.real.test.ts[2m > [22mdossier.types - Types et utilitaires dossiers[2m > [22mcouleurPriorite[2m > [22mretourne ambre pour haute[32m 5[2mms[22m[39m
 [32m✓[39m src/__tests__/types/dossier.types.real.test.ts[2m > [22mdossier.types - Types et utilitaires dossiers[2m > [22mcouleurPriorite[2m > [22mretourne bleu pour normale[32m 1[2mms[22m[39m
 [32m✓[39m src/__tests__/types/dossier.types.real.test.ts[2m > [22mdossier.types - Types et utilitaires dossiers[2m > [22mcouleurPriorite[2m > [22mretourne vert pour basse[32m 1[2mms[22m[39m
 [32m✓[39m src/__tests__/types/dossier.types.real.test.ts[2m > [22mdossier.types - Types et utilitaires dossiers[2m > [22mcouleurPriorite[2m > [22mtoutes les couleurs sont des hex valides[32m 1[2mms[22m[39m
 [32m✓[39m src/__tests__/types/dossier.types.real.test.ts[2m > [22mdossier.types - Types et utilitaires dossiers[2m > [22mcouleurStatut[2m > [22mretourne une couleur pour nouveau[32m 3[2mms[22m[39m
 [32m✓[39m src/__tests__/types/dossier.types.real.test.ts[2m > [22mdossier.types - Types et utilitaires dossiers[2m > [22mcouleurStatut[2m > [22mretourne rouge pour urgent[32m 3[2mms[22m[39m
 [32m✓[39m src/__tests__/types/dossier.types.real.test.ts[2m > [22mdossier.types - Types et utilitaires dossiers[2m > [22mcouleurStatut[2m > [22mretourne vert pour termine[32m 1[2mms[22m[39m
 [32m✓[39m src/__tests__/types/dossier.types.real.test.ts[2m > [22mdossier.types - Types et utilitaires dossiers[2m > [22mcouleurStatut[2m > [22mtoutes les couleurs sont des hex valides[32m 39[2mms[22m[39m
 [32m✓[39m src/__tests__/types/dossier.types.real.test.ts[2m > [22mdossier.types - Types et utilitaires dossiers[2m > [22mgenererNumeroDossier[2m > [22mgénère un numéro avec année courante par défaut[32m 1[2mms[22m[39m
 [32m✓[39m src/__tests__/types/dossier.types.real.test.ts[2m > [22mdossier.types - Types et utilitaires dossiers[2m > [22mgenererNumeroDossier[2m > [22mgénère un numéro avec année spécifiée[32m 6[2mms[22m[39m
 [32m✓[39m src/__tests__/types/dossier.types.real.test.ts[2m > [22mdossier.types - Types et utilitaires dossiers[2m > [22mgenererNumeroDossier[2m > [22mgénère un numéro avec séquence spécifiée[32m 1[2mms[22m[39m
 [32m✓[39m src/__tests__/types/dossier.types.real.test.ts[2m > [22mdossier.types - Types et utilitaires dossiers[2m > [22mgenererNumeroDossier[2m > [22mpad la séquence sur 4 chiffres[32m 18[2mms[22m[39m
 [32m✓[39m src/__tests__/types/dossier.types.real.test.ts[2m > [22mdossier.types - Types et utilitaires dossiers[2m > [22mgenererNumeroDossier[2m > [22mgère les grandes séquences[32m 1[2mms[22m[39m
 [32m✓[39m src/__tests__/types/dossier.types.real.test.ts[2m > [22mdossier.types - Types et utilitaires dossiers[2m > [22mformatNomClient[2m > [22mformate prénom et nom[32m 3[2mms[22m[39m
 [32m✓[39m src/__tests__/types/dossier.types.real.test.ts[2m > [22mdossier.types - Types et utilitaires dossiers[2m > [22mformatNomClient[2m > [22minclut la civilité si présente[32m 14[2mms[22m[39m
 [32m✓[39m src/__tests__/types/dossier.types.real.test.ts[2m > [22mdossier.types - Types et utilitaires dossiers[2m > [22mformatNomClient[2m > [22mmet le nom en majuscules[32m 1[2mms[22m[39m
 [32m✓[39m src/__tests__/types/dossier.types.real.test.ts[2m > [22mdossier.types - Types et utilitaires dossiers[2m > [22mcalculerProgression[2m > [22mretourne 0 si aucune tâche[32m 12[2mms[22m[39m
 [32m✓[39m src/__tests__/types/dossier.types.real.test.ts[2m > [22mdossier.types - Types et utilitaires dossiers[2m > [22mcalculerProgression[2m > [22mretourne 100 si toutes les tâches sont terminées[32m 1[2mms[22m[39m
 [32m✓[39m src/__tests__/types/dossier.types.real.test.ts[2m > [22mdossier.types - Types et utilitaires dossiers[2m > [22mcalculerProgression[2m > [22mretourne 50 pour moitié terminée[32m 1[2mms[22m[39m
 [32m✓[39m src/__tests__/types/dossier.types.real.test.ts[2m > [22mdossier.types - Types et utilitaires dossiers[2m > [22mcalculerProgression[2m > [22marrondit correctement[32m 0[2mms[22m[39m
 [32m✓[39m src/__tests__/types/dossier.types.real.test.ts[2m > [22mdossier.types - Types et utilitaires dossiers[2m > [22mdeterminerUrgence[2m > [22mretourne normale si pas d'échéance[32m 1[2mms[22m[39m
 [32m✓[39m src/__tests__/types/dossier.types.real.test.ts[2m > [22mdossier.types - Types et utilitaires dossiers[2m > [22mdeterminerUrgence[2m > [22mretourne critique si échéance dépassée[32m 1[2mms[22m[39m
 [32m✓[39m src/__tests__/types/dossier.types.real.test.ts[2m > [22mdossier.types - Types et utilitaires dossiers[2m > [22mdeterminerUrgence[2m > [22mretourne basse si échéance lointaine[32m 1[2mms[22m[39m
[90mstdout[2m | src/__tests__/lib/forms/smart-forms.real.test.ts
[22m[39m◇ injected env (9) from .env.test // tip: ◈ encrypted .env [www.dotenvx.com]

[90mstdout[2m | src/__tests__/services/emailService.coverage.test.ts
[22m[39m◇ injected env (9) from .env.test // tip: ⌘ multiple files { path: ['.env.local', '.env'] }

 [32m✓[39m src/__tests__/lib/forms/smart-forms.real.test.ts[2m > [22mformConfigs - Formulaires intelligents v2[2m > [22mresourceRequestForm[2m > [22ma un ID unique[32m 9[2mms[22m[39m
 [32m✓[39m src/__tests__/lib/forms/smart-forms.real.test.ts[2m > [22mformConfigs - Formulaires intelligents v2[2m > [22mresourceRequestForm[2m > [22ma un titre et description[32m 2[2mms[22m[39m
 [32m✓[39m src/__tests__/lib/forms/smart-forms.real.test.ts[2m > [22mformConfigs - Formulaires intelligents v2[2m > [22mresourceRequestForm[2m > [22mest de catégorie resource[32m 1[2mms[22m[39m
 [32m✓[39m src/__tests__/lib/forms/smart-forms.real.test.ts[2m > [22mformConfigs - Formulaires intelligents v2[2m > [22mresourceRequestForm[2m > [22ma l'IA activée[32m 1[2mms[22m[39m
 [32m✓[39m src/__tests__/lib/forms/smart-forms.real.test.ts[2m > [22mformConfigs - Formulaires intelligents v2[2m > [22mresourceRequestForm[2m > [22mrequiert une approbation[32m 11[2mms[22m[39m
 [32m✓[39m src/__tests__/lib/forms/smart-forms.real.test.ts[2m > [22mformConfigs - Formulaires intelligents v2[2m > [22mresourceRequestForm[2m > [22ma des approbateurs définis[32m 2[2mms[22m[39m
 [32m✓[39m src/__tests__/lib/forms/smart-forms.real.test.ts[2m > [22mformConfigs - Formulaires intelligents v2[2m > [22mresourceRequestForm[2m > [22minclut Directeur et RH Manager comme approbateurs[32m 4[2mms[22m[39m
 [32m✓[39m src/__tests__/lib/forms/smart-forms.real.test.ts[2m > [22mformConfigs - Formulaires intelligents v2[2m > [22mresourceRequestForm[2m > [22ma un seuil d'impact medium[32m 12[2mms[22m[39m
 [32m✓[39m src/__tests__/lib/forms/smart-forms.real.test.ts[2m > [22mformConfigs - Formulaires intelligents v2[2m > [22mresourceRequestForm[2m > [22mcontient des champs de formulaire[32m 3[2mms[22m[39m
 [32m✓[39m src/__tests__/lib/forms/smart-forms.real.test.ts[2m > [22mformConfigs - Formulaires intelligents v2[2m > [22mresourceRequestForm[2m > [22mchamps du formulaire[2m > [22mcontient le champ resourceType[32m 2[2mms[22m[39m
 [32m✓[39m src/__tests__/lib/forms/smart-forms.real.test.ts[2m > [22mformConfigs - Formulaires intelligents v2[2m > [22mresourceRequestForm[2m > [22mchamps du formulaire[2m > [22mresourceType a des options avec impact[32m 6[2mms[22m[39m
 [32m✓[39m src/__tests__/lib/forms/smart-forms.real.test.ts[2m > [22mformConfigs - Formulaires intelligents v2[2m > [22mresourceRequestForm[2m > [22mchamps du formulaire[2m > [22mcontient le champ justification[32m 10[2mms[22m[39m
 [32m✓[39m src/__tests__/lib/forms/smart-forms.real.test.ts[2m > [22mformConfigs - Formulaires intelligents v2[2m > [22mresourceRequestForm[2m > [22mchamps du formulaire[2m > [22mcontient le champ urgency[32m 1[2mms[22m[39m
 [32m✓[39m src/__tests__/lib/forms/smart-forms.real.test.ts[2m > [22mformConfigs - Formulaires intelligents v2[2m > [22mresourceRequestForm[2m > [22mchamps du formulaire[2m > [22murgency a une analyse d'impact critique[32m 1[2mms[22m[39m
 [32m✓[39m src/__tests__/lib/forms/smart-forms.real.test.ts[2m > [22mformConfigs - Formulaires intelligents v2[2m > [22mresourceRequestForm[2m > [22mchamps du formulaire[2m > [22mcontient le champ estimatedCost[32m 1[2mms[22m[39m
 [32m✓[39m src/__tests__/lib/forms/smart-forms.real.test.ts[2m > [22mformConfigs - Formulaires intelligents v2[2m > [22mresourceRequestForm[2m > [22mchamps du formulaire[2m > [22mcontient le champ duration[32m 1[2mms[22m[39m
 [32m✓[39m src/__tests__/lib/forms/smart-forms.real.test.ts[2m > [22mformConfigs - Formulaires intelligents v2[2m > [22mresourceRequestForm[2m > [22mchamps du formulaire[2m > [22mcontient le champ alternatives (optionnel)[32m 1[2mms[22m[39m
 [32m✓[39m src/__tests__/lib/forms/smart-forms.real.test.ts[2m > [22mformConfigs - Formulaires intelligents v2[2m > [22mresourceRequestForm[2m > [22ma une fonction onSubmit[32m 1[2mms[22m[39m
 [32m✓[39m src/__tests__/lib/forms/smart-forms.real.test.ts[2m > [22mformConfigs - Formulaires intelligents v2[2m > [22mstrategicDecisionForm[2m > [22ma un ID unique[32m 3[2mms[22m[39m
 [32m✓[39m src/__tests__/lib/forms/smart-forms.real.test.ts[2m > [22mformConfigs - Formulaires intelligents v2[2m > [22mstrategicDecisionForm[2m > [22ma un titre et description[32m 7[2mms[22m[39m
 [32m✓[39m src/__tests__/lib/forms/smart-forms.real.test.ts[2m > [22mformConfigs - Formulaires intelligents v2[2m > [22mstrategicDecisionForm[2m > [22mest de catégorie strategy[32m 1[2mms[22m[39m
 [32m✓[39m src/__tests__/lib/forms/smart-forms.real.test.ts[2m > [22mformConfigs - Formulaires intelligents v2[2m > [22mstrategicDecisionForm[2m > [22ma l'IA activée[32m 1[2mms[22m[39m
 [32m✓[39m src/__tests__/lib/forms/smart-forms.real.test.ts[2m > [22mformConfigs - Formulaires intelligents v2[2m > [22mstrategicDecisionForm[2m > [22mrequiert une approbation[32m 1[2mms[22m[39m
 [32m✓[39m src/__tests__/lib/forms/smart-forms.real.test.ts[2m > [22mformConfigs - Formulaires intelligents v2[2m > [22mstrategicDecisionForm[2m > [22ma des approbateurs de haut niveau[32m 2[2mms[22m[39m
 [32m✓[39m src/__tests__/lib/forms/smart-forms.real.test.ts[2m > [22mformConfigs - Formulaires intelligents v2[2m > [22mstrategicDecisionForm[2m > [22ma un seuil d'impact high[32m 0[2mms[22m[39m
 [32m✓[39m src/__tests__/lib/forms/smart-forms.real.test.ts[2m > [22mformConfigs - Formulaires intelligents v2[2m > [22mstrategicDecisionForm[2m > [22mchamps du formulaire[2m > [22mcontient le champ decisionTitle[32m 1[2mms[22m[39m
 [32m✓[39m src/__tests__/lib/forms/smart-forms.real.test.ts[2m > [22mformConfigs - Formulaires intelligents v2[2m > [22mstrategicDecisionForm[2m > [22mchamps du formulaire[2m > [22mcontient le champ context[32m 1[2mms[22m[39m
 [32m✓[39m src/__tests__/lib/forms/smart-forms.real.test.ts[2m > [22mformConfigs - Formulaires intelligents v2[2m > [22mstrategicDecisionForm[2m > [22mchamps du formulaire[2m > [22mcontient le champ proposedSolution[32m 0[2mms[22m[39m
 [32m✓[39m src/__tests__/lib/forms/smart-forms.real.test.ts[2m > [22mformConfigs - Formulaires intelligents v2[2m > [22mstrategicDecisionForm[2m > [22mchamps du formulaire[2m > [22mproposedSolution a une analyse d'impact critique[32m 4[2mms[22m[39m
 [32m✓[39m src/__tests__/lib/forms/smart-forms.real.test.ts[2m > [22mformConfigs - Formulaires intelligents v2[2m > [22mstrategicDecisionForm[2m > [22mchamps du formulaire[2m > [22mcontient le champ expectedImpact multiselect[32m 8[2mms[22m[39m
 [32m✓[39m src/__tests__/lib/forms/smart-forms.real.test.ts[2m > [22mformConfigs - Formulaires intelligents v2[2m > [22mstrategicDecisionForm[2m > [22mchamps du formulaire[2m > [22mexpectedImpact couvre les domaines clés[32m 12[2mms[22m[39m
 [32m✓[39m src/__tests__/lib/forms/smart-forms.real.test.ts[2m > [22mformConfigs - Formulaires intelligents v2[2m > [22mstrategicDecisionForm[2m > [22mchamps du formulaire[2m > [22mcontient le champ risks[32m 2[2mms[22m[39m
 [32m✓[39m src/__tests__/lib/forms/smart-forms.real.test.ts[2m > [22mformConfigs - Formulaires intelligents v2[2m > [22mstrategicDecisionForm[2m > [22mchamps du formulaire[2m > [22mcontient le champ timeline[32m 1[2mms[22m[39m
 [32m✓[39m src/__tests__/lib/forms/smart-forms.real.test.ts[2m > [22mformConfigs - Formulaires intelligents v2[2m > [22mstrategicDecisionForm[2m > [22mchamps du formulaire[2m > [22mcontient le champ kpis[32m 1[2mms[22m[39m
 [32m✓[39m src/__tests__/lib/forms/smart-forms.real.test.ts[2m > [22mformConfigs - Formulaires intelligents v2[2m > [22mstrategicDecisionForm[2m > [22ma une fonction onSubmit[32m 1[2mms[22m[39m
 [32m✓[39m src/__tests__/lib/forms/smart-forms.real.test.ts[2m > [22mformConfigs - Formulaires intelligents v2[2m > [22mriskAssessmentForm[2m > [22ma un ID unique[32m 1[2mms[22m[39m
 [32m✓[39m src/__tests__/lib/forms/smart-forms.real.test.ts[2m > [22mformConfigs - Formulaires intelligents v2[2m > [22mriskAssessmentForm[2m > [22ma un titre et description[32m 1[2mms[22m[39m
 [32m✓[39m src/__tests__/lib/forms/smart-forms.real.test.ts[2m > [22mformConfigs - Formulaires intelligents v2[2m > [22mriskAssessmentForm[2m > [22mest de catégorie risk[32m 0[2mms[22m[39m
 [32m✓[39m src/__tests__/lib/forms/smart-forms.real.test.ts[2m > [22mformConfigs - Formulaires intelligents v2[2m > [22mriskAssessmentForm[2m > [22ma l'IA activée[32m 0[2mms[22m[39m
 [32m✓[39m src/__tests__/lib/forms/smart-forms.real.test.ts[2m > [22mformConfigs - Formulaires intelligents v2[2m > [22mriskAssessmentForm[2m > [22mne requiert PAS d'approbation[32m 0[2mms[22m[39m
 [32m✓[39m src/__tests__/lib/forms/smart-forms.real.test.ts[2m > [22mformConfigs - Formulaires intelligents v2[2m > [22mriskAssessmentForm[2m > [22ma un seuil d'impact high[32m 0[2mms[22m[39m
 [32m✓[39m src/__tests__/lib/forms/smart-forms.real.test.ts[2m > [22mformConfigs - Formulaires intelligents v2[2m > [22mriskAssessmentForm[2m > [22mchamps du formulaire[2m > [22mcontient le champ riskCategory[32m 1[2mms[22m[39m
 [32m✓[39m src/__tests__/lib/forms/smart-forms.real.test.ts[2m > [22mformConfigs - Formulaires intelligents v2[2m > [22mriskAssessmentForm[2m > [22mchamps du formulaire[2m > [22mriskCategory couvre les catégories de risque[32m 6[2mms[22m[39m
 [32m✓[39m src/__tests__/lib/forms/smart-forms.real.test.ts[2m > [22mformConfigs - Formulaires intelligents v2[2m > [22mriskAssessmentForm[2m > [22mchamps du formulaire[2m > [22mcontient le champ riskDescription[32m 1[2mms[22m[39m
 [32m✓[39m src/__tests__/lib/forms/smart-forms.real.test.ts[2m > [22mformConfigs - Formulaires intelligents v2[2m > [22mriskAssessmentForm[2m > [22mchamps du formulaire[2m > [22mcontient le champ probability[32m 1[2mms[22m[39m
 [32m✓[39m src/__tests__/lib/forms/smart-forms.real.test.ts[2m > [22mformConfigs - Formulaires intelligents v2[2m > [22mriskAssessmentForm[2m > [22mchamps du formulaire[2m > [22mprobability a 5 niveaux[32m 15[2mms[22m[39m
 [32m✓[39m src/__tests__/lib/forms/smart-forms.real.test.ts[2m > [22mformConfigs - Formulaires intelligents v2[2m > [22mriskAssessmentForm[2m > [22mchamps du formulaire[2m > [22mcontient le champ severity[32m 13[2mms[22m[39m
 [32m✓[39m src/__tests__/lib/forms/smart-forms.real.test.ts[2m > [22mformConfigs - Formulaires intelligents v2[2m > [22mriskAssessmentForm[2m > [22mchamps du formulaire[2m > [22mseverity a 5 niveaux[32m 5[2mms[22m[39m
 [32m✓[39m src/__tests__/lib/forms/smart-forms.real.test.ts[2m > [22mformConfigs - Formulaires intelligents v2[2m > [22mriskAssessmentForm[2m > [22mchamps du formulaire[2m > [22mcontient le champ mitigationPlan[32m 2[2mms[22m[39m
 [32m✓[39m src/__tests__/lib/forms/smart-forms.real.test.ts[2m > [22mformConfigs - Formulaires intelligents v2[2m > [22mriskAssessmentForm[2m > [22mchamps du formulaire[2m > [22mcontient le champ responsiblePerson[32m 1[2mms[22m[39m
 [32m✓[39m src/__tests__/lib/forms/smart-forms.real.test.ts[2m > [22mformConfigs - Formulaires intelligents v2[2m > [22mriskAssessmentForm[2m > [22ma une fonction onSubmit[32m 0[2mms[22m[39m
 [32m✓[39m src/__tests__/lib/forms/smart-forms.real.test.ts[2m > [22mformConfigs - Formulaires intelligents v2[2m > [22mformConfigs export[2m > [22mexporte tous les formulaires[32m 4[2mms[22m[39m
 [32m✓[39m src/__tests__/lib/forms/smart-forms.real.test.ts[2m > [22mformConfigs - Formulaires intelligents v2[2m > [22mformConfigs export[2m > [22mcontient resourceRequest[32m 1[2mms[22m[39m
 [32m✓[39m src/__tests__/lib/forms/smart-forms.real.test.ts[2m > [22mformConfigs - Formulaires intelligents v2[2m > [22mformConfigs export[2m > [22mcontient strategicDecision[32m 0[2mms[22m[39m
 [32m✓[39m src/__tests__/lib/forms/smart-forms.real.test.ts[2m > [22mformConfigs - Formulaires intelligents v2[2m > [22mformConfigs export[2m > [22mcontient riskAssessment[32m 0[2mms[22m[39m
 [32m✓[39m src/__tests__/lib/forms/smart-forms.real.test.ts[2m > [22mformConfigs - Formulaires intelligents v2[2m > [22mformConfigs export[2m > [22mtous les formulaires ont des IDs uniques[32m 1[2mms[22m[39m
 [32m✓[39m src/__tests__/lib/forms/smart-forms.real.test.ts[2m > [22mformConfigs - Formulaires intelligents v2[2m > [22mformConfigs export[2m > [22mtous les formulaires ont aiEnabled=true[32m 1[2mms[22m[39m
 [32m✓[39m src/__tests__/lib/forms/smart-forms.real.test.ts[2m > [22mformConfigs - Formulaires intelligents v2[2m > [22mformConfigs export[2m > [22mtous les formulaires ont une catégorie[32m 1[2mms[22m[39m
 [32m✓[39m src/__tests__/lib/forms/smart-forms.real.test.ts[2m > [22mformConfigs - Formulaires intelligents v2[2m > [22mValidation globale[2m > [22mtous les formulaires ont un ID[32m 2[2mms[22m[39m
 [32m✓[39m src/__tests__/lib/forms/smart-forms.real.test.ts[2m > [22mformConfigs - Formulaires intelligents v2[2m > [22mValidation globale[2m > [22mtous les formulaires ont un titre[32m 2[2mms[22m[39m
 [32m✓[39m src/__tests__/lib/forms/smart-forms.real.test.ts[2m > [22mformConfigs - Formulaires intelligents v2[2m > [22mValidation globale[2m > [22mtous les formulaires ont des champs[32m 2[2mms[22m[39m
 [32m✓[39m src/__tests__/lib/forms/smart-forms.real.test.ts[2m > [22mformConfigs - Formulaires intelligents v2[2m > [22mValidation globale[2m > [22mtous les champs ont un ID unique dans leur formulaire[32m 1[2mms[22m[39m
 [32m✓[39m src/__tests__/lib/forms/smart-forms.real.test.ts[2m > [22mformConfigs - Formulaires intelligents v2[2m > [22mValidation globale[2m > [22mtous les champs requis ont required=true[32m 2[2mms[22m[39m
 [32m✓[39m src/__tests__/lib/forms/smart-forms.real.test.ts[2m > [22mformConfigs - Formulaires intelligents v2[2m > [22mValidation globale[2m > [22mtous les select/radio/multiselect ont des options[32m 1[2mms[22m[39m
[90mstdout[2m | src/__tests__/middleware/middleware.test.ts
[22m[39m◇ injected env (9) from .env.test // tip: ◈ encrypted .env [www.dotenvx.com]

[90mstdout[2m | src/__tests__/lib/logger.test.ts
[22m[39m◇ injected env (9) from .env.test // tip: ⌘ override existing { override: true }

 [32m✓[39m src/__tests__/services/emailService.coverage.test.ts[2m > [22memailService.ts — Full Coverage[2m > [22mgenerateEcheanceReminderEmail[2m > [22mshould generate URGENT reminder for 1 day[32m 101[2mms[22m[39m
 [32m✓[39m src/__tests__/services/emailService.coverage.test.ts[2m > [22memailService.ts — Full Coverage[2m > [22mgenerateEcheanceReminderEmail[2m > [22mshould generate Important reminder for 3 days[32m 2[2mms[22m[39m
 [32m✓[39m src/__tests__/services/emailService.coverage.test.ts[2m > [22memailService.ts — Full Coverage[2m > [22mgenerateEcheanceReminderEmail[2m > [22mshould generate normal reminder for 7 days[32m 5[2mms[22m[39m
 [32m✓[39m src/__tests__/services/emailService.coverage.test.ts[2m > [22memailService.ts — Full Coverage[2m > [22mgenerateEcheanceReminderEmail[2m > [22mshould handle missing description[32m 7[2mms[22m[39m
 [32m✓[39m src/__tests__/services/emailService.coverage.test.ts[2m > [22memailService.ts — Full Coverage[2m > [22mgenerateFactureOverdueEmail[2m > [22mshould generate overdue facture email[32m 4[2mms[22m[39m
 [32m✓[39m src/__tests__/services/emailService.coverage.test.ts[2m > [22memailService.ts — Full Coverage[2m > [22mgenerateFactureOverdueEmail[2m > [22mshould handle singular day[32m 4[2mms[22m[39m
 [32m✓[39m src/__tests__/services/emailService.coverage.test.ts[2m > [22memailService.ts — Full Coverage[2m > [22mgenerateWeeklySummaryEmail[2m > [22mshould generate weekly summary[32m 9[2mms[22m[39m
 [32m✓[39m src/__tests__/services/emailService.coverage.test.ts[2m > [22memailService.ts — Full Coverage[2m > [22mgenerateWeeklySummaryEmail[2m > [22mshould not show action required when no overdue[32m 6[2mms[22m[39m
 [32m✓[39m src/__tests__/services/emailService.coverage.test.ts[2m > [22memailService.ts — Full Coverage[2m > [22mDEFAULT_REMINDER_CONFIG[2m > [22mshould have correct defaults[32m 8[2mms[22m[39m
 [32m✓[39m src/__tests__/services/emailService.coverage.test.ts[2m > [22memailService.ts — Full Coverage[2m > [22msendEmail[2m > [22mshould simulate sending and return true[32m 3[2mms[22m[39m
 [32m✓[39m src/__tests__/lib/logger.test.ts[2m > [22mLogger - Systeme de logging professionnel[2m > [22mNiveaux de log[2m > [22mdebug() log uniquement en developpement[32m 29[2mms[22m[39m
 [32m✓[39m src/__tests__/lib/logger.test.ts[2m > [22mLogger - Systeme de logging professionnel[2m > [22mNiveaux de log[2m > [22minfo() log visible en dev[32m 11[2mms[22m[39m
 [32m✓[39m src/__tests__/lib/logger.test.ts[2m > [22mLogger - Systeme de logging professionnel[2m > [22mNiveaux de log[2m > [22mwarn() toujours visible[32m 2[2mms[22m[39m
 [32m✓[39m src/__tests__/middleware/middleware.test.ts[2m > [22mMiddleware Logic - Pure Unit Tests[2m > [22mauthentication middleware[2m > [22mshould extract bearer token[32m 39[2mms[22m[39m
 [32m✓[39m src/__tests__/middleware/middleware.test.ts[2m > [22mMiddleware Logic - Pure Unit Tests[2m > [22mauthentication middleware[2m > [22mshould validate session[32m 2[2mms[22m[39m
 [32m✓[39m src/__tests__/middleware/middleware.test.ts[2m > [22mMiddleware Logic - Pure Unit Tests[2m > [22mrate limiting middleware[2m > [22mshould track request count[32m 1[2mms[22m[39m
 [32m✓[39m src/__tests__/middleware/middleware.test.ts[2m > [22mMiddleware Logic - Pure Unit Tests[2m > [22mrate limiting middleware[2m > [22mshould check rate limit[32m 1[2mms[22m[39m
 [32m✓[39m src/__tests__/middleware/middleware.test.ts[2m > [22mMiddleware Logic - Pure Unit Tests[2m > [22mrate limiting middleware[2m > [22mshould calculate retry after[32m 7[2mms[22m[39m
 [32m✓[39m src/__tests__/middleware/middleware.test.ts[2m > [22mMiddleware Logic - Pure Unit Tests[2m > [22mCORS middleware[2m > [22mshould check allowed origins[32m 1[2mms[22m[39m
 [32m✓[39m src/__tests__/middleware/middleware.test.ts[2m > [22mMiddleware Logic - Pure Unit Tests[2m > [22mCORS middleware[2m > [22mshould build CORS headers[32m 1[2mms[22m[39m
 [32m✓[39m src/__tests__/middleware/middleware.test.ts[2m > [22mMiddleware Logic - Pure Unit Tests[2m > [22mlogging middleware[2m > [22mshould create request log[32m 1[2mms[22m[39m
 [32m✓[39m src/__tests__/middleware/middleware.test.ts[2m > [22mMiddleware Logic - Pure Unit Tests[2m > [22mlogging middleware[2m > [22mshould calculate response time[32m 9[2mms[22m[39m
 [32m✓[39m src/__tests__/middleware/middleware.test.ts[2m > [22mMiddleware Logic - Pure Unit Tests[2m > [22merror handling middleware[2m > [22mshould create error response[32m 6[2mms[22m[39m
 [32m✓[39m src/__tests__/middleware/middleware.test.ts[2m > [22mMiddleware Logic - Pure Unit Tests[2m > [22merror handling middleware[2m > [22mshould map error to status[32m 1[2mms[22m[39m
 [32m✓[39m src/__tests__/middleware/middleware.test.ts[2m > [22mMiddleware Logic - Pure Unit Tests[2m > [22msecurity headers middleware[2m > [22mshould generate security headers[32m 1[2mms[22m[39m
 [32m✓[39m src/__tests__/middleware/middleware.test.ts[2m > [22mMiddleware Logic - Pure Unit Tests[2m > [22msecurity headers middleware[2m > [22mshould generate CSP header[32m 1[2mms[22m[39m
 [32m✓[39m src/__tests__/middleware/middleware.test.ts[2m > [22mMiddleware Logic - Pure Unit Tests[2m > [22mrequest validation middleware[2m > [22mshould validate request body[32m 10[2mms[22m[39m
 [32m✓[39m src/__tests__/lib/logger.test.ts[2m > [22mLogger - Systeme de logging professionnel[2m > [22mNiveaux de log[2m > [22merror() log avec stack trace[32m 63[2mms[22m[39m
 [32m✓[39m src/__tests__/lib/logger.test.ts[2m > [22mLogger - Systeme de logging professionnel[2m > [22mNiveaux de log[2m > [22mcritical() log critique avec alerte[32m 12[2mms[22m[39m
 [32m✓[39m src/__tests__/lib/logger.test.ts[2m > [22mLogger - Systeme de logging professionnel[2m > [22mRGPD - Anonymisation des donnees[2m > [22mAnonymise les emails[32m 11[2mms[22m[39m
 [32m✓[39m src/__tests__/lib/logger.test.ts[2m > [22mLogger - Systeme de logging professionnel[2m > [22mRGPD - Anonymisation des donnees[2m > [22mRedacte les mots de passe[32m 2[2mms[22m[39m
 [32m✓[39m src/__tests__/lib/logger.test.ts[2m > [22mLogger - Systeme de logging professionnel[2m > [22mRGPD - Anonymisation des donnees[2m > [22mProtege les donnees personnelles si non-RGPD compliant[32m 4[2mms[22m[39m
 [32m✓[39m src/__tests__/lib/logger.test.ts[2m > [22mLogger - Systeme de logging professionnel[2m > [22mRGPD - Anonymisation des donnees[2m > [22mConserve les donnees si RGPD compliant[32m 3[2mms[22m[39m
 [32m✓[39m src/__tests__/lib/logger.test.ts[2m > [22mLogger - Systeme de logging professionnel[2m > [22mLogs metier - Actions dossiers[2m > [22mlogDossierAction() trace action juridique[32m 4[2mms[22m[39m
 [32m✓[39m src/__tests__/lib/logger.test.ts[2m > [22mLogger - Systeme de logging professionnel[2m > [22mLogs metier - Actions dossiers[2m > [22mlogIAUsage() trace utilisation IA[32m 2[2mms[22m[39m
 [32m✓[39m src/__tests__/lib/logger.test.ts[2m > [22mLogger - Systeme de logging professionnel[2m > [22mLogs metier - Actions dossiers[2m > [22mlogRGPDAction() trace actions RGPD[32m 3[2mms[22m[39m
 [32m✓[39m src/__tests__/lib/logger.test.ts[2m > [22mLogger - Systeme de logging professionnel[2m > [22mBuffer de logs[2m > [22mgetBufferedLogs() retourne copie du buffer[32m 2[2mms[22m[39m
 [32m✓[39m src/__tests__/lib/logger.test.ts[2m > [22mLogger - Systeme de logging professionnel[2m > [22mBuffer de logs[2m > [22mBuffer limite a 100 entrees (flush automatique)[32m 2[2mms[22m[39m
 [32m✓[39m src/__tests__/lib/logger.test.ts[2m > [22mLogger - Systeme de logging professionnel[2m > [22mPerformance logging[2m > [22mperformance() log operations rapides en debug[32m 1[2mms[22m[39m
 [32m✓[39m src/__tests__/lib/logger.test.ts[2m > [22mLogger - Systeme de logging professionnel[2m > [22mPerformance logging[2m > [22mperformance() warn si operation lente[32m 4[2mms[22m[39m
 [32m✓[39m src/__tests__/lib/logger.test.ts[2m > [22mLogger - Systeme de logging professionnel[2m > [22mAudit juridique[2m > [22maudit() trace actions avec RGPD compliance[32m 9[2mms[22m[39m
[90mstdout[2m | src/__tests__/services/emailService.test.ts
[22m[39m◇ injected env (9) from .env.test // tip: ⌘ suppress logs { quiet: true }

[90mstdout[2m | tests/unit/rbac.test.ts
[22m[39m◇ injected env (9) from .env.test // tip: ⌘ enable debugging { debug: true }

 [32m✓[39m src/__tests__/services/emailService.test.ts[2m > [22mEmailService[2m > [22mgenerateEcheanceReminderEmail()[2m > [22mgénère un email avec sujet URGENT pour échéance à 1 jour[32m 102[2mms[22m[39m
 [32m✓[39m src/__tests__/services/emailService.test.ts[2m > [22mEmailService[2m > [22mgenerateEcheanceReminderEmail()[2m > [22mgénère un email avec sujet Important pour échéance à 3 jours[32m 2[2mms[22m[39m
 [32m✓[39m src/__tests__/services/emailService.test.ts[2m > [22mEmailService[2m > [22mgenerateEcheanceReminderEmail()[2m > [22mgénère un email avec sujet "à venir" pour échéance à 7 jours[32m 2[2mms[22m[39m
 [32m✓[39m src/__tests__/services/emailService.test.ts[2m > [22mEmailService[2m > [22mgenerateEcheanceReminderEmail()[2m > [22minclut le HTML body avec les informations de l'échéance[32m 11[2mms[22m[39m
 [32m✓[39m src/__tests__/services/emailService.test.ts[2m > [22mEmailService[2m > [22mgenerateEcheanceReminderEmail()[2m > [22mretourne une structure EmailTemplate valide[32m 2[2mms[22m[39m
 [32m✓[39m src/__tests__/services/emailService.test.ts[2m > [22mEmailService[2m > [22mNotificationType[2m > [22mcontient les types de notifications attendus[32m 1[2mms[22m[39m
 [32m✓[39m src/__tests__/services/emailService.test.ts[2m > [22mEmailService[2m > [22mReminderConfig[2m > [22maccepte une configuration valide[32m 4[2mms[22m[39m
 [32m✓[39m src/__tests__/services/emailService.test.ts[2m > [22mEmailService[2m > [22mReminderConfig[2m > [22mpermet de désactiver les rappels[32m 1[2mms[22m[39m
 [32m✓[39m src/__tests__/services/emailService.test.ts[2m > [22mEmailService[2m > [22mEmail Urgency Colors[2m > [22mutilise rouge pour échéance à 1 jour[32m 6[2mms[22m[39m
 [32m✓[39m src/__tests__/services/emailService.test.ts[2m > [22mEmailService[2m > [22mEmail Urgency Colors[2m > [22mutilise orange pour échéance à 3 jours[32m 2[2mms[22m[39m
 [32m✓[39m src/__tests__/services/emailService.test.ts[2m > [22mEmailService[2m > [22mEmail Urgency Colors[2m > [22mutilise bleu pour échéance à 7+ jours[32m 1[2mms[22m[39m
 [32m✓[39m src/__tests__/services/emailService.test.ts[2m > [22mEmail Template Validation[2m > [22mles templates HTML sont valides[32m 1[2mms[22m[39m
 [32m✓[39m src/__tests__/services/emailService.test.ts[2m > [22mEmail Template Validation[2m > [22méchappe les caractères spéciaux dans le titre[32m 1[2mms[22m[39m
[90mstdout[2m | src/__tests__/domain/emails.test.ts
[22m[39m◇ injected env (9) from .env.test // tip: ⌘ custom filepath { path: '/custom/path/.env' }

 [32m✓[39m tests/unit/rbac.test.ts[2m > [22mRBAC System[2m > [22mresolveGroupsFromRole[2m > [22mSUPER_ADMIN → platform-admin[32m 11[2mms[22m[39m
 [32m✓[39m tests/unit/rbac.test.ts[2m > [22mRBAC System[2m > [22mresolveGroupsFromRole[2m > [22mAVOCAT → cabinet-admin[32m 1[2mms[22m[39m
 [32m✓[39m tests/unit/rbac.test.ts[2m > [22mRBAC System[2m > [22mresolveGroupsFromRole[2m > [22mCLIENT → client[32m 1[2mms[22m[39m
 [32m✓[39m tests/unit/rbac.test.ts[2m > [22mRBAC System[2m > [22mresolveGroupsFromRole[2m > [22mSTAGIAIRE → intern[32m 1[2mms[22m[39m
 [32m✓[39m tests/unit/rbac.test.ts[2m > [22mRBAC System[2m > [22mresolveGroupsFromRole[2m > [22mrôle inconnu → client par défaut[32m 3[2mms[22m[39m
 [32m✓[39m tests/unit/rbac.test.ts[2m > [22mRBAC System[2m > [22mresolveGroupsFromRole[2m > [22mrôle vide → client par défaut[32m 1[2mms[22m[39m
 [32m✓[39m tests/unit/rbac.test.ts[2m > [22mRBAC System[2m > [22mresolveGroupsFromRole[2m > [22mnormalise la casse[32m 1[2mms[22m[39m
 [32m✓[39m tests/unit/rbac.test.ts[2m > [22mRBAC System[2m > [22mhasPermission[2m > [22mSUPER_ADMIN a toutes les permissions (*)[32m 2[2mms[22m[39m
 [32m✓[39m tests/unit/rbac.test.ts[2m > [22mRBAC System[2m > [22mhasPermission[2m > [22mAVOCAT peut gérer les dossiers[32m 1[2mms[22m[39m
 [32m✓[39m tests/unit/rbac.test.ts[2m > [22mRBAC System[2m > [22mhasPermission[2m > [22mAVOCAT peut gérer les factures[32m 1[2mms[22m[39m
 [32m✓[39m tests/unit/rbac.test.ts[2m > [22mRBAC System[2m > [22mhasPermission[2m > [22mCLIENT peut lire les dossiers[32m 0[2mms[22m[39m
 [32m✓[39m tests/unit/rbac.test.ts[2m > [22mRBAC System[2m > [22mhasPermission[2m > [22mCLIENT ne peut PAS gérer les dossiers[32m 0[2mms[22m[39m
 [32m✓[39m tests/unit/rbac.test.ts[2m > [22mRBAC System[2m > [22mhasPermission[2m > [22mCLIENT ne peut PAS accéder aux analytics[32m 1[2mms[22m[39m
 [32m✓[39m tests/unit/rbac.test.ts[2m > [22mRBAC System[2m > [22mhasPermission[2m > [22mSTAGIAIRE peut lire les dossiers[32m 5[2mms[22m[39m
 [32m✓[39m tests/unit/rbac.test.ts[2m > [22mRBAC System[2m > [22mhasPermission[2m > [22mSTAGIAIRE ne peut PAS gérer les factures[32m 1[2mms[22m[39m
 [32m✓[39m tests/unit/rbac.test.ts[2m > [22mRBAC System[2m > [22mhasPermission[2m > [22mSECRETAIRE peut gérer les documents[32m 1[2mms[22m[39m
 [32m✓[39m tests/unit/rbac.test.ts[2m > [22mRBAC System[2m > [22mhasPermission[2m > [22mCOMPTABLE peut gérer les factures[32m 1[2mms[22m[39m
 [32m✓[39m tests/unit/rbac.test.ts[2m > [22mRBAC System[2m > [22mhasPermission[2m > [22mCOMPTABLE ne peut PAS gérer les dossiers[32m 1[2mms[22m[39m
 [32m✓[39m tests/unit/rbac.test.ts[2m > [22mRBAC System[2m > [22mbuildRbacContext[2m > [22mconstruit le contexte complet pour un AVOCAT[32m 15[2mms[22m[39m
 [32m✓[39m tests/unit/rbac.test.ts[2m > [22mRBAC System[2m > [22mbuildRbacContext[2m > [22mfusionne les groupes explicites[32m 2[2mms[22m[39m
 [32m✓[39m src/__tests__/domain/emails.test.ts[2m > [22mEmail Service[2m > [22mEmail Validation[2m > [22mdevrait accepter un email valide[32m 18[2mms[22m[39m
 [32m✓[39m src/__tests__/domain/emails.test.ts[2m > [22mEmail Service[2m > [22mEmail Validation[2m > [22mdevrait accepter un email avec sous-domaine[32m 1[2mms[22m[39m
 [32m✓[39m src/__tests__/domain/emails.test.ts[2m > [22mEmail Service[2m > [22mEmail Validation[2m > [22mdevrait rejeter un email sans @[32m 1[2mms[22m[39m
 [32m✓[39m src/__tests__/domain/emails.test.ts[2m > [22mEmail Service[2m > [22mEmail Validation[2m > [22mdevrait rejeter un email sans domaine[32m 1[2mms[22m[39m
 [32m✓[39m src/__tests__/domain/emails.test.ts[2m > [22mEmail Service[2m > [22mEmail Validation[2m > [22mdevrait rejeter un email avec espaces[32m 1[2mms[22m[39m
 [32m✓[39m src/__tests__/domain/emails.test.ts[2m > [22mEmail Service[2m > [22mEmail Templates[2m > [22mdevrait avoir 7 templates[32m 9[2mms[22m[39m
 [32m✓[39m src/__tests__/domain/emails.test.ts[2m > [22mEmail Service[2m > [22mEmail Templates[2m > [22mdevrait inclure WELCOME[32m 2[2mms[22m[39m
 [32m✓[39m src/__tests__/domain/emails.test.ts[2m > [22mEmail Service[2m > [22mEmail Templates[2m > [22mdevrait inclure DEADLINE_REMINDER[32m 1[2mms[22m[39m
 [32m✓[39m src/__tests__/domain/emails.test.ts[2m > [22mEmail Service[2m > [22mTemplate Variables[2m > [22mdevrait remplacer une variable[32m 7[2mms[22m[39m
 [32m✓[39m src/__tests__/domain/emails.test.ts[2m > [22mEmail Service[2m > [22mTemplate Variables[2m > [22mdevrait remplacer plusieurs variables[32m 1[2mms[22m[39m
 [32m✓[39m src/__tests__/domain/emails.test.ts[2m > [22mEmail Service[2m > [22mTemplate Variables[2m > [22mdevrait remplacer les occurrences multiples[32m 1[2mms[22m[39m
 [32m✓[39m src/__tests__/domain/emails.test.ts[2m > [22mEmail Service[2m > [22mEmail Priority[2m > [22mHIGH devrait avoir la valeur 1[32m 1[2mms[22m[39m
 [32m✓[39m src/__tests__/domain/emails.test.ts[2m > [22mEmail Service[2m > [22mEmail Priority[2m > [22mNORMAL devrait avoir la valeur 3[32m 1[2mms[22m[39m
 [32m✓[39m src/__tests__/domain/emails.test.ts[2m > [22mEmail Service[2m > [22mEmail Queue[2m > [22mdevrait identifier les emails en attente[32m 2[2mms[22m[39m
 [32m✓[39m src/__tests__/domain/emails.test.ts[2m > [22mEmail Service[2m > [22mEmail Queue[2m > [22mdevrait identifier les emails échoués[32m 4[2mms[22m[39m
 [32m✓[39m src/__tests__/domain/emails.test.ts[2m > [22mEmail Service[2m > [22mEmail Queue[2m > [22mdevrait identifier les emails réessayables[32m 8[2mms[22m[39m
 [32m✓[39m src/__tests__/domain/emails.test.ts[2m > [22mEmail Service[2m > [22mEmail Sanitization[2m > [22mdevrait supprimer les sauts de ligne[32m 1[2mms[22m[39m
 [32m✓[39m src/__tests__/domain/emails.test.ts[2m > [22mEmail Service[2m > [22mEmail Sanitization[2m > [22mdevrait limiter la longueur[32m 1[2mms[22m[39m
 [32m✓[39m src/__tests__/domain/emails.test.ts[2m > [22mEmail Service[2m > [22mAttachment Validation[2m > [22mdevrait accepter un PDF de 5 MB[32m 1[2mms[22m[39m
 [32m✓[39m src/__tests__/domain/emails.test.ts[2m > [22mEmail Service[2m > [22mAttachment Validation[2m > [22mdevrait rejeter un fichier trop gros[32m 1[2mms[22m[39m
 [32m✓[39m src/__tests__/domain/emails.test.ts[2m > [22mEmail Service[2m > [22mAttachment Validation[2m > [22mdevrait rejeter un type non autorisé[32m 8[2mms[22m[39m
 [32m✓[39m src/__tests__/domain/emails.test.ts[2m > [22mEmail Tracking[2m > [22mOpen Tracking[2m > [22mdevrait créer un tracking[32m 1[2mms[22m[39m
 [32m✓[39m src/__tests__/domain/emails.test.ts[2m > [22mEmail Tracking[2m > [22mClick Tracking[2m > [22mdevrait tracker un clic[32m 2[2mms[22m[39m
 [32m✓[39m src/__tests__/domain/emails.test.ts[2m > [22mUnsubscribe[2m > [22mdevrait désabonner un email[32m 1[2mms[22m[39m
 [32m✓[39m src/__tests__/domain/emails.test.ts[2m > [22mUnsubscribe[2m > [22mdevrait être insensible à la casse[32m 0[2mms[22m[39m
[90mstdout[2m | src/__tests__/utils/date-formatting.test.ts
[22m[39m◇ injected env (9) from .env.test // tip: ⌘ enable debugging { debug: true }

 [32m✓[39m src/__tests__/utils/date-formatting.test.ts[2m > [22mDate Formatting[2m > [22mFrench Date Formats[2m > [22mdevrait formater une date au format français[32m 54[2mms[22m[39m
 [32m✓[39m src/__tests__/utils/date-formatting.test.ts[2m > [22mDate Formatting[2m > [22mFrench Date Formats[2m > [22mdevrait gérer le premier jour du mois[32m 2[2mms[22m[39m
 [32m✓[39m src/__tests__/utils/date-formatting.test.ts[2m > [22mDate Formatting[2m > [22mLong French Format[2m > [22mdevrait formater avec le nom du jour[32m 3[2mms[22m[39m
 [32m✓[39m src/__tests__/utils/date-formatting.test.ts[2m > [22mDate Formatting[2m > [22mRelative Date[2m > [22mdevrait retourner Aujourd'hui pour la date du jour[32m 1[2mms[22m[39m
 [32m✓[39m src/__tests__/utils/date-formatting.test.ts[2m > [22mDate Formatting[2m > [22mRelative Date[2m > [22mdevrait retourner Hier pour la veille[32m 5[2mms[22m[39m
 [32m✓[39m src/__tests__/utils/date-formatting.test.ts[2m > [22mDate Formatting[2m > [22mRelative Date[2m > [22mdevrait retourner le nombre de jours[32m 1[2mms[22m[39m
 [32m✓[39m src/__tests__/utils/date-formatting.test.ts[2m > [22mDate Formatting[2m > [22mDate Difference[2m > [22mdevrait calculer 0 jour pour la même date[32m 1[2mms[22m[39m
 [32m✓[39m src/__tests__/utils/date-formatting.test.ts[2m > [22mDate Formatting[2m > [22mDate Difference[2m > [22mdevrait calculer la différence en jours[32m 1[2mms[22m[39m
 [32m✓[39m src/__tests__/utils/date-formatting.test.ts[2m > [22mDate Formatting[2m > [22mDate Difference[2m > [22mdevrait gérer l'ordre des dates[32m 1[2mms[22m[39m
 [32m✓[39m src/__tests__/utils/date-formatting.test.ts[2m > [22mDate Formatting[2m > [22mDeadline Status[2m > [22mdevrait retourner PASSED pour date passée[32m 1[2mms[22m[39m
 [32m✓[39m src/__tests__/utils/date-formatting.test.ts[2m > [22mDate Formatting[2m > [22mDeadline Status[2m > [22mdevrait retourner URGENT pour 0-3 jours[32m 7[2mms[22m[39m
 [32m✓[39m src/__tests__/utils/date-formatting.test.ts[2m > [22mDate Formatting[2m > [22mDeadline Status[2m > [22mdevrait retourner WARNING pour 4-7 jours[32m 2[2mms[22m[39m
 [32m✓[39m src/__tests__/utils/date-formatting.test.ts[2m > [22mDate Formatting[2m > [22mDeadline Status[2m > [22mdevrait retourner OK pour plus de 7 jours[32m 1[2mms[22m[39m
 [32m✓[39m src/__tests__/utils/date-formatting.test.ts[2m > [22mDate Formatting[2m > [22mWorking Days Calculation[2m > [22mdevrait identifier un samedi comme weekend[32m 9[2mms[22m[39m
 [32m✓[39m src/__tests__/utils/date-formatting.test.ts[2m > [22mDate Formatting[2m > [22mWorking Days Calculation[2m > [22mdevrait identifier un dimanche comme weekend[32m 1[2mms[22m[39m
 [32m✓[39m src/__tests__/utils/date-formatting.test.ts[2m > [22mDate Formatting[2m > [22mWorking Days Calculation[2m > [22mdevrait identifier un lundi comme jour ouvré[32m 1[2mms[22m[39m
 [32m✓[39m src/__tests__/utils/date-formatting.test.ts[2m > [22mDate Formatting[2m > [22mTime Formatting[2m > [22mdevrait formater l'heure[32m 1[2mms[22m[39m
 [32m✓[39m src/__tests__/utils/date-formatting.test.ts[2m > [22mDate Formatting[2m > [22mISO Date Parsing[2m > [22mdevrait parser une date ISO valide[32m 1[2mms[22m[39m
 [32m✓[39m src/__tests__/utils/date-formatting.test.ts[2m > [22mDate Formatting[2m > [22mISO Date Parsing[2m > [22mdevrait retourner null pour date invalide[32m 1[2mms[22m[39m
 [32m✓[39m src/__tests__/utils/date-formatting.test.ts[2m > [22mCESEDA Deadlines[2m > [22mDélais légaux[2m > [22mdevrait avoir 30 jours pour départ volontaire OQTF[32m 2[2mms[22m[39m
 [32m✓[39m src/__tests__/utils/date-formatting.test.ts[2m > [22mCESEDA Deadlines[2m > [22mDélais légaux[2m > [22mdevrait avoir 48h pour recours TA OQTF[32m 1[2mms[22m[39m
 [32m✓[39m src/__tests__/utils/date-formatting.test.ts[2m > [22mCESEDA Deadlines[2m > [22mDélais légaux[2m > [22mdevrait avoir 60 jours pour refus de titre[32m 1[2mms[22m[39m
[90mstdout[2m | src/__tests__/lib/crypto.real.test.ts
[22m[39m◇ injected env (9) from .env.test // tip: ◈ encrypted .env [www.dotenvx.com]

 [32m✓[39m src/__tests__/lib/crypto.real.test.ts[2m > [22mcrypto - REAL TESTS[2m > [22mcalculateHash[2m > [22mshould calculate SHA-256 hash for string[32m 38[2mms[22m[39m
 [32m✓[39m src/__tests__/lib/crypto.real.test.ts[2m > [22mcrypto - REAL TESTS[2m > [22mcalculateHash[2m > [22mshould calculate SHA-256 hash for Buffer[32m 1[2mms[22m[39m
 [32m✓[39m src/__tests__/lib/crypto.real.test.ts[2m > [22mcrypto - REAL TESTS[2m > [22mcalculateHash[2m > [22mshould produce consistent hashes[32m 9[2mms[22m[39m
 [32m✓[39m src/__tests__/lib/crypto.real.test.ts[2m > [22mcrypto - REAL TESTS[2m > [22mcalculateHash[2m > [22mshould produce different hashes for different data[32m 2[2mms[22m[39m
 [32m✓[39m src/__tests__/lib/crypto.real.test.ts[2m > [22mcrypto - REAL TESTS[2m > [22mcalculateHash[2m > [22mshould match native crypto module[32m 4[2mms[22m[39m
 [32m✓[39m src/__tests__/lib/crypto.real.test.ts[2m > [22mcrypto - REAL TESTS[2m > [22mcalculateHash[2m > [22mshould handle empty string[32m 4[2mms[22m[39m
 [32m✓[39m src/__tests__/lib/crypto.real.test.ts[2m > [22mcrypto - REAL TESTS[2m > [22mcalculateHash[2m > [22mshould handle unicode characters[32m 3[2mms[22m[39m
 [32m✓[39m src/__tests__/lib/crypto.real.test.ts[2m > [22mcrypto - REAL TESTS[2m > [22mverifyHash[2m > [22mshould return true for matching hash[32m 15[2mms[22m[39m
 [32m✓[39m src/__tests__/lib/crypto.real.test.ts[2m > [22mcrypto - REAL TESTS[2m > [22mverifyHash[2m > [22mshould return false for non-matching hash[32m 15[2mms[22m[39m
 [32m✓[39m src/__tests__/lib/crypto.real.test.ts[2m > [22mcrypto - REAL TESTS[2m > [22mverifyHash[2m > [22mshould work with Buffer[32m 1[2mms[22m[39m
 [32m✓[39m src/__tests__/lib/crypto.real.test.ts[2m > [22mcrypto - REAL TESTS[2m > [22mverifyHash[2m > [22mshould detect data tampering[32m 1[2mms[22m[39m
 [32m✓[39m src/__tests__/lib/crypto.real.test.ts[2m > [22mcrypto - REAL TESTS[2m > [22mhashAuditEvent[2m > [22mshould hash audit event object[32m 4[2mms[22m[39m
 [32m✓[39m src/__tests__/lib/crypto.real.test.ts[2m > [22mcrypto - REAL TESTS[2m > [22mhashAuditEvent[2m > [22mshould produce consistent hashes for same event[32m 1[2mms[22m[39m
 [32m✓[39m src/__tests__/lib/crypto.real.test.ts[2m > [22mcrypto - REAL TESTS[2m > [22mhashAuditEvent[2m > [22mshould handle Date and string timestamps[32m 1[2mms[22m[39m
 [32m✓[39m src/__tests__/lib/crypto.real.test.ts[2m > [22mcrypto - REAL TESTS[2m > [22mhashAuditEvent[2m > [22mshould handle null fields[32m 1[2mms[22m[39m
 [32m✓[39m src/__tests__/lib/crypto.real.test.ts[2m > [22mcrypto - REAL TESTS[2m > [22mhashAuditEvent[2m > [22mshould include metadata in hash[32m 1[2mms[22m[39m
 [32m✓[39m src/__tests__/lib/crypto.real.test.ts[2m > [22mcrypto - REAL TESTS[2m > [22mhashDocument[2m > [22mshould hash document with metadata[32m 3[2mms[22m[39m
 [32m✓[39m src/__tests__/lib/crypto.real.test.ts[2m > [22mcrypto - REAL TESTS[2m > [22mhashDocument[2m > [22mshould produce consistent hashes[32m 1[2mms[22m[39m
 [32m✓[39m src/__tests__/lib/crypto.real.test.ts[2m > [22mcrypto - REAL TESTS[2m > [22mhashDocument[2m > [22mshould change hash when file changes[32m 1[2mms[22m[39m
 [32m✓[39m src/__tests__/lib/crypto.real.test.ts[2m > [22mcrypto - REAL TESTS[2m > [22mhashDocument[2m > [22mshould change hash when metadata changes[32m 1[2mms[22m[39m
 [32m✓[39m src/__tests__/lib/crypto.real.test.ts[2m > [22mcrypto - REAL TESTS[2m > [22mhashDocument[2m > [22mshould handle string timestamp[32m 1[2mms[22m[39m
 [32m✓[39m src/__tests__/lib/crypto.real.test.ts[2m > [22mcrypto - REAL TESTS[2m > [22mverifyDocumentIntegrity[2m > [22mshould verify document with metadata[32m 1[2mms[22m[39m
 [32m✓[39m src/__tests__/lib/crypto.real.test.ts[2m > [22mcrypto - REAL TESTS[2m > [22mverifyDocumentIntegrity[2m > [22mshould detect tampered document[32m 1[2mms[22m[39m
 [32m✓[39m src/__tests__/lib/crypto.real.test.ts[2m > [22mcrypto - REAL TESTS[2m > [22mverifyDocumentIntegrity[2m > [22mshould verify file alone without metadata[32m 1[2mms[22m[39m
 [32m✓[39m src/__tests__/lib/crypto.real.test.ts[2m > [22mcrypto - REAL TESTS[2m > [22mverifyDocumentIntegrity[2m > [22mshould detect tampering without metadata[32m 1[2mms[22m[39m
 [32m✓[39m src/__tests__/lib/crypto.real.test.ts[2m > [22mcrypto - REAL TESTS[2m > [22mverifyDocumentIntegrity[2m > [22mshould handle metadata changes[32m 1[2mms[22m[39m
 [32m✓[39m src/__tests__/lib/crypto.real.test.ts[2m > [22mcrypto - REAL TESTS[2m > [22mIntegration scenarios[2m > [22mshould support full document verification workflow[32m 1[2mms[22m[39m
 [32m✓[39m src/__tests__/lib/crypto.real.test.ts[2m > [22mcrypto - REAL TESTS[2m > [22mIntegration scenarios[2m > [22mshould support audit trail integrity[32m 1[2mms[22m[39m
[90mstdout[2m | src/__tests__/services/workflowService.test.ts
[22m[39m◇ injected env (9) from .env.test // tip: ⌘ custom filepath { path: '/custom/path/.env' }

 [32m✓[39m src/__tests__/services/workflowService.test.ts[2m > [22mWorkflowService[2m > [22mTriggerType[2m > [22mcontient tous les types de déclencheurs[32m 44[2mms[22m[39m
 [32m✓[39m src/__tests__/services/workflowService.test.ts[2m > [22mWorkflowService[2m > [22mActionType[2m > [22mcontient tous les types d'actions[32m 2[2mms[22m[39m
 [32m✓[39m src/__tests__/services/workflowService.test.ts[2m > [22mWorkflowService[2m > [22mWorkflowCondition[2m > [22msupporte les opérateurs de comparaison[32m 10[2mms[22m[39m
 [32m✓[39m src/__tests__/services/workflowService.test.ts[2m > [22mWorkflowService[2m > [22mWorkflowAction[2m > [22mpeut avoir un délai optionnel[32m 1[2mms[22m[39m
 [32m✓[39m src/__tests__/services/workflowService.test.ts[2m > [22mWorkflowService[2m > [22mDEFAULT_WORKFLOWS[2m > [22mcontient des workflows prédéfinis[32m 10[2mms[22m[39m
 [32m✓[39m src/__tests__/services/workflowService.test.ts[2m > [22mWorkflowService[2m > [22mDEFAULT_WORKFLOWS[2m > [22mchaque workflow a un nom et une description[32m 1[2mms[22m[39m
 [32m✓[39m src/__tests__/services/workflowService.test.ts[2m > [22mWorkflowService[2m > [22mDEFAULT_WORKFLOWS[2m > [22mchaque workflow a un trigger valide[32m 2[2mms[22m[39m
 [32m✓[39m src/__tests__/services/workflowService.test.ts[2m > [22mWorkflowService[2m > [22mDEFAULT_WORKFLOWS[2m > [22mchaque workflow a au moins une action[32m 1[2mms[22m[39m
 [32m✓[39m src/__tests__/services/workflowService.test.ts[2m > [22mWorkflowService[2m > [22mDEFAULT_WORKFLOWS[2m > [22mcontient le workflow de relance facture[32m 3[2mms[22m[39m
 [32m✓[39m src/__tests__/services/workflowService.test.ts[2m > [22mWorkflowService[2m > [22mWorkflow Structure[2m > [22maccepte une structure de workflow complète[32m 4[2mms[22m[39m
 [32m✓[39m src/__tests__/services/workflowService.test.ts[2m > [22mWorkflowService[2m > [22mWorkflowExecution[2m > [22msuit l'état d'exécution d'un workflow[32m 1[2mms[22m[39m
 [32m✓[39m src/__tests__/services/workflowService.test.ts[2m > [22mWorkflowService[2m > [22mWorkflowExecution[2m > [22menregistre les résultats des actions[32m 2[2mms[22m[39m
 [32m✓[39m src/__tests__/services/workflowService.test.ts[2m > [22mWorkflowService[2m > [22mWorkflowExecution[2m > [22mgère les erreurs d'exécution[32m 1[2mms[22m[39m
[90mstdout[2m | tests/unit/billing/features.test.ts
[22m[39m◇ injected env (9) from .env.test // tip: ⌘ multiple files { path: ['.env.local', '.env'] }

 [32m✓[39m tests/unit/billing/features.test.ts[2m > [22mFeatureGate[2m > [22mcan()[2m > [22mPILOT can access PILOT features[32m 11[2mms[22m[39m
 [32m✓[39m tests/unit/billing/features.test.ts[2m > [22mFeatureGate[2m > [22mcan()[2m > [22mPILOT cannot access SOLO features[32m 16[2mms[22m[39m
 [32m✓[39m tests/unit/billing/features.test.ts[2m > [22mFeatureGate[2m > [22mcan()[2m > [22mSOLO can access PILOT + SOLO features[32m 1[2mms[22m[39m
 [32m✓[39m tests/unit/billing/features.test.ts[2m > [22mFeatureGate[2m > [22mcan()[2m > [22mSOLO cannot access CABINET features[32m 2[2mms[22m[39m
 [32m✓[39m tests/unit/billing/features.test.ts[2m > [22mFeatureGate[2m > [22mcan()[2m > [22mCABINET can access PILOT + SOLO + CABINET features[32m 3[2mms[22m[39m
 [32m✓[39m tests/unit/billing/features.test.ts[2m > [22mFeatureGate[2m > [22mcan()[2m > [22mCABINET cannot access ENTERPRISE features[32m 1[2mms[22m[39m
 [32m✓[39m tests/unit/billing/features.test.ts[2m > [22mFeatureGate[2m > [22mcan()[2m > [22mENTERPRISE can access all features[32m 5[2mms[22m[39m
 [32m✓[39m tests/unit/billing/features.test.ts[2m > [22mFeatureGate[2m > [22mcheck()[2m > [22mreturns allowed=true for accessible features[32m 2[2mms[22m[39m
 [32m✓[39m tests/unit/billing/features.test.ts[2m > [22mFeatureGate[2m > [22mcheck()[2m > [22mreturns allowed=false with upgrade info for gated features[32m 8[2mms[22m[39m
 [32m✓[39m tests/unit/billing/features.test.ts[2m > [22mFeatureGate[2m > [22mcheckAll()[2m > [22mreturns a map of feature availability[32m 1[2mms[22m[39m
 [32m✓[39m tests/unit/billing/features.test.ts[2m > [22mFeatureGate[2m > [22mavailableFeatures()[2m > [22mPILOT has fewer features than SOLO[32m 3[2mms[22m[39m
 [32m✓[39m tests/unit/billing/features.test.ts[2m > [22mFeatureGate[2m > [22mavailableFeatures()[2m > [22mENTERPRISE has all features[32m 0[2mms[22m[39m
 [32m✓[39m tests/unit/billing/features.test.ts[2m > [22mFeatureGate[2m > [22mnextTierFeatures()[2m > [22mSOLO gets CABINET features as next tier[32m 8[2mms[22m[39m
 [32m✓[39m tests/unit/billing/features.test.ts[2m > [22mFeatureGate[2m > [22mnextTierFeatures()[2m > [22mENTERPRISE has no next tier[32m 1[2mms[22m[39m
 [32m✓[39m tests/unit/billing/features.test.ts[2m > [22mFeatureGateError[2m > [22mhas correct statusCode[32m 1[2mms[22m[39m
 [32m✓[39m tests/unit/billing/features.test.ts[2m > [22mFeatureGateError[2m > [22mtoJSON includes upgrade URL[32m 2[2mms[22m[39m
 [32m✓[39m tests/unit/billing/features.test.ts[2m > [22mTier hierarchy consistency[2m > [22mTIER_ORDER has 4 levels[32m 2[2mms[22m[39m
 [32m✓[39m tests/unit/billing/features.test.ts[2m > [22mTier hierarchy consistency[2m > [22mevery feature maps to a valid tier[32m 23[2mms[22m[39m
 [32m✓[39m tests/unit/billing/features.test.ts[2m > [22mTier hierarchy consistency[2m > [22mhierarchy is strictly ordered[32m 2[2mms[22m[39m
[90mstdout[2m | src/__tests__/lib/services/aiService.test.ts
[22m[39m◇ injected env (9) from .env.test // tip: ⌘ enable debugging { debug: true }

[90mstdout[2m | tests/unit/saas-auth-email.test.ts
[22m[39m◇ injected env (9) from .env.test // tip: ⌘ enable debugging { debug: true }

 [32m✓[39m src/__tests__/lib/services/aiService.test.ts[2m > [22mAI Service - Pure Unit Tests[2m > [22mdocument types[2m > [22mshould define document types[32m 8[2mms[22m[39m
 [32m✓[39m src/__tests__/lib/services/aiService.test.ts[2m > [22mAI Service - Pure Unit Tests[2m > [22mprompt templates[2m > [22mshould generate courrier prompt[32m 2[2mms[22m[39m
 [32m✓[39m src/__tests__/lib/services/aiService.test.ts[2m > [22mAI Service - Pure Unit Tests[2m > [22mprompt templates[2m > [22mshould generate recours prompt[32m 1[2mms[22m[39m
 [32m✓[39m src/__tests__/lib/services/aiService.test.ts[2m > [22mAI Service - Pure Unit Tests[2m > [22mtoken estimation[2m > [22mshould estimate tokens from text length[32m 2[2mms[22m[39m
 [32m✓[39m src/__tests__/lib/services/aiService.test.ts[2m > [22mAI Service - Pure Unit Tests[2m > [22mtoken estimation[2m > [22mshould estimate cost from tokens[32m 1[2mms[22m[39m
 [32m✓[39m src/__tests__/lib/services/aiService.test.ts[2m > [22mAI Service - Pure Unit Tests[2m > [22mresponse parsing[2m > [22mshould extract document content[32m 1[2mms[22m[39m
 [32m✓[39m src/__tests__/lib/services/aiService.test.ts[2m > [22mAI Service - Pure Unit Tests[2m > [22mresponse parsing[2m > [22mshould extract metadata[32m 12[2mms[22m[39m
 [32m✓[39m src/__tests__/lib/services/aiService.test.ts[2m > [22mAI Service - Pure Unit Tests[2m > [22mdocument validation[2m > [22mshould validate required sections[32m 2[2mms[22m[39m
 [32m✓[39m src/__tests__/lib/services/aiService.test.ts[2m > [22mAI Service - Pure Unit Tests[2m > [22mdocument validation[2m > [22mshould check minimum length[32m 1[2mms[22m[39m
 [32m✓[39m src/__tests__/lib/services/aiService.test.ts[2m > [22mAI Service - Pure Unit Tests[2m > [22msuggestion generation[2m > [22mshould generate suggestions for dossier[32m 12[2mms[22m[39m
 [32m✓[39m src/__tests__/lib/services/aiService.test.ts[2m > [22mAI Service - Pure Unit Tests[2m > [22mtext formatting[2m > [22mshould format date in French[32m 68[2mms[22m[39m
 [32m✓[39m src/__tests__/lib/services/aiService.test.ts[2m > [22mAI Service - Pure Unit Tests[2m > [22mtext formatting[2m > [22mshould format address[32m 1[2mms[22m[39m
 [32m✓[39m src/__tests__/lib/services/aiService.test.ts[2m > [22mAI Service - Pure Unit Tests[2m > [22mrate limiting[2m > [22mshould track request timestamps[32m 1[2mms[22m[39m
 [32m✓[39m src/__tests__/lib/services/aiService.test.ts[2m > [22mAI Service - Pure Unit Tests[2m > [22merror handling[2m > [22mshould create error response[32m 10[2mms[22m[39m
 [32m✓[39m src/__tests__/lib/services/aiService.test.ts[2m > [22mAI Service - Pure Unit Tests[2m > [22merror handling[2m > [22mshould classify error types[32m 1[2mms[22m[39m
 [32m✓[39m src/__tests__/lib/services/aiService.test.ts[2m > [22mAI Service Helpers[2m > [22msanitize input[2m > [22mshould remove potentially harmful content[32m 1[2mms[22m[39m
 [32m✓[39m src/__tests__/lib/services/aiService.test.ts[2m > [22mAI Service Helpers[2m > [22mtruncate prompt[2m > [22mshould truncate to max length[32m 1[2mms[22m[39m
 [32m✓[39m tests/unit/saas-auth-email.test.ts[2m > [22mSaaS Provisioning[2m > [22mSubdomain generation[2m > [22mgenerates valid subdomain from cabinet name[32m 12[2mms[22m[39m
 [32m✓[39m tests/unit/saas-auth-email.test.ts[2m > [22mSaaS Provisioning[2m > [22mSubdomain generation[2m > [22mhandles accented characters[32m 99[2mms[22m[39m
 [32m✓[39m tests/unit/saas-auth-email.test.ts[2m > [22mSaaS Provisioning[2m > [22mSubdomain generation[2m > [22mlimits length to 30 chars + suffix[32m 1[2mms[22m[39m
 [32m✓[39m tests/unit/saas-auth-email.test.ts[2m > [22mSaaS Provisioning[2m > [22mSubdomain generation[2m > [22mhandles special characters[32m 1[2mms[22m[39m
 [32m✓[39m tests/unit/saas-auth-email.test.ts[2m > [22mSaaS Provisioning[2m > [22mSubdomain generation[2m > [22mgenerates unique subdomains[32m 1[2mms[22m[39m
 [32m✓[39m tests/unit/saas-auth-email.test.ts[2m > [22mSaaS Provisioning[2m > [22mPlan configuration[2m > [22mSOLO plan has correct limits[32m 24[2mms[22m[39m
 [32m✓[39m tests/unit/saas-auth-email.test.ts[2m > [22mSaaS Provisioning[2m > [22mPlan configuration[2m > [22mCABINET plan has higher limits[32m 1[2mms[22m[39m
 [32m✓[39m tests/unit/saas-auth-email.test.ts[2m > [22mSaaS Provisioning[2m > [22mPlan configuration[2m > [22mENTERPRISE plan has unlimited dossiers[32m 1[2mms[22m[39m
 [32m✓[39m tests/unit/saas-auth-email.test.ts[2m > [22mSaaS Provisioning[2m > [22mPlan configuration[2m > [22mall plans have 14 day trial[32m 5[2mms[22m[39m
 [32m✓[39m tests/unit/saas-auth-email.test.ts[2m > [22mSaaS Provisioning[2m > [22mTrial end date calculation[2m > [22mcalculates trial end 14 days from now[32m 2[2mms[22m[39m
 [32m✓[39m tests/unit/saas-auth-email.test.ts[2m > [22mSaaS Provisioning[2m > [22mTrial end date calculation[2m > [22mhandles month boundary[32m 2[2mms[22m[39m
 [32m✓[39m tests/unit/saas-auth-email.test.ts[2m > [22mChange Password[2m > [22mValidation rules[2m > [22mrejects password shorter than 8 characters[32m 5[2mms[22m[39m
 [32m✓[39m tests/unit/saas-auth-email.test.ts[2m > [22mChange Password[2m > [22mValidation rules[2m > [22maccepts password of 8+ characters[32m 6[2mms[22m[39m
 [32m✓[39m tests/unit/saas-auth-email.test.ts[2m > [22mChange Password[2m > [22mValidation rules[2m > [22mrejects when new password equals current[32m 1[2mms[22m[39m
 [32m✓[39m tests/unit/saas-auth-email.test.ts[2m > [22mChange Password[2m > [22mValidation rules[2m > [22mrejects when confirm does not match new[32m 3[2mms[22m[39m
 [32m✓[39m tests/unit/saas-auth-email.test.ts[2m > [22mChange Password[2m > [22mValidation rules[2m > [22maccepts valid password change[32m 2[2mms[22m[39m
 [32m✓[39m tests/unit/saas-auth-email.test.ts[2m > [22mEmail Send[2m > [22mValidation[2m > [22mrejects invalid email address[32m 1[2mms[22m[39m
 [32m✓[39m tests/unit/saas-auth-email.test.ts[2m > [22mEmail Send[2m > [22mValidation[2m > [22maccepts valid email address[32m 0[2mms[22m[39m
 [32m✓[39m tests/unit/saas-auth-email.test.ts[2m > [22mEmail Send[2m > [22mValidation[2m > [22mrejects empty subject[32m 1[2mms[22m[39m
 [32m✓[39m tests/unit/saas-auth-email.test.ts[2m > [22mEmail Send[2m > [22mValidation[2m > [22mrejects empty body[32m 0[2mms[22m[39m
 [32m✓[39m tests/unit/saas-auth-email.test.ts[2m > [22mEmail Send[2m > [22mValidation[2m > [22mtruncates very long body[32m 0[2mms[22m[39m
 [32m✓[39m tests/unit/saas-auth-email.test.ts[2m > [22mEmail Send[2m > [22mReply threading[2m > [22mprepends Re: to subject for replies[32m 1[2mms[22m[39m
 [32m✓[39m tests/unit/saas-auth-email.test.ts[2m > [22mEmail Send[2m > [22mReply threading[2m > [22mdoes not double Re: prefix[32m 0[2mms[22m[39m
[90mstdout[2m | src/__tests__/services/workflowService.coverage.test.ts
[22m[39m◇ injected env (9) from .env.test // tip: ⌘ override existing { override: true }

[90mstdout[2m | src/__tests__/domain/search.test.ts
[22m[39m◇ injected env (9) from .env.test // tip: ⌁ auth for agents [www.vestauth.com]

[90mstdout[2m | src/__tests__/lib/templates/documents.real.test.ts
[22m[39m◇ injected env (9) from .env.test // tip: ⌁ auth for agents [www.vestauth.com]

 [32m✓[39m src/__tests__/services/workflowService.coverage.test.ts[2m > [22mworkflowService.ts — Full Coverage[2m > [22mgetWorkflows[2m > [22mshould initialize with default workflows when storage is empty[32m 34[2mms[22m[39m
 [32m✓[39m src/__tests__/services/workflowService.coverage.test.ts[2m > [22mworkflowService.ts — Full Coverage[2m > [22mgetWorkflows[2m > [22mshould return stored workflows and parse dates[32m 9[2mms[22m[39m
 [32m✓[39m src/__tests__/services/workflowService.coverage.test.ts[2m > [22mworkflowService.ts — Full Coverage[2m > [22mgetWorkflows[2m > [22mshould handle workflows without lastExecuted[32m 7[2mms[22m[39m
 [32m✓[39m src/__tests__/services/workflowService.coverage.test.ts[2m > [22mworkflowService.ts — Full Coverage[2m > [22msaveWorkflow[2m > [22mshould create a new workflow[32m 17[2mms[22m[39m
 [32m✓[39m src/__tests__/services/workflowService.coverage.test.ts[2m > [22mworkflowService.ts — Full Coverage[2m > [22msaveWorkflow[2m > [22mshould create workflow with defaults when minimal data provided[32m 17[2mms[22m[39m
 [32m✓[39m src/__tests__/services/workflowService.coverage.test.ts[2m > [22mworkflowService.ts — Full Coverage[2m > [22msaveWorkflow[2m > [22mshould update an existing workflow[32m 7[2mms[22m[39m
 [32m✓[39m src/__tests__/services/workflowService.coverage.test.ts[2m > [22mworkflowService.ts — Full Coverage[2m > [22msaveWorkflow[2m > [22mshould create new workflow if id not found[32m 8[2mms[22m[39m
 [32m✓[39m src/__tests__/services/workflowService.coverage.test.ts[2m > [22mworkflowService.ts — Full Coverage[2m > [22mdeleteWorkflow[2m > [22mshould remove a workflow by id[32m 2[2mms[22m[39m
 [32m✓[39m src/__tests__/services/workflowService.coverage.test.ts[2m > [22mworkflowService.ts — Full Coverage[2m > [22mdeleteWorkflow[2m > [22mshould handle deleting non-existent workflow gracefully[32m 27[2mms[22m[39m
 [32m✓[39m src/__tests__/services/workflowService.coverage.test.ts[2m > [22mworkflowService.ts — Full Coverage[2m > [22mtoggleWorkflow[2m > [22mshould toggle enabled state[32m 7[2mms[22m[39m
 [32m✓[39m src/__tests__/services/workflowService.coverage.test.ts[2m > [22mworkflowService.ts — Full Coverage[2m > [22mtoggleWorkflow[2m > [22mshould do nothing for non-existent workflow[32m 10[2mms[22m[39m
 [32m✓[39m src/__tests__/services/workflowService.coverage.test.ts[2m > [22mworkflowService.ts — Full Coverage[2m > [22mexecuteWorkflow[2m > [22mshould execute a workflow with all action types[32m 26[2mms[22m[39m
 [32m✓[39m src/__tests__/services/workflowService.coverage.test.ts[2m > [22mworkflowService.ts — Full Coverage[2m > [22mexecuteWorkflow[2m > [22mshould throw if workflow not found[32m 8[2mms[22m[39m
 [32m✓[39m src/__tests__/domain/search.test.ts[2m > [22mSearch[2m > [22mText Search[2m > [22mdevrait convertir en minuscules[32m 23[2mms[22m[39m
 [32m✓[39m src/__tests__/domain/search.test.ts[2m > [22mSearch[2m > [22mText Search[2m > [22mdevrait supprimer les accents[32m 12[2mms[22m[39m
 [32m✓[39m src/__tests__/domain/search.test.ts[2m > [22mSearch[2m > [22mText Search[2m > [22mdevrait supprimer les espaces[32m 76[2mms[22m[39m
 [32m✓[39m src/__tests__/services/workflowService.coverage.test.ts[2m > [22mworkflowService.ts — Full Coverage[2m > [22mexecuteWorkflow[2m > [22mshould handle action with delay[32m 27[2mms[22m[39m
 [32m✓[39m src/__tests__/services/workflowService.coverage.test.ts[2m > [22mworkflowService.ts — Full Coverage[2m > [22mexecuteWorkflow[2m > [22mshould handle failed execution and log error[32m 2[2mms[22m[39m
 [32m✓[39m src/__tests__/services/workflowService.coverage.test.ts[2m > [22mworkflowService.ts — Full Coverage[2m > [22mexecuteWorkflow[2m > [22mshould replace variables {{path}} in action params[32m 6[2mms[22m[39m
 [32m✓[39m src/__tests__/services/workflowService.coverage.test.ts[2m > [22mworkflowService.ts — Full Coverage[2m > [22mexecuteWorkflow[2m > [22mshould keep unresolved variables unchanged[32m 1[2mms[22m[39m
 [32m✓[39m src/__tests__/services/workflowService.coverage.test.ts[2m > [22mworkflowService.ts — Full Coverage[2m > [22mexecuteWorkflow[2m > [22mshould increment execution count after success[32m 1[2mms[22m[39m
 [32m✓[39m src/__tests__/services/workflowService.coverage.test.ts[2m > [22mworkflowService.ts — Full Coverage[2m > [22mgetWorkflowExecutions[2m > [22mshould return empty array when no executions[32m 1[2mms[22m[39m
 [32m✓[39m src/__tests__/services/workflowService.coverage.test.ts[2m > [22mworkflowService.ts — Full Coverage[2m > [22mgetWorkflowExecutions[2m > [22mshould return all executions sorted by date (most recent first)[32m 1[2mms[22m[39m
 [32m✓[39m src/__tests__/services/workflowService.coverage.test.ts[2m > [22mworkflowService.ts — Full Coverage[2m > [22mgetWorkflowExecutions[2m > [22mshould filter by workflowId[32m 2[2mms[22m[39m
 [32m✓[39m src/__tests__/services/workflowService.coverage.test.ts[2m > [22mworkflowService.ts — Full Coverage[2m > [22mgetWorkflowExecutions[2m > [22mshould parse dates correctly[32m 1[2mms[22m[39m
 [32m✓[39m src/__tests__/services/workflowService.coverage.test.ts[2m > [22mworkflowService.ts — Full Coverage[2m > [22mDEFAULT_WORKFLOWS[2m > [22mshould have 5 predefined workflows[32m 2[2mms[22m[39m
 [32m✓[39m src/__tests__/services/workflowService.coverage.test.ts[2m > [22mworkflowService.ts — Full Coverage[2m > [22mDEFAULT_WORKFLOWS[2m > [22mshould cover all trigger types[32m 8[2mms[22m[39m
 [32m✓[39m src/__tests__/domain/search.test.ts[2m > [22mSearch[2m > [22mSearch Filters[2m > [22mdevrait construire un filtre de statut[32m 1[2mms[22m[39m
 [32m✓[39m src/__tests__/domain/search.test.ts[2m > [22mSearch[2m > [22mSearch Filters[2m > [22mdevrait construire un filtre de date[32m 2[2mms[22m[39m
 [32m✓[39m src/__tests__/domain/search.test.ts[2m > [22mSearch[2m > [22mSearch Results[2m > [22mdevrait calculer le nombre de pages[32m 14[2mms[22m[39m
 [32m✓[39m src/__tests__/domain/search.test.ts[2m > [22mSearch[2m > [22mSearch Results[2m > [22mdevrait avoir la query[32m 1[2mms[22m[39m
 [32m✓[39m src/__tests__/domain/search.test.ts[2m > [22mSearch[2m > [22mSorting[2m > [22mdevrait trier par ordre croissant[32m 14[2mms[22m[39m
 [32m✓[39m src/__tests__/domain/search.test.ts[2m > [22mSearch[2m > [22mSorting[2m > [22mdevrait trier par ordre décroissant[32m 1[2mms[22m[39m
 [32m✓[39m src/__tests__/domain/search.test.ts[2m > [22mSearch[2m > [22mFacets[2m > [22mdevrait calculer les facettes[32m 30[2mms[22m[39m
 [32m✓[39m src/__tests__/domain/search.test.ts[2m > [22mSearch[2m > [22mHighlighting[2m > [22mdevrait mettre en évidence les correspondances[32m 1[2mms[22m[39m
 [32m✓[39m src/__tests__/domain/search.test.ts[2m > [22mSearch[2m > [22mHighlighting[2m > [22mdevrait être insensible à la casse[32m 1[2mms[22m[39m
 [32m✓[39m src/__tests__/domain/search.test.ts[2m > [22mSearch[2m > [22mHighlighting[2m > [22mdevrait retourner le texte original sans query[32m 6[2mms[22m[39m
 [32m✓[39m src/__tests__/domain/search.test.ts[2m > [22mSearch[2m > [22mSearch History[2m > [22mdevrait ajouter une nouvelle recherche[32m 2[2mms[22m[39m
 [32m✓[39m src/__tests__/domain/search.test.ts[2m > [22mSearch[2m > [22mSearch History[2m > [22mdevrait limiter à 10 entrées[32m 3[2mms[22m[39m
 [32m✓[39m src/__tests__/domain/search.test.ts[2m > [22mSearch[2m > [22mSearch History[2m > [22mdevrait supprimer les doublons[32m 17[2mms[22m[39m
 [32m✓[39m src/__tests__/domain/search.test.ts[2m > [22mSearch[2m > [22mSuggestions[2m > [22mdevrait retourner des suggestions[32m 11[2mms[22m[39m
 [32m✓[39m src/__tests__/domain/search.test.ts[2m > [22mSearch[2m > [22mSuggestions[2m > [22mdevrait limiter à 5 suggestions[32m 1[2mms[22m[39m
 [32m✓[39m src/__tests__/domain/search.test.ts[2m > [22mAdvanced Search[2m > [22mBoolean Operators[2m > [22mdevrait parser AND[32m 10[2mms[22m[39m
 [32m✓[39m src/__tests__/domain/search.test.ts[2m > [22mAdvanced Search[2m > [22mBoolean Operators[2m > [22mdevrait parser NOT[32m 2[2mms[22m[39m
 [32m✓[39m src/__tests__/domain/search.test.ts[2m > [22mAdvanced Search[2m > [22mBoolean Operators[2m > [22mdevrait parser OR[32m 9[2mms[22m[39m
 [32m✓[39m src/__tests__/lib/templates/documents.real.test.ts[2m > [22mtemplates/documents - REAL TESTS[2m > [22mTEMPLATE_ACKNOWLEDGMENT[2m > [22mshould be defined with correct type[32m 22[2mms[22m[39m
 [32m✓[39m src/__tests__/lib/templates/documents.real.test.ts[2m > [22mtemplates/documents - REAL TESTS[2m > [22mTEMPLATE_ACKNOWLEDGMENT[2m > [22mshould have GREEN autonomy level[32m 1[2mms[22m[39m
 [32m✓[39m src/__tests__/lib/templates/documents.real.test.ts[2m > [22mtemplates/documents - REAL TESTS[2m > [22mTEMPLATE_ACKNOWLEDGMENT[2m > [22mshould not require validation[32m 25[2mms[22m[39m
 [32m✓[39m src/__tests__/lib/templates/documents.real.test.ts[2m > [22mtemplates/documents - REAL TESTS[2m > [22mTEMPLATE_ACKNOWLEDGMENT[2m > [22mshould have required variables[32m 12[2mms[22m[39m
 [32m✓[39m src/__tests__/lib/templates/documents.real.test.ts[2m > [22mtemplates/documents - REAL TESTS[2m > [22mTEMPLATE_ACKNOWLEDGMENT[2m > [22mshould generate content with variables[32m 2[2mms[22m[39m
 [32m✓[39m src/__tests__/lib/templates/documents.real.test.ts[2m > [22mtemplates/documents - REAL TESTS[2m > [22mTEMPLATE_ACKNOWLEDGMENT[2m > [22mshould generate subject line[32m 1[2mms[22m[39m
 [32m✓[39m src/__tests__/lib/templates/documents.real.test.ts[2m > [22mtemplates/documents - REAL TESTS[2m > [22mTEMPLATE_APPOINTMENT_CONFIRMATION[2m > [22mshould be defined[32m 10[2mms[22m[39m
 [32m✓[39m src/__tests__/lib/templates/documents.real.test.ts[2m > [22mtemplates/documents - REAL TESTS[2m > [22mTEMPLATE_APPOINTMENT_CONFIRMATION[2m > [22mshould have appointment date variable[32m 1[2mms[22m[39m
 [32m✓[39m src/__tests__/lib/templates/documents.real.test.ts[2m > [22mtemplates/documents - REAL TESTS[2m > [22mTEMPLATE_APPOINTMENT_CONFIRMATION[2m > [22mshould generate appointment confirmation[32m 30[2mms[22m[39m
 [32m✓[39m src/__tests__/lib/templates/documents.real.test.ts[2m > [22mtemplates/documents - REAL TESTS[2m > [22mTEMPLATE_DOCUMENT_REQUEST[2m > [22mshould be defined[32m 1[2mms[22m[39m
 [32m✓[39m src/__tests__/lib/templates/documents.real.test.ts[2m > [22mtemplates/documents - REAL TESTS[2m > [22mTEMPLATE_DOCUMENT_REQUEST[2m > [22mshould have ORANGE autonomy level (requires review)[32m 1[2mms[22m[39m
 [32m✓[39m src/__tests__/lib/templates/documents.real.test.ts[2m > [22mtemplates/documents - REAL TESTS[2m > [22mTEMPLATE_DOCUMENT_REQUEST[2m > [22mshould require validation[32m 1[2mms[22m[39m
 [32m✓[39m src/__tests__/lib/templates/documents.real.test.ts[2m > [22mtemplates/documents - REAL TESTS[2m > [22mTEMPLATE_DOCUMENT_REQUEST[2m > [22mshould have documents list variable[32m 1[2mms[22m[39m
 [32m✓[39m src/__tests__/lib/templates/documents.real.test.ts[2m > [22mtemplates/documents - REAL TESTS[2m > [22mTEMPLATE_DOCUMENT_REQUEST[2m > [22mshould generate document request[32m 1[2mms[22m[39m
 [32m✓[39m src/__tests__/lib/templates/documents.real.test.ts[2m > [22mtemplates/documents - REAL TESTS[2m > [22mTEMPLATE_SIMPLE_LETTER[2m > [22mshould be defined[32m 27[2mms[22m[39m
 [32m✓[39m src/__tests__/lib/templates/documents.real.test.ts[2m > [22mtemplates/documents - REAL TESTS[2m > [22mTEMPLATE_SIMPLE_LETTER[2m > [22mshould have mainMessage variable[32m 1[2mms[22m[39m
 [32m✓[39m src/__tests__/lib/templates/documents.real.test.ts[2m > [22mtemplates/documents - REAL TESTS[2m > [22mTEMPLATE_SIMPLE_LETTER[2m > [22mshould generate formatted letter[32m 1[2mms[22m[39m
 [32m✓[39m src/__tests__/lib/templates/documents.real.test.ts[2m > [22mtemplates/documents - REAL TESTS[2m > [22mTEMPLATE_CASE_SUMMARY[2m > [22mshould be defined[32m 0[2mms[22m[39m
 [32m✓[39m src/__tests__/lib/templates/documents.real.test.ts[2m > [22mtemplates/documents - REAL TESTS[2m > [22mTEMPLATE_CASE_SUMMARY[2m > [22mshould be ORANGE or RED level (sensitive)[32m 1[2mms[22m[39m
 [32m✓[39m src/__tests__/lib/templates/documents.real.test.ts[2m > [22mtemplates/documents - REAL TESTS[2m > [22mTEMPLATE_CASE_SUMMARY[2m > [22mshould require validation[32m 1[2mms[22m[39m
 [32m✓[39m src/__tests__/lib/templates/documents.real.test.ts[2m > [22mtemplates/documents - REAL TESTS[2m > [22mTEMPLATE_CASE_SUMMARY[2m > [22mshould have case-related variables[32m 1[2mms[22m[39m
 [32m✓[39m src/__tests__/lib/templates/documents.real.test.ts[2m > [22mtemplates/documents - REAL TESTS[2m > [22mTEMPLATE_REMINDER[2m > [22mshould be defined[32m 50[2mms[22m[39m
[90mstdout[2m | src/__tests__/api/payments/webhook-route.test.ts
[22m[39m◇ injected env (9) from .env.test // tip: ⌘ enable debugging { debug: true }

 [32m✓[39m src/__tests__/lib/templates/documents.real.test.ts[2m > [22mtemplates/documents - REAL TESTS[2m > [22mTEMPLATE_REMINDER[2m > [22mshould have deadline variable[32m 1[2mms[22m[39m
 [32m✓[39m src/__tests__/lib/templates/documents.real.test.ts[2m > [22mtemplates/documents - REAL TESTS[2m > [22mTEMPLATE_REMINDER[2m > [22mshould generate reminder with proper variables[32m 12[2mms[22m[39m
 [32m✓[39m src/__tests__/lib/templates/documents.real.test.ts[2m > [22mtemplates/documents - REAL TESTS[2m > [22mAll templates collection[2m > [22mshould all have unique IDs[32m 1[2mms[22m[39m
 [32m✓[39m src/__tests__/lib/templates/documents.real.test.ts[2m > [22mtemplates/documents - REAL TESTS[2m > [22mAll templates collection[2m > [22mshould all have generate function[32m 2[2mms[22m[39m
 [32m✓[39m src/__tests__/lib/templates/documents.real.test.ts[2m > [22mtemplates/documents - REAL TESTS[2m > [22mAll templates collection[2m > [22mshould all have required variables array[32m 2[2mms[22m[39m
 [32m✓[39m src/__tests__/lib/templates/documents.real.test.ts[2m > [22mtemplates/documents - REAL TESTS[2m > [22mTemplate variable types[2m > [22mshould have valid types[32m 3[2mms[22m[39m
 [32m✓[39m src/__tests__/lib/templates/documents.real.test.ts[2m > [22mtemplates/documents - REAL TESTS[2m > [22mTemplate variable types[2m > [22mshould have descriptions[32m 10[2mms[22m[39m
[90mstdout[2m | src/__tests__/domain/dossier-status.test.ts
[22m[39m◇ injected env (9) from .env.test // tip: ⌘ multiple files { path: ['.env.local', '.env'] }

 [32m✓[39m src/__tests__/api/payments/webhook-route.test.ts[2m > [22mPOST /api/payments/webhook[2m > [22mreturns duplicate=true when the replay cache already knows the event[32m 198[2mms[22m[39m
 [32m✓[39m src/__tests__/api/payments/webhook-route.test.ts[2m > [22mPOST /api/payments/webhook[2m > [22mreturns duplicate=true when the database lock already exists[32m 10[2mms[22m[39m
 [32m✓[39m src/__tests__/domain/dossier-status.test.ts[2m > [22mDossier Status[2m > [22mStatus Types[2m > [22mdevrait avoir 9 statuts définis[32m 18[2mms[22m[39m
 [32m✓[39m src/__tests__/domain/dossier-status.test.ts[2m > [22mDossier Status[2m > [22mStatus Types[2m > [22mdevrait inclure NOUVEAU comme statut initial[32m 1[2mms[22m[39m
 [32m✓[39m src/__tests__/domain/dossier-status.test.ts[2m > [22mDossier Status[2m > [22mStatus Types[2m > [22mdevrait inclure ARCHIVE comme statut final[32m 1[2mms[22m[39m
 [32m✓[39m src/__tests__/domain/dossier-status.test.ts[2m > [22mDossier Status[2m > [22mStatus Transitions[2m > [22mdevrait permettre NOUVEAU -> EN_COURS[32m 1[2mms[22m[39m
 [32m✓[39m src/__tests__/domain/dossier-status.test.ts[2m > [22mDossier Status[2m > [22mStatus Transitions[2m > [22mdevrait interdire NOUVEAU -> ARCHIVE[32m 1[2mms[22m[39m
 [32m✓[39m src/__tests__/domain/dossier-status.test.ts[2m > [22mDossier Status[2m > [22mStatus Transitions[2m > [22mdevrait permettre CLOTURE -> ARCHIVE[32m 1[2mms[22m[39m
 [32m✓[39m src/__tests__/domain/dossier-status.test.ts[2m > [22mDossier Status[2m > [22mStatus Transitions[2m > [22mne devrait permettre aucune transition depuis ARCHIVE[32m 1[2mms[22m[39m
 [32m✓[39m src/__tests__/domain/dossier-status.test.ts[2m > [22mDossier Status[2m > [22mStatus Colors[2m > [22mURGENT devrait être rouge[32m 1[2mms[22m[39m
 [32m✓[39m src/__tests__/domain/dossier-status.test.ts[2m > [22mDossier Status[2m > [22mStatus Colors[2m > [22mEN_COURS devrait être vert[32m 14[2mms[22m[39m
 [32m✓[39m src/__tests__/domain/dossier-status.test.ts[2m > [22mDossier Status[2m > [22mStatus Colors[2m > [22mtous les statuts devraient avoir une couleur[32m 3[2mms[22m[39m
 [32m✓[39m src/__tests__/domain/dossier-status.test.ts[2m > [22mDossier Status[2m > [22mStatus Labels[2m > [22mdevrait avoir un label pour chaque statut[32m 2[2mms[22m[39m
 [32m✓[39m src/__tests__/domain/dossier-status.test.ts[2m > [22mDossier Status[2m > [22mStatus Labels[2m > [22mURGENT devrait mentionner le délai[32m 1[2mms[22m[39m
 [32m✓[39m src/__tests__/domain/dossier-status.test.ts[2m > [22mDossier Priority[2m > [22mPriority Levels[2m > [22mdevrait avoir 4 niveaux de priorité[32m 1[2mms[22m[39m
 [32m✓[39m src/__tests__/domain/dossier-status.test.ts[2m > [22mDossier Priority[2m > [22mPriority Calculation[2m > [22mOQTF avec délai < 3 jours devrait être URGENT[32m 1[2mms[22m[39m
 [32m✓[39m src/__tests__/domain/dossier-status.test.ts[2m > [22mDossier Priority[2m > [22mPriority Calculation[2m > [22mdossier avec audience devrait être HIGH[32m 1[2mms[22m[39m
 [32m✓[39m src/__tests__/domain/dossier-status.test.ts[2m > [22mDossier Priority[2m > [22mPriority Calculation[2m > [22mdossier standard devrait être NORMAL[32m 0[2mms[22m[39m
 [32m✓[39m src/__tests__/domain/dossier-status.test.ts[2m > [22mDossier Types[2m > [22mType CESEDA[2m > [22mdevrait avoir 7 types CESEDA[32m 12[2mms[22m[39m
 [32m✓[39m src/__tests__/domain/dossier-status.test.ts[2m > [22mDossier Types[2m > [22mType CESEDA[2m > [22mdevrait inclure OQTF[32m 1[2mms[22m[39m
 [32m✓[39m src/__tests__/domain/dossier-status.test.ts[2m > [22mDossier Types[2m > [22mType CESEDA[2m > [22mdevrait inclure ASILE[32m 1[2mms[22m[39m
 [32m✓[39m src/__tests__/domain/dossier-status.test.ts[2m > [22mDossier Types[2m > [22mType Configuration[2m > [22mOQTF devrait avoir 30 jours de recours[32m 1[2mms[22m[39m
 [32m✓[39m src/__tests__/domain/dossier-status.test.ts[2m > [22mDossier Types[2m > [22mType Configuration[2m > [22mOQTF devrait aller devant le TA[32m 0[2mms[22m[39m
 [32m✓[39m src/__tests__/domain/dossier-status.test.ts[2m > [22mDossier Types[2m > [22mType Configuration[2m > [22mASILE devrait aller devant la CNDA[32m 0[2mms[22m[39m
 [32m✓[39m src/__tests__/domain/dossier-status.test.ts[2m > [22mDossier Filtering[2m > [22mdevrait filtrer par statut[32m 1[2mms[22m[39m
 [32m✓[39m src/__tests__/domain/dossier-status.test.ts[2m > [22mDossier Filtering[2m > [22mdevrait filtrer par type[32m 1[2mms[22m[39m
 [32m✓[39m src/__tests__/domain/dossier-status.test.ts[2m > [22mDossier Filtering[2m > [22mdevrait filtrer par priorité[32m 1[2mms[22m[39m
 [32m✓[39m src/__tests__/domain/dossier-status.test.ts[2m > [22mDossier Filtering[2m > [22mdevrait combiner les filtres[32m 1[2mms[22m[39m
 [32m✓[39m src/__tests__/domain/dossier-status.test.ts[2m > [22mDossier Statistics[2m > [22mdevrait calculer le total[32m 1[2mms[22m[39m
 [32m✓[39m src/__tests__/domain/dossier-status.test.ts[2m > [22mDossier Statistics[2m > [22mdevrait regrouper par statut[32m 1[2mms[22m[39m
[90mstdout[2m | src/__tests__/utils/string-utils.test.ts
[22m[39m◇ injected env (9) from .env.test // tip: ⌘ override existing { override: true }

 [32m✓[39m src/__tests__/utils/string-utils.test.ts[2m > [22mString Utils[2m > [22mCapitalize[2m > [22mdevrait capitaliser la première lettre[32m 4[2mms[22m[39m
 [32m✓[39m src/__tests__/utils/string-utils.test.ts[2m > [22mString Utils[2m > [22mCapitalize[2m > [22mdevrait mettre le reste en minuscules[32m 6[2mms[22m[39m
 [32m✓[39m src/__tests__/utils/string-utils.test.ts[2m > [22mString Utils[2m > [22mCapitalize[2m > [22mdevrait gérer une chaîne vide[32m 0[2mms[22m[39m
 [32m✓[39m src/__tests__/utils/string-utils.test.ts[2m > [22mString Utils[2m > [22mCapitalize[2m > [22mdevrait gérer un seul caractère[32m 0[2mms[22m[39m
 [32m✓[39m src/__tests__/utils/string-utils.test.ts[2m > [22mString Utils[2m > [22mTitle Case[2m > [22mdevrait capitaliser chaque mot[32m 1[2mms[22m[39m
 [32m✓[39m src/__tests__/utils/string-utils.test.ts[2m > [22mString Utils[2m > [22mTitle Case[2m > [22mdevrait gérer les majuscules[32m 0[2mms[22m[39m
 [32m✓[39m src/__tests__/utils/string-utils.test.ts[2m > [22mString Utils[2m > [22mCamel Case[2m > [22mdevrait convertir depuis kebab-case[32m 3[2mms[22m[39m
 [32m✓[39m src/__tests__/utils/string-utils.test.ts[2m > [22mString Utils[2m > [22mCamel Case[2m > [22mdevrait convertir depuis snake_case[32m 12[2mms[22m[39m
 [32m✓[39m src/__tests__/utils/string-utils.test.ts[2m > [22mString Utils[2m > [22mCamel Case[2m > [22mdevrait convertir depuis les espaces[32m 1[2mms[22m[39m
 [32m✓[39m src/__tests__/utils/string-utils.test.ts[2m > [22mString Utils[2m > [22mKebab Case[2m > [22mdevrait convertir depuis camelCase[32m 1[2mms[22m[39m
 [32m✓[39m src/__tests__/utils/string-utils.test.ts[2m > [22mString Utils[2m > [22mKebab Case[2m > [22mdevrait convertir depuis les espaces[32m 1[2mms[22m[39m
 [32m✓[39m src/__tests__/utils/string-utils.test.ts[2m > [22mString Utils[2m > [22mKebab Case[2m > [22mdevrait convertir depuis snake_case[32m 0[2mms[22m[39m
 [32m✓[39m src/__tests__/utils/string-utils.test.ts[2m > [22mString Utils[2m > [22mSnake Case[2m > [22mdevrait convertir depuis camelCase[32m 1[2mms[22m[39m
 [32m✓[39m src/__tests__/utils/string-utils.test.ts[2m > [22mString Utils[2m > [22mSnake Case[2m > [22mdevrait convertir depuis les espaces[32m 1[2mms[22m[39m
 [32m✓[39m src/__tests__/utils/string-utils.test.ts[2m > [22mString Utils[2m > [22mTruncate[2m > [22mdevrait tronquer avec ellipsis[32m 3[2mms[22m[39m
 [32m✓[39m src/__tests__/utils/string-utils.test.ts[2m > [22mString Utils[2m > [22mTruncate[2m > [22mne devrait pas tronquer si assez court[32m 0[2mms[22m[39m
 [32m✓[39m src/__tests__/utils/string-utils.test.ts[2m > [22mString Utils[2m > [22mTruncate[2m > [22mdevrait utiliser un suffixe personnalisé[32m 0[2mms[22m[39m
 [32m✓[39m src/__tests__/utils/string-utils.test.ts[2m > [22mString Utils[2m > [22mPad String[2m > [22mdevrait ajouter des espaces à gauche[32m 20[2mms[22m[39m
 [32m✓[39m src/__tests__/utils/string-utils.test.ts[2m > [22mString Utils[2m > [22mPad String[2m > [22mdevrait ajouter des zéros à gauche[32m 16[2mms[22m[39m
 [32m✓[39m src/__tests__/utils/string-utils.test.ts[2m > [22mString Utils[2m > [22mPad String[2m > [22mdevrait ajouter des espaces à droite[32m 1[2mms[22m[39m
 [32m✓[39m src/__tests__/utils/string-utils.test.ts[2m > [22mString Utils[2m > [22mStrip Whitespace[2m > [22mdevrait supprimer tous les espaces[32m 1[2mms[22m[39m
 [32m✓[39m src/__tests__/utils/string-utils.test.ts[2m > [22mString Utils[2m > [22mStrip Whitespace[2m > [22mdevrait supprimer les tabs[32m 1[2mms[22m[39m
 [32m✓[39m src/__tests__/utils/string-utils.test.ts[2m > [22mString Utils[2m > [22mStrip Whitespace[2m > [22mdevrait supprimer les newlines[32m 0[2mms[22m[39m
 [32m✓[39m src/__tests__/utils/string-utils.test.ts[2m > [22mString Utils[2m > [22mWord Count[2m > [22mdevrait compter les mots[32m 1[2mms[22m[39m
 [32m✓[39m src/__tests__/utils/string-utils.test.ts[2m > [22mString Utils[2m > [22mWord Count[2m > [22mdevrait retourner 0 pour une chaîne vide[32m 0[2mms[22m[39m
 [32m✓[39m src/__tests__/utils/string-utils.test.ts[2m > [22mString Utils[2m > [22mWord Count[2m > [22mdevrait gérer les espaces multiples[32m 0[2mms[22m[39m
 [32m✓[39m src/__tests__/utils/string-utils.test.ts[2m > [22mString Utils[2m > [22mReverse String[2m > [22mdevrait inverser la chaîne[32m 1[2mms[22m[39m
 [32m✓[39m src/__tests__/utils/string-utils.test.ts[2m > [22mString Utils[2m > [22mReverse String[2m > [22mdevrait gérer une chaîne vide[32m 1[2mms[22m[39m
 [32m✓[39m src/__tests__/utils/string-utils.test.ts[2m > [22mString Utils[2m > [22mIs Palindrome[2m > [22mdevrait détecter un palindrome[32m 20[2mms[22m[39m
 [32m✓[39m src/__tests__/utils/string-utils.test.ts[2m > [22mString Utils[2m > [22mIs Palindrome[2m > [22mdevrait ignorer les espaces et la casse[32m 1[2mms[22m[39m
 [32m✓[39m src/__tests__/utils/string-utils.test.ts[2m > [22mString Utils[2m > [22mIs Palindrome[2m > [22mdevrait rejeter un non-palindrome[32m 0[2mms[22m[39m
 [32m✓[39m src/__tests__/utils/string-utils.test.ts[2m > [22mString Utils[2m > [22mContains Substring[2m > [22mdevrait détecter une sous-chaîne[32m 0[2mms[22m[39m
 [32m✓[39m src/__tests__/utils/string-utils.test.ts[2m > [22mString Utils[2m > [22mContains Substring[2m > [22mdevrait être sensible à la casse par défaut[32m 0[2mms[22m[39m
 [32m✓[39m src/__tests__/utils/string-utils.test.ts[2m > [22mString Utils[2m > [22mContains Substring[2m > [22mdevrait ignorer la casse si demandé[32m 0[2mms[22m[39m
 [32m✓[39m src/__tests__/utils/string-utils.test.ts[2m > [22mString Utils[2m > [22mReplace All[2m > [22mdevrait remplacer toutes les occurrences[32m 0[2mms[22m[39m
 [32m✓[39m src/__tests__/utils/string-utils.test.ts[2m > [22mString Utils[2m > [22mExtract Numbers[2m > [22mdevrait extraire les nombres[32m 2[2mms[22m[39m
 [32m✓[39m src/__tests__/utils/string-utils.test.ts[2m > [22mString Utils[2m > [22mExtract Numbers[2m > [22mdevrait retourner un tableau vide sans nombres[32m 17[2mms[22m[39m
 [32m✓[39m src/__tests__/utils/string-utils.test.ts[2m > [22mString Utils[2m > [22mInitials[2m > [22mdevrait extraire les initiales[32m 1[2mms[22m[39m
 [32m✓[39m src/__tests__/utils/string-utils.test.ts[2m > [22mString Utils[2m > [22mInitials[2m > [22mdevrait gérer un seul mot[32m 0[2mms[22m[39m
 [32m✓[39m src/__tests__/utils/string-utils.test.ts[2m > [22mString Utils[2m > [22mInitials[2m > [22mdevrait gérer plusieurs mots[32m 0[2mms[22m[39m
 [32m✓[39m src/__tests__/utils/string-utils.test.ts[2m > [22mString Utils[2m > [22mEscape Regex[2m > [22mdevrait échapper les caractères spéciaux[32m 0[2mms[22m[39m
 [32m✓[39m src/__tests__/utils/string-utils.test.ts[2m > [22mString Utils[2m > [22mEscape Regex[2m > [22mdevrait échapper les parenthèses[32m 29[2mms[22m[39m
 [32m✓[39m src/__tests__/utils/string-utils.test.ts[2m > [22mString Utils[2m > [22mTemplate String[2m > [22mdevrait remplacer les variables[32m 1[2mms[22m[39m
 [32m✓[39m src/__tests__/utils/string-utils.test.ts[2m > [22mString Utils[2m > [22mTemplate String[2m > [22mdevrait gérer les variables manquantes[32m 0[2mms[22m[39m
 [32m✓[39m src/__tests__/utils/string-utils.test.ts[2m > [22mString Utils[2m > [22mWrap Text[2m > [22mdevrait découper en lignes[32m 1[2mms[22m[39m
 [32m✓[39m src/__tests__/utils/string-utils.test.ts[2m > [22mString Utils[2m > [22mRemove Accents[2m > [22mdevrait supprimer les accents[32m 1[2mms[22m[39m
 [32m✓[39m src/__tests__/utils/string-utils.test.ts[2m > [22mString Utils[2m > [22mRemove Accents[2m > [22mdevrait gérer plusieurs accents[32m 16[2mms[22m[39m
 [32m✓[39m src/__tests__/utils/string-utils.test.ts[2m > [22mString Utils[2m > [22mRepeat String[2m > [22mdevrait répéter la chaîne[32m 1[2mms[22m[39m
 [32m✓[39m src/__tests__/utils/string-utils.test.ts[2m > [22mString Utils[2m > [22mRepeat String[2m > [22mdevrait retourner vide pour count 0[32m 0[2mms[22m[39m
 [32m✓[39m src/__tests__/utils/string-utils.test.ts[2m > [22mString Utils[2m > [22mString Comparison[2m > [22mdevrait comparer alphabétiquement[32m 72[2mms[22m[39m
 [32m✓[39m src/__tests__/utils/string-utils.test.ts[2m > [22mString Utils[2m > [22mString Comparison[2m > [22mdevrait être sensible à la casse par défaut[32m 1[2mms[22m[39m
 [32m✓[39m src/__tests__/utils/string-utils.test.ts[2m > [22mString Utils[2m > [22mString Comparison[2m > [22mdevrait ignorer la casse si demandé[32m 0[2mms[22m[39m
[90mstdout[2m | src/__tests__/services/learningService.test.ts
[22m[39m◇ injected env (9) from .env.test // tip: ⌘ suppress logs { quiet: true }

[90mstdout[2m | src/__tests__/lib/ai-isolation.real.test.ts
[22m[39m◇ injected env (9) from .env.test // tip: ⌘ override existing { override: true }

 [32m✓[39m src/__tests__/services/learningService.test.ts[2m > [22mLearning Service[2m > [22mValidation Status Types[2m > [22mdevrait inclure APPROVED[32m 6[2mms[22m[39m
 [32m✓[39m src/__tests__/services/learningService.test.ts[2m > [22mLearning Service[2m > [22mValidation Status Types[2m > [22mdevrait inclure REJECTED[32m 1[2mms[22m[39m
 [32m✓[39m src/__tests__/services/learningService.test.ts[2m > [22mLearning Service[2m > [22mValidation Status Types[2m > [22mdevrait inclure MODIFIED_APPROVED[32m 1[2mms[22m[39m
 [32m✓[39m src/__tests__/services/learningService.test.ts[2m > [22mLearning Service[2m > [22mValidation Status Types[2m > [22mdevrait inclure AUTO_APPROVED[32m 1[2mms[22m[39m
 [32m✓[39m src/__tests__/services/learningService.test.ts[2m > [22mLearning Service[2m > [22mAction Type Analysis[2m > [22mdevrait créer une analyse vide[32m 3[2mms[22m[39m
 [32m✓[39m src/__tests__/services/learningService.test.ts[2m > [22mLearning Service[2m > [22mAction Type Analysis[2m > [22mdevrait suivre les compteurs[32m 1[2mms[22m[39m
 [32m✓[39m src/__tests__/services/learningService.test.ts[2m > [22mLearning Service[2m > [22mSuccess Rate Calculation[2m > [22mdevrait calculer 100% si tous approuvés[32m 1[2mms[22m[39m
 [32m✓[39m src/__tests__/services/learningService.test.ts[2m > [22mLearning Service[2m > [22mSuccess Rate Calculation[2m > [22mdevrait calculer 50% si moitié approuvés[32m 1[2mms[22m[39m
 [32m✓[39m src/__tests__/services/learningService.test.ts[2m > [22mLearning Service[2m > [22mSuccess Rate Calculation[2m > [22mdevrait inclure les modifications dans le succès[32m 1[2mms[22m[39m
 [32m✓[39m src/__tests__/services/learningService.test.ts[2m > [22mLearning Service[2m > [22mSuccess Rate Calculation[2m > [22mdevrait retourner 0 si total est 0[32m 1[2mms[22m[39m
 [32m✓[39m src/__tests__/services/learningService.test.ts[2m > [22mLearning Service[2m > [22mConfidence Adjustment[2m > [22mdevrait suggérer augmentation si succès > confiance[32m 1[2mms[22m[39m
 [32m✓[39m src/__tests__/services/learningService.test.ts[2m > [22mLearning Service[2m > [22mConfidence Adjustment[2m > [22mdevrait suggérer diminution si succès < confiance[32m 0[2mms[22m[39m
 [32m✓[39m src/__tests__/services/learningService.test.ts[2m > [22mLearning Service[2m > [22mConfidence Adjustment[2m > [22mdevrait suggérer 0 si alignés[32m 0[2mms[22m[39m
 [32m✓[39m src/__tests__/services/learningService.test.ts[2m > [22mLearning Service[2m > [22mShould Adjust Threshold[2m > [22mdevrait retourner true si ajustement > seuil[32m 0[2mms[22m[39m
 [32m✓[39m src/__tests__/services/learningService.test.ts[2m > [22mLearning Service[2m > [22mShould Adjust Threshold[2m > [22mdevrait retourner true si ajustement < -seuil[32m 0[2mms[22m[39m
 [32m✓[39m src/__tests__/services/learningService.test.ts[2m > [22mLearning Service[2m > [22mShould Adjust Threshold[2m > [22mdevrait retourner false si dans la plage[32m 0[2mms[22m[39m
 [32m✓[39m src/__tests__/services/learningService.test.ts[2m > [22mLearning Service[2m > [22mPeriod Calculation[2m > [22mdevrait calculer 30 jours en arrière[32m 0[2mms[22m[39m
 [32m✓[39m src/__tests__/services/learningService.test.ts[2m > [22mLearning Service[2m > [22mPeriod Calculation[2m > [22mdevrait calculer 7 jours en arrière[32m 0[2mms[22m[39m
 [32m✓[39m src/__tests__/services/learningService.test.ts[2m > [22mLearning Service[2m > [22mAverage Confidence[2m > [22mdevrait calculer la moyenne[32m 1[2mms[22m[39m
 [32m✓[39m src/__tests__/services/learningService.test.ts[2m > [22mLearning Service[2m > [22mAverage Confidence[2m > [22mdevrait retourner 0 si pas d'éléments[32m 1[2mms[22m[39m
 [32m✓[39m src/__tests__/services/learningService.test.ts[2m > [22mLearning Service[2m > [22mLearning Metrics[2m > [22mdevrait formater les résultats correctement[32m 8[2mms[22m[39m
 [32m✓[39m src/__tests__/services/learningService.test.ts[2m > [22mLearning Service[2m > [22mAction Type Categorization[2m > [22mdevrait catégoriser les types d'actions[32m 1[2mms[22m[39m
 [32m✓[39m src/__tests__/services/learningService.test.ts[2m > [22mLearning Service[2m > [22mAction Type Categorization[2m > [22mdevrait avoir plusieurs types[32m 0[2mms[22m[39m
[90mstdout[2m | src/__tests__/types/cesda.real.test.ts
[22m[39m◇ injected env (9) from .env.test // tip: ⌘ multiple files { path: ['.env.local', '.env'] }

 [32m✓[39m src/__tests__/lib/ai-isolation.real.test.ts[2m > [22mai-isolation - REAL TESTS[2m > [22manonymizeForAI[2m > [22mshould anonymize firstName[32m 9[2mms[22m[39m
 [32m✓[39m src/__tests__/lib/ai-isolation.real.test.ts[2m > [22mai-isolation - REAL TESTS[2m > [22manonymizeForAI[2m > [22mshould anonymize lastName[32m 1[2mms[22m[39m
 [32m✓[39m src/__tests__/lib/ai-isolation.real.test.ts[2m > [22mai-isolation - REAL TESTS[2m > [22manonymizeForAI[2m > [22mshould anonymize email[32m 1[2mms[22m[39m
 [32m✓[39m src/__tests__/lib/ai-isolation.real.test.ts[2m > [22mai-isolation - REAL TESTS[2m > [22manonymizeForAI[2m > [22mshould anonymize phone[32m 1[2mms[22m[39m
 [32m✓[39m src/__tests__/lib/ai-isolation.real.test.ts[2m > [22mai-isolation - REAL TESTS[2m > [22manonymizeForAI[2m > [22mshould anonymize address[32m 1[2mms[22m[39m
 [32m✓[39m src/__tests__/lib/ai-isolation.real.test.ts[2m > [22mai-isolation - REAL TESTS[2m > [22manonymizeForAI[2m > [22mshould remove identity documents[32m 1[2mms[22m[39m
 [32m✓[39m src/__tests__/lib/ai-isolation.real.test.ts[2m > [22mai-isolation - REAL TESTS[2m > [22manonymizeForAI[2m > [22mshould preserve business structure data[32m 2[2mms[22m[39m
 [32m✓[39m src/__tests__/lib/ai-isolation.real.test.ts[2m > [22mai-isolation - REAL TESTS[2m > [22manonymizeForAI[2m > [22mshould handle null data[32m 1[2mms[22m[39m
 [32m✓[39m src/__tests__/lib/ai-isolation.real.test.ts[2m > [22mai-isolation - REAL TESTS[2m > [22manonymizeForAI[2m > [22mshould handle undefined data[32m 1[2mms[22m[39m
 [32m✓[39m src/__tests__/lib/ai-isolation.real.test.ts[2m > [22mai-isolation - REAL TESTS[2m > [22manonymizeForAI[2m > [22mshould anonymize nested client data[32m 2[2mms[22m[39m
 [32m✓[39m src/__tests__/lib/ai-isolation.real.test.ts[2m > [22mai-isolation - REAL TESTS[2m > [22manonymizeForAI[2m > [22mshould strip user data except role[32m 1[2mms[22m[39m
 [32m✓[39m src/__tests__/lib/ai-isolation.real.test.ts[2m > [22mai-isolation - REAL TESTS[2m > [22manonymizeForAI[2m > [22mshould count documents correctly[32m 7[2mms[22m[39m
 [32m✓[39m src/__tests__/lib/ai-isolation.real.test.ts[2m > [22mai-isolation - REAL TESTS[2m > [22mvalidateAIInput[2m > [22mshould accept clean input[32m 6[2mms[22m[39m
 [32m✓[39m src/__tests__/lib/ai-isolation.real.test.ts[2m > [22mai-isolation - REAL TESTS[2m > [22mvalidateAIInput[2m > [22mshould reject passport numbers[32m 2[2mms[22m[39m
 [32m✓[39m src/__tests__/lib/ai-isolation.real.test.ts[2m > [22mai-isolation - REAL TESTS[2m > [22mvalidateAIInput[2m > [22mshould reject social security numbers (15 digits)[32m 1[2mms[22m[39m
 [32m✓[39m src/__tests__/lib/ai-isolation.real.test.ts[2m > [22mai-isolation - REAL TESTS[2m > [22mvalidateAIInput[2m > [22mshould reject email addresses[32m 5[2mms[22m[39m
 [32m✓[39m src/__tests__/lib/ai-isolation.real.test.ts[2m > [22mai-isolation - REAL TESTS[2m > [22mvalidateAIInput[2m > [22mshould reject French phone numbers starting with 0[32m 1[2mms[22m[39m
 [32m✓[39m src/__tests__/lib/ai-isolation.real.test.ts[2m > [22mai-isolation - REAL TESTS[2m > [22mvalidateAIInput[2m > [22mshould accept French phone numbers starting with +33 (not detected by regex)[32m 1[2mms[22m[39m
 [32m✓[39m src/__tests__/lib/ai-isolation.real.test.ts[2m > [22mai-isolation - REAL TESTS[2m > [22mvalidateAIInput[2m > [22mshould reject street addresses[32m 6[2mms[22m[39m
 [32m✓[39m src/__tests__/lib/ai-isolation.real.test.ts[2m > [22mai-isolation - REAL TESTS[2m > [22mvalidateAIInput[2m > [22mshould accept placeholder values[32m 1[2mms[22m[39m
 [32m✓[39m src/__tests__/lib/ai-isolation.real.test.ts[2m > [22mai-isolation - REAL TESTS[2m > [22mtagAIOutput[2m > [22mshould add AI metadata tags[32m 1[2mms[22m[39m
 [32m✓[39m src/__tests__/lib/ai-isolation.real.test.ts[2m > [22mai-isolation - REAL TESTS[2m > [22mtagAIOutput[2m > [22mshould add timestamp[32m 1[2mms[22m[39m
 [32m✓[39m src/__tests__/lib/ai-isolation.real.test.ts[2m > [22mai-isolation - REAL TESTS[2m > [22mtagAIOutput[2m > [22mshould add disclaimer[32m 1[2mms[22m[39m
 [32m✓[39m src/__tests__/lib/ai-isolation.real.test.ts[2m > [22mai-isolation - REAL TESTS[2m > [22mtagAIOutput[2m > [22mshould preserve original output[32m 6[2mms[22m[39m
 [32m✓[39m src/__tests__/lib/ai-isolation.real.test.ts[2m > [22mai-isolation - REAL TESTS[2m > [22msanitizeAIOutput[2m > [22mshould replace email addresses[32m 1[2mms[22m[39m
 [32m✓[39m src/__tests__/lib/ai-isolation.real.test.ts[2m > [22mai-isolation - REAL TESTS[2m > [22msanitizeAIOutput[2m > [22mshould replace French phone numbers with 0[32m 5[2mms[22m[39m
 [32m✓[39m src/__tests__/lib/ai-isolation.real.test.ts[2m > [22mai-isolation - REAL TESTS[2m > [22msanitizeAIOutput[2m > [22mshould NOT replace French phone numbers with +33 (not detected)[32m 1[2mms[22m[39m
 [32m✓[39m src/__tests__/lib/ai-isolation.real.test.ts[2m > [22mai-isolation - REAL TESTS[2m > [22msanitizeAIOutput[2m > [22mshould replace document IDs[32m 1[2mms[22m[39m
 [32m✓[39m src/__tests__/lib/ai-isolation.real.test.ts[2m > [22mai-isolation - REAL TESTS[2m > [22msanitizeAIOutput[2m > [22mshould handle multiple patterns in one text[32m 1[2mms[22m[39m
 [32m✓[39m src/__tests__/lib/ai-isolation.real.test.ts[2m > [22mai-isolation - REAL TESTS[2m > [22msanitizeAIOutput[2m > [22mshould preserve non-sensitive text[32m 0[2mms[22m[39m
 [32m✓[39m src/__tests__/lib/ai-isolation.real.test.ts[2m > [22mai-isolation - REAL TESTS[2m > [22mprepareDossierForAI[2m > [22mshould anonymize and return dossier[32m 1[2mms[22m[39m
 [32m✓[39m src/__tests__/lib/ai-isolation.real.test.ts[2m > [22mai-isolation - REAL TESTS[2m > [22mprepareDossierForAI[2m > [22mshould return null for dossier with sensitive data after anonymization[32m 6[2mms[22m[39m
 [32m✓[39m src/__tests__/lib/ai-isolation.real.test.ts[2m > [22mai-isolation - REAL TESTS[2m > [22mAI_CONFIG[2m > [22mshould have max requests per hour[32m 1[2mms[22m[39m
 [32m✓[39m src/__tests__/lib/ai-isolation.real.test.ts[2m > [22mai-isolation - REAL TESTS[2m > [22mAI_CONFIG[2m > [22mshould have max tokens per request[32m 0[2mms[22m[39m
 [32m✓[39m src/__tests__/lib/ai-isolation.real.test.ts[2m > [22mai-isolation - REAL TESTS[2m > [22mAI_CONFIG[2m > [22mshould have timeout in milliseconds[32m 5[2mms[22m[39m
 [32m✓[39m src/__tests__/lib/ai-isolation.real.test.ts[2m > [22mai-isolation - REAL TESTS[2m > [22mAI_CONFIG[2m > [22mshould require human validation[32m 0[2mms[22m[39m
 [32m✓[39m src/__tests__/lib/ai-isolation.real.test.ts[2m > [22mai-isolation - REAL TESTS[2m > [22mAI_CONFIG[2m > [22mshould log all requests[32m 0[2mms[22m[39m
 [32m✓[39m src/__tests__/lib/ai-isolation.real.test.ts[2m > [22mai-isolation - REAL TESTS[2m > [22mIntegration scenarios[2m > [22mshould safely prepare dossier for AI analysis[32m 1[2mms[22m[39m
 [32m✓[39m src/__tests__/lib/ai-isolation.real.test.ts[2m > [22mai-isolation - REAL TESTS[2m > [22mIntegration scenarios[2m > [22mshould tag and sanitize AI output[32m 1[2mms[22m[39m
 [32m✓[39m src/__tests__/types/cesda.real.test.ts[2m > [22mtypes/cesda - Types et constantes CESDA[2m > [22mProcedureType[2m > [22mcontient OQTF[32m 5[2mms[22m[39m
 [32m✓[39m src/__tests__/types/cesda.real.test.ts[2m > [22mtypes/cesda - Types et constantes CESDA[2m > [22mProcedureType[2m > [22mcontient REFUS_TITRE[32m 1[2mms[22m[39m
 [32m✓[39m src/__tests__/types/cesda.real.test.ts[2m > [22mtypes/cesda - Types et constantes CESDA[2m > [22mProcedureType[2m > [22mcontient RETRAIT_TITRE[32m 1[2mms[22m[39m
 [32m✓[39m src/__tests__/types/cesda.real.test.ts[2m > [22mtypes/cesda - Types et constantes CESDA[2m > [22mProcedureType[2m > [22mcontient ASILE[32m 1[2mms[22m[39m
 [32m✓[39m src/__tests__/types/cesda.real.test.ts[2m > [22mtypes/cesda - Types et constantes CESDA[2m > [22mProcedureType[2m > [22mcontient REGROUPEMENT_FAMILIAL[32m 1[2mms[22m[39m
 [32m✓[39m src/__tests__/types/cesda.real.test.ts[2m > [22mtypes/cesda - Types et constantes CESDA[2m > [22mProcedureType[2m > [22mcontient NATURALISATION[32m 0[2mms[22m[39m
 [32m✓[39m src/__tests__/types/cesda.real.test.ts[2m > [22mtypes/cesda - Types et constantes CESDA[2m > [22mProcedureType[2m > [22ma 6 types de procédures[32m 1[2mms[22m[39m
 [32m✓[39m src/__tests__/types/cesda.real.test.ts[2m > [22mtypes/cesda - Types et constantes CESDA[2m > [22mPROCEDURE_LABELS[2m > [22mcontient un label pour chaque type[32m 2[2mms[22m[39m
 [32m✓[39m src/__tests__/types/cesda.real.test.ts[2m > [22mtypes/cesda - Types et constantes CESDA[2m > [22mPROCEDURE_LABELS[2m > [22mOQTF label contient "OQTF"[32m 2[2mms[22m[39m
 [32m✓[39m src/__tests__/types/cesda.real.test.ts[2m > [22mtypes/cesda - Types et constantes CESDA[2m > [22mPROCEDURE_LABELS[2m > [22mASILE label contient "Asile"[32m 1[2mms[22m[39m
 [32m✓[39m src/__tests__/types/cesda.real.test.ts[2m > [22mtypes/cesda - Types et constantes CESDA[2m > [22mPROCEDURE_LABELS[2m > [22mNATURALISATION label contient "Naturalisation"[32m 2[2mms[22m[39m
 [32m✓[39m src/__tests__/types/cesda.real.test.ts[2m > [22mtypes/cesda - Types et constantes CESDA[2m > [22mPROCEDURE_COLORS[2m > [22mcontient une couleur pour chaque type[32m 2[2mms[22m[39m
 [32m✓[39m src/__tests__/types/cesda.real.test.ts[2m > [22mtypes/cesda - Types et constantes CESDA[2m > [22mPROCEDURE_COLORS[2m > [22mOQTF a une couleur rouge[32m 1[2mms[22m[39m
 [32m✓[39m src/__tests__/types/cesda.real.test.ts[2m > [22mtypes/cesda - Types et constantes CESDA[2m > [22mPROCEDURE_COLORS[2m > [22mtoutes les couleurs sont des hex valides[32m 5[2mms[22m[39m
 [32m✓[39m src/__tests__/types/cesda.real.test.ts[2m > [22mtypes/cesda - Types et constantes CESDA[2m > [22mWorkspaceStatus[2m > [22mcontient ACTIVE[32m 1[2mms[22m[39m
 [32m✓[39m src/__tests__/types/cesda.real.test.ts[2m > [22mtypes/cesda - Types et constantes CESDA[2m > [22mWorkspaceStatus[2m > [22mcontient PENDING[32m 0[2mms[22m[39m
 [32m✓[39m src/__tests__/types/cesda.real.test.ts[2m > [22mtypes/cesda - Types et constantes CESDA[2m > [22mWorkspaceStatus[2m > [22mcontient CLOSED[32m 0[2mms[22m[39m
 [32m✓[39m src/__tests__/types/cesda.real.test.ts[2m > [22mtypes/cesda - Types et constantes CESDA[2m > [22mWorkspaceStatus[2m > [22mcontient ARCHIVED[32m 0[2mms[22m[39m
 [32m✓[39m src/__tests__/types/cesda.real.test.ts[2m > [22mtypes/cesda - Types et constantes CESDA[2m > [22mWorkspaceStatus[2m > [22ma 4 statuts[32m 0[2mms[22m[39m
 [32m✓[39m src/__tests__/types/cesda.real.test.ts[2m > [22mtypes/cesda - Types et constantes CESDA[2m > [22mUrgencyLevel[2m > [22mcontient FAIBLE[32m 1[2mms[22m[39m
 [32m✓[39m src/__tests__/types/cesda.real.test.ts[2m > [22mtypes/cesda - Types et constantes CESDA[2m > [22mUrgencyLevel[2m > [22mcontient MOYEN[32m 4[2mms[22m[39m
 [32m✓[39m src/__tests__/types/cesda.real.test.ts[2m > [22mtypes/cesda - Types et constantes CESDA[2m > [22mUrgencyLevel[2m > [22mcontient ELEVE[32m 0[2mms[22m[39m
 [32m✓[39m src/__tests__/types/cesda.real.test.ts[2m > [22mtypes/cesda - Types et constantes CESDA[2m > [22mUrgencyLevel[2m > [22mcontient CRITIQUE[32m 0[2mms[22m[39m
 [32m✓[39m src/__tests__/types/cesda.real.test.ts[2m > [22mtypes/cesda - Types et constantes CESDA[2m > [22mUrgencyLevel[2m > [22ma 4 niveaux[32m 0[2mms[22m[39m
 [32m✓[39m src/__tests__/types/cesda.real.test.ts[2m > [22mtypes/cesda - Types et constantes CESDA[2m > [22mURGENCY_COLORS[2m > [22mcontient une couleur pour chaque niveau[32m 1[2mms[22m[39m
 [32m✓[39m src/__tests__/types/cesda.real.test.ts[2m > [22mtypes/cesda - Types et constantes CESDA[2m > [22mURGENCY_COLORS[2m > [22mCRITIQUE a une couleur rouge[32m 0[2mms[22m[39m
 [32m✓[39m src/__tests__/types/cesda.real.test.ts[2m > [22mtypes/cesda - Types et constantes CESDA[2m > [22mURGENCY_COLORS[2m > [22mFAIBLE a une couleur verte[32m 0[2mms[22m[39m
 [32m✓[39m src/__tests__/types/cesda.real.test.ts[2m > [22mtypes/cesda - Types et constantes CESDA[2m > [22mURGENCY_COLORS[2m > [22mtoutes les couleurs sont des hex valides[32m 1[2mms[22m[39m
 [32m✓[39m src/__tests__/types/cesda.real.test.ts[2m > [22mtypes/cesda - Types et constantes CESDA[2m > [22mDocumentType[2m > [22mcontient DECISION_ADMINISTRATIVE[32m 0[2mms[22m[39m
 [32m✓[39m src/__tests__/types/cesda.real.test.ts[2m > [22mtypes/cesda - Types et constantes CESDA[2m > [22mDocumentType[2m > [22mcontient PASSEPORT[32m 2[2mms[22m[39m
 [32m✓[39m src/__tests__/types/cesda.real.test.ts[2m > [22mtypes/cesda - Types et constantes CESDA[2m > [22mDocumentType[2m > [22mcontient JUSTIFICATIF_DOMICILE[32m 1[2mms[22m[39m
 [32m✓[39m src/__tests__/types/cesda.real.test.ts[2m > [22mtypes/cesda - Types et constantes CESDA[2m > [22mDocumentType[2m > [22mcontient AUTRE[32m 0[2mms[22m[39m
 [32m✓[39m src/__tests__/types/cesda.real.test.ts[2m > [22mtypes/cesda - Types et constantes CESDA[2m > [22mDocumentType[2m > [22ma au moins 10 types de documents[32m 1[2mms[22m[39m
 [32m✓[39m src/__tests__/types/cesda.real.test.ts[2m > [22mtypes/cesda - Types et constantes CESDA[2m > [22mChecklistCategory[2m > [22mcontient VERIFICATIONS[32m 0[2mms[22m[39m
 [32m✓[39m src/__tests__/types/cesda.real.test.ts[2m > [22mtypes/cesda - Types et constantes CESDA[2m > [22mChecklistCategory[2m > [22mcontient PIECES[32m 0[2mms[22m[39m
 [32m✓[39m src/__tests__/types/cesda.real.test.ts[2m > [22mtypes/cesda - Types et constantes CESDA[2m > [22mChecklistCategory[2m > [22mcontient ACTIONS[32m 1[2mms[22m[39m
 [32m✓[39m src/__tests__/types/cesda.real.test.ts[2m > [22mtypes/cesda - Types et constantes CESDA[2m > [22mChecklistCategory[2m > [22ma 3 catégories[32m 2[2mms[22m[39m
 [32m✓[39m src/__tests__/types/cesda.real.test.ts[2m > [22mtypes/cesda - Types et constantes CESDA[2m > [22mAlertLevel[2m > [22mcontient INFO[32m 1[2mms[22m[39m
 [32m✓[39m src/__tests__/types/cesda.real.test.ts[2m > [22mtypes/cesda - Types et constantes CESDA[2m > [22mAlertLevel[2m > [22mcontient WARNING[32m 1[2mms[22m[39m
 [32m✓[39m src/__tests__/types/cesda.real.test.ts[2m > [22mtypes/cesda - Types et constantes CESDA[2m > [22mAlertLevel[2m > [22mcontient CRITICAL[32m 0[2mms[22m[39m
 [32m✓[39m src/__tests__/types/cesda.real.test.ts[2m > [22mtypes/cesda - Types et constantes CESDA[2m > [22mAlertLevel[2m > [22ma 3 niveaux[32m 1[2mms[22m[39m
 [32m✓[39m src/__tests__/types/cesda.real.test.ts[2m > [22mtypes/cesda - Types et constantes CESDA[2m > [22mTimelineEventType[2m > [22mcontient CREATED[32m 1[2mms[22m[39m
 [32m✓[39m src/__tests__/types/cesda.real.test.ts[2m > [22mtypes/cesda - Types et constantes CESDA[2m > [22mTimelineEventType[2m > [22mcontient DOCUMENT_ADDED[32m 0[2mms[22m[39m
 [32m✓[39m src/__tests__/types/cesda.real.test.ts[2m > [22mtypes/cesda - Types et constantes CESDA[2m > [22mTimelineEventType[2m > [22mcontient AI_SUGGESTION[32m 0[2mms[22m[39m
 [32m✓[39m src/__tests__/types/cesda.real.test.ts[2m > [22mtypes/cesda - Types et constantes CESDA[2m > [22mTimelineEventType[2m > [22mcontient HUMAN_VALIDATION[32m 0[2mms[22m[39m
 [32m✓[39m src/__tests__/types/cesda.real.test.ts[2m > [22mtypes/cesda - Types et constantes CESDA[2m > [22mTimelineEventType[2m > [22ma au moins 10 types d'événements[32m 0[2mms[22m[39m
 [32m✓[39m src/__tests__/types/cesda.real.test.ts[2m > [22mtypes/cesda - Types et constantes CESDA[2m > [22mActorType[2m > [22mcontient USER[32m 1[2mms[22m[39m
 [32m✓[39m src/__tests__/types/cesda.real.test.ts[2m > [22mtypes/cesda - Types et constantes CESDA[2m > [22mActorType[2m > [22mcontient AI[32m 0[2mms[22m[39m
 [32m✓[39m src/__tests__/types/cesda.real.test.ts[2m > [22mtypes/cesda - Types et constantes CESDA[2m > [22mActorType[2m > [22mcontient SYSTEM[32m 0[2mms[22m[39m
 [32m✓[39m src/__tests__/types/cesda.real.test.ts[2m > [22mtypes/cesda - Types et constantes CESDA[2m > [22mActorType[2m > [22ma 3 types d'acteurs[32m 0[2mms[22m[39m
 [32m✓[39m src/__tests__/types/cesda.real.test.ts[2m > [22mtypes/cesda - Types et constantes CESDA[2m > [22mDraftType[2m > [22mcontient RECOURS_CONTENTIEUX[32m 1[2mms[22m[39m
 [32m✓[39m src/__tests__/types/cesda.real.test.ts[2m > [22mtypes/cesda - Types et constantes CESDA[2m > [22mDraftType[2m > [22mcontient RECOURS_GRACIEUX[32m 0[2mms[22m[39m
 [32m✓[39m src/__tests__/types/cesda.real.test.ts[2m > [22mtypes/cesda - Types et constantes CESDA[2m > [22mDraftType[2m > [22mcontient MEMOIRE[32m 1[2mms[22m[39m
 [32m✓[39m src/__tests__/types/cesda.real.test.ts[2m > [22mtypes/cesda - Types et constantes CESDA[2m > [22mDraftType[2m > [22ma au moins 5 types de brouillons[32m 0[2mms[22m[39m
 [32m✓[39m src/__tests__/types/cesda.real.test.ts[2m > [22mtypes/cesda - Types et constantes CESDA[2m > [22mDraftStatus[2m > [22mcontient DRAFT[32m 0[2mms[22m[39m
 [32m✓[39m src/__tests__/types/cesda.real.test.ts[2m > [22mtypes/cesda - Types et constantes CESDA[2m > [22mDraftStatus[2m > [22mcontient REVIEWED[32m 0[2mms[22m[39m
 [32m✓[39m src/__tests__/types/cesda.real.test.ts[2m > [22mtypes/cesda - Types et constantes CESDA[2m > [22mDraftStatus[2m > [22mcontient APPROVED[32m 0[2mms[22m[39m
 [32m✓[39m src/__tests__/types/cesda.real.test.ts[2m > [22mtypes/cesda - Types et constantes CESDA[2m > [22mDraftStatus[2m > [22mcontient REJECTED[32m 0[2mms[22m[39m
 [32m✓[39m src/__tests__/types/cesda.real.test.ts[2m > [22mtypes/cesda - Types et constantes CESDA[2m > [22mDraftStatus[2m > [22ma 4 statuts[32m 0[2mms[22m[39m
 [32m✓[39m src/__tests__/types/cesda.real.test.ts[2m > [22mtypes/cesda - Types et constantes CESDA[2m > [22mAlertType[2m > [22mcontient DEADLINE_CRITICAL[32m 0[2mms[22m[39m
 [32m✓[39m src/__tests__/types/cesda.real.test.ts[2m > [22mtypes/cesda - Types et constantes CESDA[2m > [22mAlertType[2m > [22mcontient DOCUMENT_MISSING[32m 1[2mms[22m[39m
 [32m✓[39m src/__tests__/types/cesda.real.test.ts[2m > [22mtypes/cesda - Types et constantes CESDA[2m > [22mAlertType[2m > [22mcontient AI_LOW_CONFIDENCE[32m 1[2mms[22m[39m
 [32m✓[39m src/__tests__/types/cesda.real.test.ts[2m > [22mtypes/cesda - Types et constantes CESDA[2m > [22mAlertType[2m > [22ma au moins 5 types d'alertes[32m 1[2mms[22m[39m
 [32m✓[39m src/__tests__/types/cesda.real.test.ts[2m > [22mtypes/cesda - Types et constantes CESDA[2m > [22mSTANDARD_DEADLINES[2m > [22mcontient OQTF_SANS_DELAI[32m 1[2mms[22m[39m
 [32m✓[39m src/__tests__/types/cesda.real.test.ts[2m > [22mtypes/cesda - Types et constantes CESDA[2m > [22mSTANDARD_DEADLINES[2m > [22mcontient OQTF_AVEC_DELAI[32m 1[2mms[22m[39m
 [32m✓[39m src/__tests__/types/cesda.real.test.ts[2m > [22mtypes/cesda - Types et constantes CESDA[2m > [22mSTANDARD_DEADLINES[2m > [22mcontient REFUS_TITRE[32m 1[2mms[22m[39m
 [32m✓[39m src/__tests__/types/cesda.real.test.ts[2m > [22mtypes/cesda - Types et constantes CESDA[2m > [22mSTANDARD_DEADLINES[2m > [22mcontient ASILE_CNDA[32m 1[2mms[22m[39m
 [32m✓[39m src/__tests__/types/cesda.real.test.ts[2m > [22mtypes/cesda - Types et constantes CESDA[2m > [22mSTANDARD_DEADLINES[2m > [22mtous les délais ont calculateFrom[32m 3[2mms[22m[39m
 [32m✓[39m src/__tests__/types/cesda.real.test.ts[2m > [22mtypes/cesda - Types et constantes CESDA[2m > [22mSTANDARD_DEADLINES[2m > [22mtous les délais ont workingDays défini[32m 1[2mms[22m[39m
 [32m✓[39m src/__tests__/types/cesda.real.test.ts[2m > [22mtypes/cesda - Types et constantes CESDA[2m > [22mCHECKLIST_TEMPLATES[2m > [22mcontient un template pour OQTF[32m 1[2mms[22m[39m
 [32m✓[39m src/__tests__/types/cesda.real.test.ts[2m > [22mtypes/cesda - Types et constantes CESDA[2m > [22mCHECKLIST_TEMPLATES[2m > [22mles templates ont des items[32m 4[2mms[22m[39m
 [32m✓[39m src/__tests__/types/cesda.real.test.ts[2m > [22mtypes/cesda - Types et constantes CESDA[2m > [22mCHECKLIST_TEMPLATES[2m > [22mles items ont les propriétés requises[32m 2[2mms[22m[39m
 [32m✓[39m src/__tests__/types/cesda.real.test.ts[2m > [22mtypes/cesda - Types et constantes CESDA[2m > [22mCHECKLIST_TEMPLATES[2m > [22mles items utilisent les catégories valides[32m 8[2mms[22m[39m
[90mstdout[2m | src/__tests__/domain/workflows.test.ts
[22m[39m◇ injected env (9) from .env.test // tip: ⌘ suppress logs { quiet: true }

[90mstdout[2m | src/__tests__/lib/reasoning/prompts.real.test.ts
[22m[39m◇ injected env (9) from .env.test // tip: ⌁ auth for agents [www.vestauth.com]

 [32m✓[39m src/__tests__/domain/workflows.test.ts[2m > [22mWorkflows[2m > [22mWorkflow States[2m > [22mdevrait avoir 7 états[32m 7[2mms[22m[39m
 [32m✓[39m src/__tests__/domain/workflows.test.ts[2m > [22mWorkflows[2m > [22mWorkflow States[2m > [22mdevrait commencer par PENDING[32m 1[2mms[22m[39m
 [32m✓[39m src/__tests__/domain/workflows.test.ts[2m > [22mWorkflows[2m > [22mWorkflow States[2m > [22mdevrait finir par CANCELLED[32m 1[2mms[22m[39m
 [32m✓[39m src/__tests__/domain/workflows.test.ts[2m > [22mWorkflows[2m > [22mWorkflow Transitions[2m > [22mdevrait permettre PENDING -> IN_PROGRESS[32m 1[2mms[22m[39m
 [32m✓[39m src/__tests__/domain/workflows.test.ts[2m > [22mWorkflows[2m > [22mWorkflow Transitions[2m > [22mdevrait interdire PENDING -> COMPLETED[32m 1[2mms[22m[39m
 [32m✓[39m src/__tests__/domain/workflows.test.ts[2m > [22mWorkflows[2m > [22mWorkflow Transitions[2m > [22mCOMPLETED ne devrait avoir aucune transition[32m 1[2mms[22m[39m
 [32m✓[39m src/__tests__/domain/workflows.test.ts[2m > [22mWorkflows[2m > [22mWorkflow Actions[2m > [22mdevrait avoir 6 actions[32m 1[2mms[22m[39m
 [32m✓[39m src/__tests__/domain/workflows.test.ts[2m > [22mWorkflows[2m > [22mWorkflow Actions[2m > [22mSTART devrait passer de PENDING à IN_PROGRESS[32m 1[2mms[22m[39m
 [32m✓[39m src/__tests__/domain/workflows.test.ts[2m > [22mWorkflows[2m > [22mWorkflow Actions[2m > [22mCANCEL devrait être disponible depuis tous les états[32m 2[2mms[22m[39m
 [32m✓[39m src/__tests__/domain/workflows.test.ts[2m > [22mWorkflows[2m > [22mWorkflow Types[2m > [22mdevrait avoir 5 types de workflow[32m 4[2mms[22m[39m
 [32m✓[39m src/__tests__/domain/workflows.test.ts[2m > [22mWorkflows[2m > [22mWorkflow Types[2m > [22mdevrait inclure DOSSIER_CREATION[32m 2[2mms[22m[39m
 [32m✓[39m src/__tests__/domain/workflows.test.ts[2m > [22mWorkflows[2m > [22mWorkflow Types[2m > [22mdevrait inclure RECOURS_SUBMISSION[32m 1[2mms[22m[39m
 [32m✓[39m src/__tests__/domain/workflows.test.ts[2m > [22mWorkflows[2m > [22mWorkflow History[2m > [22mdevrait tracker l'historique[32m 6[2mms[22m[39m
 [32m✓[39m src/__tests__/domain/workflows.test.ts[2m > [22mWorkflows[2m > [22mWorkflow History[2m > [22mdevrait avoir le bon ordre des transitions[32m 1[2mms[22m[39m
 [32m✓[39m src/__tests__/domain/workflows.test.ts[2m > [22mWorkflows[2m > [22mWorkflow Permissions[2m > [22mADMIN devrait pouvoir tout faire[32m 1[2mms[22m[39m
 [32m✓[39m src/__tests__/domain/workflows.test.ts[2m > [22mWorkflows[2m > [22mWorkflow Permissions[2m > [22mCOLLABORATEUR ne devrait pas pouvoir APPROVE[32m 0[2mms[22m[39m
 [32m✓[39m src/__tests__/domain/workflows.test.ts[2m > [22mWorkflows[2m > [22mWorkflow Permissions[2m > [22mAVOCAT devrait pouvoir APPROVE[32m 0[2mms[22m[39m
 [32m✓[39m src/__tests__/domain/workflows.test.ts[2m > [22mAutomated Actions[2m > [22mTrigger Types[2m > [22mdevrait avoir 5 types de triggers[32m 1[2mms[22m[39m
 [32m✓[39m src/__tests__/domain/workflows.test.ts[2m > [22mAutomated Actions[2m > [22mAction Execution[2m > [22mdevrait avoir 2 actions actives[32m 4[2mms[22m[39m
 [32m✓[39m src/__tests__/domain/workflows.test.ts[2m > [22mWorkflow Metrics[2m > [22mdevrait calculer le temps moyen[32m 1[2mms[22m[39m
 [32m✓[39m src/__tests__/domain/workflows.test.ts[2m > [22mWorkflow Metrics[2m > [22mdevrait retourner 0 pour liste vide[32m 0[2mms[22m[39m
 [32m✓[39m src/__tests__/lib/reasoning/prompts.real.test.ts[2m > [22mreasoning/prompts - REAL TESTS[2m > [22mSYSTEM_BASE_PROMPT[2m > [22mshould be defined[32m 5[2mms[22m[39m
 [32m✓[39m src/__tests__/lib/reasoning/prompts.real.test.ts[2m > [22mreasoning/prompts - REAL TESTS[2m > [22mSYSTEM_BASE_PROMPT[2m > [22mshould mention CESEDA[32m 1[2mms[22m[39m
 [32m✓[39m src/__tests__/lib/reasoning/prompts.real.test.ts[2m > [22mreasoning/prompts - REAL TESTS[2m > [22mSYSTEM_BASE_PROMPT[2m > [22mshould mention droit des étrangers[32m 1[2mms[22m[39m
 [32m✓[39m src/__tests__/lib/reasoning/prompts.real.test.ts[2m > [22mreasoning/prompts - REAL TESTS[2m > [22mSYSTEM_BASE_PROMPT[2m > [22mshould mention JSON format[32m 1[2mms[22m[39m
 [32m✓[39m src/__tests__/lib/reasoning/prompts.real.test.ts[2m > [22mreasoning/prompts - REAL TESTS[2m > [22mSYSTEM_BASE_PROMPT[2m > [22mshould mention human decision[32m 1[2mms[22m[39m
 [32m✓[39m src/__tests__/lib/reasoning/prompts.real.test.ts[2m > [22mreasoning/prompts - REAL TESTS[2m > [22mSYSTEM_BASE_PROMPT[2m > [22mshould mention confidence level[32m 1[2mms[22m[39m
 [32m✓[39m src/__tests__/lib/reasoning/prompts.real.test.ts[2m > [22mreasoning/prompts - REAL TESTS[2m > [22mSYSTEM_BASE_PROMPT[2m > [22mshould have absolute rules[32m 1[2mms[22m[39m
 [32m✓[39m src/__tests__/lib/reasoning/prompts.real.test.ts[2m > [22mreasoning/prompts - REAL TESTS[2m > [22mEXTRACT_FACTS_PROMPT[2m > [22mshould be defined[32m 1[2mms[22m[39m
 [32m✓[39m src/__tests__/lib/reasoning/prompts.real.test.ts[2m > [22mreasoning/prompts - REAL TESTS[2m > [22mEXTRACT_FACTS_PROMPT[2m > [22mshould include base prompt[32m 2[2mms[22m[39m
 [32m✓[39m src/__tests__/lib/reasoning/prompts.real.test.ts[2m > [22mreasoning/prompts - REAL TESTS[2m > [22mEXTRACT_FACTS_PROMPT[2m > [22mshould mention FACTS_EXTRACTED state[32m 2[2mms[22m[39m
 [32m✓[39m src/__tests__/lib/reasoning/prompts.real.test.ts[2m > [22mreasoning/prompts - REAL TESTS[2m > [22mEXTRACT_FACTS_PROMPT[2m > [22mshould have sourceRaw placeholder[32m 1[2mms[22m[39m
 [32m✓[39m src/__tests__/lib/reasoning/prompts.real.test.ts[2m > [22mreasoning/prompts - REAL TESTS[2m > [22mEXTRACT_FACTS_PROMPT[2m > [22mshould define source types[32m 1[2mms[22m[39m
 [32m✓[39m src/__tests__/lib/reasoning/prompts.real.test.ts[2m > [22mreasoning/prompts - REAL TESTS[2m > [22mEXTRACT_FACTS_PROMPT[2m > [22mshould require JSON format with facts array[32m 1[2mms[22m[39m
 [32m✓[39m src/__tests__/lib/reasoning/prompts.real.test.ts[2m > [22mreasoning/prompts - REAL TESTS[2m > [22mEXTRACT_FACTS_PROMPT[2m > [22mshould require traces field[32m 1[2mms[22m[39m
 [32m✓[39m src/__tests__/lib/reasoning/prompts.real.test.ts[2m > [22mreasoning/prompts - REAL TESTS[2m > [22mEXTRACT_FACTS_PROMPT[2m > [22mshould require uncertaintyLevel[32m 1[2mms[22m[39m
 [32m✓[39m src/__tests__/lib/reasoning/prompts.real.test.ts[2m > [22mreasoning/prompts - REAL TESTS[2m > [22mIDENTIFY_CONTEXT_PROMPT[2m > [22mshould be defined[32m 1[2mms[22m[39m
 [32m✓[39m src/__tests__/lib/reasoning/prompts.real.test.ts[2m > [22mreasoning/prompts - REAL TESTS[2m > [22mIDENTIFY_CONTEXT_PROMPT[2m > [22mshould mention CONTEXT_IDENTIFIED state[32m 1[2mms[22m[39m
 [32m✓[39m src/__tests__/lib/reasoning/prompts.real.test.ts[2m > [22mreasoning/prompts - REAL TESTS[2m > [22mIDENTIFY_CONTEXT_PROMPT[2m > [22mshould define context types[32m 1[2mms[22m[39m
 [32m✓[39m src/__tests__/lib/reasoning/prompts.real.test.ts[2m > [22mreasoning/prompts - REAL TESTS[2m > [22mIDENTIFY_CONTEXT_PROMPT[2m > [22mshould define certainty levels[32m 2[2mms[22m[39m
 [32m✓[39m src/__tests__/lib/reasoning/prompts.real.test.ts[2m > [22mreasoning/prompts - REAL TESTS[2m > [22mIDENTIFY_CONTEXT_PROMPT[2m > [22mshould have facts placeholder[32m 1[2mms[22m[39m
 [32m✓[39m src/__tests__/lib/reasoning/prompts.real.test.ts[2m > [22mreasoning/prompts - REAL TESTS[2m > [22mDEDUCE_OBLIGATIONS_PROMPT[2m > [22mshould be defined[32m 1[2mms[22m[39m
 [32m✓[39m src/__tests__/lib/reasoning/prompts.real.test.ts[2m > [22mreasoning/prompts - REAL TESTS[2m > [22mDEDUCE_OBLIGATIONS_PROMPT[2m > [22mshould mention OBLIGATIONS_DEDUCED state[32m 0[2mms[22m[39m
 [32m✓[39m src/__tests__/lib/reasoning/prompts.real.test.ts[2m > [22mreasoning/prompts - REAL TESTS[2m > [22mDEDUCE_OBLIGATIONS_PROMPT[2m > [22mshould mention contextId[32m 0[2mms[22m[39m
 [32m✓[39m src/__tests__/lib/reasoning/prompts.real.test.ts[2m > [22mreasoning/prompts - REAL TESTS[2m > [22mDEDUCE_OBLIGATIONS_PROMPT[2m > [22mshould mention mandatory field[32m 0[2mms[22m[39m
 [32m✓[39m src/__tests__/lib/reasoning/prompts.real.test.ts[2m > [22mreasoning/prompts - REAL TESTS[2m > [22mIDENTIFY_MISSING_PROMPT[2m > [22mshould be defined[32m 0[2mms[22m[39m
 [32m✓[39m src/__tests__/lib/reasoning/prompts.real.test.ts[2m > [22mreasoning/prompts - REAL TESTS[2m > [22mIDENTIFY_MISSING_PROMPT[2m > [22mshould mention missing information[32m 2[2mms[22m[39m
 [32m✓[39m src/__tests__/lib/reasoning/prompts.real.test.ts[2m > [22mreasoning/prompts - REAL TESTS[2m > [22mEVALUATE_RISKS_PROMPT[2m > [22mshould be defined[32m 1[2mms[22m[39m
 [32m✓[39m src/__tests__/lib/reasoning/prompts.real.test.ts[2m > [22mreasoning/prompts - REAL TESTS[2m > [22mEVALUATE_RISKS_PROMPT[2m > [22mshould mention risks[32m 1[2mms[22m[39m
 [32m✓[39m src/__tests__/lib/reasoning/prompts.real.test.ts[2m > [22mreasoning/prompts - REAL TESTS[2m > [22mPROPOSE_ACTIONS_PROMPT[2m > [22mshould be defined[32m 3[2mms[22m[39m
 [32m✓[39m src/__tests__/lib/reasoning/prompts.real.test.ts[2m > [22mreasoning/prompts - REAL TESTS[2m > [22mPROPOSE_ACTIONS_PROMPT[2m > [22mshould mention actions[32m 1[2mms[22m[39m
 [32m✓[39m src/__tests__/lib/reasoning/prompts.real.test.ts[2m > [22mreasoning/prompts - REAL TESTS[2m > [22mVALIDATE_READY_PROMPT[2m > [22mshould be defined[32m 1[2mms[22m[39m
 [32m✓[39m src/__tests__/lib/reasoning/prompts.real.test.ts[2m > [22mreasoning/prompts - REAL TESTS[2m > [22mVALIDATE_READY_PROMPT[2m > [22mshould be for validation phase[32m 1[2mms[22m[39m
 [32m✓[39m src/__tests__/lib/reasoning/prompts.real.test.ts[2m > [22mreasoning/prompts - REAL TESTS[2m > [22mAll prompts structure[2m > [22mshould all be strings[32m 1[2mms[22m[39m
 [32m✓[39m src/__tests__/lib/reasoning/prompts.real.test.ts[2m > [22mreasoning/prompts - REAL TESTS[2m > [22mAll prompts structure[2m > [22mshould all have significant length[32m 1[2mms[22m[39m
 [32m✓[39m src/__tests__/lib/reasoning/prompts.real.test.ts[2m > [22mreasoning/prompts - REAL TESTS[2m > [22mAll prompts structure[2m > [22mshould all require JSON format[32m 1[2mms[22m[39m
 [32m✓[39m src/__tests__/lib/reasoning/prompts.real.test.ts[2m > [22mreasoning/prompts - REAL TESTS[2m > [22mAll prompts structure[2m > [22mshould all include the base system prompt[32m 1[2mms[22m[39m
[90mstdout[2m | src/__tests__/services/semanticSearchService.test.ts
[22m[39m◇ injected env (9) from .env.test // tip: ⌘ suppress logs { quiet: true }

 [32m✓[39m src/__tests__/services/semanticSearchService.test.ts[2m > [22mSemantic Search Service[2m > [22mSemanticSearchResult Interface[2m > [22mdevrait avoir la structure correcte[32m 6[2mms[22m[39m
 [32m✓[39m src/__tests__/services/semanticSearchService.test.ts[2m > [22mSemantic Search Service[2m > [22mSimilarity Calculation[2m > [22mdevrait retourner 1 pour vecteurs identiques[32m 1[2mms[22m[39m
 [32m✓[39m src/__tests__/services/semanticSearchService.test.ts[2m > [22mSemantic Search Service[2m > [22mSimilarity Calculation[2m > [22mdevrait retourner 0 pour vecteurs orthogonaux[32m 1[2mms[22m[39m
 [32m✓[39m src/__tests__/services/semanticSearchService.test.ts[2m > [22mSemantic Search Service[2m > [22mSimilarity Calculation[2m > [22mdevrait gérer les longueurs différentes[32m 1[2mms[22m[39m
 [32m✓[39m src/__tests__/services/semanticSearchService.test.ts[2m > [22mSemantic Search Service[2m > [22mSimilarity Calculation[2m > [22mdevrait gérer les vecteurs nuls[32m 1[2mms[22m[39m
 [32m✓[39m src/__tests__/services/semanticSearchService.test.ts[2m > [22mSemantic Search Service[2m > [22mFallback Embedding[2m > [22mdevrait générer un vecteur de la bonne taille[32m 3[2mms[22m[39m
 [32m✓[39m src/__tests__/services/semanticSearchService.test.ts[2m > [22mSemantic Search Service[2m > [22mFallback Embedding[2m > [22mdevrait normaliser le vecteur[32m 1[2mms[22m[39m
 [32m✓[39m src/__tests__/services/semanticSearchService.test.ts[2m > [22mSemantic Search Service[2m > [22mFallback Embedding[2m > [22mdevrait être déterministe[32m 4[2mms[22m[39m
 [32m✓[39m src/__tests__/services/semanticSearchService.test.ts[2m > [22mSemantic Search Service[2m > [22mFallback Embedding[2m > [22mdevrait différencier les textes[32m 3[2mms[22m[39m
 [32m✓[39m src/__tests__/services/semanticSearchService.test.ts[2m > [22mSemantic Search Service[2m > [22mSearch Query Preparation[2m > [22mdevrait normaliser les espaces[32m 1[2mms[22m[39m
 [32m✓[39m src/__tests__/services/semanticSearchService.test.ts[2m > [22mSemantic Search Service[2m > [22mSearch Query Preparation[2m > [22mdevrait mettre en minuscules[32m 1[2mms[22m[39m
 [32m✓[39m src/__tests__/services/semanticSearchService.test.ts[2m > [22mSemantic Search Service[2m > [22mSearch Query Preparation[2m > [22mdevrait limiter la longueur[32m 1[2mms[22m[39m
 [32m✓[39m src/__tests__/services/semanticSearchService.test.ts[2m > [22mSemantic Search Service[2m > [22mResult Filtering[2m > [22mdevrait filtrer par seuil de similarité[32m 1[2mms[22m[39m
 [32m✓[39m src/__tests__/services/semanticSearchService.test.ts[2m > [22mSemantic Search Service[2m > [22mResult Filtering[2m > [22mdevrait retourner vide si aucun résultat au-dessus du seuil[32m 4[2mms[22m[39m
 [32m✓[39m src/__tests__/services/semanticSearchService.test.ts[2m > [22mSemantic Search Service[2m > [22mResult Sorting[2m > [22mdevrait trier par similarité décroissante[32m 1[2mms[22m[39m
 [32m✓[39m src/__tests__/services/semanticSearchService.test.ts[2m > [22mSemantic Search Service[2m > [22mText Normalization for Embedding[2m > [22mdevrait supprimer les accents[32m 3[2mms[22m[39m
 [32m✓[39m src/__tests__/services/semanticSearchService.test.ts[2m > [22mSemantic Search Service[2m > [22mText Normalization for Embedding[2m > [22mdevrait remplacer la ponctuation[32m 1[2mms[22m[39m
 [32m✓[39m src/__tests__/services/semanticSearchService.test.ts[2m > [22mSemantic Search Service[2m > [22mDossier Text Composition[2m > [22mdevrait composer le texte du dossier[32m 1[2mms[22m[39m
 [32m✓[39m src/__tests__/services/semanticSearchService.test.ts[2m > [22mSemantic Search Service[2m > [22mSimilarity Threshold Levels[2m > [22mdevrait qualifier la similarité correctement[32m 1[2mms[22m[39m
 [32m✓[39m src/__tests__/services/semanticSearchService.test.ts[2m > [22mSemantic Search Service[2m > [22mEmbedding Cache Key[2m > [22mdevrait générer une clé unique[32m 1[2mms[22m[39m
 [32m✓[39m src/__tests__/services/semanticSearchService.test.ts[2m > [22mSemantic Search Service[2m > [22mEmbedding Cache Key[2m > [22mdevrait inclure le modèle[32m 1[2mms[22m[39m
[90mstdout[2m | src/__tests__/domain/preferences.test.ts
[22m[39m◇ injected env (9) from .env.test // tip: ⌁ auth for agents [www.vestauth.com]

[90mstdout[2m | src/__tests__/lib/multichannel/multichannel.real.test.ts
[22m[39m◇ injected env (9) from .env.test // tip: ⌘ override existing { override: true }

 [32m✓[39m src/__tests__/domain/preferences.test.ts[2m > [22mUser Preferences[2m > [22mTheme Settings[2m > [22mdevrait valider un thème valide[32m 13[2mms[22m[39m
 [32m✓[39m src/__tests__/domain/preferences.test.ts[2m > [22mUser Preferences[2m > [22mTheme Settings[2m > [22mdevrait rejeter un thème invalide[32m 1[2mms[22m[39m
 [32m✓[39m src/__tests__/domain/preferences.test.ts[2m > [22mUser Preferences[2m > [22mTheme Settings[2m > [22mdevrait résoudre le thème système[32m 5[2mms[22m[39m
 [32m✓[39m src/__tests__/domain/preferences.test.ts[2m > [22mUser Preferences[2m > [22mTheme Settings[2m > [22mdevrait retourner le thème explicite[32m 1[2mms[22m[39m
 [32m✓[39m src/__tests__/domain/preferences.test.ts[2m > [22mUser Preferences[2m > [22mLanguage Settings[2m > [22mdevrait supporter le français[32m 3[2mms[22m[39m
 [32m✓[39m src/__tests__/domain/preferences.test.ts[2m > [22mUser Preferences[2m > [22mLanguage Settings[2m > [22mdevrait supporter l'anglais[32m 1[2mms[22m[39m
 [32m✓[39m src/__tests__/domain/preferences.test.ts[2m > [22mUser Preferences[2m > [22mLanguage Settings[2m > [22mne devrait pas supporter le klingon[32m 1[2mms[22m[39m
 [32m✓[39m src/__tests__/domain/preferences.test.ts[2m > [22mUser Preferences[2m > [22mLanguage Settings[2m > [22mdevrait avoir le français par défaut[32m 2[2mms[22m[39m
 [32m✓[39m src/__tests__/domain/preferences.test.ts[2m > [22mUser Preferences[2m > [22mNotification Preferences[2m > [22mdevrait avoir les valeurs par défaut[32m 1[2mms[22m[39m
 [32m✓[39m src/__tests__/domain/preferences.test.ts[2m > [22mUser Preferences[2m > [22mNotification Preferences[2m > [22mdevrait fusionner les préférences[32m 1[2mms[22m[39m
 [32m✓[39m src/__tests__/domain/preferences.test.ts[2m > [22mUser Preferences[2m > [22mDisplay Preferences[2m > [22mdevrait avoir le format de date français par défaut[32m 1[2mms[22m[39m
 [32m✓[39m src/__tests__/domain/preferences.test.ts[2m > [22mUser Preferences[2m > [22mDisplay Preferences[2m > [22mdevrait avoir le format 24h par défaut[32m 0[2mms[22m[39m
 [32m✓[39m src/__tests__/domain/preferences.test.ts[2m > [22mUser Preferences[2m > [22mDisplay Preferences[2m > [22mdevrait avoir le fuseau horaire Paris[32m 0[2mms[22m[39m
 [32m✓[39m src/__tests__/domain/preferences.test.ts[2m > [22mUser Preferences[2m > [22mPrivacy Settings[2m > [22mdevrait avoir la visibilité équipe par défaut[32m 0[2mms[22m[39m
 [32m✓[39m src/__tests__/domain/preferences.test.ts[2m > [22mUser Preferences[2m > [22mPrivacy Settings[2m > [22mdevrait refuser le marketing par défaut[32m 1[2mms[22m[39m
 [32m✓[39m src/__tests__/domain/preferences.test.ts[2m > [22mUser Preferences[2m > [22mPrivacy Settings[2m > [22mdevrait identifier un profil privé[32m 0[2mms[22m[39m
 [32m✓[39m src/__tests__/domain/preferences.test.ts[2m > [22mSettings Validation[2m > [22mItems Per Page[2m > [22mdevrait accepter une taille valide[32m 0[2mms[22m[39m
 [32m✓[39m src/__tests__/domain/preferences.test.ts[2m > [22mSettings Validation[2m > [22mItems Per Page[2m > [22mdevrait retourner la valeur par défaut pour une taille invalide[32m 0[2mms[22m[39m
 [32m✓[39m src/__tests__/domain/preferences.test.ts[2m > [22mSettings Validation[2m > [22mTimezone Validation[2m > [22mdevrait accepter Europe/Paris[32m 0[2mms[22m[39m
 [32m✓[39m src/__tests__/domain/preferences.test.ts[2m > [22mSettings Validation[2m > [22mTimezone Validation[2m > [22mdevrait rejeter un fuseau invalide[32m 1[2mms[22m[39m
 [32m✓[39m src/__tests__/domain/preferences.test.ts[2m > [22mSettings Storage[2m > [22mSerialization[2m > [22mdevrait sérialiser les paramètres[32m 2[2mms[22m[39m
 [32m✓[39m src/__tests__/domain/preferences.test.ts[2m > [22mSettings Storage[2m > [22mSerialization[2m > [22mdevrait désérialiser les paramètres[32m 1[2mms[22m[39m
 [32m✓[39m src/__tests__/domain/preferences.test.ts[2m > [22mSettings Storage[2m > [22mSerialization[2m > [22mdevrait retourner null pour un JSON invalide[32m 1[2mms[22m[39m
 [32m✓[39m src/__tests__/domain/preferences.test.ts[2m > [22mSettings Storage[2m > [22mMigration[2m > [22mdevrait migrer les anciens paramètres[32m 2[2mms[22m[39m
 [32m✓[39m src/__tests__/domain/preferences.test.ts[2m > [22mKeyboard Shortcuts[2m > [22mdevrait avoir le raccourci Ctrl+N[32m 1[2mms[22m[39m
 [32m✓[39m src/__tests__/domain/preferences.test.ts[2m > [22mKeyboard Shortcuts[2m > [22mdevrait formater le raccourci[32m 1[2mms[22m[39m
 [32m✓[39m src/__tests__/domain/preferences.test.ts[2m > [22mAccessibility[2m > [22mFont Size[2m > [22mdevrait avoir le multiplicateur medium = 1[32m 1[2mms[22m[39m
 [32m✓[39m src/__tests__/domain/preferences.test.ts[2m > [22mAccessibility[2m > [22mFont Size[2m > [22mdevrait avoir le multiplicateur large > 1[32m 0[2mms[22m[39m
 [32m✓[39m src/__tests__/domain/preferences.test.ts[2m > [22mAccessibility[2m > [22mReduced Motion[2m > [22mdevrait respecter la préférence[32m 1[2mms[22m[39m
[90mstdout[2m | tests/unit/cloud-ai-confidential.test.ts
[22m[39m◇ injected env (9) from .env.test // tip: ◈ secrets for agents [www.dotenvx.com]

 [32m✓[39m src/__tests__/lib/multichannel/multichannel.real.test.ts[2m > [22mmultichannel - Module Multi-Canal[2m > [22mSUPPORTED_CHANNELS[2m > [22mcontient tous les canaux supportés[32m 8[2mms[22m[39m
 [32m✓[39m src/__tests__/lib/multichannel/multichannel.real.test.ts[2m > [22mmultichannel - Module Multi-Canal[2m > [22mSUPPORTED_CHANNELS[2m > [22mcontient EMAIL[32m 4[2mms[22m[39m
 [32m✓[39m src/__tests__/lib/multichannel/multichannel.real.test.ts[2m > [22mmultichannel - Module Multi-Canal[2m > [22mSUPPORTED_CHANNELS[2m > [22mcontient WHATSAPP[32m 2[2mms[22m[39m
 [32m✓[39m src/__tests__/lib/multichannel/multichannel.real.test.ts[2m > [22mmultichannel - Module Multi-Canal[2m > [22mSUPPORTED_CHANNELS[2m > [22mcontient SMS[32m 1[2mms[22m[39m
 [32m✓[39m src/__tests__/lib/multichannel/multichannel.real.test.ts[2m > [22mmultichannel - Module Multi-Canal[2m > [22mSUPPORTED_CHANNELS[2m > [22mcontient VOICE[32m 1[2mms[22m[39m
 [32m✓[39m src/__tests__/lib/multichannel/multichannel.real.test.ts[2m > [22mmultichannel - Module Multi-Canal[2m > [22mSUPPORTED_CHANNELS[2m > [22mcontient SLACK[32m 1[2mms[22m[39m
 [32m✓[39m src/__tests__/lib/multichannel/multichannel.real.test.ts[2m > [22mmultichannel - Module Multi-Canal[2m > [22mSUPPORTED_CHANNELS[2m > [22mcontient TEAMS[32m 1[2mms[22m[39m
 [32m✓[39m src/__tests__/lib/multichannel/multichannel.real.test.ts[2m > [22mmultichannel - Module Multi-Canal[2m > [22mSUPPORTED_CHANNELS[2m > [22mcontient LINKEDIN[32m 1[2mms[22m[39m
 [32m✓[39m src/__tests__/lib/multichannel/multichannel.real.test.ts[2m > [22mmultichannel - Module Multi-Canal[2m > [22mSUPPORTED_CHANNELS[2m > [22mcontient TWITTER[32m 1[2mms[22m[39m
 [32m✓[39m src/__tests__/lib/multichannel/multichannel.real.test.ts[2m > [22mmultichannel - Module Multi-Canal[2m > [22mSUPPORTED_CHANNELS[2m > [22mcontient FORM[32m 1[2mms[22m[39m
 [32m✓[39m src/__tests__/lib/multichannel/multichannel.real.test.ts[2m > [22mmultichannel - Module Multi-Canal[2m > [22mSUPPORTED_CHANNELS[2m > [22mcontient DOCUMENT[32m 1[2mms[22m[39m
 [32m✓[39m src/__tests__/lib/multichannel/multichannel.real.test.ts[2m > [22mmultichannel - Module Multi-Canal[2m > [22mSUPPORTED_CHANNELS[2m > [22mcontient DECLAN[32m 1[2mms[22m[39m
 [32m✓[39m src/__tests__/lib/multichannel/multichannel.real.test.ts[2m > [22mmultichannel - Module Multi-Canal[2m > [22mSUPPORTED_CHANNELS[2m > [22mcontient INTERNAL[32m 1[2mms[22m[39m
 [32m✓[39m src/__tests__/lib/multichannel/multichannel.real.test.ts[2m > [22mmultichannel - Module Multi-Canal[2m > [22mSUPPORTED_CHANNELS[2m > [22mest un tableau readonly[32m 1[2mms[22m[39m
 [32m✓[39m src/__tests__/lib/multichannel/multichannel.real.test.ts[2m > [22mmultichannel - Module Multi-Canal[2m > [22mDEFAULT_CHANNEL_CONFIG[2m > [22mest défini[32m 0[2mms[22m[39m
 [32m✓[39m src/__tests__/lib/multichannel/multichannel.real.test.ts[2m > [22mmultichannel - Module Multi-Canal[2m > [22mDEFAULT_CHANNEL_CONFIG[2m > [22mconsentRequired est true par défaut[32m 0[2mms[22m[39m
 [32m✓[39m src/__tests__/lib/multichannel/multichannel.real.test.ts[2m > [22mmultichannel - Module Multi-Canal[2m > [22mDEFAULT_CHANNEL_CONFIG[2m > [22mautoArchive est false par défaut[32m 0[2mms[22m[39m
 [32m✓[39m src/__tests__/lib/multichannel/multichannel.real.test.ts[2m > [22mmultichannel - Module Multi-Canal[2m > [22mDEFAULT_CHANNEL_CONFIG[2m > [22marchiveAfterDays est 365 par défaut[32m 0[2mms[22m[39m
 [32m✓[39m src/__tests__/lib/multichannel/multichannel.real.test.ts[2m > [22mmultichannel - Module Multi-Canal[2m > [22mDEFAULT_CHANNEL_CONFIG[2m > [22maiProcessing est true par défaut[32m 0[2mms[22m[39m
 [32m✓[39m src/__tests__/lib/multichannel/multichannel.real.test.ts[2m > [22mmultichannel - Module Multi-Canal[2m > [22mDEFAULT_CHANNEL_CONFIG[2m > [22ma 4 propriétés de configuration[32m 0[2mms[22m[39m
 [32m✓[39m src/__tests__/lib/multichannel/multichannel.real.test.ts[2m > [22mmultichannel - Module Multi-Canal[2m > [22mWEBHOOK_ENDPOINTS[2m > [22mest défini[32m 0[2mms[22m[39m
 [32m✓[39m src/__tests__/lib/multichannel/multichannel.real.test.ts[2m > [22mmultichannel - Module Multi-Canal[2m > [22mWEBHOOK_ENDPOINTS[2m > [22ma un endpoint pour chaque canal supporté[32m 1[2mms[22m[39m
 [32m✓[39m src/__tests__/lib/multichannel/multichannel.real.test.ts[2m > [22mmultichannel - Module Multi-Canal[2m > [22mWEBHOOK_ENDPOINTS[2m > [22mEMAIL endpoint est correct[32m 1[2mms[22m[39m
 [32m✓[39m src/__tests__/lib/multichannel/multichannel.real.test.ts[2m > [22mmultichannel - Module Multi-Canal[2m > [22mWEBHOOK_ENDPOINTS[2m > [22mWHATSAPP endpoint est correct[32m 0[2mms[22m[39m
 [32m✓[39m src/__tests__/lib/multichannel/multichannel.real.test.ts[2m > [22mmultichannel - Module Multi-Canal[2m > [22mWEBHOOK_ENDPOINTS[2m > [22mSMS endpoint est correct[32m 0[2mms[22m[39m
 [32m✓[39m src/__tests__/lib/multichannel/multichannel.real.test.ts[2m > [22mmultichannel - Module Multi-Canal[2m > [22mWEBHOOK_ENDPOINTS[2m > [22mVOICE endpoint est correct[32m 0[2mms[22m[39m
 [32m✓[39m src/__tests__/lib/multichannel/multichannel.real.test.ts[2m > [22mmultichannel - Module Multi-Canal[2m > [22mWEBHOOK_ENDPOINTS[2m > [22mSLACK endpoint est correct[32m 1[2mms[22m[39m
 [32m✓[39m src/__tests__/lib/multichannel/multichannel.real.test.ts[2m > [22mmultichannel - Module Multi-Canal[2m > [22mWEBHOOK_ENDPOINTS[2m > [22mTEAMS endpoint est correct[32m 0[2mms[22m[39m
 [32m✓[39m src/__tests__/lib/multichannel/multichannel.real.test.ts[2m > [22mmultichannel - Module Multi-Canal[2m > [22mWEBHOOK_ENDPOINTS[2m > [22mLINKEDIN endpoint est correct[32m 0[2mms[22m[39m
 [32m✓[39m src/__tests__/lib/multichannel/multichannel.real.test.ts[2m > [22mmultichannel - Module Multi-Canal[2m > [22mWEBHOOK_ENDPOINTS[2m > [22mTWITTER endpoint est correct[32m 0[2mms[22m[39m
 [32m✓[39m src/__tests__/lib/multichannel/multichannel.real.test.ts[2m > [22mmultichannel - Module Multi-Canal[2m > [22mWEBHOOK_ENDPOINTS[2m > [22mFORM endpoint est correct[32m 0[2mms[22m[39m
 [32m✓[39m src/__tests__/lib/multichannel/multichannel.real.test.ts[2m > [22mmultichannel - Module Multi-Canal[2m > [22mWEBHOOK_ENDPOINTS[2m > [22mDOCUMENT endpoint est correct[32m 0[2mms[22m[39m
 [32m✓[39m src/__tests__/lib/multichannel/multichannel.real.test.ts[2m > [22mmultichannel - Module Multi-Canal[2m > [22mWEBHOOK_ENDPOINTS[2m > [22mDECLAN endpoint est correct[32m 0[2mms[22m[39m
 [32m✓[39m src/__tests__/lib/multichannel/multichannel.real.test.ts[2m > [22mmultichannel - Module Multi-Canal[2m > [22mWEBHOOK_ENDPOINTS[2m > [22mINTERNAL endpoint est correct[32m 0[2mms[22m[39m
 [32m✓[39m src/__tests__/lib/multichannel/multichannel.real.test.ts[2m > [22mmultichannel - Module Multi-Canal[2m > [22mWEBHOOK_ENDPOINTS[2m > [22mtous les endpoints commencent par /api/webhooks/channel/[32m 0[2mms[22m[39m
 [32m✓[39m src/__tests__/lib/multichannel/multichannel.real.test.ts[2m > [22mmultichannel - Module Multi-Canal[2m > [22mTypes validation[2m > [22mChannelType[2m > [22maccepte les valeurs valides[32m 1[2mms[22m[39m
 [32m✓[39m src/__tests__/lib/multichannel/multichannel.real.test.ts[2m > [22mmultichannel - Module Multi-Canal[2m > [22mTypes validation[2m > [22mMessageDirection[2m > [22maccepte INBOUND et OUTBOUND[32m 0[2mms[22m[39m
 [32m✓[39m src/__tests__/lib/multichannel/multichannel.real.test.ts[2m > [22mmultichannel - Module Multi-Canal[2m > [22mTypes validation[2m > [22mMessageStatus[2m > [22maccepte tous les statuts valides[32m 0[2mms[22m[39m
 [32m✓[39m src/__tests__/lib/multichannel/multichannel.real.test.ts[2m > [22mmultichannel - Module Multi-Canal[2m > [22mTypes validation[2m > [22mUrgencyLevel[2m > [22maccepte tous les niveaux d'urgence[32m 0[2mms[22m[39m
 [32m✓[39m src/__tests__/lib/multichannel/multichannel.real.test.ts[2m > [22mmultichannel - Module Multi-Canal[2m > [22mTypes validation[2m > [22mConsentStatus[2m > [22maccepte tous les statuts de consentement[32m 0[2mms[22m[39m
 [32m✓[39m src/__tests__/lib/multichannel/multichannel.real.test.ts[2m > [22mmultichannel - Module Multi-Canal[2m > [22mInterface structure[2m > [22mNormalizedMessage a les propriétés requises[32m 1[2mms[22m[39m
 [32m✓[39m src/__tests__/lib/multichannel/multichannel.real.test.ts[2m > [22mmultichannel - Module Multi-Canal[2m > [22mInterface structure[2m > [22mAttachment a les propriétés requises[32m 1[2mms[22m[39m
 [32m✓[39m src/__tests__/lib/multichannel/multichannel.real.test.ts[2m > [22mmultichannel - Module Multi-Canal[2m > [22mInterface structure[2m > [22mAIAnalysis a les propriétés requises[32m 1[2mms[22m[39m
 [32m✓[39m src/__tests__/lib/multichannel/multichannel.real.test.ts[2m > [22mmultichannel - Module Multi-Canal[2m > [22mInterface structure[2m > [22mExtractedEntity a les propriétés requises[32m 0[2mms[22m[39m
 [32m✓[39m src/__tests__/lib/multichannel/multichannel.real.test.ts[2m > [22mmultichannel - Module Multi-Canal[2m > [22mInterface structure[2m > [22mSuggestedAction a les propriétés requises[32m 0[2mms[22m[39m
 [32m✓[39m src/__tests__/lib/multichannel/multichannel.real.test.ts[2m > [22mmultichannel - Module Multi-Canal[2m > [22mInterface structure[2m > [22mAuditEntry a les propriétés requises[32m 0[2mms[22m[39m
 [32m✓[39m src/__tests__/lib/multichannel/multichannel.real.test.ts[2m > [22mmultichannel - Module Multi-Canal[2m > [22mCohérence du module[2m > [22mWEBHOOK_ENDPOINTS couvre tous les SUPPORTED_CHANNELS[32m 2[2mms[22m[39m
 [32m✓[39m src/__tests__/lib/multichannel/multichannel.real.test.ts[2m > [22mmultichannel - Module Multi-Canal[2m > [22mCohérence du module[2m > [22mles endpoints sont uniques[32m 0[2mms[22m[39m
[90mstdout[2m | src/__tests__/lib/validations/dossier.validation.test.ts
[22m[39m◇ injected env (9) from .env.test // tip: ⌘ custom filepath { path: '/custom/path/.env' }

 [32m✓[39m tests/unit/cloud-ai-confidential.test.ts[2m > [22mCloud AI Providers[2m > [22mProvider priority[2m > [22mprioritizes Mistral for GDPR (French hosting)[32m 9[2mms[22m[39m
 [32m✓[39m tests/unit/cloud-ai-confidential.test.ts[2m > [22mCloud AI Providers[2m > [22mProvider priority[2m > [22mfalls back through provider chain[32m 1[2mms[22m[39m
 [32m✓[39m tests/unit/cloud-ai-confidential.test.ts[2m > [22mCloud AI Providers[2m > [22mProvider priority[2m > [22mreturns null when no provider available[32m 1[2mms[22m[39m
 [32m✓[39m tests/unit/cloud-ai-confidential.test.ts[2m > [22mCloud AI Providers[2m > [22mCost estimation[2m > [22mOllama is always free[32m 1[2mms[22m[39m
 [32m✓[39m tests/unit/cloud-ai-confidential.test.ts[2m > [22mCloud AI Providers[2m > [22mCost estimation[2m > [22mcalculates Mistral cost correctly[32m 1[2mms[22m[39m
 [32m✓[39m tests/unit/cloud-ai-confidential.test.ts[2m > [22mCloud AI Providers[2m > [22mCost estimation[2m > [22mcalculates OpenAI cost correctly[32m 1[2mms[22m[39m
 [32m✓[39m tests/unit/cloud-ai-confidential.test.ts[2m > [22mCloud AI Providers[2m > [22mCost estimation[2m > [22mMistral is cheaper than OpenAI[32m 1[2mms[22m[39m
 [32m✓[39m tests/unit/cloud-ai-confidential.test.ts[2m > [22mCloud AI Providers[2m > [22mProvider detection from env[2m > [22mdetects provider from API key presence[32m 4[2mms[22m[39m
 [32m✓[39m tests/unit/cloud-ai-confidential.test.ts[2m > [22mCloud AI Providers[2m > [22mProvider detection from env[2m > [22mselects preferred from configured providers[32m 3[2mms[22m[39m
 [32m✓[39m tests/unit/cloud-ai-confidential.test.ts[2m > [22mConfidential Mode[2m > [22mMode detection[2m > [22mreturns not confidential for unknown dossier[32m 1[2mms[22m[39m
 [32m✓[39m tests/unit/cloud-ai-confidential.test.ts[2m > [22mConfidential Mode[2m > [22mMode detection[2m > [22mdetects confidential dossier[32m 1[2mms[22m[39m
 [32m✓[39m tests/unit/cloud-ai-confidential.test.ts[2m > [22mConfidential Mode[2m > [22mMode detection[2m > [22mdetects non-confidential dossier[32m 0[2mms[22m[39m
 [32m✓[39m tests/unit/cloud-ai-confidential.test.ts[2m > [22mConfidential Mode[2m > [22mProvider restrictions[2m > [22monly allows ollama and regex for confidential dossiers[32m 2[2mms[22m[39m
 [32m✓[39m tests/unit/cloud-ai-confidential.test.ts[2m > [22mConfidential Mode[2m > [22mProvider restrictions[2m > [22mblocks cloud providers for confidential dossiers[32m 7[2mms[22m[39m
 [32m✓[39m tests/unit/cloud-ai-confidential.test.ts[2m > [22mConfidential Mode[2m > [22mProvider restrictions[2m > [22mapplies precautionary principle on DB error[32m 1[2mms[22m[39m
 [32m✓[39m tests/unit/cloud-ai-confidential.test.ts[2m > [22mConfidential Mode[2m > [22mEmail linked to confidential dossier[2m > [22mdetects email linked to confidential dossier[32m 1[2mms[22m[39m
 [32m✓[39m tests/unit/cloud-ai-confidential.test.ts[2m > [22mConfidential Mode[2m > [22mEmail linked to confidential dossier[2m > [22mallows cloud AI for email without dossier[32m 1[2mms[22m[39m
 [32m✓[39m src/__tests__/lib/validations/dossier.validation.test.ts[2m > [22mDossier Validation Schemas[2m > [22mTypes de dossiers CESEDA[2m > [22mdevrait accepter TITRE_SEJOUR[32m 27[2mms[22m[39m
 [32m✓[39m src/__tests__/lib/validations/dossier.validation.test.ts[2m > [22mDossier Validation Schemas[2m > [22mTypes de dossiers CESEDA[2m > [22mdevrait accepter RECOURS_OQTF[32m 1[2mms[22m[39m
 [32m✓[39m src/__tests__/lib/validations/dossier.validation.test.ts[2m > [22mDossier Validation Schemas[2m > [22mTypes de dossiers CESEDA[2m > [22mdevrait accepter NATURALISATION[32m 8[2mms[22m[39m
 [32m✓[39m src/__tests__/lib/validations/dossier.validation.test.ts[2m > [22mDossier Validation Schemas[2m > [22mTypes de dossiers CESEDA[2m > [22mdevrait accepter REGROUPEMENT_FAMILIAL[32m 5[2mms[22m[39m
 [32m✓[39m src/__tests__/lib/validations/dossier.validation.test.ts[2m > [22mDossier Validation Schemas[2m > [22mTypes de dossiers CESEDA[2m > [22mdevrait accepter ASILE[32m 1[2mms[22m[39m
 [32m✓[39m src/__tests__/lib/validations/dossier.validation.test.ts[2m > [22mDossier Validation Schemas[2m > [22mTypes de dossiers CESEDA[2m > [22mdevrait accepter VISA[32m 1[2mms[22m[39m
 [32m✓[39m src/__tests__/lib/validations/dossier.validation.test.ts[2m > [22mDossier Validation Schemas[2m > [22mTypes de dossiers CESEDA[2m > [22mdevrait accepter AUTRE pour cas non couverts[32m 1[2mms[22m[39m
 [32m✓[39m src/__tests__/lib/validations/dossier.validation.test.ts[2m > [22mDossier Validation Schemas[2m > [22mTypes de dossiers CESEDA[2m > [22mdevrait refuser un type invalide[32m 16[2mms[22m[39m
 [32m✓[39m src/__tests__/lib/validations/dossier.validation.test.ts[2m > [22mDossier Validation Schemas[2m > [22mPriorités[2m > [22mdevrait accepter toutes les priorités valides[32m 2[2mms[22m[39m
 [32m✓[39m src/__tests__/lib/validations/dossier.validation.test.ts[2m > [22mDossier Validation Schemas[2m > [22mPriorités[2m > [22mNORMALE devrait être la priorité par défaut[32m 1[2mms[22m[39m
 [32m✓[39m src/__tests__/lib/validations/dossier.validation.test.ts[2m > [22mDossier Validation Schemas[2m > [22mPriorités[2m > [22mCRITIQUE devrait être la priorité maximale[32m 1[2mms[22m[39m
 [32m✓[39m src/__tests__/lib/validations/dossier.validation.test.ts[2m > [22mDossier Validation Schemas[2m > [22mStatuts de dossier[2m > [22mdevrait inclure BROUILLON pour les nouveaux dossiers[32m 1[2mms[22m[39m
 [32m✓[39m src/__tests__/lib/validations/dossier.validation.test.ts[2m > [22mDossier Validation Schemas[2m > [22mStatuts de dossier[2m > [22mdevrait inclure EN_COURS pour les dossiers actifs[32m 1[2mms[22m[39m
 [32m✓[39m src/__tests__/lib/validations/dossier.validation.test.ts[2m > [22mDossier Validation Schemas[2m > [22mStatuts de dossier[2m > [22mdevrait inclure TERMINE pour les dossiers clôturés[32m 1[2mms[22m[39m
 [32m✓[39m src/__tests__/lib/validations/dossier.validation.test.ts[2m > [22mDossier Validation Schemas[2m > [22mStatuts de dossier[2m > [22mdevrait inclure REJETE pour les refus[32m 0[2mms[22m[39m
 [32m✓[39m src/__tests__/lib/validations/dossier.validation.test.ts[2m > [22mDossier Validation Schemas[2m > [22mStatuts de dossier[2m > [22mdevrait inclure ANNULE[32m 0[2mms[22m[39m
 [32m✓[39m src/__tests__/lib/validations/dossier.validation.test.ts[2m > [22mDossier Validation Schemas[2m > [22mValidation objetDemande[2m > [22mdevrait accepter un texte de 10+ caractères[32m 9[2mms[22m[39m
 [32m✓[39m src/__tests__/lib/validations/dossier.validation.test.ts[2m > [22mDossier Validation Schemas[2m > [22mValidation objetDemande[2m > [22mdevrait refuser un texte trop court[32m 1[2mms[22m[39m
 [32m✓[39m src/__tests__/lib/validations/dossier.validation.test.ts[2m > [22mDossier Validation Schemas[2m > [22mValidation objetDemande[2m > [22mdevrait refuser un texte trop long[32m 1[2mms[22m[39m
 [32m✓[39m src/__tests__/lib/validations/dossier.validation.test.ts[2m > [22mDossier Validation Schemas[2m > [22mValidation objetDemande[2m > [22mdevrait accepter exactement 500 caractères[32m 3[2mms[22m[39m
 [32m✓[39m src/__tests__/lib/validations/dossier.validation.test.ts[2m > [22mDossier Validation Schemas[2m > [22mValidation notes[2m > [22mdevrait accepter des notes vides[32m 1[2mms[22m[39m
 [32m✓[39m src/__tests__/lib/validations/dossier.validation.test.ts[2m > [22mDossier Validation Schemas[2m > [22mValidation notes[2m > [22mdevrait accepter des notes courtes[32m 1[2mms[22m[39m
 [32m✓[39m src/__tests__/lib/validations/dossier.validation.test.ts[2m > [22mDossier Validation Schemas[2m > [22mValidation notes[2m > [22mdevrait refuser des notes trop longues[32m 1[2mms[22m[39m
 [32m✓[39m src/__tests__/lib/validations/dossier.validation.test.ts[2m > [22mDossier Validation Schemas[2m > [22mValidation clientId[2m > [22mdevrait accepter un UUID valide[32m 14[2mms[22m[39m
 [32m✓[39m src/__tests__/lib/validations/dossier.validation.test.ts[2m > [22mDossier Validation Schemas[2m > [22mValidation clientId[2m > [22mdevrait refuser un ID non-UUID[32m 4[2mms[22m[39m
 [32m✓[39m src/__tests__/lib/validations/dossier.validation.test.ts[2m > [22mDossier Validation Schemas[2m > [22mValidation clientId[2m > [22mdevrait refuser un ID vide[32m 1[2mms[22m[39m
 [32m✓[39m src/__tests__/lib/validations/dossier.validation.test.ts[2m > [22mDossier Validation Schemas[2m > [22mValidation dateEcheance[2m > [22mdevrait accepter une date ISO valide[32m 3[2mms[22m[39m
 [32m✓[39m src/__tests__/lib/validations/dossier.validation.test.ts[2m > [22mDossier Validation Schemas[2m > [22mValidation dateEcheance[2m > [22mdevrait accepter une chaîne vide[32m 1[2mms[22m[39m
 [32m✓[39m src/__tests__/lib/validations/dossier.validation.test.ts[2m > [22mDossier Validation Schemas[2m > [22mValidation dateEcheance[2m > [22mdevrait accepter undefined[32m 1[2mms[22m[39m
 [32m✓[39m src/__tests__/lib/validations/dossier.validation.test.ts[2m > [22mDossier Validation Schemas[2m > [22mValidation dateEcheance[2m > [22mdevrait refuser un format de date invalide[32m 1[2mms[22m[39m
 [32m✓[39m src/__tests__/lib/validations/dossier.validation.test.ts[2m > [22mDossier Validation Schemas[2m > [22mSchema complet createDossierSchema[2m > [22mdevrait valider un dossier complet[32m 2[2mms[22m[39m
 [32m✓[39m src/__tests__/lib/validations/dossier.validation.test.ts[2m > [22mDossier Validation Schemas[2m > [22mSchema complet createDossierSchema[2m > [22mdevrait refuser sans clientId[32m 1[2mms[22m[39m
 [32m✓[39m src/__tests__/lib/validations/dossier.validation.test.ts[2m > [22mDossier Validation Schemas[2m > [22mSchema complet createDossierSchema[2m > [22mdevrait appliquer la priorité par défaut[32m 1[2mms[22m[39m
 [32m✓[39m src/__tests__/lib/validations/dossier.validation.test.ts[2m > [22mDossier Validation Schemas[2m > [22mSchema updateDossierSchema (partial)[2m > [22mdevrait accepter une mise à jour partielle[32m 1[2mms[22m[39m
 [32m✓[39m src/__tests__/lib/validations/dossier.validation.test.ts[2m > [22mDossier Validation Schemas[2m > [22mSchema updateDossierSchema (partial)[2m > [22mdevrait accepter un objet vide[32m 1[2mms[22m[39m
 [32m✓[39m src/__tests__/lib/validations/dossier.validation.test.ts[2m > [22mDossier Validation Schemas[2m > [22mSchema updateDossierSchema (partial)[2m > [22mdevrait accepter tous les statuts pour update[32m 1[2mms[22m[39m
 [32m✓[39m src/__tests__/lib/validations/dossier.validation.test.ts[2m > [22mDossier Validation Schemas[2m > [22mvalidateDossierData helper[2m > [22mdevrait retourner success=true pour données valides[32m 2[2mms[22m[39m
 [32m✓[39m src/__tests__/lib/validations/dossier.validation.test.ts[2m > [22mDossier Validation Schemas[2m > [22mvalidateDossierData helper[2m > [22mdevrait retourner success=false pour données invalides[32m 4[2mms[22m[39m
 [32m✓[39m src/__tests__/lib/validations/dossier.validation.test.ts[2m > [22mDossier Validation Schemas[2m > [22mvalidateDossierData helper[2m > [22mdevrait retourner les erreurs Zod[32m 1[2mms[22m[39m
 [32m✓[39m src/__tests__/lib/validations/dossier.validation.test.ts[2m > [22mDossier Validation Schemas[2m > [22mvalidateDossierData helper[2m > [22mdevrait retourner les données validées[32m 2[2mms[22m[39m
 [32m✓[39m src/__tests__/lib/validations/dossier.validation.test.ts[2m > [22mDossier Validation Schemas[2m > [22mDemande Client Schema[2m > [22mdevrait accepter une demande client valide[32m 1[2mms[22m[39m
 [32m✓[39m src/__tests__/lib/validations/dossier.validation.test.ts[2m > [22mDossier Validation Schemas[2m > [22mDemande Client Schema[2m > [22mdevrait exiger 20 caractères minimum pour objetDemande client[32m 3[2mms[22m[39m
 [32m✓[39m src/__tests__/lib/validations/dossier.validation.test.ts[2m > [22mDossier Validation Schemas[2m > [22mDemande Client Schema[2m > [22mdevrait accepter le flag urgence[32m 1[2mms[22m[39m
[90mstdout[2m | src/__tests__/domain/facturation.test.ts
[22m[39m◇ injected env (9) from .env.test // tip: ⌁ auth for agents [www.vestauth.com]

 [32m✓[39m src/__tests__/domain/facturation.test.ts[2m > [22mFacturation[2m > [22mFacture Interface[2m > [22mdevrait avoir une structure valide[32m 6[2mms[22m[39m
 [32m✓[39m src/__tests__/domain/facturation.test.ts[2m > [22mFacturation[2m > [22mCalculs TVA[2m > [22mdevrait calculer la TVA à 20%[32m 1[2mms[22m[39m
 [32m✓[39m src/__tests__/domain/facturation.test.ts[2m > [22mFacturation[2m > [22mCalculs TVA[2m > [22mdevrait calculer la TVA à 10%[32m 1[2mms[22m[39m
 [32m✓[39m src/__tests__/domain/facturation.test.ts[2m > [22mFacturation[2m > [22mCalculs TVA[2m > [22mdevrait calculer le TTC[32m 1[2mms[22m[39m
 [32m✓[39m src/__tests__/domain/facturation.test.ts[2m > [22mFacturation[2m > [22mCalculs TVA[2m > [22mdevrait arrondir correctement[32m 1[2mms[22m[39m
 [32m✓[39m src/__tests__/domain/facturation.test.ts[2m > [22mFacturation[2m > [22mTaux TVA[2m > [22mle taux normal devrait être 20%[32m 1[2mms[22m[39m
 [32m✓[39m src/__tests__/domain/facturation.test.ts[2m > [22mFacturation[2m > [22mTaux TVA[2m > [22mle taux réduit devrait être 10%[32m 1[2mms[22m[39m
 [32m✓[39m src/__tests__/domain/facturation.test.ts[2m > [22mFacturation[2m > [22mStatuts Facture[2m > [22mdevrait avoir 6 statuts[32m 2[2mms[22m[39m
 [32m✓[39m src/__tests__/domain/facturation.test.ts[2m > [22mFacturation[2m > [22mStatuts Facture[2m > [22mdevrait inclure BROUILLON[32m 2[2mms[22m[39m
 [32m✓[39m src/__tests__/domain/facturation.test.ts[2m > [22mFacturation[2m > [22mStatuts Facture[2m > [22mdevrait inclure PAYEE[32m 1[2mms[22m[39m
 [32m✓[39m src/__tests__/domain/facturation.test.ts[2m > [22mFacturation[2m > [22mGénération Numéro[2m > [22mdevrait générer FAC-2024-0001[32m 1[2mms[22m[39m
 [32m✓[39m src/__tests__/domain/facturation.test.ts[2m > [22mFacturation[2m > [22mGénération Numéro[2m > [22mdevrait formater avec zéros[32m 0[2mms[22m[39m
 [32m✓[39m src/__tests__/domain/facturation.test.ts[2m > [22mFacturation[2m > [22mGénération Numéro[2m > [22mdevrait gérer les grands nombres[32m 0[2mms[22m[39m
 [32m✓[39m src/__tests__/domain/facturation.test.ts[2m > [22mFacturation[2m > [22mDate Échéance[2m > [22mdevrait calculer 30 jours après[32m 1[2mms[22m[39m
 [32m✓[39m src/__tests__/domain/facturation.test.ts[2m > [22mFacturation[2m > [22mDate Échéance[2m > [22mdevrait gérer le passage de mois[32m 0[2mms[22m[39m
 [32m✓[39m src/__tests__/domain/facturation.test.ts[2m > [22mFacturation[2m > [22mStatut Paiement[2m > [22mfacture payée ne devrait pas être en retard[32m 0[2mms[22m[39m
 [32m✓[39m src/__tests__/domain/facturation.test.ts[2m > [22mFacturation[2m > [22mStatut Paiement[2m > [22mfacture non payée après échéance devrait être en retard[32m 0[2mms[22m[39m
 [32m✓[39m src/__tests__/domain/facturation.test.ts[2m > [22mFacturation[2m > [22mStatut Paiement[2m > [22mfacture avant échéance ne devrait pas être en retard[32m 0[2mms[22m[39m
 [32m✓[39m src/__tests__/domain/facturation.test.ts[2m > [22mFacturation[2m > [22mLignes de Facture[2m > [22mdevrait calculer le total d'une ligne[32m 1[2mms[22m[39m
 [32m✓[39m src/__tests__/domain/facturation.test.ts[2m > [22mFacturation[2m > [22mLignes de Facture[2m > [22mdevrait gérer les décimales[32m 1[2mms[22m[39m
 [32m✓[39m src/__tests__/domain/facturation.test.ts[2m > [22mFacturation[2m > [22mTotal Facture[2m > [22mdevrait calculer le total des lignes[32m 0[2mms[22m[39m
 [32m✓[39m src/__tests__/domain/facturation.test.ts[2m > [22mFacturation[2m > [22mTotal Facture[2m > [22mdevrait retourner 0 pour facture vide[32m 0[2mms[22m[39m
 [32m✓[39m src/__tests__/domain/facturation.test.ts[2m > [22mModes de Paiement[2m > [22mdevrait avoir 5 modes de paiement[32m 1[2mms[22m[39m
 [32m✓[39m src/__tests__/domain/facturation.test.ts[2m > [22mModes de Paiement[2m > [22mdevrait inclure VIREMENT[32m 1[2mms[22m[39m
 [32m✓[39m src/__tests__/domain/facturation.test.ts[2m > [22mModes de Paiement[2m > [22mdevrait inclure CB[32m 0[2mms[22m[39m
 [32m✓[39m src/__tests__/domain/facturation.test.ts[2m > [22mRelance[2m > [22mdevrait calculer les jours de retard[32m 0[2mms[22m[39m
 [32m✓[39m src/__tests__/domain/facturation.test.ts[2m > [22mRelance[2m > [22mdevrait retourner 0 si pas en retard[32m 1[2mms[22m[39m
 [32m✓[39m src/__tests__/domain/facturation.test.ts[2m > [22mRelance[2m > [22mrelance niveau 1 pour 1-15 jours[32m 0[2mms[22m[39m
 [32m✓[39m src/__tests__/domain/facturation.test.ts[2m > [22mRelance[2m > [22mrelance niveau 2 pour 16-30 jours[32m 0[2mms[22m[39m
 [32m✓[39m src/__tests__/domain/facturation.test.ts[2m > [22mRelance[2m > [22mrelance niveau 3 pour 30+ jours[32m 0[2mms[22m[39m
 [32m✓[39m src/__tests__/domain/facturation.test.ts[2m > [22mStatistiques Facturation[2m > [22mdevrait calculer le CA total[32m 1[2mms[22m[39m
 [32m✓[39m src/__tests__/domain/facturation.test.ts[2m > [22mStatistiques Facturation[2m > [22mdevrait calculer le CA encaissé[32m 0[2mms[22m[39m
 [32m✓[39m src/__tests__/domain/facturation.test.ts[2m > [22mStatistiques Facturation[2m > [22mdevrait calculer les impayés[32m 1[2mms[22m[39m
[90mstdout[2m | src/__tests__/utils/currency-utils.test.ts
[22m[39m◇ injected env (9) from .env.test // tip: ⌘ custom filepath { path: '/custom/path/.env' }

 [32m✓[39m src/__tests__/utils/currency-utils.test.ts[2m > [22mCurrency Formatting Utils[2m > [22mFormat EUR[2m > [22mdevrait formater un montant en euros[32m 34[2mms[22m[39m
 [32m✓[39m src/__tests__/utils/currency-utils.test.ts[2m > [22mCurrency Formatting Utils[2m > [22mFormat EUR[2m > [22mdevrait gérer les décimales[32m 1[2mms[22m[39m
 [32m✓[39m src/__tests__/utils/currency-utils.test.ts[2m > [22mCurrency Formatting Utils[2m > [22mFormat EUR[2m > [22mdevrait gérer zéro[32m 2[2mms[22m[39m
 [32m✓[39m src/__tests__/utils/currency-utils.test.ts[2m > [22mCurrency Formatting Utils[2m > [22mFormat Simple[2m > [22mdevrait formater avec 2 décimales[32m 2[2mms[22m[39m
 [32m✓[39m src/__tests__/utils/currency-utils.test.ts[2m > [22mCurrency Formatting Utils[2m > [22mParse Amount[2m > [22mdevrait parser un montant simple[32m 4[2mms[22m[39m
 [32m✓[39m src/__tests__/utils/currency-utils.test.ts[2m > [22mCurrency Formatting Utils[2m > [22mParse Amount[2m > [22mdevrait parser un montant avec €[32m 6[2mms[22m[39m
 [32m✓[39m src/__tests__/utils/currency-utils.test.ts[2m > [22mCurrency Formatting Utils[2m > [22mParse Amount[2m > [22mdevrait parser un montant avec virgule[32m 4[2mms[22m[39m
 [32m✓[39m src/__tests__/utils/currency-utils.test.ts[2m > [22mCurrency Formatting Utils[2m > [22mParse Amount[2m > [22mdevrait retourner 0 pour une valeur invalide[32m 1[2mms[22m[39m
 [32m✓[39m src/__tests__/utils/currency-utils.test.ts[2m > [22mCurrency Formatting Utils[2m > [22mFormat Compact[2m > [22mdevrait formater en k pour milliers[32m 2[2mms[22m[39m
 [32m✓[39m src/__tests__/utils/currency-utils.test.ts[2m > [22mCurrency Formatting Utils[2m > [22mFormat Compact[2m > [22mdevrait formater en M pour millions[32m 1[2mms[22m[39m
 [32m✓[39m src/__tests__/utils/currency-utils.test.ts[2m > [22mCurrency Formatting Utils[2m > [22mFormat Compact[2m > [22mdevrait garder le format normal pour < 1000[32m 1[2mms[22m[39m
 [32m✓[39m src/__tests__/utils/currency-utils.test.ts[2m > [22mPercentage Formatting[2m > [22mFormat Percentage[2m > [22mdevrait formater avec 1 décimale[32m 1[2mms[22m[39m
 [32m✓[39m src/__tests__/utils/currency-utils.test.ts[2m > [22mPercentage Formatting[2m > [22mCalculate Percentage[2m > [22mdevrait calculer le pourcentage correct[32m 1[2mms[22m[39m
 [32m✓[39m src/__tests__/utils/currency-utils.test.ts[2m > [22mPercentage Formatting[2m > [22mCalculate Percentage[2m > [22mdevrait retourner 0 si total est 0[32m 0[2mms[22m[39m
 [32m✓[39m src/__tests__/utils/currency-utils.test.ts[2m > [22mPercentage Formatting[2m > [22mFormat Change[2m > [22mdevrait formater une augmentation[32m 5[2mms[22m[39m
 [32m✓[39m src/__tests__/utils/currency-utils.test.ts[2m > [22mPercentage Formatting[2m > [22mFormat Change[2m > [22mdevrait formater une diminution[32m 7[2mms[22m[39m
 [32m✓[39m src/__tests__/utils/currency-utils.test.ts[2m > [22mPercentage Formatting[2m > [22mFormat Change[2m > [22mdevrait gérer le cas où ancienne valeur est 0[32m 1[2mms[22m[39m
 [32m✓[39m src/__tests__/utils/currency-utils.test.ts[2m > [22mNumber Formatting[2m > [22mFormat Number FR[2m > [22mdevrait utiliser l'espace comme séparateur de milliers[32m 1[2mms[22m[39m
 [32m✓[39m src/__tests__/utils/currency-utils.test.ts[2m > [22mNumber Formatting[2m > [22mFormat With Decimals[2m > [22mdevrait formater avec le nombre de décimales spécifié[32m 1[2mms[22m[39m
 [32m✓[39m src/__tests__/utils/currency-utils.test.ts[2m > [22mNumber Formatting[2m > [22mFormat With Decimals[2m > [22mdevrait ajouter des zéros si nécessaire[32m 2[2mms[22m[39m
 [32m✓[39m src/__tests__/utils/currency-utils.test.ts[2m > [22mNumber Formatting[2m > [22mRound To[2m > [22mdevrait arrondir correctement[32m 3[2mms[22m[39m
 [32m✓[39m src/__tests__/utils/currency-utils.test.ts[2m > [22mNumber Formatting[2m > [22mRound To[2m > [22mdevrait gérer les entiers[32m 1[2mms[22m[39m
 [32m✓[39m src/__tests__/utils/currency-utils.test.ts[2m > [22mNumber Formatting[2m > [22mClamp[2m > [22mdevrait retourner la valeur si dans la plage[32m 1[2mms[22m[39m
 [32m✓[39m src/__tests__/utils/currency-utils.test.ts[2m > [22mNumber Formatting[2m > [22mClamp[2m > [22mdevrait retourner min si en dessous[32m 1[2mms[22m[39m
 [32m✓[39m src/__tests__/utils/currency-utils.test.ts[2m > [22mNumber Formatting[2m > [22mClamp[2m > [22mdevrait retourner max si au dessus[32m 1[2mms[22m[39m
 [32m✓[39m src/__tests__/utils/currency-utils.test.ts[2m > [22mInvoice Amount Calculations[2m > [22mTVA Calculation[2m > [22mdevrait calculer la TVA à 20%[32m 1[2mms[22m[39m
 [32m✓[39m src/__tests__/utils/currency-utils.test.ts[2m > [22mInvoice Amount Calculations[2m > [22mTVA Calculation[2m > [22mdevrait calculer le TTC[32m 1[2mms[22m[39m
 [32m✓[39m src/__tests__/utils/currency-utils.test.ts[2m > [22mInvoice Amount Calculations[2m > [22mTVA Calculation[2m > [22mdevrait supporter un taux personnalisé[32m 1[2mms[22m[39m
 [32m✓[39m src/__tests__/utils/currency-utils.test.ts[2m > [22mInvoice Amount Calculations[2m > [22mDiscount Calculation[2m > [22mdevrait appliquer une remise[32m 1[2mms[22m[39m
 [32m✓[39m src/__tests__/utils/currency-utils.test.ts[2m > [22mInvoice Amount Calculations[2m > [22mDiscount Calculation[2m > [22mdevrait retourner 0 pour 100% de remise[32m 1[2mms[22m[39m
 [32m✓[39m src/__tests__/utils/currency-utils.test.ts[2m > [22mInvoice Amount Calculations[2m > [22mTotal Calculation[2m > [22mdevrait calculer le total des lignes[32m 1[2mms[22m[39m
 [32m✓[39m src/__tests__/utils/currency-utils.test.ts[2m > [22mInvoice Amount Calculations[2m > [22mTotal Calculation[2m > [22mdevrait retourner 0 pour un tableau vide[32m 0[2mms[22m[39m
[90mstdout[2m | src/__tests__/services/searchService.test.ts
[22m[39m◇ injected env (9) from .env.test // tip: ◈ encrypted .env [www.dotenvx.com]

 [32m✓[39m src/__tests__/services/searchService.test.ts[2m > [22mSearchService[2m > [22mSearchResult Structure[2m > [22mcontient toutes les propriétés requises[32m 6[2mms[22m[39m
 [32m✓[39m src/__tests__/services/searchService.test.ts[2m > [22mSearchService[2m > [22mSearchResult Structure[2m > [22msupporte les propriétés optionnelles[32m 1[2mms[22m[39m
 [32m✓[39m src/__tests__/services/searchService.test.ts[2m > [22mSearchService[2m > [22mSearchResultType[2m > [22mcontient tous les types de résultats[32m 6[2mms[22m[39m
 [32m✓[39m src/__tests__/services/searchService.test.ts[2m > [22mSearchService[2m > [22mSearchOptions[2m > [22maccepte les options de base[32m 1[2mms[22m[39m
 [32m✓[39m src/__tests__/services/searchService.test.ts[2m > [22mSearchService[2m > [22mSearchOptions[2m > [22maccepte toutes les options[32m 1[2mms[22m[39m
 [32m✓[39m src/__tests__/services/searchService.test.ts[2m > [22mSearchService[2m > [22mSearchOptions[2m > [22mexclut les archives par défaut[32m 1[2mms[22m[39m
 [32m✓[39m src/__tests__/services/searchService.test.ts[2m > [22mSearchService[2m > [22mSearch Query Validation[2m > [22mrequiert au moins 2 caractères[32m 12[2mms[22m[39m
 [32m✓[39m src/__tests__/services/searchService.test.ts[2m > [22mSearchService[2m > [22mSearch Query Validation[2m > [22mnormalise la requête[32m 1[2mms[22m[39m
 [32m✓[39m src/__tests__/services/searchService.test.ts[2m > [22mSearchService[2m > [22mSearch Query Validation[2m > [22mretourne un tableau vide pour requête invalide[32m 1[2mms[22m[39m
 [32m✓[39m src/__tests__/services/searchService.test.ts[2m > [22mSearchService[2m > [22mResult Scoring[2m > [22mtrie par score décroissant[32m 2[2mms[22m[39m
 [32m✓[39m src/__tests__/services/searchService.test.ts[2m > [22mSearchService[2m > [22mResult Scoring[2m > [22mlimite le nombre de résultats[32m 1[2mms[22m[39m
 [32m✓[39m src/__tests__/services/searchService.test.ts[2m > [22mSearchService[2m > [22mMulti-Entity Search[2m > [22mrecherche en parallèle dans toutes les entités[32m 1[2mms[22m[39m
 [32m✓[39m src/__tests__/services/searchService.test.ts[2m > [22mSearchService[2m > [22mMulti-Entity Search[2m > [22mfiltre par type si spécifié[32m 1[2mms[22m[39m
 [32m✓[39m src/__tests__/services/searchService.test.ts[2m > [22mSearchService[2m > [22mClient Search[2m > [22mrecherche dans firstName, lastName, email, phone[32m 2[2mms[22m[39m
 [32m✓[39m src/__tests__/services/searchService.test.ts[2m > [22mSearchService[2m > [22mDossier Search[2m > [22mrecherche dans numero, objet, notes[32m 1[2mms[22m[39m
 [32m✓[39m src/__tests__/services/searchService.test.ts[2m > [22mSearchService[2m > [22mDocument Search[2m > [22mrecherche dans nom, type, contenu[32m 1[2mms[22m[39m
 [32m✓[39m src/__tests__/services/searchService.test.ts[2m > [22mSearchService[2m > [22mTenant Isolation[2m > [22mfiltre par tenantId si fourni[32m 1[2mms[22m[39m
 [32m✓[39m src/__tests__/services/searchService.test.ts[2m > [22mSearchService[2m > [22mTenant Isolation[2m > [22mne filtre pas si tenantId absent[32m 0[2mms[22m[39m
 [32m✓[39m src/__tests__/services/searchService.test.ts[2m > [22mSearchService[2m > [22mArchived Items[2m > [22mexclut les archives par défaut[32m 3[2mms[22m[39m
 [32m✓[39m src/__tests__/services/searchService.test.ts[2m > [22mSearchService[2m > [22mArchived Items[2m > [22minclut les archives si demandé[32m 1[2mms[22m[39m
[90mstdout[2m | src/__tests__/services/documentAnalysisService.test.ts
[22m[39m◇ injected env (9) from .env.test // tip: ⌘ custom filepath { path: '/custom/path/.env' }

 [32m✓[39m src/__tests__/services/documentAnalysisService.test.ts[2m > [22mDocument Analysis Service[2m > [22mExtractedDeadline Types[2m > [22mdevrait avoir AUDIENCE comme type valide[32m 7[2mms[22m[39m
 [32m✓[39m src/__tests__/services/documentAnalysisService.test.ts[2m > [22mDocument Analysis Service[2m > [22mExtractedDeadline Types[2m > [22mdevrait avoir DEPOT comme type valide[32m 5[2mms[22m[39m
 [32m✓[39m src/__tests__/services/documentAnalysisService.test.ts[2m > [22mDocument Analysis Service[2m > [22mExtractedDeadline Types[2m > [22mdevrait avoir REPONSE comme type valide[32m 1[2mms[22m[39m
 [32m✓[39m src/__tests__/services/documentAnalysisService.test.ts[2m > [22mDocument Analysis Service[2m > [22mExtractedDeadline Types[2m > [22mdevrait avoir PRESCRIPTION comme type valide[32m 1[2mms[22m[39m
 [32m✓[39m src/__tests__/services/documentAnalysisService.test.ts[2m > [22mDocument Analysis Service[2m > [22mExtractedDeadline Types[2m > [22mdevrait avoir HAUTE comme priorité valide[32m 1[2mms[22m[39m
 [32m✓[39m src/__tests__/services/documentAnalysisService.test.ts[2m > [22mDocument Analysis Service[2m > [22mExtractedDeadline Types[2m > [22mdevrait avoir MOYENNE comme priorité valide[32m 1[2mms[22m[39m
 [32m✓[39m src/__tests__/services/documentAnalysisService.test.ts[2m > [22mDocument Analysis Service[2m > [22mExtractedDeadline Types[2m > [22mdevrait avoir BASSE comme priorité valide[32m 1[2mms[22m[39m
 [32m✓[39m src/__tests__/services/documentAnalysisService.test.ts[2m > [22mDocument Analysis Service[2m > [22mDeadline Extraction[2m > [22mdevrait extraire les dates DD/MM/YYYY[32m 3[2mms[22m[39m
 [32m✓[39m src/__tests__/services/documentAnalysisService.test.ts[2m > [22mDocument Analysis Service[2m > [22mDeadline Extraction[2m > [22mdevrait extraire les dates YYYY-MM-DD[32m 3[2mms[22m[39m
 [32m✓[39m src/__tests__/services/documentAnalysisService.test.ts[2m > [22mDocument Analysis Service[2m > [22mDeadline Extraction[2m > [22mdevrait extraire les dates en français[32m 2[2mms[22m[39m
 [32m✓[39m src/__tests__/services/documentAnalysisService.test.ts[2m > [22mDocument Analysis Service[2m > [22mParties Extraction[2m > [22mdevrait extraire le demandeur[32m 2[2mms[22m[39m
 [32m✓[39m src/__tests__/services/documentAnalysisService.test.ts[2m > [22mDocument Analysis Service[2m > [22mParties Extraction[2m > [22mdevrait extraire le défendeur[32m 1[2mms[22m[39m
 [32m✓[39m src/__tests__/services/documentAnalysisService.test.ts[2m > [22mDocument Analysis Service[2m > [22mParties Extraction[2m > [22mdevrait extraire le requérant[32m 1[2mms[22m[39m
 [32m✓[39m src/__tests__/services/documentAnalysisService.test.ts[2m > [22mDocument Analysis Service[2m > [22mParties Extraction[2m > [22mdevrait retourner un tableau vide si aucune partie[32m 3[2mms[22m[39m
 [32m✓[39m src/__tests__/services/documentAnalysisService.test.ts[2m > [22mDocument Analysis Service[2m > [22mCase Type Detection[2m > [22mdevrait détecter une affaire pénale[32m 1[2mms[22m[39m
 [32m✓[39m src/__tests__/services/documentAnalysisService.test.ts[2m > [22mDocument Analysis Service[2m > [22mCase Type Detection[2m > [22mdevrait détecter une affaire commerciale[32m 0[2mms[22m[39m
 [32m✓[39m src/__tests__/services/documentAnalysisService.test.ts[2m > [22mDocument Analysis Service[2m > [22mCase Type Detection[2m > [22mdevrait détecter une affaire administrative[32m 0[2mms[22m[39m
 [32m✓[39m src/__tests__/services/documentAnalysisService.test.ts[2m > [22mDocument Analysis Service[2m > [22mCase Type Detection[2m > [22mdevrait détecter une affaire sociale (prud'hommes)[32m 1[2mms[22m[39m
 [32m✓[39m src/__tests__/services/documentAnalysisService.test.ts[2m > [22mDocument Analysis Service[2m > [22mCase Type Detection[2m > [22mdevrait retourner CIVIL par défaut[32m 4[2mms[22m[39m
 [32m✓[39m src/__tests__/services/documentAnalysisService.test.ts[2m > [22mDocument Analysis Service[2m > [22mPriority Calculation[2m > [22mdevrait retourner HAUTE si 3 jours ou moins[32m 1[2mms[22m[39m
 [32m✓[39m src/__tests__/services/documentAnalysisService.test.ts[2m > [22mDocument Analysis Service[2m > [22mPriority Calculation[2m > [22mdevrait retourner MOYENNE si 4-15 jours[32m 0[2mms[22m[39m
 [32m✓[39m src/__tests__/services/documentAnalysisService.test.ts[2m > [22mDocument Analysis Service[2m > [22mPriority Calculation[2m > [22mdevrait retourner BASSE si plus de 15 jours[32m 0[2mms[22m[39m
 [32m✓[39m src/__tests__/services/documentAnalysisService.test.ts[2m > [22mDocument Analysis Service[2m > [22mMissing Documents Detection[2m > [22mdevrait retourner tous les documents si rien fourni[32m 1[2mms[22m[39m
 [32m✓[39m src/__tests__/services/documentAnalysisService.test.ts[2m > [22mDocument Analysis Service[2m > [22mMissing Documents Detection[2m > [22mdevrait exclure les documents fournis[32m 1[2mms[22m[39m
 [32m✓[39m src/__tests__/services/documentAnalysisService.test.ts[2m > [22mDocument Analysis Service[2m > [22mMissing Documents Detection[2m > [22mdevrait retourner tableau vide si tout fourni[32m 2[2mms[22m[39m
 [32m✓[39m src/__tests__/services/documentAnalysisService.test.ts[2m > [22mDocument Analysis Service[2m > [22mDocument Summary Generation[2m > [22mdevrait retourner le texte complet si court[32m 1[2mms[22m[39m
 [32m✓[39m src/__tests__/services/documentAnalysisService.test.ts[2m > [22mDocument Analysis Service[2m > [22mDocument Summary Generation[2m > [22mdevrait tronquer le texte long[32m 0[2mms[22m[39m
 [32m✓[39m src/__tests__/services/documentAnalysisService.test.ts[2m > [22mDocumentAnalysisResult Interface[2m > [22mdevrait avoir la structure correcte[32m 1[2mms[22m[39m
[90mstdout[2m | src/__tests__/types/types.test.ts
[22m[39m◇ injected env (9) from .env.test // tip: ⌘ multiple files { path: ['.env.local', '.env'] }

 [32m✓[39m src/__tests__/types/types.test.ts[2m > [22mTypes and Interfaces - Pure Unit Tests[2m > [22muser types[2m > [22mshould validate user object[32m 15[2mms[22m[39m
 [32m✓[39m src/__tests__/types/types.test.ts[2m > [22mTypes and Interfaces - Pure Unit Tests[2m > [22muser types[2m > [22mshould validate role enum[32m 1[2mms[22m[39m
 [32m✓[39m src/__tests__/types/types.test.ts[2m > [22mTypes and Interfaces - Pure Unit Tests[2m > [22mdossier types[2m > [22mshould validate dossier status[32m 9[2mms[22m[39m
 [32m✓[39m src/__tests__/types/types.test.ts[2m > [22mTypes and Interfaces - Pure Unit Tests[2m > [22mdossier types[2m > [22mshould validate dossier object[32m 1[2mms[22m[39m
 [32m✓[39m src/__tests__/types/types.test.ts[2m > [22mTypes and Interfaces - Pure Unit Tests[2m > [22mAPI response types[2m > [22mshould validate success response[32m 1[2mms[22m[39m
 [32m✓[39m src/__tests__/types/types.test.ts[2m > [22mTypes and Interfaces - Pure Unit Tests[2m > [22mAPI response types[2m > [22mshould validate error response[32m 1[2mms[22m[39m
 [32m✓[39m src/__tests__/types/types.test.ts[2m > [22mTypes and Interfaces - Pure Unit Tests[2m > [22mAPI response types[2m > [22mshould validate paginated response[32m 5[2mms[22m[39m
 [32m✓[39m src/__tests__/types/types.test.ts[2m > [22mTypes and Interfaces - Pure Unit Tests[2m > [22mevent types[2m > [22mshould validate event object[32m 1[2mms[22m[39m
 [32m✓[39m src/__tests__/types/types.test.ts[2m > [22mTypes and Interfaces - Pure Unit Tests[2m > [22mform types[2m > [22mshould validate form field[32m 3[2mms[22m[39m
 [32m✓[39m src/__tests__/types/types.test.ts[2m > [22mTypes and Interfaces - Pure Unit Tests[2m > [22mform types[2m > [22mshould validate form errors[32m 2[2mms[22m[39m
 [32m✓[39m src/__tests__/types/types.test.ts[2m > [22mTypes and Interfaces - Pure Unit Tests[2m > [22mfilter types[2m > [22mshould validate date range filter[32m 1[2mms[22m[39m
 [32m✓[39m src/__tests__/types/types.test.ts[2m > [22mTypes and Interfaces - Pure Unit Tests[2m > [22mfilter types[2m > [22mshould validate sort options[32m 1[2mms[22m[39m
 [32m✓[39m src/__tests__/types/types.test.ts[2m > [22mTypes and Interfaces - Pure Unit Tests[2m > [22mnullable types[2m > [22mshould handle nullable values[32m 1[2mms[22m[39m
 [32m✓[39m src/__tests__/types/types.test.ts[2m > [22mTypes and Interfaces - Pure Unit Tests[2m > [22mnullable types[2m > [22mshould provide default for nullable[32m 2[2mms[22m[39m
 [32m✓[39m src/__tests__/types/types.test.ts[2m > [22mTypes and Interfaces - Pure Unit Tests[2m > [22munion types[2m > [22mshould narrow union types[32m 1[2mms[22m[39m
[90mstdout[2m | src/__tests__/security/rate-limiter.test.ts
[22m[39m◇ injected env (9) from .env.test // tip: ⌘ custom filepath { path: '/custom/path/.env' }

[90mstdout[2m | src/__tests__/services/exportService.test.ts
[22m[39m◇ injected env (9) from .env.test // tip: ⌘ override existing { override: true }

 [32m✓[39m src/__tests__/security/rate-limiter.test.ts[2m > [22mrate-limiter[2m > [22mRATE_LIMITS configuration[2m > [22mdevrait avoir une configuration pour les endpoints de login[32m 35[2mms[22m[39m
 [32m✓[39m src/__tests__/security/rate-limiter.test.ts[2m > [22mrate-limiter[2m > [22mRATE_LIMITS configuration[2m > [22mdevrait avoir une configuration pour les endpoints API[32m 10[2mms[22m[39m
 [32m✓[39m src/__tests__/security/rate-limiter.test.ts[2m > [22mrate-limiter[2m > [22mRATE_LIMITS configuration[2m > [22mdevrait avoir une configuration pour les uploads[32m 3[2mms[22m[39m
 [32m✓[39m src/__tests__/security/rate-limiter.test.ts[2m > [22mrate-limiter[2m > [22mRATE_LIMITS configuration[2m > [22mdevrait avoir une configuration pour les opérations AI[32m 8[2mms[22m[39m
 [32m✓[39m src/__tests__/security/rate-limiter.test.ts[2m > [22mrate-limiter[2m > [22mcheckRateLimit[2m > [22mdevrait autoriser les premières requêtes[32m 7[2mms[22m[39m
 [32m✓[39m src/__tests__/security/rate-limiter.test.ts[2m > [22mrate-limiter[2m > [22mcheckRateLimit[2m > [22mdevrait décrémenter le nombre restant[32m 2[2mms[22m[39m
 [32m✓[39m src/__tests__/security/rate-limiter.test.ts[2m > [22mrate-limiter[2m > [22mcheckRateLimit[2m > [22mdevrait bloquer après max requêtes[32m 6[2mms[22m[39m
 [32m✓[39m src/__tests__/security/rate-limiter.test.ts[2m > [22mrate-limiter[2m > [22mcheckRateLimit[2m > [22mdevrait retourner le temps avant reset[32m 2[2mms[22m[39m
 [32m✓[39m src/__tests__/security/rate-limiter.test.ts[2m > [22mrate-limiter[2m > [22mcheckRateLimit[2m > [22mdevrait isoler les identifiants différents[32m 2[2mms[22m[39m
 [32m✓[39m src/__tests__/security/rate-limiter.test.ts[2m > [22mrate-limiter[2m > [22mcheckRateLimit[2m > [22mdevrait gérer les IPs[32m 7[2mms[22m[39m
 [32m✓[39m src/__tests__/security/rate-limiter.test.ts[2m > [22mrate-limiter[2m > [22mcheckRateLimit[2m > [22mdevrait appliquer le blocage après dépassement[32m 8[2mms[22m[39m
 [32m✓[39m src/__tests__/security/rate-limiter.test.ts[2m > [22mrate-limiter[2m > [22mEdge cases[2m > [22mdevrait gérer un identifier vide[32m 3[2mms[22m[39m
 [32m✓[39m src/__tests__/security/rate-limiter.test.ts[2m > [22mrate-limiter[2m > [22mEdge cases[2m > [22mdevrait gérer maxRequests = 0[32m 6[2mms[22m[39m
 [32m✓[39m src/__tests__/security/rate-limiter.test.ts[2m > [22mrate-limiter[2m > [22mEdge cases[2m > [22mdevrait gérer de très grands identifiants[32m 4[2mms[22m[39m
 [32m✓[39m src/__tests__/services/exportService.test.ts[2m > [22mExport Service[2m > [22mExcel Export[2m > [22mdevrait générer le bon type MIME[32m 5[2mms[22m[39m
 [32m✓[39m src/__tests__/services/exportService.test.ts[2m > [22mExport Service[2m > [22mExcel Export[2m > [22mdevrait avoir l'extension .xlsx[32m 1[2mms[22m[39m
 [32m✓[39m src/__tests__/services/exportService.test.ts[2m > [22mExport Service[2m > [22mWord Export[2m > [22mdevrait générer le bon type MIME[32m 1[2mms[22m[39m
 [32m✓[39m src/__tests__/services/exportService.test.ts[2m > [22mExport Service[2m > [22mWord Export[2m > [22mdevrait avoir l'extension .docx[32m 1[2mms[22m[39m
 [32m✓[39m src/__tests__/services/exportService.test.ts[2m > [22mExport Service[2m > [22mCSV Export[2m > [22mdevrait générer le bon type MIME[32m 1[2mms[22m[39m
 [32m✓[39m src/__tests__/services/exportService.test.ts[2m > [22mExport Service[2m > [22mCSV Export[2m > [22mdevrait avoir l'extension .csv[32m 1[2mms[22m[39m
 [32m✓[39m src/__tests__/services/exportService.test.ts[2m > [22mData Transformation[2m > [22mHeaders Extraction[2m > [22mdevrait extraire les clés du premier objet[32m 3[2mms[22m[39m
 [32m✓[39m src/__tests__/services/exportService.test.ts[2m > [22mData Transformation[2m > [22mHeaders Extraction[2m > [22mdevrait gérer un tableau vide[32m 1[2mms[22m[39m
 [32m✓[39m src/__tests__/services/exportService.test.ts[2m > [22mData Transformation[2m > [22mRow Values Extraction[2m > [22mdevrait extraire les valeurs dans l'ordre des headers[32m 1[2mms[22m[39m
 [32m✓[39m src/__tests__/services/exportService.test.ts[2m > [22mData Transformation[2m > [22mRow Values Extraction[2m > [22mdevrait gérer les valeurs undefined[32m 1[2mms[22m[39m
 [32m✓[39m src/__tests__/services/exportService.test.ts[2m > [22mMulti-Sheet Export[2m > [22mdevrait avoir 3 feuilles[32m 4[2mms[22m[39m
 [32m✓[39m src/__tests__/services/exportService.test.ts[2m > [22mMulti-Sheet Export[2m > [22mdevrait avoir des noms de feuilles uniques[32m 1[2mms[22m[39m
 [32m✓[39m src/__tests__/services/exportService.test.ts[2m > [22mMulti-Sheet Export[2m > [22mdevrait avoir la feuille Clients[32m 1[2mms[22m[39m
 [32m✓[39m src/__tests__/services/exportService.test.ts[2m > [22mMulti-Sheet Export[2m > [22mdevrait avoir la feuille Dossiers[32m 1[2mms[22m[39m
 [32m✓[39m src/__tests__/services/exportService.test.ts[2m > [22mExport Dossier CESEDA[2m > [22mdevrait formater les données pour Excel[32m 1[2mms[22m[39m
 [32m✓[39m src/__tests__/services/exportService.test.ts[2m > [22mExport Dossier CESEDA[2m > [22mdevrait inclure les informations essentielles[32m 1[2mms[22m[39m
 [32m✓[39m src/__tests__/services/exportService.test.ts[2m > [22mCSV Formatting[2m > [22mdevrait échapper les guillemets[32m 3[2mms[22m[39m
 [32m✓[39m src/__tests__/services/exportService.test.ts[2m > [22mCSV Formatting[2m > [22mdevrait entourer de guillemets si contient virgule[32m 1[2mms[22m[39m
 [32m✓[39m src/__tests__/services/exportService.test.ts[2m > [22mCSV Formatting[2m > [22mdevrait gérer les sauts de ligne[32m 0[2mms[22m[39m
 [32m✓[39m src/__tests__/services/exportService.test.ts[2m > [22mFilename Sanitization[2m > [22mdevrait remplacer les caractères interdits[32m 1[2mms[22m[39m
 [32m✓[39m src/__tests__/services/exportService.test.ts[2m > [22mFilename Sanitization[2m > [22mdevrait remplacer les espaces[32m 1[2mms[22m[39m
 [32m✓[39m src/__tests__/services/exportService.test.ts[2m > [22mFilename Sanitization[2m > [22mdevrait limiter la longueur[32m 1[2mms[22m[39m
 [32m✓[39m src/__tests__/services/exportService.test.ts[2m > [22mExport Statistics[2m > [22mdevrait compter les lignes exportées[32m 1[2mms[22m[39m
 [32m✓[39m src/__tests__/services/exportService.test.ts[2m > [22mExport Statistics[2m > [22mdevrait calculer la taille approximative[32m 1[2mms[22m[39m
[90mstdout[2m | src/__tests__/services/storageService.test.ts
[22m[39m◇ injected env (9) from .env.test // tip: ◈ encrypted .env [www.dotenvx.com]

[90mstdout[2m | src/__tests__/lib/crypto.test.ts
[22m[39m◇ injected env (9) from .env.test // tip: ⌘ enable debugging { debug: true }

[90mstdout[2m | src/__tests__/domain/calendar.test.ts
[22m[39m◇ injected env (9) from .env.test // tip: ⌘ custom filepath { path: '/custom/path/.env' }

 [32m✓[39m src/__tests__/services/storageService.test.ts[2m > [22mStorageService[2m > [22mStoredFile Structure[2m > [22mcontient toutes les propriétés requises[32m 8[2mms[22m[39m
 [32m✓[39m src/__tests__/services/storageService.test.ts[2m > [22mStorageService[2m > [22mStoredFile Structure[2m > [22msupporte le versioning avec parentId[32m 2[2mms[22m[39m
 [32m✓[39m src/__tests__/services/storageService.test.ts[2m > [22mStorageService[2m > [22mUploadOptions[2m > [22maccepte les options de base[32m 1[2mms[22m[39m
 [32m✓[39m src/__tests__/services/storageService.test.ts[2m > [22mStorageService[2m > [22mUploadOptions[2m > [22maccepte toutes les options[32m 5[2mms[22m[39m
 [32m✓[39m src/__tests__/services/storageService.test.ts[2m > [22mStorageService[2m > [22mUploadOptions[2m > [22msupporte les 4 catégories de fichiers[32m 4[2mms[22m[39m
 [32m✓[39m src/__tests__/services/storageService.test.ts[2m > [22mStorageService[2m > [22mFileVersion[2m > [22mtrace l'historique des versions[32m 1[2mms[22m[39m
 [32m✓[39m src/__tests__/services/storageService.test.ts[2m > [22mStorageService[2m > [22mFile Validation[2m > [22mrejette les fichiers trop volumineux[32m 1[2mms[22m[39m
 [32m✓[39m src/__tests__/services/storageService.test.ts[2m > [22mStorageService[2m > [22mFile Validation[2m > [22mvalide les types MIME autorisés[32m 4[2mms[22m[39m
 [32m✓[39m src/__tests__/services/storageService.test.ts[2m > [22mStorageService[2m > [22mFile Validation[2m > [22mrejette les types MIME dangereux[32m 5[2mms[22m[39m
 [32m✓[39m src/__tests__/services/storageService.test.ts[2m > [22mStorageService[2m > [22mFile Naming[2m > [22mgénère des noms sécurisés[32m 2[2mms[22m[39m
 [32m✓[39m src/__tests__/services/storageService.test.ts[2m > [22mStorageService[2m > [22mFile Naming[2m > [22mpréserve l'extension du fichier[32m 2[2mms[22m[39m
 [32m✓[39m src/__tests__/services/storageService.test.ts[2m > [22mStorageService[2m > [22mFile Naming[2m > [22mgénère un ID unique pour chaque fichier[32m 3[2mms[22m[39m
 [32m✓[39m src/__tests__/services/storageService.test.ts[2m > [22mStorageService[2m > [22mTags Management[2m > [22mpermet d'ajouter des tags à un fichier[32m 3[2mms[22m[39m
 [32m✓[39m src/__tests__/services/storageService.test.ts[2m > [22mStorageService[2m > [22mTags Management[2m > [22mpermet de filtrer par tag[32m 1[2mms[22m[39m
 [32m✓[39m src/__tests__/lib/crypto.test.ts[2m > [22mCrypto Utilities[2m > [22mcalculateHash[2m > [22mdevrait calculer un hash SHA-256 pour une string[32m 18[2mms[22m[39m
 [32m✓[39m src/__tests__/lib/crypto.test.ts[2m > [22mCrypto Utilities[2m > [22mcalculateHash[2m > [22mdevrait retourner le même hash pour les mêmes données[32m 1[2mms[22m[39m
 [32m✓[39m src/__tests__/lib/crypto.test.ts[2m > [22mCrypto Utilities[2m > [22mcalculateHash[2m > [22mdevrait retourner des hash différents pour des données différentes[32m 2[2mms[22m[39m
 [32m✓[39m src/__tests__/lib/crypto.test.ts[2m > [22mCrypto Utilities[2m > [22mcalculateHash[2m > [22mdevrait gérer les caractères spéciaux[32m 1[2mms[22m[39m
 [32m✓[39m src/__tests__/lib/crypto.test.ts[2m > [22mCrypto Utilities[2m > [22mcalculateHash[2m > [22mdevrait gérer les chaînes vides[32m 9[2mms[22m[39m
 [32m✓[39m src/__tests__/lib/crypto.test.ts[2m > [22mCrypto Utilities[2m > [22mcalculateHash[2m > [22mdevrait gérer un Buffer[32m 6[2mms[22m[39m
 [32m✓[39m src/__tests__/lib/crypto.test.ts[2m > [22mCrypto Utilities[2m > [22mcalculateHash[2m > [22mdevrait donner le même hash pour string et Buffer équivalents[32m 1[2mms[22m[39m
 [32m✓[39m src/__tests__/lib/crypto.test.ts[2m > [22mCrypto Utilities[2m > [22mverifyHash[2m > [22mdevrait retourner true pour un hash valide[32m 1[2mms[22m[39m
 [32m✓[39m src/__tests__/lib/crypto.test.ts[2m > [22mCrypto Utilities[2m > [22mverifyHash[2m > [22mdevrait retourner false pour un hash invalide[32m 5[2mms[22m[39m
 [32m✓[39m src/__tests__/lib/crypto.test.ts[2m > [22mCrypto Utilities[2m > [22mverifyHash[2m > [22mdevrait retourner false si les données sont modifiées[32m 1[2mms[22m[39m
 [32m✓[39m src/__tests__/lib/crypto.test.ts[2m > [22mCrypto Utilities[2m > [22mverifyHash[2m > [22mdevrait détecter même les petites modifications[32m 1[2mms[22m[39m
 [32m✓[39m src/__tests__/lib/crypto.test.ts[2m > [22mCrypto Utilities[2m > [22mhashAuditEvent[2m > [22mdevrait hasher un événement d'audit complet[32m 6[2mms[22m[39m
 [32m✓[39m src/__tests__/lib/crypto.test.ts[2m > [22mCrypto Utilities[2m > [22mhashAuditEvent[2m > [22mdevrait retourner le même hash pour le même événement[32m 1[2mms[22m[39m
 [32m✓[39m src/__tests__/lib/crypto.test.ts[2m > [22mCrypto Utilities[2m > [22mhashAuditEvent[2m > [22mdevrait gérer les valeurs null[32m 1[2mms[22m[39m
 [32m✓[39m src/__tests__/lib/crypto.test.ts[2m > [22mCrypto Utilities[2m > [22mhashAuditEvent[2m > [22mdevrait gérer timestamp string[32m 3[2mms[22m[39m
 [32m✓[39m src/__tests__/lib/crypto.test.ts[2m > [22mCrypto Utilities[2m > [22mhashAuditEvent[2m > [22mdevrait produire des hash différents pour des événements différents[32m 1[2mms[22m[39m
 [32m✓[39m src/__tests__/lib/crypto.test.ts[2m > [22mCrypto Utilities[2m > [22mhashDocument[2m > [22mdevrait hasher un document avec ses métadonnées[32m 1[2mms[22m[39m
 [32m✓[39m src/__tests__/lib/crypto.test.ts[2m > [22mCrypto Utilities[2m > [22mhashDocument[2m > [22mdevrait retourner le même hash pour le même document[32m 2[2mms[22m[39m
 [32m✓[39m src/__tests__/lib/crypto.test.ts[2m > [22mCrypto Utilities[2m > [22mhashDocument[2m > [22mdevrait produire un hash différent si le contenu change[32m 1[2mms[22m[39m
 [32m✓[39m src/__tests__/lib/crypto.test.ts[2m > [22mCrypto Utilities[2m > [22mhashDocument[2m > [22mdevrait produire un hash différent si les métadonnées changent[32m 1[2mms[22m[39m
 [32m✓[39m src/__tests__/lib/crypto.test.ts[2m > [22mCrypto Utilities[2m > [22mhashDocument[2m > [22mdevrait gérer timestamp string[32m 5[2mms[22m[39m
 [32m✓[39m src/__tests__/lib/crypto.test.ts[2m > [22mCrypto Utilities[2m > [22mCas d'utilisation réels[2m > [22mdevrait permettre la vérification d'intégrité d'un document[32m 1[2mms[22m[39m
 [32m✓[39m src/__tests__/lib/crypto.test.ts[2m > [22mCrypto Utilities[2m > [22mCas d'utilisation réels[2m > [22mdevrait détecter une altération de document[32m 1[2mms[22m[39m
 [32m✓[39m src/__tests__/lib/crypto.test.ts[2m > [22mCrypto Utilities[2m > [22mCas d'utilisation réels[2m > [22mdevrait créer une chaîne d'intégrité pour audit[32m 1[2mms[22m[39m
 [32m✓[39m src/__tests__/domain/calendar.test.ts[2m > [22mCalendar[2m > [22mEvent Types[2m > [22mdevrait avoir le type AUDIENCE[32m 5[2mms[22m[39m
 [32m✓[39m src/__tests__/domain/calendar.test.ts[2m > [22mCalendar[2m > [22mEvent Types[2m > [22mdevrait avoir le type RDV_CLIENT[32m 1[2mms[22m[39m
 [32m✓[39m src/__tests__/domain/calendar.test.ts[2m > [22mCalendar[2m > [22mEvent Types[2m > [22mdevrait avoir le type DEADLINE[32m 1[2mms[22m[39m
 [32m✓[39m src/__tests__/domain/calendar.test.ts[2m > [22mCalendar[2m > [22mEvent Creation[2m > [22mdevrait créer un événement avec un ID[32m 1[2mms[22m[39m
 [32m✓[39m src/__tests__/domain/calendar.test.ts[2m > [22mCalendar[2m > [22mEvent Creation[2m > [22mdevrait avoir une durée par défaut de 1h[32m 2[2mms[22m[39m
 [32m✓[39m src/__tests__/domain/calendar.test.ts[2m > [22mCalendar[2m > [22mEvent Creation[2m > [22mdevrait pouvoir être une journée entière[32m 1[2mms[22m[39m
 [32m✓[39m src/__tests__/domain/calendar.test.ts[2m > [22mCalendar[2m > [22mEvent Validation[2m > [22mdevrait valider un événement correct[32m 7[2mms[22m[39m
 [32m✓[39m src/__tests__/domain/calendar.test.ts[2m > [22mCalendar[2m > [22mEvent Validation[2m > [22mdevrait détecter un titre manquant[32m 2[2mms[22m[39m
 [32m✓[39m src/__tests__/domain/calendar.test.ts[2m > [22mCalendar[2m > [22mEvent Validation[2m > [22mdevrait détecter des dates invalides[32m 1[2mms[22m[39m
 [32m✓[39m src/__tests__/domain/calendar.test.ts[2m > [22mCalendar[2m > [22mRecurring Events[2m > [22mdevrait générer des occurrences quotidiennes[32m 2[2mms[22m[39m
 [32m✓[39m src/__tests__/domain/calendar.test.ts[2m > [22mCalendar[2m > [22mRecurring Events[2m > [22mdevrait générer des occurrences hebdomadaires[32m 1[2mms[22m[39m
 [32m✓[39m src/__tests__/domain/calendar.test.ts[2m > [22mCalendar[2m > [22mRecurring Events[2m > [22mdevrait respecter la date de fin[32m 1[2mms[22m[39m
 [32m✓[39m src/__tests__/domain/calendar.test.ts[2m > [22mCalendar[2m > [22mConflict Detection[2m > [22mdevrait détecter un conflit de créneaux[32m 1[2mms[22m[39m
 [32m✓[39m src/__tests__/domain/calendar.test.ts[2m > [22mCalendar[2m > [22mConflict Detection[2m > [22mne devrait pas détecter de conflit pour créneaux séparés[32m 1[2mms[22m[39m
 [32m✓[39m src/__tests__/domain/calendar.test.ts[2m > [22mCalendar[2m > [22mConflict Detection[2m > [22mdevrait détecter un créneau englobant[32m 1[2mms[22m[39m
 [32m✓[39m src/__tests__/domain/calendar.test.ts[2m > [22mCalendar[2m > [22mReminders[2m > [22mdevrait calculer un rappel 30 minutes avant[32m 5[2mms[22m[39m
 [32m✓[39m src/__tests__/domain/calendar.test.ts[2m > [22mCalendar[2m > [22mReminders[2m > [22mdevrait calculer un rappel 1 jour avant[32m 3[2mms[22m[39m
 [32m✓[39m src/__tests__/domain/calendar.test.ts[2m > [22mCalendar[2m > [22mTime Zones[2m > [22mdevrait formater en heure de Paris[32m 41[2mms[22m[39m
 [32m✓[39m src/__tests__/domain/calendar.test.ts[2m > [22mCalendar[2m > [22mWorking Hours[2m > [22m10h devrait être dans les heures de travail[32m 1[2mms[22m[39m
 [32m✓[39m src/__tests__/domain/calendar.test.ts[2m > [22mCalendar[2m > [22mWorking Hours[2m > [22m20h ne devrait pas être dans les heures de travail[32m 1[2mms[22m[39m
 [32m✓[39m src/__tests__/domain/calendar.test.ts[2m > [22mCalendar[2m > [22mWorking Hours[2m > [22m7h ne devrait pas être dans les heures de travail[32m 1[2mms[22m[39m
 [32m✓[39m src/__tests__/domain/calendar.test.ts[2m > [22mCalendar Views[2m > [22mWeek View[2m > [22mdevrait retourner 7 jours[32m 1[2mms[22m[39m
 [32m✓[39m src/__tests__/domain/calendar.test.ts[2m > [22mCalendar Views[2m > [22mMonth View[2m > [22mjanvier devrait avoir 31 jours[32m 0[2mms[22m[39m
 [32m✓[39m src/__tests__/domain/calendar.test.ts[2m > [22mCalendar Views[2m > [22mMonth View[2m > [22mfévrier 2024 devrait avoir 29 jours (bissextile)[32m 0[2mms[22m[39m
 [32m✓[39m src/__tests__/domain/calendar.test.ts[2m > [22mCalendar Views[2m > [22mMonth View[2m > [22mavril devrait avoir 30 jours[32m 1[2mms[22m[39m
[90mstdout[2m | src/__tests__/lib/utils-cn.test.ts
[22m[39m◇ injected env (9) from .env.test // tip: ◈ encrypted .env [www.dotenvx.com]

 [32m✓[39m src/__tests__/lib/utils-cn.test.ts[2m > [22mcn utility[2m > [22mFonctionnement de base[2m > [22mdevrait retourner une chaîne vide sans arguments[32m 45[2mms[22m[39m
 [32m✓[39m src/__tests__/lib/utils-cn.test.ts[2m > [22mcn utility[2m > [22mFonctionnement de base[2m > [22mdevrait retourner une classe simple[32m 2[2mms[22m[39m
 [32m✓[39m src/__tests__/lib/utils-cn.test.ts[2m > [22mcn utility[2m > [22mFonctionnement de base[2m > [22mdevrait combiner plusieurs classes[32m 2[2mms[22m[39m
 [32m✓[39m src/__tests__/lib/utils-cn.test.ts[2m > [22mcn utility[2m > [22mFusion de classes Tailwind[2m > [22mdevrait fusionner les classes conflictuelles[32m 1[2mms[22m[39m
 [32m✓[39m src/__tests__/lib/utils-cn.test.ts[2m > [22mcn utility[2m > [22mFusion de classes Tailwind[2m > [22mdevrait gérer les paddings conflictuels[32m 1[2mms[22m[39m
 [32m✓[39m src/__tests__/lib/utils-cn.test.ts[2m > [22mcn utility[2m > [22mFusion de classes Tailwind[2m > [22mdevrait gérer les marges conflictuelles[32m 1[2mms[22m[39m
 [32m✓[39m src/__tests__/lib/utils-cn.test.ts[2m > [22mcn utility[2m > [22mFusion de classes Tailwind[2m > [22mdevrait conserver les classes non conflictuelles[32m 2[2mms[22m[39m
 [32m✓[39m src/__tests__/lib/utils-cn.test.ts[2m > [22mcn utility[2m > [22mValeurs conditionnelles[2m > [22mdevrait ignorer les valeurs undefined[32m 1[2mms[22m[39m
 [32m✓[39m src/__tests__/lib/utils-cn.test.ts[2m > [22mcn utility[2m > [22mValeurs conditionnelles[2m > [22mdevrait ignorer les valeurs null[32m 3[2mms[22m[39m
 [32m✓[39m src/__tests__/lib/utils-cn.test.ts[2m > [22mcn utility[2m > [22mValeurs conditionnelles[2m > [22mdevrait ignorer les valeurs false[32m 1[2mms[22m[39m
 [32m✓[39m src/__tests__/lib/utils-cn.test.ts[2m > [22mcn utility[2m > [22mValeurs conditionnelles[2m > [22mdevrait ignorer les chaînes vides[32m 1[2mms[22m[39m
 [32m✓[39m src/__tests__/lib/utils-cn.test.ts[2m > [22mcn utility[2m > [22mValeurs conditionnelles[2m > [22mdevrait gérer les conditions[32m 1[2mms[22m[39m
 [32m✓[39m src/__tests__/lib/utils-cn.test.ts[2m > [22mcn utility[2m > [22mValeurs conditionnelles[2m > [22mdevrait gérer les conditions false[32m 1[2mms[22m[39m
 [32m✓[39m src/__tests__/lib/utils-cn.test.ts[2m > [22mcn utility[2m > [22mObjets de classes[2m > [22mdevrait gérer les objets avec valeurs booléennes[32m 1[2mms[22m[39m
 [32m✓[39m src/__tests__/lib/utils-cn.test.ts[2m > [22mcn utility[2m > [22mObjets de classes[2m > [22mdevrait combiner objets et strings[32m 1[2mms[22m[39m
 [32m✓[39m src/__tests__/lib/utils-cn.test.ts[2m > [22mcn utility[2m > [22mTableaux[2m > [22mdevrait gérer les tableaux de classes[32m 2[2mms[22m[39m
 [32m✓[39m src/__tests__/lib/utils-cn.test.ts[2m > [22mcn utility[2m > [22mTableaux[2m > [22mdevrait combiner tableaux et strings[32m 2[2mms[22m[39m
 [32m✓[39m src/__tests__/lib/utils-cn.test.ts[2m > [22mcn utility[2m > [22mCas d'utilisation réels[2m > [22mdevrait fonctionner pour un bouton avec variantes[32m 1[2mms[22m[39m
 [32m✓[39m src/__tests__/lib/utils-cn.test.ts[2m > [22mcn utility[2m > [22mCas d'utilisation réels[2m > [22mdevrait fonctionner pour un input avec état[32m 1[2mms[22m[39m
 [32m✓[39m src/__tests__/lib/utils-cn.test.ts[2m > [22mcn utility[2m > [22mCas d'utilisation réels[2m > [22mdevrait gérer les overrides de composants[32m 4[2mms[22m[39m
[90mstdout[2m | tests/unit/ai-resilience.test.ts
[22m[39m◇ injected env (9) from .env.test // tip: ⌘ enable debugging { debug: true }

[90mstdout[2m | src/__tests__/lib/services/analyticsService.real.test.ts
[22m[39m◇ injected env (9) from .env.test // tip: ⌁ auth for agents [www.vestauth.com]

 [32m✓[39m tests/unit/ai-resilience.test.ts[2m > [22mAI Resilience — Summarize Email Fallback[2m > [22mFallback regex — détection urgence[2m > [22mdétecte urgence critique (OQTF, 48h, immédiat)[32m 26[2mms[22m[39m
 [32m✓[39m tests/unit/ai-resilience.test.ts[2m > [22mAI Resilience — Summarize Email Fallback[2m > [22mFallback regex — détection urgence[2m > [22mdétecte urgence haute (délai, échéance)[32m 2[2mms[22m[39m
 [32m✓[39m tests/unit/ai-resilience.test.ts[2m > [22mAI Resilience — Summarize Email Fallback[2m > [22mFallback regex — détection urgence[2m > [22mdétecte urgence moyenne (demande classique)[32m 6[2mms[22m[39m
 [32m✓[39m tests/unit/ai-resilience.test.ts[2m > [22mAI Resilience — Summarize Email Fallback[2m > [22mFallback regex — détection urgence[2m > [22murgence basse par défaut[32m 7[2mms[22m[39m
 [32m✓[39m tests/unit/ai-resilience.test.ts[2m > [22mAI Resilience — Summarize Email Fallback[2m > [22mFallback regex — détection type dossier[2m > [22mdétecte OQTF[32m 1[2mms[22m[39m
 [32m✓[39m tests/unit/ai-resilience.test.ts[2m > [22mAI Resilience — Summarize Email Fallback[2m > [22mFallback regex — détection type dossier[2m > [22mdétecte ASILE (OFPRA)[32m 1[2mms[22m[39m
 [32m✓[39m tests/unit/ai-resilience.test.ts[2m > [22mAI Resilience — Summarize Email Fallback[2m > [22mFallback regex — détection type dossier[2m > [22mdétecte ASILE (CNDA)[32m 1[2mms[22m[39m
 [32m✓[39m tests/unit/ai-resilience.test.ts[2m > [22mAI Resilience — Summarize Email Fallback[2m > [22mFallback regex — détection type dossier[2m > [22mdétecte NATURALISATION[32m 1[2mms[22m[39m
 [32m✓[39m tests/unit/ai-resilience.test.ts[2m > [22mAI Resilience — Summarize Email Fallback[2m > [22mFallback regex — détection type dossier[2m > [22mdétecte TITRE_SEJOUR[32m 3[2mms[22m[39m
 [32m✓[39m tests/unit/ai-resilience.test.ts[2m > [22mAI Resilience — Summarize Email Fallback[2m > [22mFallback regex — détection type dossier[2m > [22mdétecte REGROUPEMENT_FAMILIAL[32m 1[2mms[22m[39m
 [32m✓[39m tests/unit/ai-resilience.test.ts[2m > [22mAI Resilience — Summarize Email Fallback[2m > [22mFallback regex — détection type dossier[2m > [22mretourne GENERAL par défaut[32m 2[2mms[22m[39m
 [32m✓[39m tests/unit/ai-resilience.test.ts[2m > [22mAI Resilience — Summarize Email Fallback[2m > [22mFallback regex — extraction metadata[2m > [22mextrait le nom du client depuis "from"[32m 5[2mms[22m[39m
 [32m✓[39m tests/unit/ai-resilience.test.ts[2m > [22mAI Resilience — Summarize Email Fallback[2m > [22mFallback regex — extraction metadata[2m > [22mclient null si from vide[32m 1[2mms[22m[39m
 [32m✓[39m tests/unit/ai-resilience.test.ts[2m > [22mAI Resilience — Summarize Email Fallback[2m > [22mFallback regex — extraction metadata[2m > [22mdétecte une date au format JJ/MM/AAAA[32m 1[2mms[22m[39m
 [32m✓[39m tests/unit/ai-resilience.test.ts[2m > [22mAI Resilience — Summarize Email Fallback[2m > [22mFallback regex — extraction metadata[2m > [22mdétecte une date au format textuel[32m 1[2mms[22m[39m
 [32m✓[39m tests/unit/ai-resilience.test.ts[2m > [22mAI Resilience — Summarize Email Fallback[2m > [22mFallback regex — extraction metadata[2m > [22mdeadline null si aucune date trouvée[32m 5[2mms[22m[39m
 [32m✓[39m tests/unit/ai-resilience.test.ts[2m > [22mAI Resilience — Summarize Email Fallback[2m > [22mComportement IA → fallback[2m > [22mutilise le fallback quand hybridAI échoue (timeout)[32m 12[2mms[22m[39m
 [32m✓[39m tests/unit/ai-resilience.test.ts[2m > [22mAI Resilience — Summarize Email Fallback[2m > [22mComportement IA → fallback[2m > [22mutilise le fallback quand hybridAI retourne un JSON malformé[32m 11[2mms[22m[39m
 [32m✓[39m tests/unit/ai-resilience.test.ts[2m > [22mAI Resilience — Summarize Email Fallback[2m > [22mComportement IA → fallback[2m > [22mretourne les données IA quand Ollama fonctionne[32m 2[2mms[22m[39m
 [32m✓[39m src/__tests__/lib/services/analyticsService.real.test.ts[2m > [22manalyticsService - predictRevenue[2m > [22mDonnées insuffisantes[2m > [22mdevrait retourner des valeurs par défaut avec moins de 3 points[32m 55[2mms[22m[39m
 [32m✓[39m src/__tests__/lib/services/analyticsService.real.test.ts[2m > [22manalyticsService - predictRevenue[2m > [22mDonnées insuffisantes[2m > [22mdevrait retourner 0 avec un tableau vide[32m 4[2mms[22m[39m
 [32m✓[39m src/__tests__/lib/services/analyticsService.real.test.ts[2m > [22manalyticsService - predictRevenue[2m > [22mDonnées insuffisantes[2m > [22mdevrait gérer un seul point de données[32m 1[2mms[22m[39m
 [32m✓[39m src/__tests__/lib/services/analyticsService.real.test.ts[2m > [22manalyticsService - predictRevenue[2m > [22mPrédictions avec données suffisantes[2m > [22mdevrait prévoir une tendance haussière[32m 17[2mms[22m[39m
 [32m✓[39m src/__tests__/lib/services/analyticsService.real.test.ts[2m > [22manalyticsService - predictRevenue[2m > [22mPrédictions avec données suffisantes[2m > [22mdevrait prévoir une tendance baissière[32m 3[2mms[22m[39m
 [32m✓[39m src/__tests__/lib/services/analyticsService.real.test.ts[2m > [22manalyticsService - predictRevenue[2m > [22mPrédictions avec données suffisantes[2m > [22mdevrait prévoir une tendance stable[32m 4[2mms[22m[39m
 [32m✓[39m src/__tests__/lib/services/analyticsService.real.test.ts[2m > [22manalyticsService - predictRevenue[2m > [22mPrédictions avec données suffisantes[2m > [22mdevrait avoir une confiance entre 0 et 100[32m 8[2mms[22m[39m
 [32m✓[39m src/__tests__/lib/services/analyticsService.real.test.ts[2m > [22manalyticsService - predictRevenue[2m > [22mPrédictions avec données suffisantes[2m > [22mdevrait fournir des prédictions à 1, 3 et 6 mois[32m 8[2mms[22m[39m
 [32m✓[39m src/__tests__/lib/services/analyticsService.real.test.ts[2m > [22manalyticsService - calculateFinancialHealthScore[2m > [22mScore parfait (Grade A)[2m > [22mdevrait attribuer un grade A pour des métriques excellentes[32m 3[2mms[22m[39m
 [32m✓[39m src/__tests__/lib/services/analyticsService.real.test.ts[2m > [22manalyticsService - calculateFinancialHealthScore[2m > [22mScore intermédiaire (Grade B)[2m > [22mdevrait attribuer un grade B pour des métriques bonnes[32m 1[2mms[22m[39m
 [32m✓[39m src/__tests__/lib/services/analyticsService.real.test.ts[2m > [22manalyticsService - calculateFinancialHealthScore[2m > [22mScore faible (Grade C/D)[2m > [22mdevrait attribuer un grade C/D pour des métriques moyennes[32m 1[2mms[22m[39m
 [32m✓[39m src/__tests__/lib/services/analyticsService.real.test.ts[2m > [22manalyticsService - calculateFinancialHealthScore[2m > [22mScore critique (Grade F)[2m > [22mdevrait attribuer un grade F pour des métriques critiques[32m 1[2mms[22m[39m
 [32m✓[39m src/__tests__/lib/services/analyticsService.real.test.ts[2m > [22manalyticsService - calculateFinancialHealthScore[2m > [22mÉvaluation croissance revenus[2m > [22mdevrait détecter une forte croissance[32m 1[2mms[22m[39m
 [32m✓[39m src/__tests__/lib/services/analyticsService.real.test.ts[2m > [22manalyticsService - calculateFinancialHealthScore[2m > [22mÉvaluation croissance revenus[2m > [22mdevrait détecter une croissance insuffisante[32m 1[2mms[22m[39m
 [32m✓[39m src/__tests__/lib/services/analyticsService.real.test.ts[2m > [22manalyticsService - calculateFinancialHealthScore[2m > [22mÉvaluation taux de recouvrement[2m > [22mdevrait détecter un excellent taux[32m 1[2mms[22m[39m
 [32m✓[39m src/__tests__/lib/services/analyticsService.real.test.ts[2m > [22manalyticsService - calculateFinancialHealthScore[2m > [22mÉvaluation taux de recouvrement[2m > [22mdevrait détecter un taux faible[32m 1[2mms[22m[39m
 [32m✓[39m src/__tests__/lib/services/analyticsService.real.test.ts[2m > [22manalyticsService - calculateFinancialHealthScore[2m > [22mÉvaluation marge bénéficiaire[2m > [22mdevrait détecter une marge élevée[32m 1[2mms[22m[39m
 [32m✓[39m src/__tests__/lib/services/analyticsService.real.test.ts[2m > [22manalyticsService - calculateFinancialHealthScore[2m > [22mÉvaluation marge bénéficiaire[2m > [22mdevrait détecter une marge insuffisante[32m 1[2mms[22m[39m
 [32m✓[39m src/__tests__/lib/services/analyticsService.real.test.ts[2m > [22manalyticsService - calculateFinancialHealthScore[2m > [22mÉvaluation rétention clients[2m > [22mdevrait détecter une excellente fidélisation[32m 1[2mms[22m[39m
 [32m✓[39m src/__tests__/lib/services/analyticsService.real.test.ts[2m > [22manalyticsService - calculateFinancialHealthScore[2m > [22mÉvaluation rétention clients[2m > [22mdevrait détecter une faible rétention[32m 10[2mms[22m[39m
 [32m✓[39m src/__tests__/lib/services/analyticsService.real.test.ts[2m > [22manalyticsService - calculateFinancialHealthScore[2m > [22mÉvaluation trésorerie[2m > [22mdevrait détecter une trésorerie solide[32m 3[2mms[22m[39m
 [32m✓[39m src/__tests__/lib/services/analyticsService.real.test.ts[2m > [22manalyticsService - calculateFinancialHealthScore[2m > [22mÉvaluation trésorerie[2m > [22mdevrait détecter un problème de trésorerie[32m 1[2mms[22m[39m
 [32m✓[39m src/__tests__/lib/services/analyticsService.real.test.ts[2m > [22manalyticsService - calculateFinancialHealthScore[2m > [22mGradation des scores[2m > [22mdevrait attribuer le grade A pour un score proche de 95[32m 4[2mms[22m[39m
 [32m✓[39m src/__tests__/lib/services/analyticsService.real.test.ts[2m > [22manalyticsService - calculateFinancialHealthScore[2m > [22mGradation des scores[2m > [22mdevrait attribuer le grade B pour un score proche de 85[32m 1[2mms[22m[39m
 [32m✓[39m src/__tests__/lib/services/analyticsService.real.test.ts[2m > [22manalyticsService - calculateFinancialHealthScore[2m > [22mGradation des scores[2m > [22mdevrait attribuer le grade C pour un score proche de 75[32m 0[2mms[22m[39m
 [32m✓[39m src/__tests__/lib/services/analyticsService.real.test.ts[2m > [22manalyticsService - calculateFinancialHealthScore[2m > [22mGradation des scores[2m > [22mdevrait attribuer le grade D pour un score proche de 65[32m 0[2mms[22m[39m
 [32m✓[39m src/__tests__/lib/services/analyticsService.real.test.ts[2m > [22manalyticsService - calculateFinancialHealthScore[2m > [22mGradation des scores[2m > [22mdevrait attribuer le grade F pour un score proche de 50[32m 0[2mms[22m[39m
 [32m✓[39m src/__tests__/lib/services/analyticsService.real.test.ts[2m > [22manalyticsService - calculateFinancialHealthScore[2m > [22mRecommendations[2m > [22mdevrait fournir des recommandations pour les faiblesses[32m 1[2mms[22m[39m
[90mstdout[2m | src/__tests__/lib/forms/formConfigs.real.test.ts
[22m[39m◇ injected env (9) from .env.test // tip: ◈ secrets for agents [www.dotenvx.com]

 [32m✓[39m src/__tests__/lib/forms/formConfigs.real.test.ts[2m > [22mformConfigs - Configurations de formulaires[2m > [22mresourceRequestForm[2m > [22mdevrait avoir un id valide[32m 5[2mms[22m[39m
 [32m✓[39m src/__tests__/lib/forms/formConfigs.real.test.ts[2m > [22mformConfigs - Configurations de formulaires[2m > [22mresourceRequestForm[2m > [22mdevrait avoir un titre[32m 1[2mms[22m[39m
 [32m✓[39m src/__tests__/lib/forms/formConfigs.real.test.ts[2m > [22mformConfigs - Configurations de formulaires[2m > [22mresourceRequestForm[2m > [22mdevrait avoir aiEnabled activé[32m 5[2mms[22m[39m
 [32m✓[39m src/__tests__/lib/forms/formConfigs.real.test.ts[2m > [22mformConfigs - Configurations de formulaires[2m > [22mresourceRequestForm[2m > [22mdevrait nécessiter une approbation[32m 1[2mms[22m[39m
 [32m✓[39m src/__tests__/lib/forms/formConfigs.real.test.ts[2m > [22mformConfigs - Configurations de formulaires[2m > [22mresourceRequestForm[2m > [22mdevrait avoir des approbateurs définis[32m 5[2mms[22m[39m
 [32m✓[39m src/__tests__/lib/forms/formConfigs.real.test.ts[2m > [22mformConfigs - Configurations de formulaires[2m > [22mresourceRequestForm[2m > [22mdevrait avoir des champs définis[32m 1[2mms[22m[39m
 [32m✓[39m src/__tests__/lib/forms/formConfigs.real.test.ts[2m > [22mformConfigs - Configurations de formulaires[2m > [22mresourceRequestForm[2m > [22mdevrait avoir un champ resourceType[32m 2[2mms[22m[39m
 [32m✓[39m src/__tests__/lib/forms/formConfigs.real.test.ts[2m > [22mformConfigs - Configurations de formulaires[2m > [22mresourceRequestForm[2m > [22mdevrait avoir un champ justification[32m 2[2mms[22m[39m
 [32m✓[39m src/__tests__/lib/forms/formConfigs.real.test.ts[2m > [22mformConfigs - Configurations de formulaires[2m > [22mresourceRequestForm[2m > [22mdevrait avoir un champ urgency[32m 3[2mms[22m[39m
 [32m✓[39m src/__tests__/lib/forms/formConfigs.real.test.ts[2m > [22mformConfigs - Configurations de formulaires[2m > [22mresourceRequestForm[2m > [22mdevrait avoir une fonction onSubmit[32m 1[2mms[22m[39m
 [32m✓[39m src/__tests__/lib/forms/formConfigs.real.test.ts[2m > [22mformConfigs - Configurations de formulaires[2m > [22mstrategicDecisionForm[2m > [22mdevrait avoir un id valide[32m 1[2mms[22m[39m
 [32m✓[39m src/__tests__/lib/forms/formConfigs.real.test.ts[2m > [22mformConfigs - Configurations de formulaires[2m > [22mstrategicDecisionForm[2m > [22mdevrait avoir un titre[32m 1[2mms[22m[39m
 [32m✓[39m src/__tests__/lib/forms/formConfigs.real.test.ts[2m > [22mformConfigs - Configurations de formulaires[2m > [22mstrategicDecisionForm[2m > [22mdevrait être de catégorie strategy[32m 1[2mms[22m[39m
 [32m✓[39m src/__tests__/lib/forms/formConfigs.real.test.ts[2m > [22mformConfigs - Configurations de formulaires[2m > [22mstrategicDecisionForm[2m > [22mdevrait avoir un seuil d'impact élevé[32m 1[2mms[22m[39m
 [32m✓[39m src/__tests__/lib/forms/formConfigs.real.test.ts[2m > [22mformConfigs - Configurations de formulaires[2m > [22mstrategicDecisionForm[2m > [22mdevrait avoir des champs requis[32m 3[2mms[22m[39m
 [32m✓[39m src/__tests__/lib/forms/formConfigs.real.test.ts[2m > [22mformConfigs - Configurations de formulaires[2m > [22mstrategicDecisionForm[2m > [22mdevrait avoir un champ proposedSolution avec impactAnalysis[32m 2[2mms[22m[39m
 [32m✓[39m src/__tests__/lib/forms/formConfigs.real.test.ts[2m > [22mformConfigs - Configurations de formulaires[2m > [22mstrategicDecisionForm[2m > [22mdevrait avoir un champ expectedImpact de type multiselect[32m 1[2mms[22m[39m
 [32m✓[39m src/__tests__/lib/forms/formConfigs.real.test.ts[2m > [22mformConfigs - Configurations de formulaires[2m > [22mriskAssessmentForm[2m > [22mdevrait avoir un id valide[32m 0[2mms[22m[39m
 [32m✓[39m src/__tests__/lib/forms/formConfigs.real.test.ts[2m > [22mformConfigs - Configurations de formulaires[2m > [22mriskAssessmentForm[2m > [22mdevrait avoir un titre[32m 1[2mms[22m[39m
 [32m✓[39m src/__tests__/lib/forms/formConfigs.real.test.ts[2m > [22mformConfigs - Configurations de formulaires[2m > [22mriskAssessmentForm[2m > [22mdevrait être de catégorie risk[32m 1[2mms[22m[39m
 [32m✓[39m src/__tests__/lib/forms/formConfigs.real.test.ts[2m > [22mformConfigs - Configurations de formulaires[2m > [22mriskAssessmentForm[2m > [22mne devrait pas nécessiter d'approbation[32m 1[2mms[22m[39m
 [32m✓[39m src/__tests__/lib/forms/formConfigs.real.test.ts[2m > [22mformConfigs - Configurations de formulaires[2m > [22mriskAssessmentForm[2m > [22mdevrait avoir un champ riskCategory[32m 1[2mms[22m[39m
 [32m✓[39m src/__tests__/lib/forms/formConfigs.real.test.ts[2m > [22mformConfigs - Configurations de formulaires[2m > [22mriskAssessmentForm[2m > [22mdevrait avoir un champ probability[32m 1[2mms[22m[39m
 [32m✓[39m src/__tests__/lib/forms/formConfigs.real.test.ts[2m > [22mformConfigs - Configurations de formulaires[2m > [22mriskAssessmentForm[2m > [22mdevrait avoir un champ severity[32m 1[2mms[22m[39m
 [32m✓[39m src/__tests__/lib/forms/formConfigs.real.test.ts[2m > [22mformConfigs - Configurations de formulaires[2m > [22mformConfigs export[2m > [22mdevrait exporter tous les formulaires[32m 1[2mms[22m[39m
 [32m✓[39m src/__tests__/lib/forms/formConfigs.real.test.ts[2m > [22mformConfigs - Configurations de formulaires[2m > [22mformConfigs export[2m > [22mdevrait avoir 3 formulaires[32m 1[2mms[22m[39m
 [32m✓[39m src/__tests__/lib/forms/formConfigs.real.test.ts[2m > [22mformConfigs - Configurations de formulaires[2m > [22mValidation des champs[2m > [22mtous les champs devraient avoir un id unique[32m 3[2mms[22m[39m
 [32m✓[39m src/__tests__/lib/forms/formConfigs.real.test.ts[2m > [22mformConfigs - Configurations de formulaires[2m > [22mValidation des champs[2m > [22mtous les champs devraient avoir un type valide[32m 4[2mms[22m[39m
 [32m✓[39m src/__tests__/lib/forms/formConfigs.real.test.ts[2m > [22mformConfigs - Configurations de formulaires[2m > [22mValidation des champs[2m > [22mtous les champs devraient avoir un label[32m 5[2mms[22m[39m
 [32m✓[39m src/__tests__/lib/forms/formConfigs.real.test.ts[2m > [22mformConfigs - Configurations de formulaires[2m > [22mImpact Analysis[2m > [22mles champs critiques devraient avoir une impactAnalysis[32m 6[2mms[22m[39m
 [32m✓[39m src/__tests__/lib/forms/formConfigs.real.test.ts[2m > [22mformConfigs - Configurations de formulaires[2m > [22mImpact Analysis[2m > [22mimpactAnalysis devrait avoir les propriétés requises[32m 4[2mms[22m[39m
[90mstdout[2m | src/__tests__/lib/planLimits.test.ts
[22m[39m◇ injected env (9) from .env.test // tip: ⌘ override existing { override: true }

 [32m✓[39m src/__tests__/lib/planLimits.test.ts[2m > [22mPlan Limits - AIAction[2m > [22mAIAction enum[2m > [22mdevrait avoir les actions de niveau 1[32m 6[2mms[22m[39m
 [32m✓[39m src/__tests__/lib/planLimits.test.ts[2m > [22mPlan Limits - AIAction[2m > [22mAIAction enum[2m > [22mdevrait avoir les actions de niveau 2[32m 6[2mms[22m[39m
 [32m✓[39m src/__tests__/lib/planLimits.test.ts[2m > [22mPlan Limits - AIAction[2m > [22mAIAction enum[2m > [22mdevrait avoir les actions de niveau 3[32m 1[2mms[22m[39m
 [32m✓[39m src/__tests__/lib/planLimits.test.ts[2m > [22mPlan Limits - AIAction[2m > [22mAIAction enum[2m > [22mdevrait avoir les actions de niveau 4[32m 1[2mms[22m[39m
 [32m✓[39m src/__tests__/lib/planLimits.test.ts[2m > [22mPlan Limits - AIAction[2m > [22mAIAction enum[2m > [22mdevrait avoir les actions interdites sans validation[32m 1[2mms[22m[39m
 [32m✓[39m src/__tests__/lib/planLimits.test.ts[2m > [22mPlan Limits - Logic[2m > [22mLimitCheckResult structure[2m > [22mdevrait avoir la structure pour allowed=true[32m 1[2mms[22m[39m
 [32m✓[39m src/__tests__/lib/planLimits.test.ts[2m > [22mPlan Limits - Logic[2m > [22mLimitCheckResult structure[2m > [22mdevrait avoir la structure pour allowed=false[32m 2[2mms[22m[39m
 [32m✓[39m src/__tests__/lib/planLimits.test.ts[2m > [22mPlan Limits - Logic[2m > [22mAIActionResult structure[2m > [22mdevrait indiquer si validation requise[32m 2[2mms[22m[39m
 [32m✓[39m src/__tests__/lib/planLimits.test.ts[2m > [22mPlan Limits - Logic[2m > [22mAIActionResult structure[2m > [22mdevrait indiquer action interdite[32m 7[2mms[22m[39m
 [32m✓[39m src/__tests__/lib/planLimits.test.ts[2m > [22mPlan Limits - Logic[2m > [22mPlanLimits structure[2m > [22mdevrait définir les limites du plan Free[32m 1[2mms[22m[39m
 [32m✓[39m src/__tests__/lib/planLimits.test.ts[2m > [22mPlan Limits - Logic[2m > [22mPlanLimits structure[2m > [22mdevrait définir les limites du plan Pro[32m 1[2mms[22m[39m
 [32m✓[39m src/__tests__/lib/planLimits.test.ts[2m > [22mPlan Limits - Logic[2m > [22mPlanLimits structure[2m > [22mdevrait définir les limites du plan Business[32m 1[2mms[22m[39m
 [32m✓[39m src/__tests__/lib/planLimits.test.ts[2m > [22mPlan Limits - Logic[2m > [22mPlanLimits structure[2m > [22mdevrait définir les limites du plan Enterprise[32m 1[2mms[22m[39m
 [32m✓[39m src/__tests__/lib/planLimits.test.ts[2m > [22mPlan Limits - Logic[2m > [22mAction level requirements[2m > [22mdevrait vérifier le niveau requis pour chaque action[32m 1[2mms[22m[39m
 [32m✓[39m src/__tests__/lib/planLimits.test.ts[2m > [22mPlan Limits - Logic[2m > [22mAction level requirements[2m > [22mdevrait identifier les actions interdites[32m 3[2mms[22m[39m
 [32m✓[39m src/__tests__/lib/planLimits.test.ts[2m > [22mPlan Limits - Logic[2m > [22mAction level requirements[2m > [22mdevrait vérifier si action est autorisée pour un niveau donné[32m 1[2mms[22m[39m
 [32m✓[39m src/__tests__/lib/planLimits.test.ts[2m > [22mPlan Limits - Logic[2m > [22mUsage tracking[2m > [22mdevrait calculer le pourcentage d'utilisation[32m 1[2mms[22m[39m
 [32m✓[39m src/__tests__/lib/planLimits.test.ts[2m > [22mPlan Limits - Logic[2m > [22mUsage tracking[2m > [22mdevrait identifier l'approche de la limite[32m 2[2mms[22m[39m
 [32m✓[39m src/__tests__/lib/planLimits.test.ts[2m > [22mPlan Limits - Logic[2m > [22mUsage tracking[2m > [22mdevrait calculer le stockage restant[32m 0[2mms[22m[39m
 [32m✓[39m src/__tests__/lib/planLimits.test.ts[2m > [22mPlan Limits - Logic[2m > [22mValidation rules[2m > [22mdevrait toujours exiger validation humaine pour actes juridiques[32m 1[2mms[22m[39m
[90mstdout[2m | src/__tests__/domain/legal-compliance.test.ts
[22m[39m◇ injected env (9) from .env.test // tip: ◈ encrypted .env [www.dotenvx.com]

 [32m✓[39m src/__tests__/domain/legal-compliance.test.ts[2m > [22mLegal Compliance[2m > [22mDocuments juridiques requis[2m > [22mdevrait avoir un DPA template[32m 28[2mms[22m[39m
 [32m✓[39m src/__tests__/domain/legal-compliance.test.ts[2m > [22mLegal Compliance[2m > [22mDocuments juridiques requis[2m > [22mdevrait avoir des CGU/CGV[32m 2[2mms[22m[39m
 [32m✓[39m src/__tests__/domain/legal-compliance.test.ts[2m > [22mLegal Compliance[2m > [22mDocuments juridiques requis[2m > [22mdevrait avoir une stratégie HDS[32m 29[2mms[22m[39m
 [32m✓[39m src/__tests__/domain/legal-compliance.test.ts[2m > [22mLegal Compliance[2m > [22mDocuments juridiques requis[2m > [22mdevrait avoir un guide eIDAS[32m 1[2mms[22m[39m
 [32m✓[39m src/__tests__/domain/legal-compliance.test.ts[2m > [22mLegal Compliance[2m > [22mDPA — contenu obligatoire RGPD art.28[2m > [22mdevrait définir l'objet et la durée du traitement[32m 17[2mms[22m[39m
 [32m✓[39m src/__tests__/domain/legal-compliance.test.ts[2m > [22mLegal Compliance[2m > [22mDPA — contenu obligatoire RGPD art.28[2m > [22mdevrait définir les catégories de données[32m 19[2mms[22m[39m
 [32m✓[39m src/__tests__/domain/legal-compliance.test.ts[2m > [22mLegal Compliance[2m > [22mDPA — contenu obligatoire RGPD art.28[2m > [22mdevrait mentionner les obligations de sécurité[32m 3[2mms[22m[39m
 [32m✓[39m src/__tests__/domain/legal-compliance.test.ts[2m > [22mLegal Compliance[2m > [22mDPA — contenu obligatoire RGPD art.28[2m > [22mdevrait prévoir la notification de violation[32m 1[2mms[22m[39m
 [32m✓[39m src/__tests__/domain/legal-compliance.test.ts[2m > [22mLegal Compliance[2m > [22mDPA — contenu obligatoire RGPD art.28[2m > [22mdevrait lister les sous-traitants ultérieurs[32m 1[2mms[22m[39m
 [32m✓[39m src/__tests__/domain/legal-compliance.test.ts[2m > [22mLegal Compliance[2m > [22mDPA — contenu obligatoire RGPD art.28[2m > [22mdevrait prévoir le sort des données en fin de contrat[32m 1[2mms[22m[39m
 [32m✓[39m src/__tests__/domain/legal-compliance.test.ts[2m > [22mLegal Compliance[2m > [22mDPA — contenu obligatoire RGPD art.28[2m > [22mdevrait mentionner le droit d'audit[32m 1[2mms[22m[39m
 [32m✓[39m src/__tests__/domain/legal-compliance.test.ts[2m > [22mLegal Compliance[2m > [22mCGU/CGV — clauses obligatoires[2m > [22mdevrait contenir le disclaimer IA[32m 2[2mms[22m[39m
 [32m✓[39m src/__tests__/domain/legal-compliance.test.ts[2m > [22mLegal Compliance[2m > [22mCGU/CGV — clauses obligatoires[2m > [22mdevrait mentionner la loi de 1971[32m 0[2mms[22m[39m
 [32m✓[39m src/__tests__/domain/legal-compliance.test.ts[2m > [22mLegal Compliance[2m > [22mCGU/CGV — clauses obligatoires[2m > [22mdevrait limiter la responsabilité[32m 1[2mms[22m[39m
 [32m✓[39m src/__tests__/domain/legal-compliance.test.ts[2m > [22mLegal Compliance[2m > [22mCGU/CGV — clauses obligatoires[2m > [22mdevrait mentionner l'hébergement UE[32m 0[2mms[22m[39m
 [32m✓[39m src/__tests__/domain/legal-compliance.test.ts[2m > [22mLegal Compliance[2m > [22mCGU/CGV — clauses obligatoires[2m > [22mdevrait mentionner le chiffrement E2E[32m 1[2mms[22m[39m
 [32m✓[39m src/__tests__/domain/legal-compliance.test.ts[2m > [22mLegal Compliance[2m > [22mVercel config — région EU[2m > [22mdevrait forcer la région Paris (cdg1)[32m 5[2mms[22m[39m
 [32m✓[39m src/__tests__/domain/legal-compliance.test.ts[2m > [22mLegal Compliance[2m > [22mComposants UI légaux[2m > [22mdevrait avoir le composant AIDisclaimer[32m 3[2mms[22m[39m
 [32m✓[39m src/__tests__/domain/legal-compliance.test.ts[2m > [22mLegal Compliance[2m > [22mComposants UI légaux[2m > [22mdevrait avoir le composant LegalFooter[32m 1[2mms[22m[39m
 [32m✓[39m src/__tests__/domain/legal-compliance.test.ts[2m > [22mLegal Compliance[2m > [22mComposants UI légaux[2m > [22mdevrait avoir la page CGU[32m 1[2mms[22m[39m
[90mstdout[2m | src/__tests__/api/information-units.test.ts
[22m[39m◇ injected env (9) from .env.test // tip: ◈ encrypted .env [www.dotenvx.com]

[90mstdout[2m | src/__tests__/lib/billing/cost-guard.test.ts
[22m[39m◇ injected env (9) from .env.test // tip: ⌘ override existing { override: true }

[90mstdout[2m | src/__tests__/services/suggestionService.test.ts
[22m[39m◇ injected env (9) from .env.test // tip: ⌁ auth for agents [www.vestauth.com]

[90mstdout[2m | src/__tests__/services/oqtfDeadlineService.test.ts
[22m[39m◇ injected env (9) from .env.test // tip: ⌘ override existing { override: true }

 [32m✓[39m src/__tests__/lib/billing/cost-guard.test.ts[2m > [22mCost Guard - Pure Unit Tests[2m > [22mAI cost constants[2m > [22mshould define cost per 1000 tokens[32m 7[2mms[22m[39m
 [32m✓[39m src/__tests__/lib/billing/cost-guard.test.ts[2m > [22mCost Guard - Pure Unit Tests[2m > [22mAI cost constants[2m > [22mshould define monthly cost limits by plan[32m 1[2mms[22m[39m
 [32m✓[39m src/__tests__/lib/billing/cost-guard.test.ts[2m > [22mCost Guard - Pure Unit Tests[2m > [22mAI cost constants[2m > [22mshould define alert thresholds[32m 8[2mms[22m[39m
 [32m✓[39m src/__tests__/lib/billing/cost-guard.test.ts[2m > [22mCost Guard - Pure Unit Tests[2m > [22mcalculatePercentage[2m > [22mshould calculate percentage correctly[32m 1[2mms[22m[39m
 [32m✓[39m src/__tests__/lib/billing/cost-guard.test.ts[2m > [22mCost Guard - Pure Unit Tests[2m > [22mcalculatePercentage[2m > [22mshould handle zero limit[32m 6[2mms[22m[39m
 [32m✓[39m src/__tests__/lib/billing/cost-guard.test.ts[2m > [22mCost Guard - Pure Unit Tests[2m > [22mdetermineAlertLevel[2m > [22mshould return normal for low usage[32m 1[2mms[22m[39m
 [32m✓[39m src/__tests__/lib/billing/cost-guard.test.ts[2m > [22mCost Guard - Pure Unit Tests[2m > [22mdetermineAlertLevel[2m > [22mshould return warning at 80%[32m 1[2mms[22m[39m
 [32m✓[39m src/__tests__/lib/billing/cost-guard.test.ts[2m > [22mCost Guard - Pure Unit Tests[2m > [22mdetermineAlertLevel[2m > [22mshould return critical at 90%[32m 2[2mms[22m[39m
 [32m✓[39m src/__tests__/lib/billing/cost-guard.test.ts[2m > [22mCost Guard - Pure Unit Tests[2m > [22mdetermineAlertLevel[2m > [22mshould return blocked at 100%[32m 3[2mms[22m[39m
 [32m✓[39m src/__tests__/lib/billing/cost-guard.test.ts[2m > [22mCost Guard - Pure Unit Tests[2m > [22mgetLimitForPlan[2m > [22mshould return correct limits for each plan[32m 5[2mms[22m[39m
 [32m✓[39m src/__tests__/lib/billing/cost-guard.test.ts[2m > [22mCost Guard - Pure Unit Tests[2m > [22mgetLimitForPlan[2m > [22mshould return default for unknown plans[32m 1[2mms[22m[39m
 [32m✓[39m src/__tests__/lib/billing/cost-guard.test.ts[2m > [22mCost Guard - Pure Unit Tests[2m > [22mcalculateTokenCost[2m > [22mshould calculate token cost correctly[32m 1[2mms[22m[39m
 [32m✓[39m src/__tests__/lib/billing/cost-guard.test.ts[2m > [22mCost Guard - Pure Unit Tests[2m > [22mcalculateTokenCost[2m > [22mshould handle different model costs[32m 3[2mms[22m[39m
 [32m✓[39m src/__tests__/lib/billing/cost-guard.test.ts[2m > [22mCost Guard - Pure Unit Tests[2m > [22mshouldSuggestOllama[2m > [22mshould suggest Ollama when near or over budget[32m 3[2mms[22m[39m
 [32m✓[39m src/__tests__/lib/billing/cost-guard.test.ts[2m > [22mCost Guard - Pure Unit Tests[2m > [22mbudget check result[2m > [22mshould create budget result object[32m 2[2mms[22m[39m
 [32m✓[39m src/__tests__/lib/billing/cost-guard.test.ts[2m > [22mCost Guard - Pure Unit Tests[2m > [22mmonthly period calculation[2m > [22mshould calculate start of current month[32m 1[2mms[22m[39m
 [32m✓[39m src/__tests__/lib/billing/cost-guard.test.ts[2m > [22mCost Guard - Pure Unit Tests[2m > [22mmonthly period calculation[2m > [22mshould calculate days remaining in month[32m 2[2mms[22m[39m
 [32m✓[39m src/__tests__/lib/billing/cost-guard.test.ts[2m > [22mCost Guard - Pure Unit Tests[2m > [22mcost formatting[2m > [22mshould format cost as currency[32m 58[2mms[22m[39m
 [32m✓[39m src/__tests__/lib/billing/cost-guard.test.ts[2m > [22mCost Guard - Pure Unit Tests[2m > [22mcost formatting[2m > [22mshould format remaining budget message[32m 1[2mms[22m[39m
 [32m✓[39m src/__tests__/lib/billing/cost-guard.test.ts[2m > [22mCost Guard Integration Helpers[2m > [22mcache key generation[2m > [22mshould generate unique cache keys[32m 1[2mms[22m[39m
 [32m✓[39m src/__tests__/lib/billing/cost-guard.test.ts[2m > [22mCost Guard Integration Helpers[2m > [22mrate limit key[2m > [22mshould generate rate limit key[32m 1[2mms[22m[39m
 [32m✓[39m src/__tests__/api/information-units.test.ts[2m > [22m/api/information-units[2m > [22mGET[2m > [22mshould return information units[32m 136[2mms[22m[39m
[90mstdout[2m | src/__tests__/lib/utils/rgpd-helpers.test.ts
[22m[39m◇ injected env (9) from .env.test // tip: ⌘ enable debugging { debug: true }

 [32m✓[39m src/__tests__/api/information-units.test.ts[2m > [22m/api/information-units[2m > [22mGET[2m > [22mshould use tenantId from session if query tenantId is missing[32m 56[2mms[22m[39m
 [32m✓[39m src/__tests__/api/information-units.test.ts[2m > [22m/api/information-units[2m > [22mPOST[2m > [22mshould create information unit[32m 76[2mms[22m[39m
 [32m✓[39m src/__tests__/api/information-units.test.ts[2m > [22m/api/information-units[2m > [22mPOST[2m > [22mshould return 409 if duplicate[32m 11[2mms[22m[39m
 [32m✓[39m src/__tests__/api/information-units.test.ts[2m > [22m/api/information-units[2m > [22mPATCH[2m > [22mshould update status[32m 13[2mms[22m[39m
 [32m✓[39m src/__tests__/services/suggestionService.test.ts[2m > [22mSuggestion Service[2m > [22mSmartSuggestion Interface[2m > [22mdevrait avoir la structure correcte[32m 31[2mms[22m[39m
 [32m✓[39m src/__tests__/services/suggestionService.test.ts[2m > [22mSuggestion Service[2m > [22mPriority Levels[2m > [22mdevrait inclure tous les niveaux[32m 42[2mms[22m[39m
 [32m✓[39m src/__tests__/services/suggestionService.test.ts[2m > [22mSuggestion Service[2m > [22mPriority Levels[2m > [22mdevrait avoir 4 niveaux[32m 11[2mms[22m[39m
 [32m✓[39m src/__tests__/services/suggestionService.test.ts[2m > [22mSuggestion Service[2m > [22mPriority Sorting[2m > [22mdevrait trier CRITICAL en premier[32m 2[2mms[22m[39m
 [32m✓[39m src/__tests__/services/suggestionService.test.ts[2m > [22mSuggestion Service[2m > [22mPriority Sorting[2m > [22mdevrait maintenir l'ordre décroissant[32m 6[2mms[22m[39m
 [32m✓[39m src/__tests__/services/suggestionService.test.ts[2m > [22mSuggestion Service[2m > [22mStale Dossier Detection[2m > [22mdevrait détecter un dossier obsolète[32m 1[2mms[22m[39m
 [32m✓[39m src/__tests__/services/suggestionService.test.ts[2m > [22mSuggestion Service[2m > [22mStale Dossier Detection[2m > [22mdevrait ne pas détecter un dossier récent[32m 1[2mms[22m[39m
 [32m✓[39m src/__tests__/services/suggestionService.test.ts[2m > [22mSuggestion Service[2m > [22mStale Dossier Detection[2m > [22mdevrait calculer les jours sans mise à jour[32m 9[2mms[22m[39m
 [32m✓[39m src/__tests__/services/suggestionService.test.ts[2m > [22mSuggestion Service[2m > [22mClient Followup Detection[2m > [22mdevrait suggérer relance après 7 jours[32m 13[2mms[22m[39m
 [32m✓[39m src/__tests__/services/suggestionService.test.ts[2m > [22mSuggestion Service[2m > [22mClient Followup Detection[2m > [22mdevrait ne pas suggérer relance si contact récent[32m 1[2mms[22m[39m
 [32m✓[39m src/__tests__/services/suggestionService.test.ts[2m > [22mSuggestion Service[2m > [22mAutomation Opportunities[2m > [22mdevrait identifier les actions fréquentes[32m 4[2mms[22m[39m
 [32m✓[39m src/__tests__/services/suggestionService.test.ts[2m > [22mSuggestion Service[2m > [22mAutomation Opportunities[2m > [22mdevrait calculer le potentiel correct[32m 2[2mms[22m[39m
 [32m✓[39m src/__tests__/services/suggestionService.test.ts[2m > [22mSuggestion Service[2m > [22mAnomaly Detection[2m > [22mdevrait détecter une anomalie[32m 1[2mms[22m[39m
 [32m✓[39m src/__tests__/services/suggestionService.test.ts[2m > [22mSuggestion Service[2m > [22mAnomaly Detection[2m > [22mdevrait ne pas détecter si dans la plage[32m 1[2mms[22m[39m
 [32m✓[39m src/__tests__/services/suggestionService.test.ts[2m > [22mSuggestion Service[2m > [22mSuggestion ID Generation[2m > [22mdevrait générer un ID avec préfixe[32m 27[2mms[22m[39m
 [32m✓[39m src/__tests__/services/suggestionService.test.ts[2m > [22mSuggestion Service[2m > [22mSuggestion ID Generation[2m > [22mdevrait gérer différents préfixes[32m 1[2mms[22m[39m
 [32m✓[39m src/__tests__/services/suggestionService.test.ts[2m > [22mSuggestion Service[2m > [22mEstimated Time Calculation[2m > [22mdevrait estimer 5 min pour email[32m 2[2mms[22m[39m
 [32m✓[39m src/__tests__/services/suggestionService.test.ts[2m > [22mSuggestion Service[2m > [22mEstimated Time Calculation[2m > [22mdevrait estimer 15 min pour appel[32m 1[2mms[22m[39m
 [32m✓[39m src/__tests__/services/suggestionService.test.ts[2m > [22mSuggestion Service[2m > [22mEstimated Time Calculation[2m > [22mdevrait estimer 30 min pour revue document[32m 1[2mms[22m[39m
 [32m✓[39m src/__tests__/services/suggestionService.test.ts[2m > [22mSuggestion Service[2m > [22mMissing Documents Pattern[2m > [22mdevrait identifier les documents manquants récurrents[32m 1[2mms[22m[39m
 [32m✓[39m src/__tests__/services/suggestionService.test.ts[2m > [22mSuggestion Service[2m > [22mConfidence Level[2m > [22mdevrait avoir des niveaux de confiance entre 0 et 100[32m 1[2mms[22m[39m
 [32m✓[39m src/__tests__/services/suggestionService.test.ts[2m > [22mSuggestion Service[2m > [22mConfidence Level[2m > [22mdevrait qualifier les niveaux[32m 2[2mms[22m[39m
 [32m✓[39m src/__tests__/lib/utils/rgpd-helpers.test.ts[2m > [22mRGPD Helpers[2m > [22manonymizeForAI[2m > [22mdevrait anonymiser les emails[32m 8[2mms[22m[39m
 [32m✓[39m src/__tests__/lib/utils/rgpd-helpers.test.ts[2m > [22mRGPD Helpers[2m > [22manonymizeForAI[2m > [22mdevrait anonymiser les téléphones[32m 1[2mms[22m[39m
 [32m✓[39m src/__tests__/lib/utils/rgpd-helpers.test.ts[2m > [22mRGPD Helpers[2m > [22manonymizeForAI[2m > [22mdevrait anonymiser les noms[32m 10[2mms[22m[39m
 [32m✓[39m src/__tests__/lib/utils/rgpd-helpers.test.ts[2m > [22mRGPD Helpers[2m > [22manonymizeForAI[2m > [22mdevrait anonymiser les adresses[32m 1[2mms[22m[39m
 [32m✓[39m src/__tests__/lib/utils/rgpd-helpers.test.ts[2m > [22mRGPD Helpers[2m > [22manonymizeForAI[2m > [22mdevrait anonymiser les données sensibles[32m 3[2mms[22m[39m
 [32m✓[39m src/__tests__/lib/utils/rgpd-helpers.test.ts[2m > [22mRGPD Helpers[2m > [22manonymizeForAI[2m > [22mdevrait préserver les champs non sensibles[32m 1[2mms[22m[39m
 [32m✓[39m src/__tests__/lib/utils/rgpd-helpers.test.ts[2m > [22mRGPD Helpers[2m > [22manonymizeForAI[2m > [22mdevrait gérer un objet vide[32m 5[2mms[22m[39m
 [32m✓[39m src/__tests__/lib/utils/rgpd-helpers.test.ts[2m > [22mRGPD Helpers[2m > [22manonymizeForAI[2m > [22mdevrait ne pas modifier l'objet original[32m 2[2mms[22m[39m
 [32m✓[39m src/__tests__/lib/utils/rgpd-helpers.test.ts[2m > [22mRGPD Helpers[2m > [22manonymizeForAI[2m > [22mdevrait anonymiser emailSecondaire[32m 3[2mms[22m[39m
 [32m✓[39m src/__tests__/lib/utils/rgpd-helpers.test.ts[2m > [22mRGPD Helpers[2m > [22manonymizeForAI[2m > [22mdevrait anonymiser phoneSecondaire[32m 2[2mms[22m[39m
 [32m✓[39m src/__tests__/lib/utils/rgpd-helpers.test.ts[2m > [22mRGPD Helpers[2m > [22manonymizeForAI[2m > [22mdevrait anonymiser nomNaissance[32m 1[2mms[22m[39m
 [32m✓[39m src/__tests__/lib/utils/rgpd-helpers.test.ts[2m > [22mRGPD Helpers[2m > [22manonymizeForAI[2m > [22mdevrait anonymiser adresseCorrespondance[32m 0[2mms[22m[39m
 [32m✓[39m src/__tests__/lib/utils/rgpd-helpers.test.ts[2m > [22mRGPD Helpers[2m > [22manonymizeForAI[2m > [22mdevrait anonymiser les données CESEDA spécifiques[32m 0[2mms[22m[39m
 [32m✓[39m src/__tests__/lib/utils/rgpd-helpers.test.ts[2m > [22mRGPD Helpers[2m > [22manonymizeForAI[2m > [22mdevrait gérer les valeurs null/undefined[32m 0[2mms[22m[39m
 [32m✓[39m src/__tests__/lib/utils/rgpd-helpers.test.ts[2m > [22mRGPD Helpers[2m > [22mStructure des données anonymisées[2m > [22mdevrait produire des données utilisables par l'IA[32m 1[2mms[22m[39m
 [32m✓[39m src/__tests__/lib/utils/rgpd-helpers.test.ts[2m > [22mRGPD Helpers[2m > [22mStructure des données anonymisées[2m > [22mdevrait permettre le traitement IA sur les dossiers[32m 1[2mms[22m[39m
[90mstdout[2m | src/__tests__/lib/websocket.test.ts
[22m[39m◇ injected env (9) from .env.test // tip: ⌘ custom filepath { path: '/custom/path/.env' }

 [32m✓[39m src/__tests__/services/oqtfDeadlineService.test.ts[2m > [22mOQTF Deadline Service[2m > [22mTypeDossierCESEDA Enum[2m > [22mdevrait inclure OQTF[32m 9[2mms[22m[39m
 [32m✓[39m src/__tests__/services/oqtfDeadlineService.test.ts[2m > [22mOQTF Deadline Service[2m > [22mTypeDossierCESEDA Enum[2m > [22mdevrait inclure REFUS_TITRE[32m 2[2mms[22m[39m
 [32m✓[39m src/__tests__/services/oqtfDeadlineService.test.ts[2m > [22mOQTF Deadline Service[2m > [22mTypeDossierCESEDA Enum[2m > [22mdevrait inclure RETRAIT_TITRE[32m 1[2mms[22m[39m
 [32m✓[39m src/__tests__/services/oqtfDeadlineService.test.ts[2m > [22mOQTF Deadline Service[2m > [22mTypeDossierCESEDA Enum[2m > [22mdevrait inclure NATURALISATION[32m 5[2mms[22m[39m
 [32m✓[39m src/__tests__/services/oqtfDeadlineService.test.ts[2m > [22mOQTF Deadline Service[2m > [22mTypeDossierCESEDA Enum[2m > [22mdevrait inclure REGROUPEMENT_FAMILIAL[32m 1[2mms[22m[39m
 [32m✓[39m src/__tests__/services/oqtfDeadlineService.test.ts[2m > [22mOQTF Deadline Service[2m > [22mTypeDossierCESEDA Enum[2m > [22mdevrait inclure ASILE[32m 1[2mms[22m[39m
 [32m✓[39m src/__tests__/services/oqtfDeadlineService.test.ts[2m > [22mTemplates Juridiques OQTF[2m > [22mPatterns de reconnaissance[2m > [22mdevrait reconnaître "OQTF"[32m 6[2mms[22m[39m
 [32m✓[39m src/__tests__/services/oqtfDeadlineService.test.ts[2m > [22mTemplates Juridiques OQTF[2m > [22mPatterns de reconnaissance[2m > [22mdevrait reconnaître "obligation de quitter le territoire francais"[32m 1[2mms[22m[39m
 [32m✓[39m src/__tests__/services/oqtfDeadlineService.test.ts[2m > [22mTemplates Juridiques OQTF[2m > [22mPatterns de reconnaissance[2m > [22mdevrait reconnaître "decision d'eloignement"[32m 4[2mms[22m[39m
 [32m✓[39m src/__tests__/services/oqtfDeadlineService.test.ts[2m > [22mTemplates Juridiques OQTF[2m > [22mArticles CESEDA[2m > [22mdevrait référencer L.511-1[32m 1[2mms[22m[39m
 [32m✓[39m src/__tests__/services/oqtfDeadlineService.test.ts[2m > [22mTemplates Juridiques OQTF[2m > [22mArticles CESEDA[2m > [22mdevrait référencer L.512-1[32m 1[2mms[22m[39m
 [32m✓[39m src/__tests__/services/oqtfDeadlineService.test.ts[2m > [22mTemplates Juridiques OQTF[2m > [22mArticles CESEDA[2m > [22mdevrait avoir le format Article complet[32m 1[2mms[22m[39m
 [32m✓[39m src/__tests__/services/oqtfDeadlineService.test.ts[2m > [22mTemplates Juridiques OQTF[2m > [22mDélais standard OQTF[2m > [22mdevrait avoir 30 jours pour départ volontaire[32m 1[2mms[22m[39m
 [32m✓[39m src/__tests__/services/oqtfDeadlineService.test.ts[2m > [22mTemplates Juridiques OQTF[2m > [22mDélais standard OQTF[2m > [22mdevrait avoir 48h pour recours TA (rétention)[32m 0[2mms[22m[39m
 [32m✓[39m src/__tests__/services/oqtfDeadlineService.test.ts[2m > [22mTemplates Juridiques OQTF[2m > [22mDélais standard OQTF[2m > [22mdevrait avoir 2 mois pour appel CAA[32m 0[2mms[22m[39m
 [32m✓[39m src/__tests__/services/oqtfDeadlineService.test.ts[2m > [22mTemplates Juridiques OQTF[2m > [22mKeywords juridiques[2m > [22mdevrait inclure prefecture[32m 1[2mms[22m[39m
 [32m✓[39m src/__tests__/services/oqtfDeadlineService.test.ts[2m > [22mTemplates Juridiques OQTF[2m > [22mKeywords juridiques[2m > [22mdevrait inclure TA[32m 0[2mms[22m[39m
 [32m✓[39m src/__tests__/services/oqtfDeadlineService.test.ts[2m > [22mTemplates Juridiques OQTF[2m > [22mKeywords juridiques[2m > [22mdevrait inclure CRA[32m 6[2mms[22m[39m
 [32m✓[39m src/__tests__/services/oqtfDeadlineService.test.ts[2m > [22mTemplates Juridiques OQTF[2m > [22mKeywords juridiques[2m > [22mdevrait inclure refere-liberte[32m 1[2mms[22m[39m
 [32m✓[39m src/__tests__/services/oqtfDeadlineService.test.ts[2m > [22mCalcul des délais[2m > [22mDépart volontaire[2m > [22mdevrait calculer la date limite[32m 1[2mms[22m[39m
 [32m✓[39m src/__tests__/services/oqtfDeadlineService.test.ts[2m > [22mCalcul des délais[2m > [22mRecours TA 48h[2m > [22mdevrait calculer le délai de 48h[32m 1[2mms[22m[39m
 [32m✓[39m src/__tests__/services/oqtfDeadlineService.test.ts[2m > [22mCalcul des délais[2m > [22mRecours TA 30 jours (sans rétention)[2m > [22mdevrait calculer le délai de 30 jours[32m 1[2mms[22m[39m
 [32m✓[39m src/__tests__/services/oqtfDeadlineService.test.ts[2m > [22mClassification du type de dossier[2m > [22mdevrait classifier un document OQTF[32m 1[2mms[22m[39m
 [32m✓[39m src/__tests__/services/oqtfDeadlineService.test.ts[2m > [22mClassification du type de dossier[2m > [22mdevrait classifier un refus de titre[32m 0[2mms[22m[39m
 [32m✓[39m src/__tests__/services/oqtfDeadlineService.test.ts[2m > [22mClassification du type de dossier[2m > [22mdevrait classifier une naturalisation[32m 0[2mms[22m[39m
 [32m✓[39m src/__tests__/services/oqtfDeadlineService.test.ts[2m > [22mClassification du type de dossier[2m > [22mdevrait retourner null pour texte inconnu[32m 0[2mms[22m[39m
 [32m✓[39m src/__tests__/services/oqtfDeadlineService.test.ts[2m > [22mConfidence Scoring[2m > [22mdevrait calculer 100% si tous les patterns matchent[32m 0[2mms[22m[39m
 [32m✓[39m src/__tests__/services/oqtfDeadlineService.test.ts[2m > [22mConfidence Scoring[2m > [22mdevrait calculer 50% si la moitié matche[32m 0[2mms[22m[39m
 [32m✓[39m src/__tests__/services/oqtfDeadlineService.test.ts[2m > [22mConfidence Scoring[2m > [22mdevrait calculer 0% si aucun match[32m 0[2mms[22m[39m
 [32m✓[39m src/__tests__/lib/websocket.test.ts[2m > [22mWebSocket Service[2m > [22mConnection Management[2m > [22mdevrait ajouter une connexion[32m 16[2mms[22m[39m
 [32m✓[39m src/__tests__/lib/websocket.test.ts[2m > [22mWebSocket Service[2m > [22mConnection Management[2m > [22mdevrait supprimer une connexion[32m 1[2mms[22m[39m
 [32m✓[39m src/__tests__/lib/websocket.test.ts[2m > [22mWebSocket Service[2m > [22mConnection Management[2m > [22mdevrait gérer plusieurs connexions[32m 10[2mms[22m[39m
 [32m✓[39m src/__tests__/lib/websocket.test.ts[2m > [22mWebSocket Service[2m > [22mRoom Management[2m > [22mdevrait joindre une room[32m 3[2mms[22m[39m
 [32m✓[39m src/__tests__/lib/websocket.test.ts[2m > [22mWebSocket Service[2m > [22mRoom Management[2m > [22mdevrait quitter une room[32m 2[2mms[22m[39m
 [32m✓[39m src/__tests__/lib/websocket.test.ts[2m > [22mWebSocket Service[2m > [22mRoom Management[2m > [22mdevrait supporter plusieurs membres par room[32m 2[2mms[22m[39m
 [32m✓[39m src/__tests__/lib/websocket.test.ts[2m > [22mWebSocket Service[2m > [22mMessage Types[2m > [22mdevrait avoir 6 types de message[32m 1[2mms[22m[39m
 [32m✓[39m src/__tests__/lib/websocket.test.ts[2m > [22mWebSocket Service[2m > [22mMessage Types[2m > [22mdevrait inclure notification[32m 1[2mms[22m[39m
 [32m✓[39m src/__tests__/lib/websocket.test.ts[2m > [22mWebSocket Service[2m > [22mMessage Types[2m > [22mdevrait inclure dossier_update[32m 3[2mms[22m[39m
 [32m✓[39m src/__tests__/lib/websocket.test.ts[2m > [22mWebSocket Service[2m > [22mMessage Serialization[2m > [22mdevrait créer un message[32m 3[2mms[22m[39m
 [32m✓[39m src/__tests__/lib/websocket.test.ts[2m > [22mWebSocket Service[2m > [22mMessage Serialization[2m > [22mdevrait sérialiser un message[32m 1[2mms[22m[39m
 [32m✓[39m src/__tests__/lib/websocket.test.ts[2m > [22mWebSocket Service[2m > [22mMessage Serialization[2m > [22mdevrait parser un message valide[32m 1[2mms[22m[39m
 [32m✓[39m src/__tests__/lib/websocket.test.ts[2m > [22mWebSocket Service[2m > [22mMessage Serialization[2m > [22mdevrait retourner null pour JSON invalide[32m 1[2mms[22m[39m
 [32m✓[39m src/__tests__/lib/websocket.test.ts[2m > [22mWebSocket Service[2m > [22mBroadcast[2m > [22mdevrait envoyer à toutes les connexions[32m 3[2mms[22m[39m
 [32m✓[39m src/__tests__/lib/websocket.test.ts[2m > [22mWebSocket Service[2m > [22mBroadcast[2m > [22mdevrait exclure une connexion[32m 1[2mms[22m[39m
 [32m✓[39m src/__tests__/lib/websocket.test.ts[2m > [22mWebSocket Service[2m > [22mUser Presence[2m > [22mdevrait mettre à jour la présence[32m 1[2mms[22m[39m
 [32m✓[39m src/__tests__/lib/websocket.test.ts[2m > [22mWebSocket Service[2m > [22mUser Presence[2m > [22mdevrait changer le statut[32m 1[2mms[22m[39m
 [32m✓[39m src/__tests__/lib/websocket.test.ts[2m > [22mWebSocket Service[2m > [22mUser Presence[2m > [22mdevrait retourner undefined pour utilisateur inconnu[32m 3[2mms[22m[39m
 [32m✓[39m src/__tests__/lib/websocket.test.ts[2m > [22mWebSocket Service[2m > [22mTyping Indicator[2m > [22mdevrait indiquer qu'un utilisateur tape[32m 1[2mms[22m[39m
 [32m✓[39m src/__tests__/lib/websocket.test.ts[2m > [22mWebSocket Service[2m > [22mTyping Indicator[2m > [22mdevrait retirer l'indicateur[32m 1[2mms[22m[39m
 [32m✓[39m src/__tests__/lib/websocket.test.ts[2m > [22mWebSocket Service[2m > [22mTyping Indicator[2m > [22mdevrait gérer plusieurs utilisateurs tapant[32m 2[2mms[22m[39m
 [32m✓[39m src/__tests__/lib/websocket.test.ts[2m > [22mWebSocket Service[2m > [22mHeartbeat[2m > [22mdevrait avoir un intervalle de 30 secondes[32m 1[2mms[22m[39m
 [32m✓[39m src/__tests__/lib/websocket.test.ts[2m > [22mWebSocket Service[2m > [22mHeartbeat[2m > [22mdevrait détecter une connexion morte[32m 1[2mms[22m[39m
 [32m✓[39m src/__tests__/lib/websocket.test.ts[2m > [22mWebSocket Service[2m > [22mHeartbeat[2m > [22mdevrait confirmer une connexion vivante[32m 1[2mms[22m[39m
[90mstdout[2m | src/__tests__/lib/workflows/workflow-config.real.test.ts
[22m[39m◇ injected env (9) from .env.test // tip: ⌘ enable debugging { debug: true }

 [32m✓[39m src/__tests__/lib/workflows/workflow-config.real.test.ts[2m > [22mworkflow-config - REAL TESTS[2m > [22mDEFAULT_WORKFLOW_CONFIG[2m > [22mshould be enabled by default[32m 15[2mms[22m[39m
 [32m✓[39m src/__tests__/lib/workflows/workflow-config.real.test.ts[2m > [22mworkflow-config - REAL TESTS[2m > [22mDEFAULT_WORKFLOW_CONFIG[2m > [22mshould have auto trigger enabled by default[32m 1[2mms[22m[39m
 [32m✓[39m src/__tests__/lib/workflows/workflow-config.real.test.ts[2m > [22mworkflow-config - REAL TESTS[2m > [22mDEFAULT_WORKFLOW_CONFIG[2m > [22mshould have AI config[32m 1[2mms[22m[39m
 [32m✓[39m src/__tests__/lib/workflows/workflow-config.real.test.ts[2m > [22mworkflow-config - REAL TESTS[2m > [22mDEFAULT_WORKFLOW_CONFIG[2m > [22mshould have AI temperature between 0 and 1[32m 1[2mms[22m[39m
 [32m✓[39m src/__tests__/lib/workflows/workflow-config.real.test.ts[2m > [22mworkflow-config - REAL TESTS[2m > [22mDEFAULT_WORKFLOW_CONFIG[2m > [22mshould have confidence threshold between 0 and 1[32m 1[2mms[22m[39m
 [32m✓[39m src/__tests__/lib/workflows/workflow-config.real.test.ts[2m > [22mworkflow-config - REAL TESTS[2m > [22mDEFAULT_WORKFLOW_CONFIG[2m > [22mshould have notifications enabled[32m 1[2mms[22m[39m
 [32m✓[39m src/__tests__/lib/workflows/workflow-config.real.test.ts[2m > [22mworkflow-config - REAL TESTS[2m > [22mDEFAULT_WORKFLOW_CONFIG[2m > [22mshould have web and email channels by default[32m 12[2mms[22m[39m
 [32m✓[39m src/__tests__/lib/workflows/workflow-config.real.test.ts[2m > [22mworkflow-config - REAL TESTS[2m > [22mDEFAULT_WORKFLOW_CONFIG[2m > [22mshould have forms config[32m 1[2mms[22m[39m
 [32m✓[39m src/__tests__/lib/workflows/workflow-config.real.test.ts[2m > [22mworkflow-config - REAL TESTS[2m > [22mDEFAULT_WORKFLOW_CONFIG[2m > [22mshould have calendar config[32m 7[2mms[22m[39m
 [32m✓[39m src/__tests__/lib/workflows/workflow-config.real.test.ts[2m > [22mworkflow-config - REAL TESTS[2m > [22mDEFAULT_WORKFLOW_CONFIG[2m > [22mshould have working hours defined[32m 2[2mms[22m[39m
 [32m✓[39m src/__tests__/lib/workflows/workflow-config.real.test.ts[2m > [22mworkflow-config - REAL TESTS[2m > [22mDEFAULT_WORKFLOW_CONFIG[2m > [22mshould have performance limits[32m 11[2mms[22m[39m
 [32m✓[39m src/__tests__/lib/workflows/workflow-config.real.test.ts[2m > [22mworkflow-config - REAL TESTS[2m > [22mDEFAULT_WORKFLOW_CONFIG[2m > [22mshould have security settings[32m 11[2mms[22m[39m
 [32m✓[39m src/__tests__/lib/workflows/workflow-config.real.test.ts[2m > [22mworkflow-config - REAL TESTS[2m > [22mDEFAULT_WORKFLOW_CONFIG[2m > [22mshould have data retention >= 30 days[32m 0[2mms[22m[39m
 [32m✓[39m src/__tests__/lib/workflows/workflow-config.real.test.ts[2m > [22mworkflow-config - REAL TESTS[2m > [22mDEFAULT_WORKFLOW_CONFIG[2m > [22mshould have analytics enabled[32m 1[2mms[22m[39m
 [32m✓[39m src/__tests__/lib/workflows/workflow-config.real.test.ts[2m > [22mworkflow-config - REAL TESTS[2m > [22mPRESET_CONFIGS[2m > [22mshould have PERFORMANCE preset[32m 1[2mms[22m[39m
 [32m✓[39m src/__tests__/lib/workflows/workflow-config.real.test.ts[2m > [22mworkflow-config - REAL TESTS[2m > [22mPRESET_CONFIGS[2m > [22mshould have SECURITY preset[32m 0[2mms[22m[39m
 [32m✓[39m src/__tests__/lib/workflows/workflow-config.real.test.ts[2m > [22mworkflow-config - REAL TESTS[2m > [22mPRESET_CONFIGS[2m > [22mshould have LAW_FIRM preset[32m 1[2mms[22m[39m
 [32m✓[39m src/__tests__/lib/workflows/workflow-config.real.test.ts[2m > [22mworkflow-config - REAL TESTS[2m > [22mPRESET_CONFIGS[2m > [22mPERFORMANCE preset should have quick analysis[32m 0[2mms[22m[39m
 [32m✓[39m src/__tests__/lib/workflows/workflow-config.real.test.ts[2m > [22mworkflow-config - REAL TESTS[2m > [22mPRESET_CONFIGS[2m > [22mPERFORMANCE preset should have higher concurrency[32m 0[2mms[22m[39m
 [32m✓[39m src/__tests__/lib/workflows/workflow-config.real.test.ts[2m > [22mworkflow-config - REAL TESTS[2m > [22mPRESET_CONFIGS[2m > [22mSECURITY preset should require 2FA[32m 0[2mms[22m[39m
 [32m✓[39m src/__tests__/lib/workflows/workflow-config.real.test.ts[2m > [22mworkflow-config - REAL TESTS[2m > [22mPRESET_CONFIGS[2m > [22mSECURITY preset should have low confidence threshold[32m 0[2mms[22m[39m
 [32m✓[39m src/__tests__/lib/workflows/workflow-config.real.test.ts[2m > [22mworkflow-config - REAL TESTS[2m > [22mPRESET_CONFIGS[2m > [22mLAW_FIRM preset should have deep analysis[32m 0[2mms[22m[39m
 [32m✓[39m src/__tests__/lib/workflows/workflow-config.real.test.ts[2m > [22mworkflow-config - REAL TESTS[2m > [22mPRESET_CONFIGS[2m > [22mLAW_FIRM preset should have 7+ years retention[32m 2[2mms[22m[39m
 [32m✓[39m src/__tests__/lib/workflows/workflow-config.real.test.ts[2m > [22mworkflow-config - REAL TESTS[2m > [22mvalidateWorkflowConfig[2m > [22mshould return valid for default config[32m 2[2mms[22m[39m
 [32m✓[39m src/__tests__/lib/workflows/workflow-config.real.test.ts[2m > [22mworkflow-config - REAL TESTS[2m > [22mvalidateWorkflowConfig[2m > [22mshould return valid for empty config[32m 33[2mms[22m[39m
 [32m✓[39m src/__tests__/lib/workflows/workflow-config.real.test.ts[2m > [22mworkflow-config - REAL TESTS[2m > [22mvalidateWorkflowConfig[2m > [22mshould reject AI temperature < 0[32m 1[2mms[22m[39m
 [32m✓[39m src/__tests__/lib/workflows/workflow-config.real.test.ts[2m > [22mworkflow-config - REAL TESTS[2m > [22mvalidateWorkflowConfig[2m > [22mshould reject AI temperature > 1[32m 1[2mms[22m[39m
 [32m✓[39m src/__tests__/lib/workflows/workflow-config.real.test.ts[2m > [22mworkflow-config - REAL TESTS[2m > [22mvalidateWorkflowConfig[2m > [22mshould accept AI temperature = 0[32m 1[2mms[22m[39m
 [32m✓[39m src/__tests__/lib/workflows/workflow-config.real.test.ts[2m > [22mworkflow-config - REAL TESTS[2m > [22mvalidateWorkflowConfig[2m > [22mshould accept AI temperature = 1[32m 4[2mms[22m[39m
 [32m✓[39m src/__tests__/lib/workflows/workflow-config.real.test.ts[2m > [22mworkflow-config - REAL TESTS[2m > [22mvalidateWorkflowConfig[2m > [22mshould accept maxConcurrentWorkflows = 0 (falsy check bypass)[32m 1[2mms[22m[39m
 [32m✓[39m src/__tests__/lib/workflows/workflow-config.real.test.ts[2m > [22mworkflow-config - REAL TESTS[2m > [22mvalidateWorkflowConfig[2m > [22mshould accept maxConcurrentWorkflows = 1[32m 0[2mms[22m[39m
 [32m✓[39m src/__tests__/lib/workflows/workflow-config.real.test.ts[2m > [22mworkflow-config - REAL TESTS[2m > [22mvalidateWorkflowConfig[2m > [22mshould reject dataRetentionDays < 30[32m 1[2mms[22m[39m
 [32m✓[39m src/__tests__/lib/workflows/workflow-config.real.test.ts[2m > [22mworkflow-config - REAL TESTS[2m > [22mvalidateWorkflowConfig[2m > [22mshould accept dataRetentionDays = 30[32m 1[2mms[22m[39m
 [32m✓[39m src/__tests__/lib/workflows/workflow-config.real.test.ts[2m > [22mworkflow-config - REAL TESTS[2m > [22mvalidateWorkflowConfig[2m > [22mshould collect errors for temperature and retention[32m 1[2mms[22m[39m
 [32m✓[39m src/__tests__/lib/workflows/workflow-config.real.test.ts[2m > [22mworkflow-config - REAL TESTS[2m > [22mmergeConfigs[2m > [22mshould return base config when override is empty[32m 2[2mms[22m[39m
 [32m✓[39m src/__tests__/lib/workflows/workflow-config.real.test.ts[2m > [22mworkflow-config - REAL TESTS[2m > [22mmergeConfigs[2m > [22mshould override top-level properties[32m 8[2mms[22m[39m
 [32m✓[39m src/__tests__/lib/workflows/workflow-config.real.test.ts[2m > [22mworkflow-config - REAL TESTS[2m > [22mmergeConfigs[2m > [22mshould merge AI config[32m 1[2mms[22m[39m
 [32m✓[39m src/__tests__/lib/workflows/workflow-config.real.test.ts[2m > [22mworkflow-config - REAL TESTS[2m > [22mmergeConfigs[2m > [22mshould merge notifications config[32m 2[2mms[22m[39m
 [32m✓[39m src/__tests__/lib/workflows/workflow-config.real.test.ts[2m > [22mworkflow-config - REAL TESTS[2m > [22mmergeConfigs[2m > [22mshould merge forms config[32m 1[2mms[22m[39m
 [32m✓[39m src/__tests__/lib/workflows/workflow-config.real.test.ts[2m > [22mworkflow-config - REAL TESTS[2m > [22mmergeConfigs[2m > [22mshould merge calendar config[32m 1[2mms[22m[39m
 [32m✓[39m src/__tests__/lib/workflows/workflow-config.real.test.ts[2m > [22mworkflow-config - REAL TESTS[2m > [22mmergeConfigs[2m > [22mshould merge email config[32m 0[2mms[22m[39m
 [32m✓[39m src/__tests__/lib/workflows/workflow-config.real.test.ts[2m > [22mworkflow-config - REAL TESTS[2m > [22mmergeConfigs[2m > [22mshould merge routing config[32m 0[2mms[22m[39m
 [32m✓[39m src/__tests__/lib/workflows/workflow-config.real.test.ts[2m > [22mworkflow-config - REAL TESTS[2m > [22mmergeConfigs[2m > [22mshould merge performance config[32m 1[2mms[22m[39m
 [32m✓[39m src/__tests__/lib/workflows/workflow-config.real.test.ts[2m > [22mworkflow-config - REAL TESTS[2m > [22mmergeConfigs[2m > [22mshould merge security config[32m 1[2mms[22m[39m
 [32m✓[39m src/__tests__/lib/workflows/workflow-config.real.test.ts[2m > [22mworkflow-config - REAL TESTS[2m > [22mmergeConfigs[2m > [22mshould merge integrations config[32m 1[2mms[22m[39m
 [32m✓[39m src/__tests__/lib/workflows/workflow-config.real.test.ts[2m > [22mworkflow-config - REAL TESTS[2m > [22mmergeConfigs[2m > [22mshould merge analytics config[32m 1[2mms[22m[39m
 [32m✓[39m src/__tests__/lib/workflows/workflow-config.real.test.ts[2m > [22mworkflow-config - REAL TESTS[2m > [22mmergeConfigs[2m > [22mshould produce valid config when merging presets[32m 3[2mms[22m[39m
[90mstdout[2m | src/__tests__/lib/cesda/deadlineEngine.real.test.ts
[22m[39m◇ injected env (9) from .env.test // tip: ◈ encrypted .env [www.dotenvx.com]

 [32m✓[39m src/__tests__/lib/cesda/deadlineEngine.real.test.ts[2m > [22mdeadlineEngine - Calcul des délais CESDA[2m > [22maddHours[2m > [22majoute des heures à une date[32m 12[2mms[22m[39m
 [32m✓[39m src/__tests__/lib/cesda/deadlineEngine.real.test.ts[2m > [22mdeadlineEngine - Calcul des délais CESDA[2m > [22maddHours[2m > [22mgère le passage au jour suivant[32m 1[2mms[22m[39m
 [32m✓[39m src/__tests__/lib/cesda/deadlineEngine.real.test.ts[2m > [22mdeadlineEngine - Calcul des délais CESDA[2m > [22maddHours[2m > [22mne modifie pas la date originale[32m 1[2mms[22m[39m
 [32m✓[39m src/__tests__/lib/cesda/deadlineEngine.real.test.ts[2m > [22mdeadlineEngine - Calcul des délais CESDA[2m > [22maddHours[2m > [22majoute 0 heures correctement[32m 1[2mms[22m[39m
 [32m✓[39m src/__tests__/lib/cesda/deadlineEngine.real.test.ts[2m > [22mdeadlineEngine - Calcul des délais CESDA[2m > [22maddHours[2m > [22majoute 48 heures pour OQTF sans délai[32m 1[2mms[22m[39m
 [32m✓[39m src/__tests__/lib/cesda/deadlineEngine.real.test.ts[2m > [22mdeadlineEngine - Calcul des délais CESDA[2m > [22maddDays[2m > [22majoute des jours à une date[32m 1[2mms[22m[39m
 [32m✓[39m src/__tests__/lib/cesda/deadlineEngine.real.test.ts[2m > [22mdeadlineEngine - Calcul des délais CESDA[2m > [22maddDays[2m > [22mgère le passage de mois[32m 2[2mms[22m[39m
 [32m✓[39m src/__tests__/lib/cesda/deadlineEngine.real.test.ts[2m > [22mdeadlineEngine - Calcul des délais CESDA[2m > [22maddDays[2m > [22mne modifie pas la date originale[32m 1[2mms[22m[39m
 [32m✓[39m src/__tests__/lib/cesda/deadlineEngine.real.test.ts[2m > [22mdeadlineEngine - Calcul des délais CESDA[2m > [22maddDays[2m > [22majoute 0 jours correctement[32m 1[2mms[22m[39m
 [32m✓[39m src/__tests__/lib/cesda/deadlineEngine.real.test.ts[2m > [22mdeadlineEngine - Calcul des délais CESDA[2m > [22maddMonths[2m > [22majoute des mois à une date[32m 1[2mms[22m[39m
 [32m✓[39m src/__tests__/lib/cesda/deadlineEngine.real.test.ts[2m > [22mdeadlineEngine - Calcul des délais CESDA[2m > [22maddMonths[2m > [22mgère le passage d'année[32m 6[2mms[22m[39m
 [32m✓[39m src/__tests__/lib/cesda/deadlineEngine.real.test.ts[2m > [22mdeadlineEngine - Calcul des délais CESDA[2m > [22maddMonths[2m > [22mne modifie pas la date originale[32m 1[2mms[22m[39m
 [32m✓[39m src/__tests__/lib/cesda/deadlineEngine.real.test.ts[2m > [22mdeadlineEngine - Calcul des délais CESDA[2m > [22maddMonths[2m > [22majoute 6 mois pour naturalisation[32m 0[2mms[22m[39m
 [32m✓[39m src/__tests__/lib/cesda/deadlineEngine.real.test.ts[2m > [22mdeadlineEngine - Calcul des délais CESDA[2m > [22misDeadlineExpired[2m > [22mretourne true pour une date passée[32m 0[2mms[22m[39m
 [32m✓[39m src/__tests__/lib/cesda/deadlineEngine.real.test.ts[2m > [22mdeadlineEngine - Calcul des délais CESDA[2m > [22misDeadlineExpired[2m > [22mretourne false pour une date future[32m 0[2mms[22m[39m
 [32m✓[39m src/__tests__/lib/cesda/deadlineEngine.real.test.ts[2m > [22mdeadlineEngine - Calcul des délais CESDA[2m > [22mcalculateUrgencyLevel[2m > [22mpour OQTF[2m > [22mretourne CRITIQUE si <= 12 heures[32m 1[2mms[22m[39m
 [32m✓[39m src/__tests__/lib/cesda/deadlineEngine.real.test.ts[2m > [22mdeadlineEngine - Calcul des délais CESDA[2m > [22mcalculateUrgencyLevel[2m > [22mpour OQTF[2m > [22mretourne CRITIQUE si <= 10 heures[32m 0[2mms[22m[39m
 [32m✓[39m src/__tests__/lib/cesda/deadlineEngine.real.test.ts[2m > [22mdeadlineEngine - Calcul des délais CESDA[2m > [22mcalculateUrgencyLevel[2m > [22mpour OQTF[2m > [22mretourne ELEVE si <= 24 heures et > 12[32m 0[2mms[22m[39m
 [32m✓[39m src/__tests__/lib/cesda/deadlineEngine.real.test.ts[2m > [22mdeadlineEngine - Calcul des délais CESDA[2m > [22mcalculateUrgencyLevel[2m > [22mpour OQTF[2m > [22mretourne MOYEN si <= 36 heures et > 24[32m 0[2mms[22m[39m
 [32m✓[39m src/__tests__/lib/cesda/deadlineEngine.real.test.ts[2m > [22mdeadlineEngine - Calcul des délais CESDA[2m > [22mcalculateUrgencyLevel[2m > [22mpour OQTF[2m > [22mretourne FAIBLE si > 36 heures[32m 1[2mms[22m[39m
 [32m✓[39m src/__tests__/lib/cesda/deadlineEngine.real.test.ts[2m > [22mdeadlineEngine - Calcul des délais CESDA[2m > [22mcalculateUrgencyLevel[2m > [22mpour autres procédures[2m > [22mretourne CRITIQUE si <= 48 heures (< 2 jours)[32m 1[2mms[22m[39m
 [32m✓[39m src/__tests__/lib/cesda/deadlineEngine.real.test.ts[2m > [22mdeadlineEngine - Calcul des délais CESDA[2m > [22mcalculateUrgencyLevel[2m > [22mpour autres procédures[2m > [22mretourne ELEVE si <= 168 heures (< 1 semaine)[32m 10[2mms[22m[39m
 [32m✓[39m src/__tests__/lib/cesda/deadlineEngine.real.test.ts[2m > [22mdeadlineEngine - Calcul des délais CESDA[2m > [22mcalculateUrgencyLevel[2m > [22mpour autres procédures[2m > [22mretourne MOYEN si <= 720 heures (< 1 mois)[32m 2[2mms[22m[39m
 [32m✓[39m src/__tests__/lib/cesda/deadlineEngine.real.test.ts[2m > [22mdeadlineEngine - Calcul des délais CESDA[2m > [22mcalculateUrgencyLevel[2m > [22mpour autres procédures[2m > [22mretourne FAIBLE si > 720 heures[32m 1[2mms[22m[39m
 [32m✓[39m src/__tests__/lib/cesda/deadlineEngine.real.test.ts[2m > [22mdeadlineEngine - Calcul des délais CESDA[2m > [22mcalculateDeadline[2m > [22mcalcule le délai pour OQTF sans délai (48h)[32m 3[2mms[22m[39m
 [32m✓[39m src/__tests__/lib/cesda/deadlineEngine.real.test.ts[2m > [22mdeadlineEngine - Calcul des délais CESDA[2m > [22mcalculateDeadline[2m > [22mcalcule le délai pour OQTF avec délai (30 jours)[32m 1[2mms[22m[39m
 [32m✓[39m src/__tests__/lib/cesda/deadlineEngine.real.test.ts[2m > [22mdeadlineEngine - Calcul des délais CESDA[2m > [22mcalculateDeadline[2m > [22mcalcule le délai pour REFUS_TITRE (2 mois)[32m 1[2mms[22m[39m
 [32m✓[39m src/__tests__/lib/cesda/deadlineEngine.real.test.ts[2m > [22mdeadlineEngine - Calcul des délais CESDA[2m > [22mcalculateDeadline[2m > [22mcalcule le délai pour ASILE CNDA (30 jours)[32m 0[2mms[22m[39m
 [32m✓[39m src/__tests__/lib/cesda/deadlineEngine.real.test.ts[2m > [22mdeadlineEngine - Calcul des délais CESDA[2m > [22mcalculateDeadline[2m > [22mcalcule le délai pour REGROUPEMENT_FAMILIAL (6 mois)[32m 5[2mms[22m[39m
 [32m✓[39m src/__tests__/lib/cesda/deadlineEngine.real.test.ts[2m > [22mdeadlineEngine - Calcul des délais CESDA[2m > [22mcalculateDeadline[2m > [22mcalcule le délai pour NATURALISATION (18 mois)[32m 1[2mms[22m[39m
 [32m✓[39m src/__tests__/lib/cesda/deadlineEngine.real.test.ts[2m > [22mdeadlineEngine - Calcul des délais CESDA[2m > [22mcalculateDeadline[2m > [22minclut daysRemaining et hoursRemaining[32m 1[2mms[22m[39m
 [32m✓[39m src/__tests__/lib/cesda/deadlineEngine.real.test.ts[2m > [22mdeadlineEngine - Calcul des délais CESDA[2m > [22mcalculateDeadline[2m > [22minclut urgencyLevel[32m 3[2mms[22m[39m
 [32m✓[39m src/__tests__/lib/cesda/deadlineEngine.real.test.ts[2m > [22mdeadlineEngine - Calcul des délais CESDA[2m > [22mcalculateDeadline[2m > [22mdétecte si le délai est expiré[32m 1[2mms[22m[39m
 [32m✓[39m src/__tests__/lib/cesda/deadlineEngine.real.test.ts[2m > [22mdeadlineEngine - Calcul des délais CESDA[2m > [22mformatTimeRemaining[2m > [22maffiche "Délai expiré" si isExpired[32m 1[2mms[22m[39m
 [32m✓[39m src/__tests__/lib/cesda/deadlineEngine.real.test.ts[2m > [22mdeadlineEngine - Calcul des délais CESDA[2m > [22mformatTimeRemaining[2m > [22maffiche les jours restants au pluriel[32m 1[2mms[22m[39m
 [32m✓[39m src/__tests__/lib/cesda/deadlineEngine.real.test.ts[2m > [22mdeadlineEngine - Calcul des délais CESDA[2m > [22mformatTimeRemaining[2m > [22maffiche les heures si moins d'un jour[32m 0[2mms[22m[39m
 [32m✓[39m src/__tests__/lib/cesda/deadlineEngine.real.test.ts[2m > [22mdeadlineEngine - Calcul des délais CESDA[2m > [22mformatTimeRemaining[2m > [22maffiche "Moins d'une heure" si très peu de temps[32m 1[2mms[22m[39m
 [32m✓[39m src/__tests__/lib/cesda/deadlineEngine.real.test.ts[2m > [22mdeadlineEngine - Calcul des délais CESDA[2m > [22mgenerateDeadlineAlerts[2m > [22mretourne un tableau vide si pas de workspaces[32m 2[2mms[22m[39m
 [32m✓[39m src/__tests__/lib/cesda/deadlineEngine.real.test.ts[2m > [22mdeadlineEngine - Calcul des délais CESDA[2m > [22mgenerateDeadlineAlerts[2m > [22mignore les workspaces sans notificationDate[32m 0[2mms[22m[39m
 [32m✓[39m src/__tests__/lib/cesda/deadlineEngine.real.test.ts[2m > [22mdeadlineEngine - Calcul des délais CESDA[2m > [22mgenerateDeadlineAlerts[2m > [22mgénère une alerte critique pour délai expiré[32m 1[2mms[22m[39m
 [32m✓[39m src/__tests__/lib/cesda/deadlineEngine.real.test.ts[2m > [22mdeadlineEngine - Calcul des délais CESDA[2m > [22mgenerateDeadlineAlerts[2m > [22mtrie les alertes par urgence[32m 0[2mms[22m[39m
 [32m✓[39m src/__tests__/lib/cesda/deadlineEngine.real.test.ts[2m > [22mdeadlineEngine - Calcul des délais CESDA[2m > [22mautoCalculateDeadline[2m > [22mretourne la date limite calculée[32m 3[2mms[22m[39m
 [32m✓[39m src/__tests__/lib/cesda/deadlineEngine.real.test.ts[2m > [22mdeadlineEngine - Calcul des délais CESDA[2m > [22mautoCalculateDeadline[2m > [22mretourne la date +48h pour OQTF sans délai[32m 1[2mms[22m[39m
 [32m✓[39m src/__tests__/lib/cesda/deadlineEngine.real.test.ts[2m > [22mdeadlineEngine - Calcul des délais CESDA[2m > [22mautoCalculateDeadline[2m > [22mretourne la date +30j pour OQTF avec délai[32m 1[2mms[22m[39m
[90mstdout[2m | src/__tests__/lib/ai-cache.test.ts
[22m[39m◇ injected env (9) from .env.test // tip: ⌘ enable debugging { debug: true }

[90mstdout[2m | src/__tests__/lib/email/ingestion.test.ts
[22m[39m◇ injected env (9) from .env.test // tip: ⌘ enable debugging { debug: true }

 [32m✓[39m src/__tests__/lib/ai-cache.test.ts[2m > [22mAI Cache - Pure Unit Tests[2m > [22mcache key generation[2m > [22mshould generate cache key from prompt[32m 5[2mms[22m[39m
 [32m✓[39m src/__tests__/lib/ai-cache.test.ts[2m > [22mAI Cache - Pure Unit Tests[2m > [22mcache key generation[2m > [22mshould normalize prompt before hashing[32m 1[2mms[22m[39m
 [32m✓[39m src/__tests__/lib/ai-cache.test.ts[2m > [22mAI Cache - Pure Unit Tests[2m > [22mcache TTL by model[2m > [22mshould define TTL per model[32m 2[2mms[22m[39m
 [32m✓[39m src/__tests__/lib/ai-cache.test.ts[2m > [22mAI Cache - Pure Unit Tests[2m > [22mcache TTL by model[2m > [22mshould get TTL with fallback[32m 2[2mms[22m[39m
 [32m✓[39m src/__tests__/lib/ai-cache.test.ts[2m > [22mAI Cache - Pure Unit Tests[2m > [22mcache eligibility[2m > [22mshould check if response is cacheable[32m 1[2mms[22m[39m
 [32m✓[39m src/__tests__/lib/ai-cache.test.ts[2m > [22mAI Cache - Pure Unit Tests[2m > [22mcache eligibility[2m > [22mshould check prompt length for caching[32m 1[2mms[22m[39m
 [32m✓[39m src/__tests__/lib/ai-cache.test.ts[2m > [22mAI Cache - Pure Unit Tests[2m > [22mcache statistics[2m > [22mshould track cache hits and misses[32m 1[2mms[22m[39m
 [32m✓[39m src/__tests__/lib/ai-cache.test.ts[2m > [22mAI Cache - Pure Unit Tests[2m > [22mresponse compression[2m > [22mshould check if compression is needed[32m 1[2mms[22m[39m
 [32m✓[39m src/__tests__/lib/ai-cache.test.ts[2m > [22mAI Cache - Pure Unit Tests[2m > [22mcache invalidation[2m > [22mshould generate invalidation patterns[32m 3[2mms[22m[39m
 [32m✓[39m src/__tests__/lib/ai-cache.test.ts[2m > [22mAI Cache - Pure Unit Tests[2m > [22mcache invalidation[2m > [22mshould check if cache entry is expired[32m 1[2mms[22m[39m
 [32m✓[39m src/__tests__/lib/ai-cache.test.ts[2m > [22mAI Cache - Pure Unit Tests[2m > [22mcache entry structure[2m > [22mshould create cache entry[32m 2[2mms[22m[39m
 [32m✓[39m src/__tests__/lib/ai-cache.test.ts[2m > [22mAI Cache - Pure Unit Tests[2m > [22msemantic caching[2m > [22mshould calculate prompt similarity[32m 7[2mms[22m[39m
 [32m✓[39m src/__tests__/lib/ai-cache.test.ts[2m > [22mAI Cache - Pure Unit Tests[2m > [22mcost savings[2m > [22mshould calculate savings from cache hit[32m 1[2mms[22m[39m
 [32m✓[39m src/__tests__/lib/ai-cache.test.ts[2m > [22mAI Cache - Pure Unit Tests[2m > [22mcost savings[2m > [22mshould track cumulative savings[32m 4[2mms[22m[39m
 [32m✓[39m src/__tests__/lib/email/ingestion.test.ts[2m > [22memail ingestion normalization[2m > [22mnormalizes a JSON payload and computes stable fields[32m 18[2mms[22m[39m
 [32m✓[39m src/__tests__/lib/email/ingestion.test.ts[2m > [22memail ingestion normalization[2m > [22minfers rfc822 format when raw content is provided[32m 5[2mms[22m[39m
 [32m✓[39m src/__tests__/lib/email/ingestion.test.ts[2m > [22memail ingestion normalization[2m > [22minfers msg-base64 format and keeps attachment metadata[32m 6[2mms[22m[39m
[90mstdout[2m | tests/unit/rbac-cross-role.test.ts
[22m[39m◇ injected env (9) from .env.test // tip: ⌘ enable debugging { debug: true }

 [32m✓[39m tests/unit/rbac-cross-role.test.ts[2m > [22mRBAC — Tests croisés interdictions de rôle[2m > [22mMatrice d'interdictions[2m > [22mCLIENT — accès interdit[2m > [22mCLIENT ne peut PAS tenants:create[32m 5[2mms[22m[39m
 [32m✓[39m tests/unit/rbac-cross-role.test.ts[2m > [22mRBAC — Tests croisés interdictions de rôle[2m > [22mMatrice d'interdictions[2m > [22mCLIENT — accès interdit[2m > [22mCLIENT ne peut PAS tenants:read[32m 1[2mms[22m[39m
 [32m✓[39m tests/unit/rbac-cross-role.test.ts[2m > [22mRBAC — Tests croisés interdictions de rôle[2m > [22mMatrice d'interdictions[2m > [22mCLIENT — accès interdit[2m > [22mCLIENT ne peut PAS users:read[32m 1[2mms[22m[39m
 [32m✓[39m tests/unit/rbac-cross-role.test.ts[2m > [22mRBAC — Tests croisés interdictions de rôle[2m > [22mMatrice d'interdictions[2m > [22mCLIENT — accès interdit[2m > [22mCLIENT ne peut PAS users:manage[32m 1[2mms[22m[39m
 [32m✓[39m tests/unit/rbac-cross-role.test.ts[2m > [22mRBAC — Tests croisés interdictions de rôle[2m > [22mMatrice d'interdictions[2m > [22mCLIENT — accès interdit[2m > [22mCLIENT ne peut PAS clients:manage[32m 1[2mms[22m[39m
 [32m✓[39m tests/unit/rbac-cross-role.test.ts[2m > [22mRBAC — Tests croisés interdictions de rôle[2m > [22mMatrice d'interdictions[2m > [22mCLIENT — accès interdit[2m > [22mCLIENT ne peut PAS tasks:manage[32m 1[2mms[22m[39m
 [32m✓[39m tests/unit/rbac-cross-role.test.ts[2m > [22mRBAC — Tests croisés interdictions de rôle[2m > [22mMatrice d'interdictions[2m > [22mCLIENT — accès interdit[2m > [22mCLIENT ne peut PAS events:manage[32m 1[2mms[22m[39m
 [32m✓[39m tests/unit/rbac-cross-role.test.ts[2m > [22mRBAC — Tests croisés interdictions de rôle[2m > [22mMatrice d'interdictions[2m > [22mCLIENT — accès interdit[2m > [22mCLIENT ne peut PAS dossiers:manage[32m 1[2mms[22m[39m
 [32m✓[39m tests/unit/rbac-cross-role.test.ts[2m > [22mRBAC — Tests croisés interdictions de rôle[2m > [22mMatrice d'interdictions[2m > [22mCLIENT — accès interdit[2m > [22mCLIENT ne peut PAS documents:manage[32m 2[2mms[22m[39m
 [32m✓[39m tests/unit/rbac-cross-role.test.ts[2m > [22mRBAC — Tests croisés interdictions de rôle[2m > [22mMatrice d'interdictions[2m > [22mCLIENT — accès interdit[2m > [22mCLIENT ne peut PAS factures:manage[32m 1[2mms[22m[39m
 [32m✓[39m tests/unit/rbac-cross-role.test.ts[2m > [22mRBAC — Tests croisés interdictions de rôle[2m > [22mMatrice d'interdictions[2m > [22mCLIENT — accès interdit[2m > [22mCLIENT ne peut PAS analytics:read[32m 1[2mms[22m[39m
 [32m✓[39m tests/unit/rbac-cross-role.test.ts[2m > [22mRBAC — Tests croisés interdictions de rôle[2m > [22mMatrice d'interdictions[2m > [22mSTAGIAIRE — accès interdit[2m > [22mSTAGIAIRE ne peut PAS tenants:create[32m 0[2mms[22m[39m
 [32m✓[39m tests/unit/rbac-cross-role.test.ts[2m > [22mRBAC — Tests croisés interdictions de rôle[2m > [22mMatrice d'interdictions[2m > [22mSTAGIAIRE — accès interdit[2m > [22mSTAGIAIRE ne peut PAS tenants:read[32m 0[2mms[22m[39m
 [32m✓[39m tests/unit/rbac-cross-role.test.ts[2m > [22mRBAC — Tests croisés interdictions de rôle[2m > [22mMatrice d'interdictions[2m > [22mSTAGIAIRE — accès interdit[2m > [22mSTAGIAIRE ne peut PAS users:manage[32m 0[2mms[22m[39m
 [32m✓[39m tests/unit/rbac-cross-role.test.ts[2m > [22mRBAC — Tests croisés interdictions de rôle[2m > [22mMatrice d'interdictions[2m > [22mSTAGIAIRE — accès interdit[2m > [22mSTAGIAIRE ne peut PAS clients:manage[32m 0[2mms[22m[39m
 [32m✓[39m tests/unit/rbac-cross-role.test.ts[2m > [22mRBAC — Tests croisés interdictions de rôle[2m > [22mMatrice d'interdictions[2m > [22mSTAGIAIRE — accès interdit[2m > [22mSTAGIAIRE ne peut PAS events:manage[32m 0[2mms[22m[39m
 [32m✓[39m tests/unit/rbac-cross-role.test.ts[2m > [22mRBAC — Tests croisés interdictions de rôle[2m > [22mMatrice d'interdictions[2m > [22mSTAGIAIRE — accès interdit[2m > [22mSTAGIAIRE ne peut PAS dossiers:manage[32m 0[2mms[22m[39m
 [32m✓[39m tests/unit/rbac-cross-role.test.ts[2m > [22mRBAC — Tests croisés interdictions de rôle[2m > [22mMatrice d'interdictions[2m > [22mSTAGIAIRE — accès interdit[2m > [22mSTAGIAIRE ne peut PAS documents:manage[32m 0[2mms[22m[39m
 [32m✓[39m tests/unit/rbac-cross-role.test.ts[2m > [22mRBAC — Tests croisés interdictions de rôle[2m > [22mMatrice d'interdictions[2m > [22mSTAGIAIRE — accès interdit[2m > [22mSTAGIAIRE ne peut PAS factures:read[32m 0[2mms[22m[39m
 [32m✓[39m tests/unit/rbac-cross-role.test.ts[2m > [22mRBAC — Tests croisés interdictions de rôle[2m > [22mMatrice d'interdictions[2m > [22mSTAGIAIRE — accès interdit[2m > [22mSTAGIAIRE ne peut PAS factures:manage[32m 0[2mms[22m[39m
 [32m✓[39m tests/unit/rbac-cross-role.test.ts[2m > [22mRBAC — Tests croisés interdictions de rôle[2m > [22mMatrice d'interdictions[2m > [22mSTAGIAIRE — accès interdit[2m > [22mSTAGIAIRE ne peut PAS payments:create_intent[32m 0[2mms[22m[39m
 [32m✓[39m tests/unit/rbac-cross-role.test.ts[2m > [22mRBAC — Tests croisés interdictions de rôle[2m > [22mMatrice d'interdictions[2m > [22mSTAGIAIRE — accès interdit[2m > [22mSTAGIAIRE ne peut PAS analytics:read[32m 1[2mms[22m[39m
 [32m✓[39m tests/unit/rbac-cross-role.test.ts[2m > [22mRBAC — Tests croisés interdictions de rôle[2m > [22mMatrice d'interdictions[2m > [22mSECRETAIRE — accès interdit[2m > [22mSECRETAIRE ne peut PAS tenants:create[32m 1[2mms[22m[39m
 [32m✓[39m tests/unit/rbac-cross-role.test.ts[2m > [22mRBAC — Tests croisés interdictions de rôle[2m > [22mMatrice d'interdictions[2m > [22mSECRETAIRE — accès interdit[2m > [22mSECRETAIRE ne peut PAS tenants:read[32m 1[2mms[22m[39m
 [32m✓[39m tests/unit/rbac-cross-role.test.ts[2m > [22mRBAC — Tests croisés interdictions de rôle[2m > [22mMatrice d'interdictions[2m > [22mSECRETAIRE — accès interdit[2m > [22mSECRETAIRE ne peut PAS users:manage[32m 0[2mms[22m[39m
 [32m✓[39m tests/unit/rbac-cross-role.test.ts[2m > [22mRBAC — Tests croisés interdictions de rôle[2m > [22mMatrice d'interdictions[2m > [22mSECRETAIRE — accès interdit[2m > [22mSECRETAIRE ne peut PAS dossiers:manage[32m 0[2mms[22m[39m
 [32m✓[39m tests/unit/rbac-cross-role.test.ts[2m > [22mRBAC — Tests croisés interdictions de rôle[2m > [22mMatrice d'interdictions[2m > [22mSECRETAIRE — accès interdit[2m > [22mSECRETAIRE ne peut PAS factures:read[32m 0[2mms[22m[39m
 [32m✓[39m tests/unit/rbac-cross-role.test.ts[2m > [22mRBAC — Tests croisés interdictions de rôle[2m > [22mMatrice d'interdictions[2m > [22mSECRETAIRE — accès interdit[2m > [22mSECRETAIRE ne peut PAS factures:manage[32m 0[2mms[22m[39m
 [32m✓[39m tests/unit/rbac-cross-role.test.ts[2m > [22mRBAC — Tests croisés interdictions de rôle[2m > [22mMatrice d'interdictions[2m > [22mSECRETAIRE — accès interdit[2m > [22mSECRETAIRE ne peut PAS payments:create_intent[32m 0[2mms[22m[39m
 [32m✓[39m tests/unit/rbac-cross-role.test.ts[2m > [22mRBAC — Tests croisés interdictions de rôle[2m > [22mMatrice d'interdictions[2m > [22mSECRETAIRE — accès interdit[2m > [22mSECRETAIRE ne peut PAS analytics:read[32m 0[2mms[22m[39m
 [32m✓[39m tests/unit/rbac-cross-role.test.ts[2m > [22mRBAC — Tests croisés interdictions de rôle[2m > [22mMatrice d'interdictions[2m > [22mCOMPTABLE — accès interdit[2m > [22mCOMPTABLE ne peut PAS tenants:create[32m 0[2mms[22m[39m
 [32m✓[39m tests/unit/rbac-cross-role.test.ts[2m > [22mRBAC — Tests croisés interdictions de rôle[2m > [22mMatrice d'interdictions[2m > [22mCOMPTABLE — accès interdit[2m > [22mCOMPTABLE ne peut PAS tenants:read[32m 0[2mms[22m[39m
 [32m✓[39m tests/unit/rbac-cross-role.test.ts[2m > [22mRBAC — Tests croisés interdictions de rôle[2m > [22mMatrice d'interdictions[2m > [22mCOMPTABLE — accès interdit[2m > [22mCOMPTABLE ne peut PAS users:manage[32m 0[2mms[22m[39m
 [32m✓[39m tests/unit/rbac-cross-role.test.ts[2m > [22mRBAC — Tests croisés interdictions de rôle[2m > [22mMatrice d'interdictions[2m > [22mCOMPTABLE — accès interdit[2m > [22mCOMPTABLE ne peut PAS clients:manage[32m 0[2mms[22m[39m
 [32m✓[39m tests/unit/rbac-cross-role.test.ts[2m > [22mRBAC — Tests croisés interdictions de rôle[2m > [22mMatrice d'interdictions[2m > [22mCOMPTABLE — accès interdit[2m > [22mCOMPTABLE ne peut PAS tasks:read[32m 0[2mms[22m[39m
 [32m✓[39m tests/unit/rbac-cross-role.test.ts[2m > [22mRBAC — Tests croisés interdictions de rôle[2m > [22mMatrice d'interdictions[2m > [22mCOMPTABLE — accès interdit[2m > [22mCOMPTABLE ne peut PAS tasks:manage[32m 0[2mms[22m[39m
 [32m✓[39m tests/unit/rbac-cross-role.test.ts[2m > [22mRBAC — Tests croisés interdictions de rôle[2m > [22mMatrice d'interdictions[2m > [22mCOMPTABLE — accès interdit[2m > [22mCOMPTABLE ne peut PAS events:read[32m 0[2mms[22m[39m
 [32m✓[39m tests/unit/rbac-cross-role.test.ts[2m > [22mRBAC — Tests croisés interdictions de rôle[2m > [22mMatrice d'interdictions[2m > [22mCOMPTABLE — accès interdit[2m > [22mCOMPTABLE ne peut PAS events:manage[32m 0[2mms[22m[39m
 [32m✓[39m tests/unit/rbac-cross-role.test.ts[2m > [22mRBAC — Tests croisés interdictions de rôle[2m > [22mMatrice d'interdictions[2m > [22mCOMPTABLE — accès interdit[2m > [22mCOMPTABLE ne peut PAS dossiers:read[32m 0[2mms[22m[39m
 [32m✓[39m tests/unit/rbac-cross-role.test.ts[2m > [22mRBAC — Tests croisés interdictions de rôle[2m > [22mMatrice d'interdictions[2m > [22mCOMPTABLE — accès interdit[2m > [22mCOMPTABLE ne peut PAS dossiers:manage[32m 0[2mms[22m[39m
 [32m✓[39m tests/unit/rbac-cross-role.test.ts[2m > [22mRBAC — Tests croisés interdictions de rôle[2m > [22mMatrice d'interdictions[2m > [22mCOMPTABLE — accès interdit[2m > [22mCOMPTABLE ne peut PAS documents:read[32m 0[2mms[22m[39m
 [32m✓[39m tests/unit/rbac-cross-role.test.ts[2m > [22mRBAC — Tests croisés interdictions de rôle[2m > [22mMatrice d'interdictions[2m > [22mCOMPTABLE — accès interdit[2m > [22mCOMPTABLE ne peut PAS documents:manage[32m 0[2mms[22m[39m
 [32m✓[39m tests/unit/rbac-cross-role.test.ts[2m > [22mRBAC — Tests croisés interdictions de rôle[2m > [22mMatrice d'interdictions[2m > [22mCOLLABORATEUR — accès interdit[2m > [22mCOLLABORATEUR ne peut PAS tenants:create[32m 0[2mms[22m[39m
 [32m✓[39m tests/unit/rbac-cross-role.test.ts[2m > [22mRBAC — Tests croisés interdictions de rôle[2m > [22mMatrice d'interdictions[2m > [22mCOLLABORATEUR — accès interdit[2m > [22mCOLLABORATEUR ne peut PAS tenants:read[32m 1[2mms[22m[39m
 [32m✓[39m tests/unit/rbac-cross-role.test.ts[2m > [22mRBAC — Tests croisés interdictions de rôle[2m > [22mMatrice d'interdictions[2m > [22mCOLLABORATEUR — accès interdit[2m > [22mCOLLABORATEUR ne peut PAS users:manage[32m 0[2mms[22m[39m
 [32m✓[39m tests/unit/rbac-cross-role.test.ts[2m > [22mRBAC — Tests croisés interdictions de rôle[2m > [22mMatrice d'interdictions[2m > [22mCOLLABORATEUR — accès interdit[2m > [22mCOLLABORATEUR ne peut PAS factures:manage[32m 0[2mms[22m[39m
 [32m✓[39m tests/unit/rbac-cross-role.test.ts[2m > [22mRBAC — Tests croisés interdictions de rôle[2m > [22mMatrice d'interdictions[2m > [22mCOLLABORATEUR — accès interdit[2m > [22mCOLLABORATEUR ne peut PAS analytics:read[32m 2[2mms[22m[39m
 [32m✓[39m tests/unit/rbac-cross-role.test.ts[2m > [22mRBAC — Tests croisés interdictions de rôle[2m > [22mSUPER_ADMIN — accès total[2m > [22mSUPER_ADMIN a accès à TOUTES les permissions[32m 2[2mms[22m[39m
 [32m✓[39m tests/unit/rbac-cross-role.test.ts[2m > [22mRBAC — Tests croisés interdictions de rôle[2m > [22mEscalation de privilèges — cas limites[2m > [22mCLIENT ne peut pas s'élever en ajoutant un groupe platform-admin manuellement[32m 1[2mms[22m[39m
 [32m✓[39m tests/unit/rbac-cross-role.test.ts[2m > [22mRBAC — Tests croisés interdictions de rôle[2m > [22mEscalation de privilèges — cas limites[2m > [22mun rôle inconnu est traité comme CLIENT (principe du moindre privilège)[32m 1[2mms[22m[39m
 [32m✓[39m tests/unit/rbac-cross-role.test.ts[2m > [22mRBAC — Tests croisés interdictions de rôle[2m > [22mEscalation de privilèges — cas limites[2m > [22mun rôle avec casse mixte est normalisé[32m 1[2mms[22m[39m
 [32m✓[39m tests/unit/rbac-cross-role.test.ts[2m > [22mRBAC — Tests croisés interdictions de rôle[2m > [22mrequireApiPermission — protection API[2m > [22msession null → 401 Unauthorized[32m 11[2mms[22m[39m
 [32m✓[39m tests/unit/rbac-cross-role.test.ts[2m > [22mRBAC — Tests croisés interdictions de rôle[2m > [22mrequireApiPermission — protection API[2m > [22msession sans user → 401 Unauthorized[32m 3[2mms[22m[39m
 [32m✓[39m tests/unit/rbac-cross-role.test.ts[2m > [22mRBAC — Tests croisés interdictions de rôle[2m > [22mrequireApiPermission — protection API[2m > [22mCLIENT demande DOSSIERS_MANAGE → 403 Forbidden[32m 2[2mms[22m[39m
 [32m✓[39m tests/unit/rbac-cross-role.test.ts[2m > [22mRBAC — Tests croisés interdictions de rôle[2m > [22mrequireApiPermission — protection API[2m > [22mAVOCAT demande DOSSIERS_MANAGE → OK[32m 2[2mms[22m[39m
 [32m✓[39m tests/unit/rbac-cross-role.test.ts[2m > [22mRBAC — Tests croisés interdictions de rôle[2m > [22mrequireApiPermission — protection API[2m > [22mCOMPTABLE demande TENANTS_CREATE → 403 Forbidden[32m 2[2mms[22m[39m
 [32m✓[39m tests/unit/rbac-cross-role.test.ts[2m > [22mRBAC — Tests croisés interdictions de rôle[2m > [22mIsolation multi-tenant — vérification conceptuelle[2m > [22mles permissions ne contiennent pas d'ID tenant (isolation = couche supérieure)[32m 15[2mms[22m[39m
[90mstdout[2m | src/__tests__/lib/services/deadlineExtractor.real.test.ts
[22m[39m◇ injected env (9) from .env.test // tip: ⌘ custom filepath { path: '/custom/path/.env' }

 [32m✓[39m src/__tests__/lib/services/deadlineExtractor.real.test.ts[2m > [22mdeadlineExtractor - calculateDeadlineStatus[2m > [22mStatut dépassé[2m > [22mdevrait retourner "depasse" pour une date passée (hier)[32m 15[2mms[22m[39m
 [32m✓[39m src/__tests__/lib/services/deadlineExtractor.real.test.ts[2m > [22mdeadlineExtractor - calculateDeadlineStatus[2m > [22mStatut dépassé[2m > [22mdevrait retourner "depasse" pour une date passée (la semaine dernière)[32m 1[2mms[22m[39m
 [32m✓[39m src/__tests__/lib/services/deadlineExtractor.real.test.ts[2m > [22mdeadlineExtractor - calculateDeadlineStatus[2m > [22mStatut dépassé[2m > [22mdevrait retourner "depasse" pour une date passée (le mois dernier)[32m 1[2mms[22m[39m
 [32m✓[39m src/__tests__/lib/services/deadlineExtractor.real.test.ts[2m > [22mdeadlineExtractor - calculateDeadlineStatus[2m > [22mStatut urgent[2m > [22mdevrait retourner "urgent" pour aujourd'hui[32m 1[2mms[22m[39m
 [32m✓[39m src/__tests__/lib/services/deadlineExtractor.real.test.ts[2m > [22mdeadlineExtractor - calculateDeadlineStatus[2m > [22mStatut urgent[2m > [22mdevrait retourner "urgent" pour demain[32m 1[2mms[22m[39m
 [32m✓[39m src/__tests__/lib/services/deadlineExtractor.real.test.ts[2m > [22mdeadlineExtractor - calculateDeadlineStatus[2m > [22mStatut urgent[2m > [22mdevrait retourner "urgent" pour dans 2 jours[32m 2[2mms[22m[39m
 [32m✓[39m src/__tests__/lib/services/deadlineExtractor.real.test.ts[2m > [22mdeadlineExtractor - calculateDeadlineStatus[2m > [22mStatut urgent[2m > [22mdevrait retourner "urgent" pour dans 3 jours[32m 1[2mms[22m[39m
 [32m✓[39m src/__tests__/lib/services/deadlineExtractor.real.test.ts[2m > [22mdeadlineExtractor - calculateDeadlineStatus[2m > [22mStatut proche[2m > [22mdevrait retourner "proche" pour dans 4 jours[32m 3[2mms[22m[39m
 [32m✓[39m src/__tests__/lib/services/deadlineExtractor.real.test.ts[2m > [22mdeadlineExtractor - calculateDeadlineStatus[2m > [22mStatut proche[2m > [22mdevrait retourner "proche" pour dans 5 jours[32m 2[2mms[22m[39m
 [32m✓[39m src/__tests__/lib/services/deadlineExtractor.real.test.ts[2m > [22mdeadlineExtractor - calculateDeadlineStatus[2m > [22mStatut proche[2m > [22mdevrait retourner "proche" pour dans 7 jours[32m 1[2mms[22m[39m
 [32m✓[39m src/__tests__/lib/services/deadlineExtractor.real.test.ts[2m > [22mdeadlineExtractor - calculateDeadlineStatus[2m > [22mStatut à venir[2m > [22mdevrait retourner "a_venir" pour dans 8 jours[32m 1[2mms[22m[39m
 [32m✓[39m src/__tests__/lib/services/deadlineExtractor.real.test.ts[2m > [22mdeadlineExtractor - calculateDeadlineStatus[2m > [22mStatut à venir[2m > [22mdevrait retourner "a_venir" pour dans 30 jours[32m 1[2mms[22m[39m
 [32m✓[39m src/__tests__/lib/services/deadlineExtractor.real.test.ts[2m > [22mdeadlineExtractor - calculateDeadlineStatus[2m > [22mStatut à venir[2m > [22mdevrait retourner "a_venir" pour dans un an[32m 0[2mms[22m[39m
 [32m✓[39m src/__tests__/lib/services/deadlineExtractor.real.test.ts[2m > [22mdeadlineExtractor - calculateDeadlinePriority[2m > [22mPriorité critique pour types OQTF/expulsion[2m > [22mdevrait retourner "critique" pour type oqtf[32m 1[2mms[22m[39m
 [32m✓[39m src/__tests__/lib/services/deadlineExtractor.real.test.ts[2m > [22mdeadlineExtractor - calculateDeadlinePriority[2m > [22mPriorité critique pour types OQTF/expulsion[2m > [22mdevrait retourner "critique" pour type expulsion[32m 0[2mms[22m[39m
 [32m✓[39m src/__tests__/lib/services/deadlineExtractor.real.test.ts[2m > [22mdeadlineExtractor - calculateDeadlinePriority[2m > [22mPriorité critique pour recours contentieux courts[2m > [22mdevrait retourner "critique" pour recours contentieux dans 7 jours[32m 1[2mms[22m[39m
 [32m✓[39m src/__tests__/lib/services/deadlineExtractor.real.test.ts[2m > [22mdeadlineExtractor - calculateDeadlinePriority[2m > [22mPriorité critique pour recours contentieux courts[2m > [22mdevrait retourner "critique" pour recours contentieux dans 3 jours[32m 1[2mms[22m[39m
 [32m✓[39m src/__tests__/lib/services/deadlineExtractor.real.test.ts[2m > [22mdeadlineExtractor - calculateDeadlinePriority[2m > [22mPriorité basée sur les délais[2m > [22mdevrait retourner "critique" pour date dépassée[32m 1[2mms[22m[39m
 [32m✓[39m src/__tests__/lib/services/deadlineExtractor.real.test.ts[2m > [22mdeadlineExtractor - calculateDeadlinePriority[2m > [22mPriorité basée sur les délais[2m > [22mdevrait retourner "critique" pour dans 1 jour[32m 0[2mms[22m[39m
 [32m✓[39m src/__tests__/lib/services/deadlineExtractor.real.test.ts[2m > [22mdeadlineExtractor - calculateDeadlinePriority[2m > [22mPriorité basée sur les délais[2m > [22mdevrait retourner "critique" pour dans 3 jours[32m 0[2mms[22m[39m
 [32m✓[39m src/__tests__/lib/services/deadlineExtractor.real.test.ts[2m > [22mdeadlineExtractor - calculateDeadlinePriority[2m > [22mPriorité basée sur les délais[2m > [22mdevrait retourner "haute" pour dans 5 jours[32m 1[2mms[22m[39m
 [32m✓[39m src/__tests__/lib/services/deadlineExtractor.real.test.ts[2m > [22mdeadlineExtractor - calculateDeadlinePriority[2m > [22mPriorité basée sur les délais[2m > [22mdevrait retourner "haute" pour dans 7 jours[32m 1[2mms[22m[39m
 [32m✓[39m src/__tests__/lib/services/deadlineExtractor.real.test.ts[2m > [22mdeadlineExtractor - calculateDeadlinePriority[2m > [22mPriorité basée sur les délais[2m > [22mdevrait retourner "normale" pour dans 15 jours[32m 0[2mms[22m[39m
 [32m✓[39m src/__tests__/lib/services/deadlineExtractor.real.test.ts[2m > [22mdeadlineExtractor - calculateDeadlinePriority[2m > [22mPriorité basée sur les délais[2m > [22mdevrait retourner "normale" pour dans 30 jours[32m 1[2mms[22m[39m
 [32m✓[39m src/__tests__/lib/services/deadlineExtractor.real.test.ts[2m > [22mdeadlineExtractor - calculateDeadlinePriority[2m > [22mPriorité basée sur les délais[2m > [22mdevrait retourner "basse" pour dans 31 jours[32m 0[2mms[22m[39m
 [32m✓[39m src/__tests__/lib/services/deadlineExtractor.real.test.ts[2m > [22mdeadlineExtractor - calculateDeadlinePriority[2m > [22mPriorité basée sur les délais[2m > [22mdevrait retourner "basse" pour dans 60 jours[32m 0[2mms[22m[39m
 [32m✓[39m src/__tests__/lib/services/deadlineExtractor.real.test.ts[2m > [22mdeadlineExtractor - Export object[2m > [22mdevrait exporter un objet avec les fonctions[32m 1[2mms[22m[39m
 [32m✓[39m src/__tests__/lib/services/deadlineExtractor.real.test.ts[2m > [22mdeadlineExtractor - Export object[2m > [22mdevrait avoir calculateDeadlineStatus[32m 0[2mms[22m[39m
 [32m✓[39m src/__tests__/lib/services/deadlineExtractor.real.test.ts[2m > [22mdeadlineExtractor - Export object[2m > [22mdevrait avoir calculateDeadlinePriority[32m 0[2mms[22m[39m
 [32m✓[39m src/__tests__/lib/services/deadlineExtractor.real.test.ts[2m > [22mdeadlineExtractor - Export object[2m > [22mdevrait avoir extractDeadlinesFromText[32m 0[2mms[22m[39m
 [32m✓[39m src/__tests__/lib/services/deadlineExtractor.real.test.ts[2m > [22mdeadlineExtractor - Export object[2m > [22mdevrait avoir extractDeadlinesFromFile[32m 0[2mms[22m[39m
 [32m✓[39m src/__tests__/lib/services/deadlineExtractor.real.test.ts[2m > [22mCohérence calculs[2m > [22mles fonctions exportées devraient fonctionner de façon cohérente[32m 0[2mms[22m[39m
 [32m✓[39m src/__tests__/lib/services/deadlineExtractor.real.test.ts[2m > [22mCohérence calculs[2m > [22mles délais très courts sont critiques[32m 1[2mms[22m[39m
 [32m✓[39m src/__tests__/lib/services/deadlineExtractor.real.test.ts[2m > [22mCohérence calculs[2m > [22mles délais moyens ont des priorités proportionnelles[32m 1[2mms[22m[39m
[90mstdout[2m | src/__tests__/lib/utils.test.ts
[22m[39m◇ injected env (9) from .env.test // tip: ⌘ custom filepath { path: '/custom/path/.env' }

[90mstdout[2m | src/__tests__/domain/integrations.test.ts
[22m[39m◇ injected env (9) from .env.test // tip: ◈ encrypted .env [www.dotenvx.com]

 [32m✓[39m src/__tests__/lib/utils.test.ts[2m > [22mcn utility function[2m > [22mCas de base[2m > [22mdevrait retourner une string vide pour aucun argument[32m 39[2mms[22m[39m
 [32m✓[39m src/__tests__/lib/utils.test.ts[2m > [22mcn utility function[2m > [22mCas de base[2m > [22mdevrait retourner la classe passée[32m 2[2mms[22m[39m
 [32m✓[39m src/__tests__/lib/utils.test.ts[2m > [22mcn utility function[2m > [22mCas de base[2m > [22mdevrait fusionner plusieurs classes[32m 6[2mms[22m[39m
 [32m✓[39m src/__tests__/lib/utils.test.ts[2m > [22mcn utility function[2m > [22mFusion de classes Tailwind[2m > [22mdevrait fusionner des classes conflictuelles (padding)[32m 1[2mms[22m[39m
 [32m✓[39m src/__tests__/lib/utils.test.ts[2m > [22mcn utility function[2m > [22mFusion de classes Tailwind[2m > [22mdevrait fusionner des classes conflictuelles (margin)[32m 2[2mms[22m[39m
 [32m✓[39m src/__tests__/lib/utils.test.ts[2m > [22mcn utility function[2m > [22mFusion de classes Tailwind[2m > [22mdevrait fusionner des classes de couleur de fond[32m 1[2mms[22m[39m
 [32m✓[39m src/__tests__/lib/utils.test.ts[2m > [22mcn utility function[2m > [22mFusion de classes Tailwind[2m > [22mdevrait fusionner des classes de texte[32m 2[2mms[22m[39m
 [32m✓[39m src/__tests__/lib/utils.test.ts[2m > [22mcn utility function[2m > [22mClasses conditionnelles[2m > [22mdevrait ignorer les valeurs undefined[32m 1[2mms[22m[39m
 [32m✓[39m src/__tests__/lib/utils.test.ts[2m > [22mcn utility function[2m > [22mClasses conditionnelles[2m > [22mdevrait ignorer les valeurs null[32m 2[2mms[22m[39m
 [32m✓[39m src/__tests__/lib/utils.test.ts[2m > [22mcn utility function[2m > [22mClasses conditionnelles[2m > [22mdevrait ignorer les valeurs false[32m 1[2mms[22m[39m
 [32m✓[39m src/__tests__/lib/utils.test.ts[2m > [22mcn utility function[2m > [22mClasses conditionnelles[2m > [22mdevrait gérer les conditions booléennes[32m 1[2mms[22m[39m
 [32m✓[39m src/__tests__/lib/utils.test.ts[2m > [22mcn utility function[2m > [22mTableaux de classes[2m > [22mdevrait accepter des tableaux[32m 2[2mms[22m[39m
 [32m✓[39m src/__tests__/lib/utils.test.ts[2m > [22mcn utility function[2m > [22mTableaux de classes[2m > [22mdevrait fusionner tableaux et strings[32m 1[2mms[22m[39m
 [32m✓[39m src/__tests__/lib/utils.test.ts[2m > [22mcn utility function[2m > [22mObjets de classes (clsx style)[2m > [22mdevrait accepter des objets[32m 0[2mms[22m[39m
 [32m✓[39m src/__tests__/lib/utils.test.ts[2m > [22mcn utility function[2m > [22mObjets de classes (clsx style)[2m > [22mdevrait ignorer les propriétés false[32m 0[2mms[22m[39m
 [32m✓[39m src/__tests__/lib/utils.test.ts[2m > [22mcn utility function[2m > [22mObjets de classes (clsx style)[2m > [22mdevrait combiner objets et strings[32m 0[2mms[22m[39m
 [32m✓[39m src/__tests__/lib/utils.test.ts[2m > [22mcn utility function[2m > [22mCas d'utilisation réels[2m > [22mdevrait gérer les classes de composant Button[32m 4[2mms[22m[39m
 [32m✓[39m src/__tests__/lib/utils.test.ts[2m > [22mcn utility function[2m > [22mCas d'utilisation réels[2m > [22mdevrait permettre l'override des classes par défaut[32m 1[2mms[22m[39m
 [32m✓[39m src/__tests__/lib/utils.test.ts[2m > [22mcn utility function[2m > [22mCas d'utilisation réels[2m > [22mdevrait gérer les états actif/inactif[32m 1[2mms[22m[39m
 [32m✓[39m src/__tests__/lib/utils.test.ts[2m > [22mcn utility function[2m > [22mCas d'utilisation réels[2m > [22mdevrait gérer les classes responsive[32m 1[2mms[22m[39m
 [32m✓[39m src/__tests__/lib/utils.test.ts[2m > [22mcn utility function[2m > [22mCas d'utilisation réels[2m > [22mdevrait gérer les classes dark mode[32m 1[2mms[22m[39m
 [32m✓[39m src/__tests__/lib/utils.test.ts[2m > [22mcn utility function[2m > [22mCas d'utilisation réels[2m > [22mdevrait gérer les classes hover/focus[32m 1[2mms[22m[39m
 [32m✓[39m src/__tests__/lib/utils.test.ts[2m > [22mcn utility function[2m > [22mEdge cases[2m > [22mdevrait gérer les strings vides[32m 0[2mms[22m[39m
 [32m✓[39m src/__tests__/lib/utils.test.ts[2m > [22mcn utility function[2m > [22mEdge cases[2m > [22mdevrait gérer les espaces supplémentaires[32m 1[2mms[22m[39m
 [32m✓[39m src/__tests__/lib/utils.test.ts[2m > [22mcn utility function[2m > [22mEdge cases[2m > [22mdevrait gérer les classes dupliquées[32m 1[2mms[22m[39m
[90mstdout[2m | tests/integration/advanced-integration.test.ts
[22m[39m◇ injected env (9) from .env.test // tip: ⌁ auth for agents [www.vestauth.com]

 [32m✓[39m src/__tests__/domain/integrations.test.ts[2m > [22mThird Party Integrations[2m > [22mOAuth Providers[2m > [22mdevrait avoir le provider Google[32m 15[2mms[22m[39m
 [32m✓[39m src/__tests__/domain/integrations.test.ts[2m > [22mThird Party Integrations[2m > [22mOAuth Providers[2m > [22mdevrait avoir le provider Microsoft[32m 1[2mms[22m[39m
 [32m✓[39m src/__tests__/domain/integrations.test.ts[2m > [22mThird Party Integrations[2m > [22mOAuth Config[2m > [22mdevrait construire une URL d'authentification[32m 21[2mms[22m[39m
 [32m✓[39m src/__tests__/domain/integrations.test.ts[2m > [22mThird Party Integrations[2m > [22mAPI Keys[2m > [22mdevrait masquer une clé API[32m 1[2mms[22m[39m
 [32m✓[39m src/__tests__/domain/integrations.test.ts[2m > [22mThird Party Integrations[2m > [22mAPI Keys[2m > [22mdevrait masquer une clé courte[32m 1[2mms[22m[39m
 [32m✓[39m src/__tests__/domain/integrations.test.ts[2m > [22mThird Party Integrations[2m > [22mAPI Keys[2m > [22mdevrait masquer une clé de longueur exacte 8[32m 1[2mms[22m[39m
 [32m✓[39m src/__tests__/domain/integrations.test.ts[2m > [22mThird Party Integrations[2m > [22mAPI Keys[2m > [22mdevrait masquer partiellement une clé de longueur 9[32m 13[2mms[22m[39m
 [32m✓[39m src/__tests__/domain/integrations.test.ts[2m > [22mThird Party Integrations[2m > [22mAPI Keys[2m > [22mdevrait gérer une clé vide[32m 2[2mms[22m[39m
 [32m✓[39m src/__tests__/domain/integrations.test.ts[2m > [22mThird Party Integrations[2m > [22mWebhook Signatures[2m > [22mdevrait vérifier une signature valide[32m 2[2mms[22m[39m
 [32m✓[39m src/__tests__/domain/integrations.test.ts[2m > [22mThird Party Integrations[2m > [22mWebhook Signatures[2m > [22mdevrait rejeter une signature invalide[32m 1[2mms[22m[39m
 [32m✓[39m src/__tests__/domain/integrations.test.ts[2m > [22mThird Party Integrations[2m > [22mWebhook Signatures[2m > [22mdevrait rejeter une signature avec un mauvais secret[32m 1[2mms[22m[39m
 [32m✓[39m src/__tests__/domain/integrations.test.ts[2m > [22mThird Party Integrations[2m > [22mWebhook Events[2m > [22mdevrait accepter un événement valide[32m 1[2mms[22m[39m
 [32m✓[39m src/__tests__/domain/integrations.test.ts[2m > [22mThird Party Integrations[2m > [22mWebhook Events[2m > [22mdevrait rejeter un événement invalide[32m 0[2mms[22m[39m
 [32m✓[39m src/__tests__/domain/integrations.test.ts[2m > [22mEmail Service Integration[2m > [22mSMTP Config[2m > [22mdevrait valider une config complète[32m 2[2mms[22m[39m
 [32m✓[39m src/__tests__/domain/integrations.test.ts[2m > [22mEmail Service Integration[2m > [22mSMTP Config[2m > [22mdevrait détecter les champs manquants[32m 3[2mms[22m[39m
 [32m✓[39m src/__tests__/domain/integrations.test.ts[2m > [22mEmail Service Integration[2m > [22mEmail Templates[2m > [22mdevrait contenir les variables attendues[32m 2[2mms[22m[39m
 [32m✓[39m src/__tests__/domain/integrations.test.ts[2m > [22mEmail Service Integration[2m > [22mEmail Templates[2m > [22mdevrait remplacer les variables[32m 1[2mms[22m[39m
 [32m✓[39m src/__tests__/domain/integrations.test.ts[2m > [22mEmail Service Integration[2m > [22mEmail Templates[2m > [22mdevrait remplacer plusieurs occurrences de la même variable[32m 1[2mms[22m[39m
 [32m✓[39m src/__tests__/domain/integrations.test.ts[2m > [22mEmail Service Integration[2m > [22mEmail Templates[2m > [22mdevrait laisser les variables non fournies intactes[32m 1[2mms[22m[39m
 [32m✓[39m src/__tests__/domain/integrations.test.ts[2m > [22mPayment Integration[2m > [22mStripe[2m > [22mdevrait convertir en format lisible[32m 1[2mms[22m[39m
 [32m✓[39m src/__tests__/domain/integrations.test.ts[2m > [22mPayment Integration[2m > [22mStripe[2m > [22mdevrait convertir en centimes[32m 0[2mms[22m[39m
 [32m✓[39m src/__tests__/domain/integrations.test.ts[2m > [22mPayment Integration[2m > [22mStripe[2m > [22mdevrait gérer les montants à 0[32m 1[2mms[22m[39m
 [32m✓[39m src/__tests__/domain/integrations.test.ts[2m > [22mPayment Integration[2m > [22mStripe[2m > [22mdevrait arrondir correctement les flottants[32m 0[2mms[22m[39m
 [32m✓[39m src/__tests__/domain/integrations.test.ts[2m > [22mPayment Integration[2m > [22mPayment Status[2m > [22mdevrait identifier un paiement réussi[32m 1[2mms[22m[39m
 [32m✓[39m src/__tests__/domain/integrations.test.ts[2m > [22mPayment Integration[2m > [22mPayment Status[2m > [22mdevrait identifier un paiement final[32m 1[2mms[22m[39m
 [32m✓[39m src/__tests__/domain/integrations.test.ts[2m > [22mCloud Storage Integration[2m > [22mS3/Cloud Storage[2m > [22mdevrait construire une URL S3[32m 0[2mms[22m[39m
 [32m✓[39m src/__tests__/domain/integrations.test.ts[2m > [22mCloud Storage Integration[2m > [22mS3/Cloud Storage[2m > [22mdevrait contenir les régions EU[32m 1[2mms[22m[39m
 [32m✓[39m src/__tests__/domain/integrations.test.ts[2m > [22mCloud Storage Integration[2m > [22mS3/Cloud Storage[2m > [22mdevrait construire une URL pour chaque région[32m 1[2mms[22m[39m
 [32m✓[39m src/__tests__/domain/integrations.test.ts[2m > [22mCloud Storage Integration[2m > [22mFile Upload[2m > [22mdevrait accepter un fichier valide[32m 1[2mms[22m[39m
 [32m✓[39m src/__tests__/domain/integrations.test.ts[2m > [22mCloud Storage Integration[2m > [22mFile Upload[2m > [22mdevrait rejeter un fichier trop gros[32m 0[2mms[22m[39m
 [32m✓[39m src/__tests__/domain/integrations.test.ts[2m > [22mCloud Storage Integration[2m > [22mFile Upload[2m > [22mdevrait rejeter un type invalide[32m 0[2mms[22m[39m
 [32m✓[39m src/__tests__/domain/integrations.test.ts[2m > [22mCloud Storage Integration[2m > [22mFile Upload[2m > [22mdevrait accepter un fichier à la limite exacte de taille[32m 0[2mms[22m[39m
 [32m✓[39m src/__tests__/domain/integrations.test.ts[2m > [22mCloud Storage Integration[2m > [22mFile Upload[2m > [22mdevrait rejeter un fichier 1 octet au-dessus de la limite[32m 0[2mms[22m[39m
 [32m✓[39m src/__tests__/domain/integrations.test.ts[2m > [22mCloud Storage Integration[2m > [22mFile Upload[2m > [22mdevrait accepter tous les types autorisés[32m 1[2mms[22m[39m
 [32m✓[39m src/__tests__/domain/integrations.test.ts[2m > [22mCalendar Integration[2m > [22miCal Format[2m > [22mdevrait formater en iCal[32m 2[2mms[22m[39m
 [32m✓[39m src/__tests__/domain/integrations.test.ts[2m > [22mSMS Integration[2m > [22mPhone Number Validation[2m > [22mdevrait valider un numéro français[32m 1[2mms[22m[39m
 [32m✓[39m src/__tests__/domain/integrations.test.ts[2m > [22mSMS Integration[2m > [22mPhone Number Validation[2m > [22mdevrait rejeter un numéro invalide[32m 1[2mms[22m[39m
 [32m✓[39m src/__tests__/domain/integrations.test.ts[2m > [22mSMS Integration[2m > [22mPhone Number Validation[2m > [22mdevrait accepter un numéro avec espaces/points[32m 1[2mms[22m[39m
 [32m✓[39m src/__tests__/domain/integrations.test.ts[2m > [22mSMS Integration[2m > [22mPhone Number Validation[2m > [22mdevrait rejeter un numéro commençant par 0 puis 0[32m 0[2mms[22m[39m
 [32m✓[39m src/__tests__/domain/integrations.test.ts[2m > [22mSMS Integration[2m > [22mSMS Character Limit[2m > [22mdevrait compter 1 SMS pour un message court[32m 0[2mms[22m[39m
 [32m✓[39m src/__tests__/domain/integrations.test.ts[2m > [22mSMS Integration[2m > [22mSMS Character Limit[2m > [22mdevrait compter plusieurs SMS pour un message long[32m 1[2mms[22m[39m
 [32m✓[39m src/__tests__/domain/integrations.test.ts[2m > [22mSMS Integration[2m > [22mSMS Character Limit[2m > [22mdevrait utiliser la limite Unicode pour les accents[32m 0[2mms[22m[39m
 [32m✓[39m src/__tests__/domain/integrations.test.ts[2m > [22mAnalytics Integration[2m > [22mEvent Tracking[2m > [22mdevrait créer un événement analytics[32m 1[2mms[22m[39m
 [32m✓[39m src/__tests__/domain/integrations.test.ts[2m > [22mAnalytics Integration[2m > [22mPage Views[2m > [22mdevrait nettoyer le chemin de page[32m 0[2mms[22m[39m
 [32m✓[39m src/__tests__/domain/integrations.test.ts[2m > [22mAnalytics Integration[2m > [22mPage Views[2m > [22mdevrait gérer un chemin sans query params[32m 0[2mms[22m[39m
 [32m✓[39m src/__tests__/domain/integrations.test.ts[2m > [22mAnalytics Integration[2m > [22mPage Views[2m > [22mdevrait gérer un chemin avec plusieurs query params[32m 0[2mms[22m[39m
[90mstdout[2m | src/__tests__/api/proofs.test.ts
[22m[39m◇ injected env (9) from .env.test // tip: ⌁ auth for agents [www.vestauth.com]

[90mstdout[2m | tests/unit/crons.test.ts
[22m[39m◇ injected env (9) from .env.test // tip: ◈ secrets for agents [www.dotenvx.com]

 [32m✓[39m tests/integration/advanced-integration.test.ts[2m > [22mSmartInboxService — scoring e-mail[2m > [22murgence critique + sentiment négatif + pièces jointes → score élevé[32m 8[2mms[22m[39m
 [32m✓[39m tests/integration/advanced-integration.test.ts[2m > [22mSmartInboxService — scoring e-mail[2m > [22murgence haute sans autre signal → score modéré[32m 3[2mms[22m[39m
 [32m✓[39m tests/integration/advanced-integration.test.ts[2m > [22mSmartInboxService — scoring e-mail[2m > [22memail bas-de-gamme → score minimal[32m 6[2mms[22m[39m
 [32m✓[39m tests/integration/advanced-integration.test.ts[2m > [22mSmartInboxService — scoring e-mail[2m > [22mscore ne dépasse jamais 100[32m 3[2mms[22m[39m
 [32m✓[39m tests/integration/advanced-integration.test.ts[2m > [22mLogique quota — calculs purs[2m > [22mpourcentage d'utilisation est correct[32m 1[2mms[22m[39m
 [32m✓[39m tests/integration/advanced-integration.test.ts[2m > [22mLogique quota — calculs purs[2m > [22mniveau d'alerte est critique quand utilisation ≥ 90%[32m 1[2mms[22m[39m
 [32m✓[39m tests/integration/advanced-integration.test.ts[2m > [22mServices intégrés — scénarios complexes[2m > [22mEmailProcessor: classifier et router automatiquement[32m 1[2mms[22m[39m
 [32m✓[39m tests/integration/advanced-integration.test.ts[2m > [22mServices intégrés — scénarios complexes[2m > [22mAIAssistant: analyser cas complexe regroupement familial[32m 6[2mms[22m[39m
 [32m✓[39m tests/integration/advanced-integration.test.ts[2m > [22mServices intégrés — scénarios complexes[2m > [22mBillingService: calculer facturation complexe multi-tâches[32m 2[2mms[22m[39m
 [32m✓[39m tests/integration/advanced-integration.test.ts[2m > [22mServices intégrés — scénarios complexes[2m > [22mRGPD: tracer toutes les actions sensibles[32m 6[2mms[22m[39m
 [32m✓[39m tests/integration/advanced-integration.test.ts[2m > [22mServices intégrés — scénarios complexes[2m > [22mPerformance: gérer charge élevée emails (batch processing)[32m 2[2mms[22m[39m
 [32m✓[39m tests/unit/crons.test.ts[2m > [22mEmail Sync Cron[2m > [22mGmail body extraction[2m > [22mdecodes base64url text/plain body[32m 7[2mms[22m[39m
 [32m✓[39m tests/unit/crons.test.ts[2m > [22mEmail Sync Cron[2m > [22mGmail body extraction[2m > [22mstrips HTML tags from html body[32m 5[2mms[22m[39m
 [32m✓[39m tests/unit/crons.test.ts[2m > [22mEmail Sync Cron[2m > [22mGmail body extraction[2m > [22mlimits body to 10000 chars[32m 1[2mms[22m[39m
 [32m✓[39m tests/unit/crons.test.ts[2m > [22mEmail Sync Cron[2m > [22mDeduplication[2m > [22muses providerMessageId for dedup[32m 7[2mms[22m[39m
 [32m✓[39m tests/unit/crons.test.ts[2m > [22mEmail Sync Cron[2m > [22mDeduplication[2m > [22mdetects duplicate message[32m 1[2mms[22m[39m
 [32m✓[39m tests/unit/crons.test.ts[2m > [22mEmail Sync Cron[2m > [22mToken refresh logic[2m > [22mdetects expired token[32m 1[2mms[22m[39m
 [32m✓[39m tests/unit/crons.test.ts[2m > [22mEmail Sync Cron[2m > [22mToken refresh logic[2m > [22mdetects valid token[32m 1[2mms[22m[39m
 [32m✓[39m tests/unit/crons.test.ts[2m > [22mEmail Sync Cron[2m > [22mSync date window[2m > [22muses 7 day lookback for first sync[32m 1[2mms[22m[39m
 [32m✓[39m tests/unit/crons.test.ts[2m > [22mEmail Sync Cron[2m > [22mSync date window[2m > [22muses lastSync for subsequent syncs[32m 8[2mms[22m[39m
 [32m✓[39m tests/unit/crons.test.ts[2m > [22mInvoice Reminders[2m > [22mOverdue detection[2m > [22mcalculates days overdue correctly[32m 1[2mms[22m[39m
 [32m✓[39m tests/unit/crons.test.ts[2m > [22mInvoice Reminders[2m > [22mOverdue detection[2m > [22mdetermines reminder level at J+7[32m 1[2mms[22m[39m
 [32m✓[39m tests/unit/crons.test.ts[2m > [22mInvoice Reminders[2m > [22mOverdue detection[2m > [22mdetermines reminder level at J+15[32m 1[2mms[22m[39m
 [32m✓[39m tests/unit/crons.test.ts[2m > [22mInvoice Reminders[2m > [22mOverdue detection[2m > [22mdetermines reminder level at J+30 (mise en demeure)[32m 1[2mms[22m[39m
 [32m✓[39m tests/unit/crons.test.ts[2m > [22mInvoice Reminders[2m > [22mOverdue detection[2m > [22mno reminder for less than 7 days overdue[32m 0[2mms[22m[39m
 [32m✓[39m tests/unit/crons.test.ts[2m > [22mInvoice Reminders[2m > [22mAnti-spam (dedup)[2m > [22mprevents sending same level twice[32m 0[2mms[22m[39m
 [32m✓[39m tests/unit/crons.test.ts[2m > [22mInvoice Reminders[2m > [22mAnti-spam (dedup)[2m > [22mallows sending next level[32m 0[2mms[22m[39m
 [32m✓[39m tests/unit/crons.test.ts[2m > [22mTrial Expiry[2m > [22mDays left calculation[2m > [22mcalculates 3 days left correctly[32m 1[2mms[22m[39m
 [32m✓[39m tests/unit/crons.test.ts[2m > [22mTrial Expiry[2m > [22mDays left calculation[2m > [22mcalculates 1 day left[32m 3[2mms[22m[39m
 [32m✓[39m tests/unit/crons.test.ts[2m > [22mTrial Expiry[2m > [22mDays left calculation[2m > [22mdetects expired trial (negative days)[32m 1[2mms[22m[39m
 [32m✓[39m tests/unit/crons.test.ts[2m > [22mTrial Expiry[2m > [22mEmail type selection[2m > [22msends J-3 email when 3 days left[32m 0[2mms[22m[39m
 [32m✓[39m tests/unit/crons.test.ts[2m > [22mTrial Expiry[2m > [22mEmail type selection[2m > [22msends J-1 email when 1 day left[32m 0[2mms[22m[39m
 [32m✓[39m tests/unit/crons.test.ts[2m > [22mTrial Expiry[2m > [22mEmail type selection[2m > [22msends expired email day after trial ends[32m 1[2mms[22m[39m
 [32m✓[39m tests/unit/crons.test.ts[2m > [22mTrial Expiry[2m > [22mEmail type selection[2m > [22mno email for 5 days left[32m 7[2mms[22m[39m
 [32m✓[39m tests/unit/crons.test.ts[2m > [22mTrial Expiry[2m > [22mEmail type selection[2m > [22mno email for expired more than 1 day ago[32m 2[2mms[22m[39m
 [32m✓[39m src/__tests__/api/proofs.test.ts[2m > [22m/api/proofs[2m > [22mGET[2m > [22mshould return proofs[32m 55[2mms[22m[39m
 [32m✓[39m src/__tests__/api/proofs.test.ts[2m > [22m/api/proofs[2m > [22mPOST[2m > [22mshould create proof[32m 15[2mms[22m[39m
 [32m✓[39m src/__tests__/api/proofs.test.ts[2m > [22m/api/proofs[2m > [22mPATCH[2m > [22mshould validate proof[32m 21[2mms[22m[39m
[90mstdout[2m | src/__tests__/lib/utils/rgpd-helpers.real.test.ts
[22m[39m◇ injected env (9) from .env.test // tip: ⌘ custom filepath { path: '/custom/path/.env' }

[90mstdout[2m | src/__tests__/api/reports.test.ts
[22m[39m◇ injected env (9) from .env.test // tip: ⌘ custom filepath { path: '/custom/path/.env' }

 [32m✓[39m src/__tests__/lib/utils/rgpd-helpers.real.test.ts[2m > [22mrgpd-helpers - REAL TESTS[2m > [22manonymizeForAI[2m > [22mshould anonymize firstName and lastName[32m 17[2mms[22m[39m
 [32m✓[39m src/__tests__/lib/utils/rgpd-helpers.real.test.ts[2m > [22mrgpd-helpers - REAL TESTS[2m > [22manonymizeForAI[2m > [22mshould anonymize prenom and nom[32m 1[2mms[22m[39m
 [32m✓[39m src/__tests__/lib/utils/rgpd-helpers.real.test.ts[2m > [22mrgpd-helpers - REAL TESTS[2m > [22manonymizeForAI[2m > [22mshould anonymize email fields[32m 1[2mms[22m[39m
 [32m✓[39m src/__tests__/lib/utils/rgpd-helpers.real.test.ts[2m > [22mrgpd-helpers - REAL TESTS[2m > [22manonymizeForAI[2m > [22mshould anonymize phone fields[32m 6[2mms[22m[39m
 [32m✓[39m src/__tests__/lib/utils/rgpd-helpers.real.test.ts[2m > [22mrgpd-helpers - REAL TESTS[2m > [22manonymizeForAI[2m > [22mshould anonymize address fields[32m 1[2mms[22m[39m
 [32m✓[39m src/__tests__/lib/utils/rgpd-helpers.real.test.ts[2m > [22mrgpd-helpers - REAL TESTS[2m > [22manonymizeForAI[2m > [22mshould anonymize identification numbers[32m 6[2mms[22m[39m
 [32m✓[39m src/__tests__/lib/utils/rgpd-helpers.real.test.ts[2m > [22mrgpd-helpers - REAL TESTS[2m > [22manonymizeForAI[2m > [22mshould anonymize financial data[32m 1[2mms[22m[39m
 [32m✓[39m src/__tests__/lib/utils/rgpd-helpers.real.test.ts[2m > [22mrgpd-helpers - REAL TESTS[2m > [22manonymizeForAI[2m > [22mshould anonymize emergency contact info[32m 6[2mms[22m[39m
 [32m✓[39m src/__tests__/lib/utils/rgpd-helpers.real.test.ts[2m > [22mrgpd-helpers - REAL TESTS[2m > [22manonymizeForAI[2m > [22mshould not modify non-sensitive fields[32m 1[2mms[22m[39m
 [32m✓[39m src/__tests__/lib/utils/rgpd-helpers.real.test.ts[2m > [22mrgpd-helpers - REAL TESTS[2m > [22manonymizeForAI[2m > [22mshould preserve the original object structure[32m 47[2mms[22m[39m
 [32m✓[39m src/__tests__/lib/utils/rgpd-helpers.real.test.ts[2m > [22mrgpd-helpers - REAL TESTS[2m > [22manonymizeForAI[2m > [22mshould not mutate original object[32m 1[2mms[22m[39m
 [32m✓[39m src/__tests__/lib/utils/rgpd-helpers.real.test.ts[2m > [22mrgpd-helpers - REAL TESTS[2m > [22manonymizeForAI[2m > [22mshould handle empty object[32m 1[2mms[22m[39m
 [32m✓[39m src/__tests__/lib/utils/rgpd-helpers.real.test.ts[2m > [22mrgpd-helpers - REAL TESTS[2m > [22manonymizeForAI[2m > [22mshould handle object with no sensitive fields[32m 1[2mms[22m[39m
 [32m✓[39m src/__tests__/lib/utils/rgpd-helpers.real.test.ts[2m > [22mrgpd-helpers - REAL TESTS[2m > [22manonymizeForAI[2m > [22mshould anonymize nomNaissance[32m 5[2mms[22m[39m
 [32m✓[39m src/__tests__/lib/utils/rgpd-helpers.real.test.ts[2m > [22mrgpd-helpers - REAL TESTS[2m > [22mvalidateDataProcessing[2m > [22mshould allow processing with consent and no sensitive data[32m 1[2mms[22m[39m
 [32m✓[39m src/__tests__/lib/utils/rgpd-helpers.real.test.ts[2m > [22mrgpd-helpers - REAL TESTS[2m > [22mvalidateDataProcessing[2m > [22mshould deny processing without consent[32m 1[2mms[22m[39m
 [32m✓[39m src/__tests__/lib/utils/rgpd-helpers.real.test.ts[2m > [22mrgpd-helpers - REAL TESTS[2m > [22mvalidateDataProcessing[2m > [22mshould deny processing of health data[32m 1[2mms[22m[39m
 [32m✓[39m src/__tests__/lib/utils/rgpd-helpers.real.test.ts[2m > [22mrgpd-helpers - REAL TESTS[2m > [22mvalidateDataProcessing[2m > [22mshould deny processing of criminal data[32m 1[2mms[22m[39m
 [32m✓[39m src/__tests__/lib/utils/rgpd-helpers.real.test.ts[2m > [22mrgpd-helpers - REAL TESTS[2m > [22mvalidateDataProcessing[2m > [22mshould deny processing of biometric data[32m 1[2mms[22m[39m
 [32m✓[39m src/__tests__/lib/utils/rgpd-helpers.real.test.ts[2m > [22mrgpd-helpers - REAL TESTS[2m > [22mvalidateDataProcessing[2m > [22mshould allow processing of non-sensitive data types[32m 1[2mms[22m[39m
 [32m✓[39m src/__tests__/lib/utils/rgpd-helpers.real.test.ts[2m > [22mrgpd-helpers - REAL TESTS[2m > [22mvalidateDataProcessing[2m > [22mshould check consent first before sensitive data[32m 1[2mms[22m[39m
 [32m✓[39m src/__tests__/lib/utils/rgpd-helpers.real.test.ts[2m > [22mrgpd-helpers - REAL TESTS[2m > [22mvalidateDataProcessing[2m > [22mshould handle empty data types array[32m 0[2mms[22m[39m
 [32m✓[39m src/__tests__/lib/utils/rgpd-helpers.real.test.ts[2m > [22mrgpd-helpers - REAL TESTS[2m > [22mvalidateDataProcessing[2m > [22mshould handle multiple data types with one sensitive[32m 1[2mms[22m[39m
 [32m✓[39m src/__tests__/lib/utils/rgpd-helpers.real.test.ts[2m > [22mrgpd-helpers - REAL TESTS[2m > [22mRGPD Compliance Scenarios[2m > [22mshould protect client data for AI processing[32m 3[2mms[22m[39m
 [32m✓[39m src/__tests__/lib/utils/rgpd-helpers.real.test.ts[2m > [22mrgpd-helpers - REAL TESTS[2m > [22mRGPD Compliance Scenarios[2m > [22mshould validate data processing for various purposes[32m 1[2mms[22m[39m
[90mstdout[2m | src/__tests__/lib/services/storageService.real.test.ts
[22m[39m◇ injected env (9) from .env.test // tip: ⌘ custom filepath { path: '/custom/path/.env' }

 [32m✓[39m src/__tests__/api/reports.test.ts[2m > [22mReports API Logic[2m > [22mReport Types[2m > [22mdevrait inclure le type factures[32m 10[2mms[22m[39m
 [32m✓[39m src/__tests__/api/reports.test.ts[2m > [22mReports API Logic[2m > [22mReport Types[2m > [22mdevrait inclure le type dossiers[32m 1[2mms[22m[39m
 [32m✓[39m src/__tests__/api/reports.test.ts[2m > [22mReports API Logic[2m > [22mReport Types[2m > [22mdevrait inclure le type clients[32m 1[2mms[22m[39m
 [32m✓[39m src/__tests__/api/reports.test.ts[2m > [22mReports API Logic[2m > [22mReport Types[2m > [22mdevrait inclure le type activite[32m 1[2mms[22m[39m
 [32m✓[39m src/__tests__/api/reports.test.ts[2m > [22mReports API Logic[2m > [22mReport Types[2m > [22mdevrait inclure le type financier[32m 1[2mms[22m[39m
 [32m✓[39m src/__tests__/api/reports.test.ts[2m > [22mReports API Logic[2m > [22mReport Types[2m > [22mdevrait avoir 5 types de rapports[32m 1[2mms[22m[39m
 [32m✓[39m src/__tests__/api/reports.test.ts[2m > [22mReports API Logic[2m > [22mReport Formats[2m > [22mdevrait supporter le format PDF[32m 1[2mms[22m[39m
 [32m✓[39m src/__tests__/api/reports.test.ts[2m > [22mReports API Logic[2m > [22mReport Formats[2m > [22mdevrait supporter le format CSV[32m 1[2mms[22m[39m
 [32m✓[39m src/__tests__/api/reports.test.ts[2m > [22mReports API Logic[2m > [22mReport Formats[2m > [22mdevrait supporter le format Excel[32m 1[2mms[22m[39m
 [32m✓[39m src/__tests__/api/reports.test.ts[2m > [22mReports API Logic[2m > [22mContent Types[2m > [22mdevrait retourner le bon content type pour PDF[32m 6[2mms[22m[39m
 [32m✓[39m src/__tests__/api/reports.test.ts[2m > [22mReports API Logic[2m > [22mContent Types[2m > [22mdevrait retourner le bon content type pour CSV[32m 2[2mms[22m[39m
 [32m✓[39m src/__tests__/api/reports.test.ts[2m > [22mReports API Logic[2m > [22mContent Types[2m > [22mdevrait retourner le bon content type pour Excel[32m 1[2mms[22m[39m
 [32m✓[39m src/__tests__/api/reports.test.ts[2m > [22mReports API Logic[2m > [22mContent Types[2m > [22mdevrait retourner octet-stream par défaut[32m 1[2mms[22m[39m
 [32m✓[39m src/__tests__/api/reports.test.ts[2m > [22mReports API Logic[2m > [22mDate Range Validation[2m > [22mdevrait valider une plage de dates correcte[32m 1[2mms[22m[39m
 [32m✓[39m src/__tests__/api/reports.test.ts[2m > [22mReports API Logic[2m > [22mDate Range Validation[2m > [22mdevrait rejeter une plage inversée[32m 0[2mms[22m[39m
 [32m✓[39m src/__tests__/api/reports.test.ts[2m > [22mReports API Logic[2m > [22mDate Range Validation[2m > [22mdevrait accepter si aucune date[32m 1[2mms[22m[39m
 [32m✓[39m src/__tests__/api/reports.test.ts[2m > [22mReports API Logic[2m > [22mRequest Body Validation[2m > [22mdevrait valider un body complet[32m 1[2mms[22m[39m
 [32m✓[39m src/__tests__/api/reports.test.ts[2m > [22mReports API Logic[2m > [22mRequest Body Validation[2m > [22mdevrait rejeter sans tenantId[32m 6[2mms[22m[39m
 [32m✓[39m src/__tests__/api/reports.test.ts[2m > [22mReports API Logic[2m > [22mRequest Body Validation[2m > [22mdevrait rejeter sans type[32m 1[2mms[22m[39m
 [32m✓[39m src/__tests__/api/reports.test.ts[2m > [22mReports API Logic[2m > [22mFilename Generation[2m > [22mdevrait générer un nom de fichier correct[32m 1[2mms[22m[39m
 [32m✓[39m src/__tests__/api/reports.test.ts[2m > [22mReports API Logic[2m > [22mFilename Generation[2m > [22mdevrait utiliser la date du jour par défaut[32m 0[2mms[22m[39m
 [32m✓[39m src/__tests__/api/reports.test.ts[2m > [22mReports API Logic[2m > [22mReport Data Structure[2m > [22mdevrait avoir une structure de rapport valide[32m 2[2mms[22m[39m
 [32m✓[39m src/__tests__/api/reports.test.ts[2m > [22mReports API Logic[2m > [22mFilters Parsing[2m > [22mdevrait ajouter les valeurs par défaut[32m 0[2mms[22m[39m
 [32m✓[39m src/__tests__/api/reports.test.ts[2m > [22mReports API Logic[2m > [22mFilters Parsing[2m > [22mdevrait préserver les filtres existants[32m 0[2mms[22m[39m
 [32m✓[39m src/__tests__/api/reports.test.ts[2m > [22mReports API Logic[2m > [22mFormat Default[2m > [22mdevrait avoir pdf comme format par défaut[32m 0[2mms[22m[39m
 [32m✓[39m src/__tests__/api/reports.test.ts[2m > [22mReport Response Headers[2m > [22mdevrait générer le header Content-Disposition[32m 1[2mms[22m[39m
 [32m✓[39m src/__tests__/lib/services/storageService.real.test.ts[2m > [22mstorageService - Utilitaires de stockage[2m > [22mformatFileSize[2m > [22mBytes[2m > [22m0 bytes[32m 7[2mms[22m[39m
 [32m✓[39m src/__tests__/lib/services/storageService.real.test.ts[2m > [22mstorageService - Utilitaires de stockage[2m > [22mformatFileSize[2m > [22mBytes[2m > [22m1 byte[32m 1[2mms[22m[39m
 [32m✓[39m src/__tests__/lib/services/storageService.real.test.ts[2m > [22mstorageService - Utilitaires de stockage[2m > [22mformatFileSize[2m > [22mBytes[2m > [22m100 bytes[32m 1[2mms[22m[39m
 [32m✓[39m src/__tests__/lib/services/storageService.real.test.ts[2m > [22mstorageService - Utilitaires de stockage[2m > [22mformatFileSize[2m > [22mBytes[2m > [22m1023 bytes[32m 1[2mms[22m[39m
 [32m✓[39m src/__tests__/lib/services/storageService.real.test.ts[2m > [22mstorageService - Utilitaires de stockage[2m > [22mformatFileSize[2m > [22mKilobytes[2m > [22m1 KB (1024 bytes)[32m 1[2mms[22m[39m
 [32m✓[39m src/__tests__/lib/services/storageService.real.test.ts[2m > [22mstorageService - Utilitaires de stockage[2m > [22mformatFileSize[2m > [22mKilobytes[2m > [22m1.5 KB[32m 1[2mms[22m[39m
 [32m✓[39m src/__tests__/lib/services/storageService.real.test.ts[2m > [22mstorageService - Utilitaires de stockage[2m > [22mformatFileSize[2m > [22mKilobytes[2m > [22m10 KB[32m 0[2mms[22m[39m
 [32m✓[39m src/__tests__/lib/services/storageService.real.test.ts[2m > [22mstorageService - Utilitaires de stockage[2m > [22mformatFileSize[2m > [22mKilobytes[2m > [22m100 KB[32m 1[2mms[22m[39m
 [32m✓[39m src/__tests__/lib/services/storageService.real.test.ts[2m > [22mstorageService - Utilitaires de stockage[2m > [22mformatFileSize[2m > [22mKilobytes[2m > [22m500 KB[32m 1[2mms[22m[39m
 [32m✓[39m src/__tests__/lib/services/storageService.real.test.ts[2m > [22mstorageService - Utilitaires de stockage[2m > [22mformatFileSize[2m > [22mKilobytes[2m > [22m1023 KB (presque 1 MB)[32m 3[2mms[22m[39m
 [32m✓[39m src/__tests__/lib/services/storageService.real.test.ts[2m > [22mstorageService - Utilitaires de stockage[2m > [22mformatFileSize[2m > [22mMegabytes[2m > [22m1 MB[32m 1[2mms[22m[39m
 [32m✓[39m src/__tests__/lib/services/storageService.real.test.ts[2m > [22mstorageService - Utilitaires de stockage[2m > [22mformatFileSize[2m > [22mMegabytes[2m > [22m1.5 MB[32m 1[2mms[22m[39m
 [32m✓[39m src/__tests__/lib/services/storageService.real.test.ts[2m > [22mstorageService - Utilitaires de stockage[2m > [22mformatFileSize[2m > [22mMegabytes[2m > [22m10 MB[32m 1[2mms[22m[39m
 [32m✓[39m src/__tests__/lib/services/storageService.real.test.ts[2m > [22mstorageService - Utilitaires de stockage[2m > [22mformatFileSize[2m > [22mMegabytes[2m > [22m50 MB (limite typique upload)[32m 0[2mms[22m[39m
 [32m✓[39m src/__tests__/lib/services/storageService.real.test.ts[2m > [22mstorageService - Utilitaires de stockage[2m > [22mformatFileSize[2m > [22mMegabytes[2m > [22m100 MB[32m 0[2mms[22m[39m
 [32m✓[39m src/__tests__/lib/services/storageService.real.test.ts[2m > [22mstorageService - Utilitaires de stockage[2m > [22mformatFileSize[2m > [22mMegabytes[2m > [22m500 MB[32m 0[2mms[22m[39m
 [32m✓[39m src/__tests__/lib/services/storageService.real.test.ts[2m > [22mstorageService - Utilitaires de stockage[2m > [22mformatFileSize[2m > [22mGigabytes[2m > [22m1 GB[32m 1[2mms[22m[39m
 [32m✓[39m src/__tests__/lib/services/storageService.real.test.ts[2m > [22mstorageService - Utilitaires de stockage[2m > [22mformatFileSize[2m > [22mGigabytes[2m > [22m2.5 GB[32m 0[2mms[22m[39m
 [32m✓[39m src/__tests__/lib/services/storageService.real.test.ts[2m > [22mstorageService - Utilitaires de stockage[2m > [22mformatFileSize[2m > [22mGigabytes[2m > [22m10 GB[32m 0[2mms[22m[39m
 [32m✓[39m src/__tests__/lib/services/storageService.real.test.ts[2m > [22mstorageService - Utilitaires de stockage[2m > [22mformatFileSize[2m > [22mCas limites[2m > [22mretourne une chaîne formatée[32m 1[2mms[22m[39m
 [32m✓[39m src/__tests__/lib/services/storageService.real.test.ts[2m > [22mstorageService - Utilitaires de stockage[2m > [22mformatFileSize[2m > [22mCas limites[2m > [22marrondit à 2 décimales[32m 2[2mms[22m[39m
 [32m✓[39m src/__tests__/lib/services/storageService.real.test.ts[2m > [22mstorageService - Utilitaires de stockage[2m > [22mformatFileSize[2m > [22mCas limites[2m > [22mgère les très petits fichiers[32m 2[2mms[22m[39m
 [32m✓[39m src/__tests__/lib/services/storageService.real.test.ts[2m > [22mstorageService - Utilitaires de stockage[2m > [22mformatFileSize[2m > [22mValeurs courantes de documents[2m > [22mdocument Word typique (~100 KB)[32m 1[2mms[22m[39m
 [32m✓[39m src/__tests__/lib/services/storageService.real.test.ts[2m > [22mstorageService - Utilitaires de stockage[2m > [22mformatFileSize[2m > [22mValeurs courantes de documents[2m > [22mPDF typique (~500 KB)[32m 0[2mms[22m[39m
 [32m✓[39m src/__tests__/lib/services/storageService.real.test.ts[2m > [22mstorageService - Utilitaires de stockage[2m > [22mformatFileSize[2m > [22mValeurs courantes de documents[2m > [22mimage haute résolution (~5 MB)[32m 1[2mms[22m[39m
 [32m✓[39m src/__tests__/lib/services/storageService.real.test.ts[2m > [22mstorageService - Utilitaires de stockage[2m > [22mformatFileSize[2m > [22mValeurs courantes de documents[2m > [22mfichier Excel (~2 MB)[32m 0[2mms[22m[39m
 [32m✓[39m src/__tests__/lib/services/storageService.real.test.ts[2m > [22mstorageService - Utilitaires de stockage[2m > [22mgetFileIcon[2m > [22mImages[2m > [22mimage/jpeg[32m 1[2mms[22m[39m
 [32m✓[39m src/__tests__/lib/services/storageService.real.test.ts[2m > [22mstorageService - Utilitaires de stockage[2m > [22mgetFileIcon[2m > [22mImages[2m > [22mimage/png[32m 0[2mms[22m[39m
 [32m✓[39m src/__tests__/lib/services/storageService.real.test.ts[2m > [22mstorageService - Utilitaires de stockage[2m > [22mgetFileIcon[2m > [22mImages[2m > [22mimage/gif[32m 1[2mms[22m[39m
 [32m✓[39m src/__tests__/lib/services/storageService.real.test.ts[2m > [22mstorageService - Utilitaires de stockage[2m > [22mgetFileIcon[2m > [22mImages[2m > [22mimage/webp[32m 0[2mms[22m[39m
 [32m✓[39m src/__tests__/lib/services/storageService.real.test.ts[2m > [22mstorageService - Utilitaires de stockage[2m > [22mgetFileIcon[2m > [22mImages[2m > [22mimage/svg+xml[32m 0[2mms[22m[39m
 [32m✓[39m src/__tests__/lib/services/storageService.real.test.ts[2m > [22mstorageService - Utilitaires de stockage[2m > [22mgetFileIcon[2m > [22mImages[2m > [22mtoutes les images ont la même icône[32m 1[2mms[22m[39m
 [32m✓[39m src/__tests__/lib/services/storageService.real.test.ts[2m > [22mstorageService - Utilitaires de stockage[2m > [22mgetFileIcon[2m > [22mDocuments PDF[2m > [22mapplication/pdf[32m 0[2mms[22m[39m
 [32m✓[39m src/__tests__/lib/services/storageService.real.test.ts[2m > [22mstorageService - Utilitaires de stockage[2m > [22mgetFileIcon[2m > [22mDocuments Word[2m > [22mapplication/msword (doc)[32m 1[2mms[22m[39m
 [32m✓[39m src/__tests__/lib/services/storageService.real.test.ts[2m > [22mstorageService - Utilitaires de stockage[2m > [22mgetFileIcon[2m > [22mDocuments Word[2m > [22mapplication/vnd.openxmlformats-officedocument.wordprocessingml.document (docx)[32m 0[2mms[22m[39m
 [32m✓[39m src/__tests__/lib/services/storageService.real.test.ts[2m > [22mstorageService - Utilitaires de stockage[2m > [22mgetFileIcon[2m > [22mDocuments Word[2m > [22mdoc et docx ont la même icône[32m 0[2mms[22m[39m
 [32m✓[39m src/__tests__/lib/services/storageService.real.test.ts[2m > [22mstorageService - Utilitaires de stockage[2m > [22mgetFileIcon[2m > [22mDocuments Excel[2m > [22mapplication/vnd.ms-excel (xls)[32m 0[2mms[22m[39m
 [32m✓[39m src/__tests__/lib/services/storageService.real.test.ts[2m > [22mstorageService - Utilitaires de stockage[2m > [22mgetFileIcon[2m > [22mDocuments Excel[2m > [22mapplication/vnd.openxmlformats-officedocument.spreadsheetml.sheet (xlsx)[32m 1[2mms[22m[39m
 [32m✓[39m src/__tests__/lib/services/storageService.real.test.ts[2m > [22mstorageService - Utilitaires de stockage[2m > [22mgetFileIcon[2m > [22mDocuments texte[2m > [22mtext/plain[32m 1[2mms[22m[39m
 [32m✓[39m src/__tests__/lib/services/storageService.real.test.ts[2m > [22mstorageService - Utilitaires de stockage[2m > [22mgetFileIcon[2m > [22mDocuments texte[2m > [22mtext/html[32m 1[2mms[22m[39m
 [32m✓[39m src/__tests__/lib/services/storageService.real.test.ts[2m > [22mstorageService - Utilitaires de stockage[2m > [22mgetFileIcon[2m > [22mDocuments texte[2m > [22mtext/csv[32m 0[2mms[22m[39m
 [32m✓[39m src/__tests__/lib/services/storageService.real.test.ts[2m > [22mstorageService - Utilitaires de stockage[2m > [22mgetFileIcon[2m > [22mTypes inconnus[2m > [22mapplication/octet-stream[32m 0[2mms[22m[39m
 [32m✓[39m src/__tests__/lib/services/storageService.real.test.ts[2m > [22mstorageService - Utilitaires de stockage[2m > [22mgetFileIcon[2m > [22mTypes inconnus[2m > [22mapplication/zip[32m 0[2mms[22m[39m
 [32m✓[39m src/__tests__/lib/services/storageService.real.test.ts[2m > [22mstorageService - Utilitaires de stockage[2m > [22mgetFileIcon[2m > [22mTypes inconnus[2m > [22mtype vide[32m 1[2mms[22m[39m
 [32m✓[39m src/__tests__/lib/services/storageService.real.test.ts[2m > [22mstorageService - Utilitaires de stockage[2m > [22mgetFileIcon[2m > [22mTypes inconnus[2m > [22mtype invalide[32m 0[2mms[22m[39m
 [32m✓[39m src/__tests__/lib/services/storageService.real.test.ts[2m > [22mstorageService - Utilitaires de stockage[2m > [22mgetFileIcon[2m > [22mIcônes distinctes[2m > [22mPDF vs Word[32m 1[2mms[22m[39m
 [32m✓[39m src/__tests__/lib/services/storageService.real.test.ts[2m > [22mstorageService - Utilitaires de stockage[2m > [22mIntégration formatFileSize + types de fichiers[2m > [22m'document.pdf' ('application/pdf') - formatage correct[32m 3[2mms[22m[39m
 [32m✓[39m src/__tests__/lib/services/storageService.real.test.ts[2m > [22mstorageService - Utilitaires de stockage[2m > [22mIntégration formatFileSize + types de fichiers[2m > [22m'image.jpg' ('image/jpeg') - formatage correct[32m 1[2mms[22m[39m
 [32m✓[39m src/__tests__/lib/services/storageService.real.test.ts[2m > [22mstorageService - Utilitaires de stockage[2m > [22mIntégration formatFileSize + types de fichiers[2m > [22m'rapport.docx' ('application/vnd.openxmlformats-office…') - formatage correct[32m 0[2mms[22m[39m
 [32m✓[39m src/__tests__/lib/services/storageService.real.test.ts[2m > [22mstorageService - Utilitaires de stockage[2m > [22mIntégration formatFileSize + types de fichiers[2m > [22m'data.xlsx' ('application/vnd.openxmlformats-office…') - formatage correct[32m 0[2mms[22m[39m
 [32m✓[39m src/__tests__/lib/services/storageService.real.test.ts[2m > [22mstorageService - Utilitaires de stockage[2m > [22mIntégration formatFileSize + types de fichiers[2m > [22m'notes.txt' ('text/plain') - formatage correct[32m 0[2mms[22m[39m
 [32m✓[39m src/__tests__/lib/services/storageService.real.test.ts[2m > [22mstorageService - Utilitaires de stockage[2m > [22mPerformance[2m > [22mformatFileSize gère les très grands nombres[32m 1[2mms[22m[39m
 [32m✓[39m src/__tests__/lib/services/storageService.real.test.ts[2m > [22mstorageService - Utilitaires de stockage[2m > [22mPerformance[2m > [22mformatFileSize est cohérent sur plusieurs appels[32m 1[2mms[22m[39m
 [32m✓[39m src/__tests__/lib/services/storageService.real.test.ts[2m > [22mstorageService - Utilitaires de stockage[2m > [22mPerformance[2m > [22mgetFileIcon est cohérent sur plusieurs appels[32m 5[2mms[22m[39m
[90mstdout[2m | src/__tests__/utils/url-utils.test.ts
[22m[39m◇ injected env (9) from .env.test // tip: ⌘ override existing { override: true }

 [32m✓[39m src/__tests__/utils/url-utils.test.ts[2m > [22mURL Validation Utils[2m > [22mBasic URL Validation[2m > [22mdevrait valider une URL HTTP[32m 6[2mms[22m[39m
 [32m✓[39m src/__tests__/utils/url-utils.test.ts[2m > [22mURL Validation Utils[2m > [22mBasic URL Validation[2m > [22mdevrait valider une URL HTTPS[32m 1[2mms[22m[39m
 [32m✓[39m src/__tests__/utils/url-utils.test.ts[2m > [22mURL Validation Utils[2m > [22mBasic URL Validation[2m > [22mdevrait valider une URL avec chemin[32m 11[2mms[22m[39m
 [32m✓[39m src/__tests__/utils/url-utils.test.ts[2m > [22mURL Validation Utils[2m > [22mBasic URL Validation[2m > [22mdevrait valider une URL avec query[32m 1[2mms[22m[39m
 [32m✓[39m src/__tests__/utils/url-utils.test.ts[2m > [22mURL Validation Utils[2m > [22mBasic URL Validation[2m > [22mdevrait rejeter une chaîne invalide[32m 1[2mms[22m[39m
 [32m✓[39m src/__tests__/utils/url-utils.test.ts[2m > [22mURL Validation Utils[2m > [22mBasic URL Validation[2m > [22mdevrait rejeter une chaîne vide[32m 1[2mms[22m[39m
 [32m✓[39m src/__tests__/utils/url-utils.test.ts[2m > [22mURL Validation Utils[2m > [22mSecure URL Check[2m > [22mdevrait valider HTTPS[32m 2[2mms[22m[39m
 [32m✓[39m src/__tests__/utils/url-utils.test.ts[2m > [22mURL Validation Utils[2m > [22mSecure URL Check[2m > [22mdevrait rejeter HTTP[32m 1[2mms[22m[39m
 [32m✓[39m src/__tests__/utils/url-utils.test.ts[2m > [22mURL Validation Utils[2m > [22mSecure URL Check[2m > [22mdevrait rejeter FTP[32m 8[2mms[22m[39m
 [32m✓[39m src/__tests__/utils/url-utils.test.ts[2m > [22mURL Validation Utils[2m > [22mURL Parsing[2m > [22mdevrait parser le protocole[32m 1[2mms[22m[39m
 [32m✓[39m src/__tests__/utils/url-utils.test.ts[2m > [22mURL Validation Utils[2m > [22mURL Parsing[2m > [22mdevrait parser le host[32m 1[2mms[22m[39m
 [32m✓[39m src/__tests__/utils/url-utils.test.ts[2m > [22mURL Validation Utils[2m > [22mURL Parsing[2m > [22mdevrait parser le chemin[32m 1[2mms[22m[39m
 [32m✓[39m src/__tests__/utils/url-utils.test.ts[2m > [22mURL Validation Utils[2m > [22mURL Parsing[2m > [22mdevrait parser la query string[32m 1[2mms[22m[39m
 [32m✓[39m src/__tests__/utils/url-utils.test.ts[2m > [22mURL Validation Utils[2m > [22mURL Parsing[2m > [22mdevrait parser le hash[32m 1[2mms[22m[39m
 [32m✓[39m src/__tests__/utils/url-utils.test.ts[2m > [22mURL Validation Utils[2m > [22mURL Parsing[2m > [22mdevrait retourner null pour URL invalide[32m 1[2mms[22m[39m
 [32m✓[39m src/__tests__/utils/url-utils.test.ts[2m > [22mURL Validation Utils[2m > [22mQuery Parameters Extraction[2m > [22mdevrait extraire les paramètres simples[32m 1[2mms[22m[39m
 [32m✓[39m src/__tests__/utils/url-utils.test.ts[2m > [22mURL Validation Utils[2m > [22mQuery Parameters Extraction[2m > [22mdevrait gérer les valeurs encodées[32m 1[2mms[22m[39m
 [32m✓[39m src/__tests__/utils/url-utils.test.ts[2m > [22mURL Validation Utils[2m > [22mQuery Parameters Extraction[2m > [22mdevrait retourner un objet vide sans paramètres[32m 2[2mms[22m[39m
 [32m✓[39m src/__tests__/utils/url-utils.test.ts[2m > [22mURL Validation Utils[2m > [22mURL Building[2m > [22mdevrait ajouter des paramètres[32m 4[2mms[22m[39m
 [32m✓[39m src/__tests__/utils/url-utils.test.ts[2m > [22mURL Validation Utils[2m > [22mURL Building[2m > [22mdevrait encoder les caractères spéciaux[32m 2[2mms[22m[39m
 [32m✓[39m src/__tests__/utils/url-utils.test.ts[2m > [22mURL Validation Utils[2m > [22mDomain Extraction[2m > [22mdevrait extraire le domaine simple[32m 1[2mms[22m[39m
 [32m✓[39m src/__tests__/utils/url-utils.test.ts[2m > [22mURL Validation Utils[2m > [22mDomain Extraction[2m > [22mdevrait extraire le sous-domaine[32m 1[2mms[22m[39m
 [32m✓[39m src/__tests__/utils/url-utils.test.ts[2m > [22mURL Validation Utils[2m > [22mDomain Extraction[2m > [22mdevrait ignorer le port[32m 2[2mms[22m[39m
 [32m✓[39m src/__tests__/utils/url-utils.test.ts[2m > [22mURL Validation Utils[2m > [22mRelative URL Resolution[2m > [22mdevrait résoudre un chemin relatif[32m 1[2mms[22m[39m
 [32m✓[39m src/__tests__/utils/url-utils.test.ts[2m > [22mURL Validation Utils[2m > [22mRelative URL Resolution[2m > [22mdevrait résoudre un chemin absolu[32m 1[2mms[22m[39m
 [32m✓[39m src/__tests__/utils/url-utils.test.ts[2m > [22mURL Validation Utils[2m > [22mURL Normalization[2m > [22mdevrait supprimer le trailing slash[32m 1[2mms[22m[39m
 [32m✓[39m src/__tests__/utils/url-utils.test.ts[2m > [22mURL Validation Utils[2m > [22mURL Normalization[2m > [22mdevrait garder le slash root[32m 1[2mms[22m[39m
 [32m✓[39m src/__tests__/utils/url-utils.test.ts[2m > [22mURL Validation Utils[2m > [22mInternal/External URL Check[2m > [22mdevrait détecter une URL interne[32m 1[2mms[22m[39m
 [32m✓[39m src/__tests__/utils/url-utils.test.ts[2m > [22mURL Validation Utils[2m > [22mInternal/External URL Check[2m > [22mdevrait détecter une URL externe[32m 1[2mms[22m[39m
 [32m✓[39m src/__tests__/utils/url-utils.test.ts[2m > [22mURL Validation Utils[2m > [22mInternal/External URL Check[2m > [22mdevrait traiter les URLs relatives comme internes[32m 1[2mms[22m[39m
 [32m✓[39m src/__tests__/utils/url-utils.test.ts[2m > [22mURL Validation Utils[2m > [22mAllowed Protocols Check[2m > [22mdevrait accepter HTTP[32m 1[2mms[22m[39m
 [32m✓[39m src/__tests__/utils/url-utils.test.ts[2m > [22mURL Validation Utils[2m > [22mAllowed Protocols Check[2m > [22mdevrait accepter HTTPS[32m 0[2mms[22m[39m
 [32m✓[39m src/__tests__/utils/url-utils.test.ts[2m > [22mURL Validation Utils[2m > [22mAllowed Protocols Check[2m > [22mdevrait rejeter javascript:[32m 1[2mms[22m[39m
 [32m✓[39m src/__tests__/utils/url-utils.test.ts[2m > [22mURL Validation Utils[2m > [22mAllowed Protocols Check[2m > [22mdevrait rejeter data:[32m 1[2mms[22m[39m
 [32m✓[39m src/__tests__/utils/url-utils.test.ts[2m > [22mURL Validation Utils[2m > [22mURL Comparison[2m > [22mdevrait détecter des URLs identiques[32m 1[2mms[22m[39m
 [32m✓[39m src/__tests__/utils/url-utils.test.ts[2m > [22mURL Validation Utils[2m > [22mURL Comparison[2m > [22mdevrait ignorer la query string[32m 1[2mms[22m[39m
 [32m✓[39m src/__tests__/utils/url-utils.test.ts[2m > [22mURL Validation Utils[2m > [22mURL Comparison[2m > [22mdevrait détecter des URLs différentes[32m 1[2mms[22m[39m
 [32m✓[39m src/__tests__/utils/url-utils.test.ts[2m > [22mURL Validation Utils[2m > [22mSlug Extraction[2m > [22mdevrait extraire le slug[32m 1[2mms[22m[39m
 [32m✓[39m src/__tests__/utils/url-utils.test.ts[2m > [22mURL Validation Utils[2m > [22mSlug Extraction[2m > [22mdevrait retourner null pour la racine[32m 0[2mms[22m[39m
[90mstdout[2m | src/__tests__/billing/plans.test.ts
[22m[39m◇ injected env (9) from .env.test // tip: ⌘ enable debugging { debug: true }

 [32m✓[39m src/__tests__/billing/plans.test.ts[2m > [22mPRODUCT_TIERS[2m > [22mcontient exactement 4 plans[32m 29[2mms[22m[39m
 [32m✓[39m src/__tests__/billing/plans.test.ts[2m > [22mPRODUCT_TIERS[2m > [22ma les bons noms de plans[32m 2[2mms[22m[39m
 [32m✓[39m src/__tests__/billing/plans.test.ts[2m > [22mPRODUCT_TIERS[2m > [22mPILOT → 0€/mois, 0€/an, dbName=pilot[32m 17[2mms[22m[39m
 [32m✓[39m src/__tests__/billing/plans.test.ts[2m > [22mPRODUCT_TIERS[2m > [22mSOLO → 29€/mois, 278€/an, dbName=solo[32m 1[2mms[22m[39m
 [32m✓[39m src/__tests__/billing/plans.test.ts[2m > [22mPRODUCT_TIERS[2m > [22mCABINET → 79€/mois, 758€/an, dbName=cabinet[32m 10[2mms[22m[39m
 [32m✓[39m src/__tests__/billing/plans.test.ts[2m > [22mPRODUCT_TIERS[2m > [22mENTERPRISE → 199€/mois, 1910€/an, dbName=enterprise[32m 1[2mms[22m[39m
 [32m✓[39m src/__tests__/billing/plans.test.ts[2m > [22mPRODUCT_TIERS[2m > [22mPILOT a 14 jours de trial[32m 1[2mms[22m[39m
 [32m✓[39m src/__tests__/billing/plans.test.ts[2m > [22mPRODUCT_TIERS[2m > [22mles plans payants ont 14 jours de trial[32m 13[2mms[22m[39m
 [32m✓[39m src/__tests__/billing/plans.test.ts[2m > [22mresolvePlanDbName[2m > [22mrésout "PILOT" → "pilot"[32m 2[2mms[22m[39m
 [32m✓[39m src/__tests__/billing/plans.test.ts[2m > [22mresolvePlanDbName[2m > [22mrésout "SOLO" → "solo"[32m 13[2mms[22m[39m
 [32m✓[39m src/__tests__/billing/plans.test.ts[2m > [22mresolvePlanDbName[2m > [22mrésout "CABINET" → "cabinet"[32m 20[2mms[22m[39m
 [32m✓[39m src/__tests__/billing/plans.test.ts[2m > [22mresolvePlanDbName[2m > [22mrésout "ENTERPRISE" → "enterprise"[32m 1[2mms[22m[39m
 [32m✓[39m src/__tests__/billing/plans.test.ts[2m > [22mresolvePlanDbName[2m > [22mrésout "pilot" → "pilot"[32m 1[2mms[22m[39m
 [32m✓[39m src/__tests__/billing/plans.test.ts[2m > [22mresolvePlanDbName[2m > [22mrésout "solo" → "solo"[32m 6[2mms[22m[39m
 [32m✓[39m src/__tests__/billing/plans.test.ts[2m > [22mresolvePlanDbName[2m > [22mrésout "cabinet" → "cabinet"[32m 1[2mms[22m[39m
 [32m✓[39m src/__tests__/billing/plans.test.ts[2m > [22mresolvePlanDbName[2m > [22mrésout "enterprise" → "enterprise"[32m 0[2mms[22m[39m
 [32m✓[39m src/__tests__/billing/plans.test.ts[2m > [22mresolvePlanDbName[2m > [22mrésout "Pilot" → "pilot"[32m 0[2mms[22m[39m
 [32m✓[39m src/__tests__/billing/plans.test.ts[2m > [22mresolvePlanDbName[2m > [22mrésout "Solo" → "solo"[32m 0[2mms[22m[39m
 [32m✓[39m src/__tests__/billing/plans.test.ts[2m > [22mresolvePlanDbName[2m > [22mrésout "Cabinet" → "cabinet"[32m 6[2mms[22m[39m
 [32m✓[39m src/__tests__/billing/plans.test.ts[2m > [22mresolvePlanDbName[2m > [22mrésout "Enterprise" → "enterprise"[32m 0[2mms[22m[39m
 [32m✓[39m src/__tests__/billing/plans.test.ts[2m > [22mresolvePlanDbName[2m > [22mrésout "" → "solo"[32m 0[2mms[22m[39m
 [32m✓[39m src/__tests__/billing/plans.test.ts[2m > [22mresolvePlanDbName[2m > [22mrésout "UNKNOWN" → "solo"[32m 0[2mms[22m[39m
 [32m✓[39m src/__tests__/billing/plans.test.ts[2m > [22mPlan prices[2m > [22mretourne les prix mensuels corrects[32m 1[2mms[22m[39m
 [32m✓[39m src/__tests__/billing/plans.test.ts[2m > [22mPlan prices[2m > [22mconvertit en centimes Stripe[32m 16[2mms[22m[39m
 [32m✓[39m src/__tests__/billing/plans.test.ts[2m > [22mStripe price helpers[2m > [22mfournit un fallback priceId si env non configurée[32m 1[2mms[22m[39m
[90mstdout[2m | src/__tests__/lib/notifications.test.ts
[22m[39m◇ injected env (9) from .env.test // tip: ⌘ enable debugging { debug: true }

[90mstdout[2m | src/__tests__/utils/object-utils.test.ts
[22m[39m◇ injected env (9) from .env.test // tip: ⌘ enable debugging { debug: true }

 [32m✓[39m src/__tests__/lib/notifications.test.ts[2m > [22mNotification System[2m > [22mNotification Types[2m > [22mdevrait avoir 6 types de notification[32m 14[2mms[22m[39m
 [32m✓[39m src/__tests__/lib/notifications.test.ts[2m > [22mNotification System[2m > [22mNotification Types[2m > [22mdevrait inclure email[32m 16[2mms[22m[39m
 [32m✓[39m src/__tests__/lib/notifications.test.ts[2m > [22mNotification System[2m > [22mNotification Types[2m > [22mdevrait inclure workflow[32m 1[2mms[22m[39m
 [32m✓[39m src/__tests__/lib/notifications.test.ts[2m > [22mNotification System[2m > [22mNotification Types[2m > [22mdevrait inclure system[32m 1[2mms[22m[39m
 [32m✓[39m src/__tests__/lib/notifications.test.ts[2m > [22mNotification System[2m > [22mNotification Priority[2m > [22mdevrait avoir 4 niveaux de priorité[32m 6[2mms[22m[39m
 [32m✓[39m src/__tests__/lib/notifications.test.ts[2m > [22mNotification System[2m > [22mNotification Priority[2m > [22mdevrait avoir low comme priorité minimum[32m 1[2mms[22m[39m
 [32m✓[39m src/__tests__/lib/notifications.test.ts[2m > [22mNotification System[2m > [22mNotification Priority[2m > [22mdevrait avoir urgent comme priorité maximum[32m 1[2mms[22m[39m
 [32m✓[39m src/__tests__/lib/notifications.test.ts[2m > [22mNotification System[2m > [22mNotification Creation[2m > [22mdevrait valider les paramètres requis[32m 1[2mms[22m[39m
 [32m✓[39m src/__tests__/lib/notifications.test.ts[2m > [22mNotification System[2m > [22mNotification Creation[2m > [22mdevrait rejeter sans userId[32m 1[2mms[22m[39m
 [32m✓[39m src/__tests__/lib/notifications.test.ts[2m > [22mNotification System[2m > [22mNotification Creation[2m > [22mdevrait avoir normal comme priorité par défaut[32m 2[2mms[22m[39m
 [32m✓[39m src/__tests__/lib/notifications.test.ts[2m > [22mNotification System[2m > [22mNotification Filtering[2m > [22mdevrait filtrer par userId[32m 2[2mms[22m[39m
[90mstdout[2m | src/__tests__/lib/billing/cost-guard.real.test.ts
[22m[39m◇ injected env (9) from .env.test // tip: ⌘ enable debugging { debug: true }

 [32m✓[39m src/__tests__/lib/notifications.test.ts[2m > [22mNotification System[2m > [22mNotification Filtering[2m > [22mdevrait filtrer les non-lues[32m 1[2mms[22m[39m
 [32m✓[39m src/__tests__/lib/notifications.test.ts[2m > [22mNotification System[2m > [22mNotification Filtering[2m > [22mdevrait filtrer par type[32m 1[2mms[22m[39m
 [32m✓[39m src/__tests__/lib/notifications.test.ts[2m > [22mNotification System[2m > [22mMark as Read[2m > [22mdevrait marquer une notification comme lue[32m 2[2mms[22m[39m
 [32m✓[39m src/__tests__/lib/notifications.test.ts[2m > [22mNotification System[2m > [22mUnread Count[2m > [22mdevrait compter correctement les non-lues[32m 1[2mms[22m[39m
 [32m✓[39m src/__tests__/lib/notifications.test.ts[2m > [22mNotification System[2m > [22mUnread Count[2m > [22mdevrait retourner 0 si tout lu[32m 1[2mms[22m[39m
 [32m✓[39m src/__tests__/lib/notifications.test.ts[2m > [22mNotification System[2m > [22mCleanup Old Notifications[2m > [22mdevrait identifier les notifications anciennes[32m 1[2mms[22m[39m
 [32m✓[39m src/__tests__/lib/notifications.test.ts[2m > [22mNotification System[2m > [22mCleanup Old Notifications[2m > [22mdevrait garder les notifications récentes[32m 1[2mms[22m[39m
 [32m✓[39m src/__tests__/lib/notifications.test.ts[2m > [22mNotification System[2m > [22mSSE Client Management[2m > [22mdevrait enregistrer un client[32m 3[2mms[22m[39m
 [32m✓[39m src/__tests__/lib/notifications.test.ts[2m > [22mNotification System[2m > [22mSSE Client Management[2m > [22mdevrait supporter plusieurs clients par utilisateur[32m 5[2mms[22m[39m
 [32m✓[39m src/__tests__/lib/notifications.test.ts[2m > [22mNotification System[2m > [22mSSE Client Management[2m > [22mdevrait désenregistrer un client[32m 1[2mms[22m[39m
 [32m✓[39m src/__tests__/lib/notifications.test.ts[2m > [22mNotification System[2m > [22mNotification Data Serialization[2m > [22mdevrait sérialiser les données en JSON[32m 1[2mms[22m[39m
 [32m✓[39m src/__tests__/lib/notifications.test.ts[2m > [22mNotification System[2m > [22mNotification Data Serialization[2m > [22mdevrait désérialiser les données JSON[32m 1[2mms[22m[39m
 [32m✓[39m src/__tests__/lib/notifications.test.ts[2m > [22mNotification System[2m > [22mNotification Data Serialization[2m > [22mdevrait gérer null pour data[32m 5[2mms[22m[39m
 [32m✓[39m src/__tests__/lib/notifications.test.ts[2m > [22mNotification Pagination[2m > [22mdevrait retourner les premiers 50 par défaut[32m 1[2mms[22m[39m
 [32m✓[39m src/__tests__/lib/notifications.test.ts[2m > [22mNotification Pagination[2m > [22mdevrait supporter l'offset[32m 1[2mms[22m[39m
 [32m✓[39m src/__tests__/lib/notifications.test.ts[2m > [22mNotification Pagination[2m > [22mdevrait gérer la dernière page partielle[32m 7[2mms[22m[39m
 [32m✓[39m src/__tests__/utils/object-utils.test.ts[2m > [22mObject Utils[2m > [22mDeep Clone[2m > [22mdevrait créer une copie indépendante[32m 19[2mms[22m[39m
 [32m✓[39m src/__tests__/utils/object-utils.test.ts[2m > [22mObject Utils[2m > [22mDeep Clone[2m > [22mdevrait cloner les tableaux[32m 13[2mms[22m[39m
 [32m✓[39m src/__tests__/utils/object-utils.test.ts[2m > [22mObject Utils[2m > [22mDeep Clone[2m > [22mdevrait gérer null[32m 2[2mms[22m[39m
 [32m✓[39m src/__tests__/utils/object-utils.test.ts[2m > [22mObject Utils[2m > [22mShallow Merge[2m > [22mdevrait fusionner les propriétés[32m 1[2mms[22m[39m
 [32m✓[39m src/__tests__/utils/object-utils.test.ts[2m > [22mObject Utils[2m > [22mShallow Merge[2m > [22mdevrait ne pas modifier l'original[32m 6[2mms[22m[39m
 [32m✓[39m src/__tests__/utils/object-utils.test.ts[2m > [22mObject Utils[2m > [22mDeep Merge[2m > [22mdevrait fusionner les objets imbriqués[32m 1[2mms[22m[39m
 [32m✓[39m src/__tests__/utils/object-utils.test.ts[2m > [22mObject Utils[2m > [22mPick Properties[2m > [22mdevrait sélectionner les propriétés spécifiées[32m 1[2mms[22m[39m
 [32m✓[39m src/__tests__/utils/object-utils.test.ts[2m > [22mObject Utils[2m > [22mPick Properties[2m > [22mdevrait ignorer les clés inexistantes[32m 11[2mms[22m[39m
 [32m✓[39m src/__tests__/utils/object-utils.test.ts[2m > [22mObject Utils[2m > [22mOmit Properties[2m > [22mdevrait exclure les propriétés spécifiées[32m 1[2mms[22m[39m
 [32m✓[39m src/__tests__/utils/object-utils.test.ts[2m > [22mObject Utils[2m > [22mGet Nested Value[2m > [22mdevrait accéder aux propriétés imbriquées[32m 1[2mms[22m[39m
 [32m✓[39m src/__tests__/utils/object-utils.test.ts[2m > [22mObject Utils[2m > [22mGet Nested Value[2m > [22mdevrait retourner la valeur par défaut si non trouvé[32m 1[2mms[22m[39m
 [32m✓[39m src/__tests__/utils/object-utils.test.ts[2m > [22mObject Utils[2m > [22mGet Nested Value[2m > [22mdevrait gérer undefined[32m 1[2mms[22m[39m
 [32m✓[39m src/__tests__/utils/object-utils.test.ts[2m > [22mObject Utils[2m > [22mSet Nested Value[2m > [22mdevrait définir une propriété imbriquée[32m 1[2mms[22m[39m
 [32m✓[39m src/__tests__/utils/object-utils.test.ts[2m > [22mObject Utils[2m > [22mSet Nested Value[2m > [22mdevrait créer le chemin si nécessaire[32m 1[2mms[22m[39m
 [32m✓[39m src/__tests__/utils/object-utils.test.ts[2m > [22mObject Utils[2m > [22mHas Property[2m > [22mdevrait détecter une propriété existante[32m 1[2mms[22m[39m
 [32m✓[39m src/__tests__/utils/object-utils.test.ts[2m > [22mObject Utils[2m > [22mHas Property[2m > [22mdevrait retourner false pour propriété inexistante[32m 1[2mms[22m[39m
 [32m✓[39m src/__tests__/utils/object-utils.test.ts[2m > [22mObject Utils[2m > [22mObject Keys/Values/Entries[2m > [22mdevrait retourner les clés[32m 1[2mms[22m[39m
 [32m✓[39m src/__tests__/utils/object-utils.test.ts[2m > [22mObject Utils[2m > [22mObject Keys/Values/Entries[2m > [22mdevrait retourner les valeurs[32m 1[2mms[22m[39m
 [32m✓[39m src/__tests__/utils/object-utils.test.ts[2m > [22mObject Utils[2m > [22mObject Keys/Values/Entries[2m > [22mdevrait retourner les entrées[32m 31[2mms[22m[39m
 [32m✓[39m src/__tests__/utils/object-utils.test.ts[2m > [22mObject Utils[2m > [22mIs Empty Object[2m > [22mdevrait détecter un objet vide[32m 3[2mms[22m[39m
 [32m✓[39m src/__tests__/utils/object-utils.test.ts[2m > [22mObject Utils[2m > [22mIs Empty Object[2m > [22mdevrait détecter un objet non vide[32m 1[2mms[22m[39m
 [32m✓[39m src/__tests__/utils/object-utils.test.ts[2m > [22mObject Utils[2m > [22mObject From Entries[2m > [22mdevrait créer un objet depuis les entrées[32m 1[2mms[22m[39m
 [32m✓[39m src/__tests__/utils/object-utils.test.ts[2m > [22mObject Utils[2m > [22mInvert Object[2m > [22mdevrait inverser clés et valeurs[32m 1[2mms[22m[39m
 [32m✓[39m src/__tests__/utils/object-utils.test.ts[2m > [22mObject Utils[2m > [22mMap Object Values[2m > [22mdevrait transformer les valeurs[32m 1[2mms[22m[39m
 [32m✓[39m src/__tests__/utils/object-utils.test.ts[2m > [22mObject Utils[2m > [22mFilter Object[2m > [22mdevrait filtrer les propriétés[32m 11[2mms[22m[39m
 [32m✓[39m src/__tests__/utils/object-utils.test.ts[2m > [22mObject Utils[2m > [22mCompare Objects[2m > [22mdevrait détecter des objets égaux[32m 1[2mms[22m[39m
 [32m✓[39m src/__tests__/utils/object-utils.test.ts[2m > [22mObject Utils[2m > [22mCompare Objects[2m > [22mdevrait détecter des objets différents[32m 2[2mms[22m[39m
 [32m✓[39m src/__tests__/utils/object-utils.test.ts[2m > [22mObject Utils[2m > [22mCompare Objects[2m > [22mdevrait comparer les objets imbriqués[32m 1[2mms[22m[39m
 [32m✓[39m src/__tests__/utils/object-utils.test.ts[2m > [22mObject Utils[2m > [22mFlatten Object[2m > [22mdevrait aplatir les objets imbriqués[32m 2[2mms[22m[39m
 [32m✓[39m src/__tests__/utils/object-utils.test.ts[2m > [22mObject Utils[2m > [22mFlatten Object[2m > [22mdevrait garder les tableaux intacts[32m 1[2mms[22m[39m
 [32m✓[39m src/__tests__/utils/object-utils.test.ts[2m > [22mObject Utils[2m > [22mUnflatten Object[2m > [22mdevrait reconstruire les objets imbriqués[32m 13[2mms[22m[39m
 [32m✓[39m src/__tests__/utils/object-utils.test.ts[2m > [22mObject Utils[2m > [22mDefaults[2m > [22mdevrait appliquer les valeurs par défaut[32m 1[2mms[22m[39m
 [32m✓[39m src/__tests__/lib/billing/cost-guard.real.test.ts[2m > [22mcost-guard - REAL TESTS[2m > [22mAI_COSTS[2m > [22mshould define cloudflare costs[32m 16[2mms[22m[39m
 [32m✓[39m src/__tests__/lib/billing/cost-guard.real.test.ts[2m > [22mcost-guard - REAL TESTS[2m > [22mAI_COSTS[2m > [22mshould define ollama costs as free[32m 9[2mms[22m[39m
 [32m✓[39m src/__tests__/lib/billing/cost-guard.real.test.ts[2m > [22mcost-guard - REAL TESTS[2m > [22mAI_COSTS[2m > [22mshould have cloudflare token cost around 0.01 EUR[32m 6[2mms[22m[39m
 [32m✓[39m src/__tests__/lib/billing/cost-guard.real.test.ts[2m > [22mcost-guard - REAL TESTS[2m > [22mMONTHLY_COST_LIMITS[2m > [22mshould define SOLO plan limit[32m 1[2mms[22m[39m
 [32m✓[39m src/__tests__/lib/billing/cost-guard.real.test.ts[2m > [22mcost-guard - REAL TESTS[2m > [22mMONTHLY_COST_LIMITS[2m > [22mshould define CABINET plan limit higher than SOLO[32m 1[2mms[22m[39m
 [32m✓[39m src/__tests__/lib/billing/cost-guard.real.test.ts[2m > [22mcost-guard - REAL TESTS[2m > [22mMONTHLY_COST_LIMITS[2m > [22mshould define ENTERPRISE plan limit highest[32m 11[2mms[22m[39m
 [32m✓[39m src/__tests__/lib/billing/cost-guard.real.test.ts[2m > [22mcost-guard - REAL TESTS[2m > [22mMONTHLY_COST_LIMITS[2m > [22mshould have BASIC and PREMIUM plans[32m 2[2mms[22m[39m
 [32m✓[39m src/__tests__/lib/billing/cost-guard.real.test.ts[2m > [22mcost-guard - REAL TESTS[2m > [22mMONTHLY_COST_LIMITS[2m > [22mshould have starter and pro plans[32m 1[2mms[22m[39m
 [32m✓[39m src/__tests__/lib/billing/cost-guard.real.test.ts[2m > [22mcost-guard - REAL TESTS[2m > [22mMONTHLY_COST_LIMITS[2m > [22mshould have enterprise and DEFAULT plans[32m 1[2mms[22m[39m
 [32m✓[39m src/__tests__/lib/billing/cost-guard.real.test.ts[2m > [22mcost-guard - REAL TESTS[2m > [22mMONTHLY_COST_LIMITS[2m > [22mshould have FREE plan with minimal budget[32m 1[2mms[22m[39m
 [32m✓[39m src/__tests__/lib/billing/cost-guard.real.test.ts[2m > [22mcost-guard - REAL TESTS[2m > [22mMONTHLY_COST_LIMITS[2m > [22mshould have all limits as positive numbers[32m 2[2mms[22m[39m
 [32m✓[39m src/__tests__/lib/billing/cost-guard.real.test.ts[2m > [22mcost-guard - REAL TESTS[2m > [22mMONTHLY_COST_LIMITS[2m > [22mshould have plan hierarchy: FREE < starter < BASIC < PREMIUM < ENTERPRISE[32m 1[2mms[22m[39m
 [32m✓[39m src/__tests__/lib/billing/cost-guard.real.test.ts[2m > [22mcost-guard - REAL TESTS[2m > [22mCOST_ALERT_THRESHOLDS[2m > [22mshould define WARNING threshold[32m 2[2mms[22m[39m
 [32m✓[39m src/__tests__/lib/billing/cost-guard.real.test.ts[2m > [22mcost-guard - REAL TESTS[2m > [22mCOST_ALERT_THRESHOLDS[2m > [22mshould define CRITICAL threshold[32m 1[2mms[22m[39m
 [32m✓[39m src/__tests__/lib/billing/cost-guard.real.test.ts[2m > [22mcost-guard - REAL TESTS[2m > [22mCOST_ALERT_THRESHOLDS[2m > [22mshould define BLOCKED threshold[32m 1[2mms[22m[39m
 [32m✓[39m src/__tests__/lib/billing/cost-guard.real.test.ts[2m > [22mcost-guard - REAL TESTS[2m > [22mCOST_ALERT_THRESHOLDS[2m > [22mshould have thresholds in ascending order[32m 2[2mms[22m[39m
 [32m✓[39m src/__tests__/lib/billing/cost-guard.real.test.ts[2m > [22mcost-guard - REAL TESTS[2m > [22mCOST_ALERT_THRESHOLDS[2m > [22mshould have WARNING at 70%[32m 2[2mms[22m[39m
 [32m✓[39m src/__tests__/lib/billing/cost-guard.real.test.ts[2m > [22mcost-guard - REAL TESTS[2m > [22mCOST_ALERT_THRESHOLDS[2m > [22mshould have CRITICAL at 90%[32m 0[2mms[22m[39m
 [32m✓[39m src/__tests__/lib/billing/cost-guard.real.test.ts[2m > [22mcost-guard - REAL TESTS[2m > [22mCOST_ALERT_THRESHOLDS[2m > [22mshould have BLOCKED at 100%[32m 0[2mms[22m[39m
 [32m✓[39m src/__tests__/lib/billing/cost-guard.real.test.ts[2m > [22mcost-guard - REAL TESTS[2m > [22mCost calculations[2m > [22mshould calculate Cloudflare cost for 1000 tokens[32m 1[2mms[22m[39m
 [32m✓[39m src/__tests__/lib/billing/cost-guard.real.test.ts[2m > [22mcost-guard - REAL TESTS[2m > [22mCost calculations[2m > [22mshould calculate zero cost for Ollama regardless of tokens[32m 0[2mms[22m[39m
 [32m✓[39m src/__tests__/lib/billing/cost-guard.real.test.ts[2m > [22mcost-guard - REAL TESTS[2m > [22mCost calculations[2m > [22mshould show Ollama is 100% cheaper than Cloudflare[32m 0[2mms[22m[39m
 [32m✓[39m src/__tests__/lib/billing/cost-guard.real.test.ts[2m > [22mcost-guard - REAL TESTS[2m > [22mBudget validation scenarios[2m > [22mshould identify 70% usage as WARNING[32m 0[2mms[22m[39m
 [32m✓[39m src/__tests__/lib/billing/cost-guard.real.test.ts[2m > [22mcost-guard - REAL TESTS[2m > [22mBudget validation scenarios[2m > [22mshould identify 90% usage as CRITICAL[32m 0[2mms[22m[39m
 [32m✓[39m src/__tests__/lib/billing/cost-guard.real.test.ts[2m > [22mcost-guard - REAL TESTS[2m > [22mBudget validation scenarios[2m > [22mshould identify 100% usage as BLOCKED[32m 0[2mms[22m[39m
 [32m✓[39m src/__tests__/lib/billing/cost-guard.real.test.ts[2m > [22mcost-guard - REAL TESTS[2m > [22mBudget validation scenarios[2m > [22mshould calculate days remaining if under budget[32m 0[2mms[22m[39m
[90mstdout[2m | src/__tests__/services/analyticsService.coverage.test.ts
[22m[39m◇ injected env (9) from .env.test // tip: ⌘ suppress logs { quiet: true }

[90mstdout[2m | src/__tests__/lib/prisma/prisma.test.ts
[22m[39m◇ injected env (9) from .env.test // tip: ⌘ suppress logs { quiet: true }

[90mstdout[2m | src/__tests__/rgpd-compliance.test.ts
[22m[39m◇ injected env (9) from .env.test // tip: ⌘ custom filepath { path: '/custom/path/.env' }

 [32m✓[39m src/__tests__/rgpd-compliance.test.ts[2m > [22mRGPD Compliance[2m > [22mPersonal Data Detection[2m > [22mdétecte un email comme donnée personnelle[32m 9[2mms[22m[39m
 [32m✓[39m src/__tests__/rgpd-compliance.test.ts[2m > [22mRGPD Compliance[2m > [22mPersonal Data Detection[2m > [22mdétecte un numéro de téléphone français comme donnée sensible[32m 1[2mms[22m[39m
 [32m✓[39m src/__tests__/rgpd-compliance.test.ts[2m > [22mRGPD Compliance[2m > [22mPersonal Data Detection[2m > [22mretourne found=false pour un texte sans données personnelles[32m 1[2mms[22m[39m
 [32m✓[39m src/__tests__/rgpd-compliance.test.ts[2m > [22mRGPD Compliance[2m > [22mAnonymization[2m > [22manonymise un email dans un texte[32m 2[2mms[22m[39m
 [32m✓[39m src/__tests__/rgpd-compliance.test.ts[2m > [22mRGPD Compliance[2m > [22mAnonymization[2m > [22mrespecte le délai de rétention RGPD (3 ans)[32m 2[2mms[22m[39m
 [32m✓[39m src/__tests__/rgpd-compliance.test.ts[2m > [22mRGPD Compliance[2m > [22mAudit Trail[2m > [22mcrée un audit log avec le bon type GDPR_ACCESS[32m 2[2mms[22m[39m
 [32m✓[39m src/__tests__/rgpd-compliance.test.ts[2m > [22mRGPD Compliance[2m > [22mAudit Trail[2m > [22mhorodate le log au moment de sa création[32m 1[2mms[22m[39m
 [32m✓[39m src/__tests__/services/analyticsService.coverage.test.ts[2m > [22manalyticsService.ts — Full Coverage[2m > [22mpredictRevenue[2m > [22mshould return zeros for insufficient data[32m 7[2mms[22m[39m
 [32m✓[39m src/__tests__/services/analyticsService.coverage.test.ts[2m > [22manalyticsService.ts — Full Coverage[2m > [22mpredictRevenue[2m > [22mshould return zeros for empty data[32m 1[2mms[22m[39m
 [32m✓[39m src/__tests__/services/analyticsService.coverage.test.ts[2m > [22manalyticsService.ts — Full Coverage[2m > [22mpredictRevenue[2m > [22mshould predict upward trend[32m 3[2mms[22m[39m
 [32m✓[39m src/__tests__/services/analyticsService.coverage.test.ts[2m > [22manalyticsService.ts — Full Coverage[2m > [22mpredictRevenue[2m > [22mshould predict downward trend[32m 7[2mms[22m[39m
 [32m✓[39m src/__tests__/services/analyticsService.coverage.test.ts[2m > [22manalyticsService.ts — Full Coverage[2m > [22mpredictRevenue[2m > [22mshould predict stable trend[32m 7[2mms[22m[39m
 [32m✓[39m src/__tests__/services/analyticsService.coverage.test.ts[2m > [22manalyticsService.ts — Full Coverage[2m > [22mpredictRevenue[2m > [22mshould not predict negative values[32m 1[2mms[22m[39m
 [32m✓[39m src/__tests__/services/analyticsService.coverage.test.ts[2m > [22manalyticsService.ts — Full Coverage[2m > [22manalyzeRecoveryRate[2m > [22mshould calculate rate for paid factures[32m 2[2mms[22m[39m
 [32m✓[39m src/__tests__/services/analyticsService.coverage.test.ts[2m > [22manalyticsService.ts — Full Coverage[2m > [22manalyzeRecoveryRate[2m > [22mshould handle empty factures[32m 2[2mms[22m[39m
 [32m✓[39m src/__tests__/services/analyticsService.coverage.test.ts[2m > [22manalyticsService.ts — Full Coverage[2m > [22manalyzeRecoveryRate[2m > [22mshould identify risk factors for low rate[32m 5[2mms[22m[39m
 [32m✓[39m src/__tests__/services/analyticsService.coverage.test.ts[2m > [22manalyticsService.ts — Full Coverage[2m > [22manalyzeRecoveryRate[2m > [22mshould identify long payment delay risk[32m 1[2mms[22m[39m
 [32m✓[39m src/__tests__/services/analyticsService.coverage.test.ts[2m > [22manalyticsService.ts — Full Coverage[2m > [22manalyzeRecoveryRate[2m > [22mshould exclude BROUILLON from total[32m 3[2mms[22m[39m
 [32m✓[39m src/__tests__/services/analyticsService.coverage.test.ts[2m > [22manalyticsService.ts — Full Coverage[2m > [22manalyzeDossierProfitability[2m > [22mshould analyze profitability by type[32m 4[2mms[22m[39m
 [32m✓[39m src/__tests__/services/analyticsService.coverage.test.ts[2m > [22manalyticsService.ts — Full Coverage[2m > [22manalyzeDossierProfitability[2m > [22mshould handle dossiers without montantFacture[32m 1[2mms[22m[39m
 [32m✓[39m src/__tests__/services/analyticsService.coverage.test.ts[2m > [22manalyticsService.ts — Full Coverage[2m > [22manalyzeDossierProfitability[2m > [22mshould sort by profitability descending[32m 1[2mms[22m[39m
 [32m✓[39m src/__tests__/services/analyticsService.coverage.test.ts[2m > [22manalyticsService.ts — Full Coverage[2m > [22manalyzeDossierProfitability[2m > [22mshould generate appropriate recommendations[32m 3[2mms[22m[39m
 [32m✓[39m src/__tests__/services/analyticsService.coverage.test.ts[2m > [22manalyticsService.ts — Full Coverage[2m > [22manalyzeDossierProfitability[2m > [22mshould use default hourly rate when not provided[32m 2[2mms[22m[39m
 [32m✓[39m src/__tests__/services/analyticsService.coverage.test.ts[2m > [22manalyticsService.ts — Full Coverage[2m > [22mpredictNewClients[2m > [22mshould return default for insufficient data[32m 1[2mms[22m[39m
 [32m✓[39m src/__tests__/services/analyticsService.coverage.test.ts[2m > [22manalyticsService.ts — Full Coverage[2m > [22mpredictNewClients[2m > [22mshould predict growing clients[32m 1[2mms[22m[39m
 [32m✓[39m src/__tests__/services/analyticsService.coverage.test.ts[2m > [22manalyticsService.ts — Full Coverage[2m > [22mpredictNewClients[2m > [22mshould handle decreasing trend[32m 1[2mms[22m[39m
 [32m✓[39m src/__tests__/services/analyticsService.coverage.test.ts[2m > [22manalyticsService.ts — Full Coverage[2m > [22mcalculateFinancialHealthScore[2m > [22mshould return grade A for excellent metrics[32m 3[2mms[22m[39m
 [32m✓[39m src/__tests__/services/analyticsService.coverage.test.ts[2m > [22manalyticsService.ts — Full Coverage[2m > [22mcalculateFinancialHealthScore[2m > [22mshould return grade F for poor metrics[32m 1[2mms[22m[39m
 [32m✓[39m src/__tests__/services/analyticsService.coverage.test.ts[2m > [22manalyticsService.ts — Full Coverage[2m > [22mcalculateFinancialHealthScore[2m > [22mshould return grade B[32m 1[2mms[22m[39m
 [32m✓[39m src/__tests__/services/analyticsService.coverage.test.ts[2m > [22manalyticsService.ts — Full Coverage[2m > [22mcalculateFinancialHealthScore[2m > [22mshould return grade C[32m 2[2mms[22m[39m
 [32m✓[39m src/__tests__/services/analyticsService.coverage.test.ts[2m > [22manalyticsService.ts — Full Coverage[2m > [22mcalculateFinancialHealthScore[2m > [22mshould identify specific strengths and weaknesses[32m 4[2mms[22m[39m
 [32m✓[39m src/__tests__/services/analyticsService.coverage.test.ts[2m > [22manalyticsService.ts — Full Coverage[2m > [22mcalculateFinancialHealthScore[2m > [22mshould handle moderate metrics (grade D)[32m 1[2mms[22m[39m
 [32m✓[39m src/__tests__/lib/prisma/prisma.test.ts[2m > [22mPrisma Module[2m > [22mprisma client[2m > [22mshould export prisma client[32m 15[2mms[22m[39m
 [32m✓[39m src/__tests__/lib/prisma/prisma.test.ts[2m > [22mPrisma Module[2m > [22mprisma client[2m > [22mshould be singleton in production[32m 2[2mms[22m[39m
 [32m✓[39m src/__tests__/lib/prisma/prisma.test.ts[2m > [22mPrisma Module[2m > [22mdatabase helpers[2m > [22mshould have disconnect method[32m 4[2mms[22m[39m
 [32m✓[39m src/__tests__/lib/prisma/prisma.test.ts[2m > [22mPrisma Module[2m > [22mdatabase helpers[2m > [22mshould have connect method[32m 1[2mms[22m[39m
 [32m✓[39m src/__tests__/lib/prisma/prisma.test.ts[2m > [22mQuery Helpers[2m > [22mpagination helpers[2m > [22mshould calculate take and skip[32m 9[2mms[22m[39m
 [32m✓[39m src/__tests__/lib/prisma/prisma.test.ts[2m > [22mQuery Helpers[2m > [22morderBy helpers[2m > [22mshould parse sort parameter[32m 1[2mms[22m[39m
 [32m✓[39m src/__tests__/lib/prisma/prisma.test.ts[2m > [22mQuery Helpers[2m > [22mwhere helpers[2m > [22mshould build search conditions[32m 1[2mms[22m[39m
 [32m✓[39m src/__tests__/lib/prisma/prisma.test.ts[2m > [22mQuery Helpers[2m > [22mwhere helpers[2m > [22mshould handle tenant filtering[32m 1[2mms[22m[39m
 [32m✓[39m src/__tests__/lib/prisma/prisma.test.ts[2m > [22mQuery Helpers[2m > [22minclude helpers[2m > [22mshould build include relations[32m 3[2mms[22m[39m
 [32m✓[39m src/__tests__/lib/prisma/prisma.test.ts[2m > [22mQuery Helpers[2m > [22mtransaction helpers[2m > [22mshould create transaction structure[32m 1[2mms[22m[39m
 [32m✓[39m src/__tests__/lib/prisma/prisma.test.ts[2m > [22mModel Helpers[2m > [22msoft delete[2m > [22mshould add deletedAt field[32m 1[2mms[22m[39m
 [32m✓[39m src/__tests__/lib/prisma/prisma.test.ts[2m > [22mModel Helpers[2m > [22msoft delete[2m > [22mshould filter soft deleted[32m 1[2mms[22m[39m
 [32m✓[39m src/__tests__/lib/prisma/prisma.test.ts[2m > [22mModel Helpers[2m > [22mtimestamps[2m > [22mshould add createdAt and updatedAt[32m 1[2mms[22m[39m
 [32m✓[39m src/__tests__/lib/prisma/prisma.test.ts[2m > [22mModel Helpers[2m > [22mtimestamps[2m > [22mshould update updatedAt only[32m 3[2mms[22m[39m
 [32m✓[39m src/__tests__/lib/prisma/prisma.test.ts[2m > [22mModel Helpers[2m > [22mID generation[2m > [22mshould generate unique IDs[32m 3[2mms[22m[39m
[90mstdout[2m | src/__tests__/utils/phone-utils.test.ts
[22m[39m◇ injected env (9) from .env.test // tip: ⌘ enable debugging { debug: true }

[90mstdout[2m | src/__tests__/middleware.test.ts
[22m[39m◇ injected env (9) from .env.test // tip: ⌘ suppress logs { quiet: true }

 [32m✓[39m src/__tests__/utils/phone-utils.test.ts[2m > [22mPhone Validation Utils[2m > [22mFrench Phone Number Validation[2m > [22mdevrait valider un numéro mobile[32m 5[2mms[22m[39m
 [32m✓[39m src/__tests__/utils/phone-utils.test.ts[2m > [22mPhone Validation Utils[2m > [22mFrench Phone Number Validation[2m > [22mdevrait valider un numéro fixe[32m 2[2mms[22m[39m
 [32m✓[39m src/__tests__/utils/phone-utils.test.ts[2m > [22mPhone Validation Utils[2m > [22mFrench Phone Number Validation[2m > [22mdevrait valider avec espaces[32m 1[2mms[22m[39m
 [32m✓[39m src/__tests__/utils/phone-utils.test.ts[2m > [22mPhone Validation Utils[2m > [22mFrench Phone Number Validation[2m > [22mdevrait valider avec points[32m 2[2mms[22m[39m
 [32m✓[39m src/__tests__/utils/phone-utils.test.ts[2m > [22mPhone Validation Utils[2m > [22mFrench Phone Number Validation[2m > [22mdevrait valider avec tirets[32m 1[2mms[22m[39m
 [32m✓[39m src/__tests__/utils/phone-utils.test.ts[2m > [22mPhone Validation Utils[2m > [22mFrench Phone Number Validation[2m > [22mdevrait valider format +33[32m 1[2mms[22m[39m
 [32m✓[39m src/__tests__/utils/phone-utils.test.ts[2m > [22mPhone Validation Utils[2m > [22mFrench Phone Number Validation[2m > [22mdevrait rejeter numéro trop court[32m 3[2mms[22m[39m
 [32m✓[39m src/__tests__/utils/phone-utils.test.ts[2m > [22mPhone Validation Utils[2m > [22mFrench Phone Number Validation[2m > [22mdevrait rejeter numéro trop long[32m 3[2mms[22m[39m
 [32m✓[39m src/__tests__/utils/phone-utils.test.ts[2m > [22mPhone Validation Utils[2m > [22mFrench Phone Number Validation[2m > [22mdevrait rejeter numéro commençant par 00[32m 1[2mms[22m[39m
 [32m✓[39m src/__tests__/utils/phone-utils.test.ts[2m > [22mPhone Validation Utils[2m > [22mInternational Phone Validation[2m > [22mdevrait valider un numéro US[32m 1[2mms[22m[39m
 [32m✓[39m src/__tests__/utils/phone-utils.test.ts[2m > [22mPhone Validation Utils[2m > [22mInternational Phone Validation[2m > [22mdevrait valider un numéro FR[32m 1[2mms[22m[39m
 [32m✓[39m src/__tests__/utils/phone-utils.test.ts[2m > [22mPhone Validation Utils[2m > [22mInternational Phone Validation[2m > [22mdevrait valider un numéro UK[32m 1[2mms[22m[39m
 [32m✓[39m src/__tests__/utils/phone-utils.test.ts[2m > [22mPhone Validation Utils[2m > [22mInternational Phone Validation[2m > [22mdevrait rejeter sans +[32m 0[2mms[22m[39m
 [32m✓[39m src/__tests__/utils/phone-utils.test.ts[2m > [22mPhone Validation Utils[2m > [22mInternational Phone Validation[2m > [22mdevrait rejeter trop court[32m 0[2mms[22m[39m
 [32m✓[39m src/__tests__/utils/phone-utils.test.ts[2m > [22mPhone Validation Utils[2m > [22mPhone Type Detection[2m > [22mdevrait détecter un mobile 06[32m 1[2mms[22m[39m
 [32m✓[39m src/__tests__/utils/phone-utils.test.ts[2m > [22mPhone Validation Utils[2m > [22mPhone Type Detection[2m > [22mdevrait détecter un mobile 07[32m 1[2mms[22m[39m
 [32m✓[39m src/__tests__/utils/phone-utils.test.ts[2m > [22mPhone Validation Utils[2m > [22mPhone Type Detection[2m > [22mdevrait détecter un fixe Paris[32m 4[2mms[22m[39m
 [32m✓[39m src/__tests__/utils/phone-utils.test.ts[2m > [22mPhone Validation Utils[2m > [22mPhone Type Detection[2m > [22mdevrait détecter un fixe Province[32m 1[2mms[22m[39m
 [32m✓[39m src/__tests__/utils/phone-utils.test.ts[2m > [22mPhone Validation Utils[2m > [22mPhone Type Detection[2m > [22mdevrait détecter un mobile +33[32m 0[2mms[22m[39m
 [32m✓[39m src/__tests__/utils/phone-utils.test.ts[2m > [22mPhone Validation Utils[2m > [22mPhone Formatting[2m > [22mdevrait formater avec espaces[32m 1[2mms[22m[39m
 [32m✓[39m src/__tests__/utils/phone-utils.test.ts[2m > [22mPhone Validation Utils[2m > [22mPhone Formatting[2m > [22mdevrait formater depuis +33[32m 1[2mms[22m[39m
 [32m✓[39m src/__tests__/utils/phone-utils.test.ts[2m > [22mPhone Validation Utils[2m > [22mPhone Formatting[2m > [22mdevrait gérer un format déjà formaté[32m 3[2mms[22m[39m
 [32m✓[39m src/__tests__/utils/phone-utils.test.ts[2m > [22mPhone Validation Utils[2m > [22mPhone Formatting[2m > [22mdevrait retourner tel quel si invalide[32m 1[2mms[22m[39m
 [32m✓[39m src/__tests__/utils/phone-utils.test.ts[2m > [22mPhone Validation Utils[2m > [22mPhone to International Format[2m > [22mdevrait convertir 06 en +33[32m 2[2mms[22m[39m
 [32m✓[39m src/__tests__/utils/phone-utils.test.ts[2m > [22mPhone Validation Utils[2m > [22mPhone to International Format[2m > [22mdevrait garder un numéro déjà international[32m 1[2mms[22m[39m
 [32m✓[39m src/__tests__/utils/phone-utils.test.ts[2m > [22mPhone Validation Utils[2m > [22mPhone to International Format[2m > [22mdevrait utiliser le code pays fourni[32m 0[2mms[22m[39m
 [32m✓[39m src/__tests__/utils/phone-utils.test.ts[2m > [22mPhone Validation Utils[2m > [22mPhone Number Masking[2m > [22mdevrait masquer les premiers chiffres[32m 1[2mms[22m[39m
 [32m✓[39m src/__tests__/utils/phone-utils.test.ts[2m > [22mPhone Validation Utils[2m > [22mPhone Number Masking[2m > [22mdevrait garder les 4 derniers[32m 0[2mms[22m[39m
 [32m✓[39m src/__tests__/utils/phone-utils.test.ts[2m > [22mPhone Validation Utils[2m > [22mPhone Number Comparison[2m > [22mdevrait comparer des formats différents[32m 1[2mms[22m[39m
 [32m✓[39m src/__tests__/utils/phone-utils.test.ts[2m > [22mPhone Validation Utils[2m > [22mPhone Number Comparison[2m > [22mdevrait comparer national et international[32m 0[2mms[22m[39m
 [32m✓[39m src/__tests__/utils/phone-utils.test.ts[2m > [22mPhone Validation Utils[2m > [22mPhone Number Comparison[2m > [22mdevrait détecter des numéros différents[32m 0[2mms[22m[39m
 [32m✓[39m src/__tests__/utils/phone-utils.test.ts[2m > [22mPhone Validation Utils[2m > [22mPhone Validation Messages[2m > [22mdevrait retourner valide pour un bon numéro[32m 2[2mms[22m[39m
 [32m✓[39m src/__tests__/utils/phone-utils.test.ts[2m > [22mPhone Validation Utils[2m > [22mPhone Validation Messages[2m > [22mdevrait retourner message pour numéro vide[32m 0[2mms[22m[39m
 [32m✓[39m src/__tests__/utils/phone-utils.test.ts[2m > [22mPhone Validation Utils[2m > [22mPhone Validation Messages[2m > [22mdevrait retourner message pour numéro court[32m 0[2mms[22m[39m
 [32m✓[39m src/__tests__/utils/phone-utils.test.ts[2m > [22mPhone Validation Utils[2m > [22mCountry Code Extraction[2m > [22mdevrait extraire FR pour +33[32m 1[2mms[22m[39m
 [32m✓[39m src/__tests__/utils/phone-utils.test.ts[2m > [22mPhone Validation Utils[2m > [22mCountry Code Extraction[2m > [22mdevrait extraire US pour +1[32m 1[2mms[22m[39m
 [32m✓[39m src/__tests__/utils/phone-utils.test.ts[2m > [22mPhone Validation Utils[2m > [22mCountry Code Extraction[2m > [22mdevrait retourner null sans +[32m 0[2mms[22m[39m
 [32m✓[39m src/__tests__/utils/phone-utils.test.ts[2m > [22mPhone Validation Utils[2m > [22mSpecial Number Detection[2m > [22mdevrait détecter un numéro vert 0800[32m 1[2mms[22m[39m
 [32m✓[39m src/__tests__/utils/phone-utils.test.ts[2m > [22mPhone Validation Utils[2m > [22mSpecial Number Detection[2m > [22mdevrait accepter un numéro normal[32m 1[2mms[22m[39m
 [32m✓[39m src/__tests__/utils/phone-utils.test.ts[2m > [22mPhone Validation Utils[2m > [22mPhone List Validation[2m > [22mdevrait séparer les numéros valides et invalides[32m 12[2mms[22m[39m
[90mstdout[2m | src/__tests__/domain/email-classifier.test.ts
[22m[39m◇ injected env (9) from .env.test // tip: ⌘ override existing { override: true }

 [32m✓[39m src/__tests__/middleware.test.ts[2m > [22mMiddleware Global[2m > [22mRoutes Publiques[2m > [22mpermet l'accès sans auth à /api/health[32m 17[2mms[22m[39m
 [32m✓[39m src/__tests__/middleware.test.ts[2m > [22mMiddleware Global[2m > [22mRoutes Publiques[2m > [22mpermet l'accès sans auth à /api/auth/signin[32m 1[2mms[22m[39m
 [32m✓[39m src/__tests__/middleware.test.ts[2m > [22mMiddleware Global[2m > [22mRoutes Publiques[2m > [22mpermet l'accès sans auth à /api/auth/callback/github[32m 6[2mms[22m[39m
 [32m✓[39m src/__tests__/middleware.test.ts[2m > [22mMiddleware Global[2m > [22mRoutes Publiques[2m > [22mpermet l'accès sans auth à /api/webhooks/stripe[32m 1[2mms[22m[39m
 [32m✓[39m src/__tests__/middleware.test.ts[2m > [22mMiddleware Global[2m > [22mRoutes Publiques[2m > [22mpermet l'accès sans auth à /api/billing/plans[32m 2[2mms[22m[39m
 [32m✓[39m src/__tests__/middleware.test.ts[2m > [22mMiddleware Global[2m > [22mRoutes Authentifiées[2m > [22mrejette les requêtes non authentifiées[32m 1[2mms[22m[39m
 [32m✓[39m src/__tests__/middleware.test.ts[2m > [22mMiddleware Global[2m > [22mRoutes Authentifiées[2m > [22maccepte les requêtes avec token valide[32m 7[2mms[22m[39m
 [32m✓[39m src/__tests__/middleware.test.ts[2m > [22mMiddleware Global[2m > [22mRBAC - Role-Based Access Control[2m > [22mrefuse CLIENT sur /api/admin/users[32m 2[2mms[22m[39m
 [32m✓[39m src/__tests__/middleware.test.ts[2m > [22mMiddleware Global[2m > [22mRBAC - Role-Based Access Control[2m > [22mautorise ADMIN sur /api/admin/users[32m 2[2mms[22m[39m
 [32m✓[39m src/__tests__/middleware.test.ts[2m > [22mMiddleware Global[2m > [22mRBAC - Role-Based Access Control[2m > [22mautorise AVOCAT sur /api/admin/users[32m 2[2mms[22m[39m
 [32m✓[39m src/__tests__/middleware.test.ts[2m > [22mMiddleware Global[2m > [22mRBAC - Role-Based Access Control[2m > [22mrefuse ADMIN sur /api/super-admin/tenants[32m 1[2mms[22m[39m
 [32m✓[39m src/__tests__/middleware.test.ts[2m > [22mMiddleware Global[2m > [22mRBAC - Role-Based Access Control[2m > [22mautorise SUPER_ADMIN sur /api/super-admin/tenants[32m 1[2mms[22m[39m
 [32m✓[39m src/__tests__/middleware.test.ts[2m > [22mMiddleware Global[2m > [22mRBAC - Role-Based Access Control[2m > [22mautorise CLIENT sur /api/client/dossiers[32m 0[2mms[22m[39m
 [32m✓[39m src/__tests__/middleware.test.ts[2m > [22mMiddleware Global[2m > [22mRBAC - Role-Based Access Control[2m > [22mautorise ADMIN sur /api/client/dossiers[32m 0[2mms[22m[39m
 [32m✓[39m src/__tests__/middleware.test.ts[2m > [22mMiddleware Global[2m > [22mRate Limiting[2m > [22ma des limites différentes par type de route[32m 1[2mms[22m[39m
 [32m✓[39m src/__tests__/middleware.test.ts[2m > [22mMiddleware Global[2m > [22mRate Limiting[2m > [22midentifie correctement les routes IA[32m 5[2mms[22m[39m
 [32m✓[39m src/__tests__/middleware.test.ts[2m > [22mMiddleware Global[2m > [22mRate Limiting[2m > [22mcalcule le rate limit correctement[32m 3[2mms[22m[39m
 [32m✓[39m src/__tests__/middleware.test.ts[2m > [22mMiddleware Global[2m > [22mHeaders de Sécurité[2m > [22mdéfinit les headers de sécurité attendus[32m 1[2mms[22m[39m
 [32m✓[39m src/__tests__/middleware.test.ts[2m > [22mMiddleware Global[2m > [22mStatic Assets Skip[2m > [22mskip le middleware pour /_next/static/chunks/main.js[32m 2[2mms[22m[39m
 [32m✓[39m src/__tests__/middleware.test.ts[2m > [22mMiddleware Global[2m > [22mStatic Assets Skip[2m > [22mskip le middleware pour /static/images/logo.png[32m 1[2mms[22m[39m
 [32m✓[39m src/__tests__/middleware.test.ts[2m > [22mMiddleware Global[2m > [22mStatic Assets Skip[2m > [22mskip le middleware pour /favicon.ico[32m 1[2mms[22m[39m
 [32m✓[39m src/__tests__/middleware.test.ts[2m > [22mMiddleware Global[2m > [22mStatic Assets Skip[2m > [22mskip le middleware pour /manifest.json[32m 0[2mms[22m[39m
 [32m✓[39m src/__tests__/middleware.test.ts[2m > [22mMatcher Configuration[2m > [22mexclut les chemins statiques du matcher[32m 1[2mms[22m[39m
 [32m✓[39m src/__tests__/domain/email-classifier.test.ts[2m > [22mEmail Classifier[2m > [22mClassification par type de dossier[2m > [22mdevrait détecter un OQTF[32m 15[2mms[22m[39m
 [32m✓[39m src/__tests__/domain/email-classifier.test.ts[2m > [22mEmail Classifier[2m > [22mClassification par type de dossier[2m > [22mdevrait détecter une demande d'asile[32m 1[2mms[22m[39m
 [32m✓[39m src/__tests__/domain/email-classifier.test.ts[2m > [22mEmail Classifier[2m > [22mClassification par type de dossier[2m > [22mdevrait détecter un titre de séjour[32m 1[2mms[22m[39m
 [32m✓[39m src/__tests__/domain/email-classifier.test.ts[2m > [22mEmail Classifier[2m > [22mClassification par type de dossier[2m > [22mdevrait détecter une naturalisation[32m 10[2mms[22m[39m
 [32m✓[39m src/__tests__/domain/email-classifier.test.ts[2m > [22mEmail Classifier[2m > [22mClassification par type de dossier[2m > [22mdevrait détecter un regroupement familial[32m 2[2mms[22m[39m
 [32m✓[39m src/__tests__/domain/email-classifier.test.ts[2m > [22mEmail Classifier[2m > [22mClassification par type de dossier[2m > [22mdevrait détecter un refoulement[32m 1[2mms[22m[39m
 [32m✓[39m src/__tests__/domain/email-classifier.test.ts[2m > [22mEmail Classifier[2m > [22mClassification par type de dossier[2m > [22mdevrait détecter une assignation à résidence[32m 2[2mms[22m[39m
 [32m✓[39m src/__tests__/domain/email-classifier.test.ts[2m > [22mEmail Classifier[2m > [22mDétection d'urgence[2m > [22mdevrait détecter un email urgent[32m 1[2mms[22m[39m
 [32m✓[39m src/__tests__/domain/email-classifier.test.ts[2m > [22mEmail Classifier[2m > [22mDétection d'urgence[2m > [22mdevrait détecter un référé liberté comme urgent[32m 5[2mms[22m[39m
 [32m✓[39m src/__tests__/domain/email-classifier.test.ts[2m > [22mEmail Classifier[2m > [22mDétection d'urgence[2m > [22mdevrait marquer non-urgent un email classique[32m 1[2mms[22m[39m
 [32m✓[39m src/__tests__/domain/email-classifier.test.ts[2m > [22mEmail Classifier[2m > [22mScore de confiance[2m > [22mdevrait avoir une haute confiance avec plusieurs mots-clés[32m 2[2mms[22m[39m
 [32m✓[39m src/__tests__/domain/email-classifier.test.ts[2m > [22mEmail Classifier[2m > [22mScore de confiance[2m > [22mdevrait avoir une basse confiance avec peu de mots-clés[32m 2[2mms[22m[39m
 [32m✓[39m src/__tests__/domain/email-classifier.test.ts[2m > [22mEmail Classifier[2m > [22mScore de confiance[2m > [22mdevrait retourner confiance 0 si aucun match[32m 3[2mms[22m[39m
 [32m✓[39m src/__tests__/domain/email-classifier.test.ts[2m > [22mEmail Classifier[2m > [22mBoost keywords[2m > [22mdevrait augmenter la confiance avec des boost keywords[32m 1[2mms[22m[39m
 [32m✓[39m src/__tests__/domain/email-classifier.test.ts[2m > [22mEmail Classifier[2m > [22mNormalisation des accents[2m > [22mdevrait matcher avec ou sans accents[32m 2[2mms[22m[39m
 [32m✓[39m src/__tests__/domain/email-classifier.test.ts[2m > [22mEmail Adapter + Classifier intégration[2m > [22mdevrait enrichir le draft avec la classification[32m 4[2mms[22m[39m
 [32m✓[39m src/__tests__/domain/email-classifier.test.ts[2m > [22mEmail Adapter + Classifier intégration[2m > [22mdevrait marquer needsHumanReview si email vague[32m 3[2mms[22m[39m
[90mstdout[2m | src/__tests__/security/security.test.ts
[22m[39m◇ injected env (9) from .env.test // tip: ⌁ auth for agents [www.vestauth.com]

 [32m✓[39m src/__tests__/security/security.test.ts[2m > [22mSecurity[2m > [22mXSS Prevention[2m > [22mdevrait échapper <script>[32m 16[2mms[22m[39m
 [32m✓[39m src/__tests__/security/security.test.ts[2m > [22mSecurity[2m > [22mXSS Prevention[2m > [22mdevrait échapper les guillemets[32m 1[2mms[22m[39m
 [32m✓[39m src/__tests__/security/security.test.ts[2m > [22mSecurity[2m > [22mSQL Injection Prevention[2m > [22mdevrait détecter UNION SELECT[32m 12[2mms[22m[39m
 [32m✓[39m src/__tests__/security/security.test.ts[2m > [22mSecurity[2m > [22mSQL Injection Prevention[2m > [22mdevrait détecter DROP TABLE[32m 1[2mms[22m[39m
 [32m✓[39m src/__tests__/security/security.test.ts[2m > [22mSecurity[2m > [22mSQL Injection Prevention[2m > [22mdevrait accepter du texte normal[32m 1[2mms[22m[39m
 [32m✓[39m src/__tests__/security/security.test.ts[2m > [22mSecurity[2m > [22mSQL Injection Prevention[2m > [22mdevrait détecter OR 1=1[32m 1[2mms[22m[39m
 [32m✓[39m src/__tests__/security/security.test.ts[2m > [22mSecurity[2m > [22mPath Traversal Prevention[2m > [22mdevrait détecter ../[32m 1[2mms[22m[39m
 [32m✓[39m src/__tests__/security/security.test.ts[2m > [22mSecurity[2m > [22mPath Traversal Prevention[2m > [22mdevrait détecter les chemins absolus[32m 12[2mms[22m[39m
 [32m✓[39m src/__tests__/security/security.test.ts[2m > [22mSecurity[2m > [22mPath Traversal Prevention[2m > [22mdevrait accepter un chemin relatif normal[32m 2[2mms[22m[39m
 [32m✓[39m src/__tests__/security/security.test.ts[2m > [22mSecurity[2m > [22mPath Traversal Prevention[2m > [22mdevrait nettoyer un chemin dangereux[32m 1[2mms[22m[39m
 [32m✓[39m src/__tests__/security/security.test.ts[2m > [22mSecurity[2m > [22mCSRF Token[2m > [22mdevrait générer un token de 32 caractères[32m 13[2mms[22m[39m
 [32m✓[39m src/__tests__/security/security.test.ts[2m > [22mSecurity[2m > [22mCSRF Token[2m > [22mdevrait valider un token correct[32m 1[2mms[22m[39m
 [32m✓[39m src/__tests__/security/security.test.ts[2m > [22mSecurity[2m > [22mCSRF Token[2m > [22mdevrait rejeter un token incorrect[32m 1[2mms[22m[39m
 [32m✓[39m src/__tests__/security/security.test.ts[2m > [22mSecurity[2m > [22mSecurity Headers[2m > [22mdevrait avoir X-Frame-Options[32m 0[2mms[22m[39m
 [32m✓[39m src/__tests__/security/security.test.ts[2m > [22mSecurity[2m > [22mSecurity Headers[2m > [22mdevrait avoir X-Content-Type-Options[32m 0[2mms[22m[39m
 [32m✓[39m src/__tests__/security/security.test.ts[2m > [22mSecurity[2m > [22mSecurity Headers[2m > [22mdevrait avoir HSTS[32m 0[2mms[22m[39m
 [32m✓[39m src/__tests__/security/security.test.ts[2m > [22mSecurity[2m > [22mPassword Hashing[2m > [22mdevrait accepter un mot de passe fort[32m 1[2mms[22m[39m
 [32m✓[39m src/__tests__/security/security.test.ts[2m > [22mSecurity[2m > [22mPassword Hashing[2m > [22mdevrait rejeter un mot de passe sans majuscule[32m 1[2mms[22m[39m
 [32m✓[39m src/__tests__/security/security.test.ts[2m > [22mSecurity[2m > [22mPassword Hashing[2m > [22mdevrait rejeter un mot de passe trop court[32m 1[2mms[22m[39m
 [32m✓[39m src/__tests__/security/security.test.ts[2m > [22mSecurity[2m > [22mInput Sanitization[2m > [22mdevrait supprimer les espaces[32m 2[2mms[22m[39m
 [32m✓[39m src/__tests__/security/security.test.ts[2m > [22mSecurity[2m > [22mInput Sanitization[2m > [22mdevrait supprimer les chevrons[32m 12[2mms[22m[39m
 [32m✓[39m src/__tests__/security/security.test.ts[2m > [22mSecurity[2m > [22mInput Sanitization[2m > [22mdevrait limiter la longueur[32m 1[2mms[22m[39m
 [32m✓[39m src/__tests__/security/security.test.ts[2m > [22mAuthentication Security[2m > [22mSession Expiration[2m > [22msession récente ne devrait pas être expirée[32m 1[2mms[22m[39m
 [32m✓[39m src/__tests__/security/security.test.ts[2m > [22mAuthentication Security[2m > [22mSession Expiration[2m > [22msession ancienne devrait être expirée[32m 13[2mms[22m[39m
 [32m✓[39m src/__tests__/security/security.test.ts[2m > [22mAuthentication Security[2m > [22mIP Blocking[2m > [22mdevrait bloquer une IP dans la liste[32m 1[2mms[22m[39m
 [32m✓[39m src/__tests__/security/security.test.ts[2m > [22mAuthentication Security[2m > [22mIP Blocking[2m > [22mne devrait pas bloquer une IP normale[32m 1[2mms[22m[39m
 [32m✓[39m src/__tests__/security/security.test.ts[2m > [22mData Encryption[2m > [22mSensitive Data[2m > [22mdevrait identifier password[32m 1[2mms[22m[39m
 [32m✓[39m src/__tests__/security/security.test.ts[2m > [22mData Encryption[2m > [22mSensitive Data[2m > [22mdevrait identifier token[32m 0[2mms[22m[39m
 [32m✓[39m src/__tests__/security/security.test.ts[2m > [22mData Encryption[2m > [22mSensitive Data[2m > [22mne devrait pas identifier email[32m 0[2mms[22m[39m
[90mstdout[2m | src/__tests__/services/analyticsService.test.ts
[22m[39m◇ injected env (9) from .env.test // tip: ⌘ override existing { override: true }

 [32m✓[39m src/__tests__/services/analyticsService.test.ts[2m > [22mAnalytics Service[2m > [22mPredictionData Interface[2m > [22mdevrait avoir la structure correcte[32m 22[2mms[22m[39m
 [32m✓[39m src/__tests__/services/analyticsService.test.ts[2m > [22mAnalytics Service[2m > [22mPredictionResult Interface[2m > [22mdevrait avoir tous les champs[32m 2[2mms[22m[39m
 [32m✓[39m src/__tests__/services/analyticsService.test.ts[2m > [22mAnalytics Service[2m > [22mPredictionResult Interface[2m > [22mdevrait avoir des trends valides[32m 27[2mms[22m[39m
 [32m✓[39m src/__tests__/services/analyticsService.test.ts[2m > [22mAnalytics Service[2m > [22mRevenue Forecast[2m > [22mdevrait avoir la structure correcte[32m 6[2mms[22m[39m
 [32m✓[39m src/__tests__/services/analyticsService.test.ts[2m > [22mAnalytics Service[2m > [22mTrend Detection[2m > [22mdevrait détecter une tendance haussière[32m 3[2mms[22m[39m
 [32m✓[39m src/__tests__/services/analyticsService.test.ts[2m > [22mAnalytics Service[2m > [22mTrend Detection[2m > [22mdevrait détecter une tendance baissière[32m 10[2mms[22m[39m
 [32m✓[39m src/__tests__/services/analyticsService.test.ts[2m > [22mAnalytics Service[2m > [22mTrend Detection[2m > [22mdevrait détecter une stabilité (<5%)[32m 2[2mms[22m[39m
 [32m✓[39m src/__tests__/services/analyticsService.test.ts[2m > [22mAnalytics Service[2m > [22mTrend Detection[2m > [22mdevrait gérer la valeur zéro[32m 2[2mms[22m[39m
 [32m✓[39m src/__tests__/services/analyticsService.test.ts[2m > [22mAnalytics Service[2m > [22mConfidence Calculation[2m > [22mdevrait retourner 100% pour r2=1[32m 1[2mms[22m[39m
 [32m✓[39m src/__tests__/services/analyticsService.test.ts[2m > [22mAnalytics Service[2m > [22mConfidence Calculation[2m > [22mdevrait retourner 0% pour r2=0[32m 5[2mms[22m[39m
 [32m✓[39m src/__tests__/services/analyticsService.test.ts[2m > [22mAnalytics Service[2m > [22mConfidence Calculation[2m > [22mdevrait retourner 85% pour r2=0.85[32m 2[2mms[22m[39m
 [32m✓[39m src/__tests__/services/analyticsService.test.ts[2m > [22mAnalytics Service[2m > [22mConfidence Calculation[2m > [22mdevrait plafonner à 100%[32m 4[2mms[22m[39m
 [32m✓[39m src/__tests__/services/analyticsService.test.ts[2m > [22mAnalytics Service[2m > [22mConfidence Calculation[2m > [22mdevrait ne pas descendre sous 0%[32m 4[2mms[22m[39m
 [32m✓[39m src/__tests__/services/analyticsService.test.ts[2m > [22mAnalytics Service[2m > [22mRecovery Rate Analysis[2m > [22mdevrait avoir la structure correcte[32m 6[2mms[22m[39m
 [32m✓[39m src/__tests__/services/analyticsService.test.ts[2m > [22mAnalytics Service[2m > [22mDossier Profitability[2m > [22mdevrait avoir la structure correcte[32m 1[2mms[22m[39m
 [32m✓[39m src/__tests__/services/analyticsService.test.ts[2m > [22mAnalytics Service[2m > [22mDossier Profitability[2m > [22mdevrait calculer la marge correctement[32m 2[2mms[22m[39m
 [32m✓[39m src/__tests__/services/analyticsService.test.ts[2m > [22mAnalytics Service[2m > [22mData Validation[2m > [22mdevrait rejeter moins de 3 points[32m 1[2mms[22m[39m
 [32m✓[39m src/__tests__/services/analyticsService.test.ts[2m > [22mAnalytics Service[2m > [22mData Validation[2m > [22mdevrait accepter 3+ points valides[32m 1[2mms[22m[39m
 [32m✓[39m src/__tests__/services/analyticsService.test.ts[2m > [22mAnalytics Service[2m > [22mLinear Regression Helpers[2m > [22mdevrait prédire correctement pour données linéaires[32m 1[2mms[22m[39m
 [32m✓[39m src/__tests__/services/analyticsService.test.ts[2m > [22mAnalytics Service[2m > [22mLinear Regression Helpers[2m > [22mdevrait retourner 0 pour données vides[32m 11[2mms[22m[39m
 [32m✓[39m src/__tests__/services/analyticsService.test.ts[2m > [22mAnalytics Service[2m > [22mRisk Factors Detection[2m > [22mdevrait détecter les retards de paiement[32m 1[2mms[22m[39m
 [32m✓[39m src/__tests__/services/analyticsService.test.ts[2m > [22mAnalytics Service[2m > [22mRisk Factors Detection[2m > [22mdevrait détecter les impayés élevés[32m 9[2mms[22m[39m
 [32m✓[39m src/__tests__/services/analyticsService.test.ts[2m > [22mAnalytics Service[2m > [22mRisk Factors Detection[2m > [22mdevrait détecter la période estivale[32m 2[2mms[22m[39m
 [32m✓[39m src/__tests__/services/analyticsService.test.ts[2m > [22mAnalytics Service[2m > [22mRisk Factors Detection[2m > [22mdevrait retourner vide si pas de risques[32m 2[2mms[22m[39m
 [32m✓[39m src/__tests__/services/analyticsService.test.ts[2m > [22mAnalytics Service[2m > [22mRecommendations Generation[2m > [22mdevrait recommander le développement[32m 1[2mms[22m[39m
 [32m✓[39m src/__tests__/services/analyticsService.test.ts[2m > [22mAnalytics Service[2m > [22mRecommendations Generation[2m > [22mdevrait alerter sur marge faible[32m 1[2mms[22m[39m
 [32m✓[39m src/__tests__/services/analyticsService.test.ts[2m > [22mAnalytics Service[2m > [22mRecommendations Generation[2m > [22mdevrait alerter sur tendance baissière[32m 2[2mms[22m[39m
[90mstdout[2m | src/__tests__/domain/permissions.test.ts
[22m[39m◇ injected env (9) from .env.test // tip: ◈ encrypted .env [www.dotenvx.com]

[90mstdout[2m | src/__tests__/adapters/email.adapter.test.ts
[22m[39m◇ injected env (9) from .env.test // tip: ⌁ auth for agents [www.vestauth.com]

 [32m✓[39m src/__tests__/domain/permissions.test.ts[2m > [22mPermissions[2m > [22mRoles[2m > [22mdevrait avoir le rôle SUPER_ADMIN[32m 20[2mms[22m[39m
 [32m✓[39m src/__tests__/domain/permissions.test.ts[2m > [22mPermissions[2m > [22mRoles[2m > [22mdevrait avoir le rôle COLLABORATOR[32m 10[2mms[22m[39m
 [32m✓[39m src/__tests__/domain/permissions.test.ts[2m > [22mPermissions[2m > [22mRole Hierarchy[2m > [22madmin devrait être supérieur à manager[32m 1[2mms[22m[39m
 [32m✓[39m src/__tests__/domain/permissions.test.ts[2m > [22mPermissions[2m > [22mRole Hierarchy[2m > [22mviewer ne devrait pas être supérieur à admin[32m 1[2mms[22m[39m
 [32m✓[39m src/__tests__/domain/permissions.test.ts[2m > [22mPermissions[2m > [22mRole Hierarchy[2m > [22msuper_admin devrait être le plus haut[32m 1[2mms[22m[39m
 [32m✓[39m src/__tests__/domain/permissions.test.ts[2m > [22mPermissions[2m > [22mPermission Types[2m > [22mdevrait avoir la permission DOSSIER_CREATE[32m 1[2mms[22m[39m
 [32m✓[39m src/__tests__/domain/permissions.test.ts[2m > [22mPermissions[2m > [22mPermission Types[2m > [22mdevrait suivre le format resource:action[32m 6[2mms[22m[39m
 [32m✓[39m src/__tests__/domain/permissions.test.ts[2m > [22mPermissions[2m > [22mRole Permissions[2m > [22msuper_admin devrait avoir toutes les permissions[32m 1[2mms[22m[39m
 [32m✓[39m src/__tests__/domain/permissions.test.ts[2m > [22mPermissions[2m > [22mRole Permissions[2m > [22madmin devrait avoir dossier:create[32m 7[2mms[22m[39m
 [32m✓[39m src/__tests__/domain/permissions.test.ts[2m > [22mPermissions[2m > [22mRole Permissions[2m > [22mviewer ne devrait pas avoir dossier:delete[32m 2[2mms[22m[39m
 [32m✓[39m src/__tests__/domain/permissions.test.ts[2m > [22mPermissions[2m > [22mRole Permissions[2m > [22mguest ne devrait avoir aucune permission[32m 5[2mms[22m[39m
 [32m✓[39m src/__tests__/domain/permissions.test.ts[2m > [22mPermissions[2m > [22mAccess Control[2m > [22madmin devrait accéder à tout[32m 1[2mms[22m[39m
 [32m✓[39m src/__tests__/domain/permissions.test.ts[2m > [22mPermissions[2m > [22mAccess Control[2m > [22mpropriétaire devrait accéder à sa ressource[32m 1[2mms[22m[39m
 [32m✓[39m src/__tests__/domain/permissions.test.ts[2m > [22mPermissions[2m > [22mAccess Control[2m > [22mmembre de l'équipe devrait accéder[32m 1[2mms[22m[39m
 [32m✓[39m src/__tests__/domain/permissions.test.ts[2m > [22mPermissions[2m > [22mAccess Control[2m > [22métranger ne devrait pas accéder[32m 1[2mms[22m[39m
 [32m✓[39m src/__tests__/domain/permissions.test.ts[2m > [22mPermissions[2m > [22mFeature Flags[2m > [22mfeature désactivée devrait retourner false[32m 1[2mms[22m[39m
 [32m✓[39m src/__tests__/domain/permissions.test.ts[2m > [22mPermissions[2m > [22mFeature Flags[2m > [22mfeature activée sans restriction devrait retourner true[32m 1[2mms[22m[39m
 [32m✓[39m src/__tests__/domain/permissions.test.ts[2m > [22mPermissions[2m > [22mFeature Flags[2m > [22mfeature avec rôle devrait vérifier le rôle[32m 1[2mms[22m[39m
 [32m✓[39m src/__tests__/domain/permissions.test.ts[2m > [22mPolicy Engine[2m > [22mResource Policies[2m > [22mdevrait permettre la lecture de dossier[32m 1[2mms[22m[39m
 [32m✓[39m src/__tests__/domain/permissions.test.ts[2m > [22mPolicy Engine[2m > [22mResource Policies[2m > [22mdevrait refuser la suppression avec condition[32m 1[2mms[22m[39m
 [32m✓[39m src/__tests__/domain/permissions.test.ts[2m > [22mTeam Permissions[2m > [22mTeam Roles[2m > [22mdevrait avoir le rôle OWNER[32m 1[2mms[22m[39m
 [32m✓[39m src/__tests__/domain/permissions.test.ts[2m > [22mTeam Permissions[2m > [22mTeam Access[2m > [22mowner devrait pouvoir gérer l'équipe[32m 5[2mms[22m[39m
 [32m✓[39m src/__tests__/domain/permissions.test.ts[2m > [22mTeam Permissions[2m > [22mTeam Access[2m > [22mmember ne devrait pas pouvoir gérer l'équipe[32m 1[2mms[22m[39m
[90mstdout[2m | src/__tests__/lib/ceseda/dossier-service.real.test.ts
[22m[39m◇ injected env (9) from .env.test // tip: ⌘ multiple files { path: ['.env.local', '.env'] }

 [32m✓[39m src/__tests__/adapters/email.adapter.test.ts[2m > [22mEmailAdapter.extractDraft[2m > [22mdétecte un email OQTF sans délai avec haute confiance[32m 37[2mms[22m[39m
 [32m✓[39m src/__tests__/adapters/email.adapter.test.ts[2m > [22mEmailAdapter.extractDraft[2m > [22mdétecte un email OQTF avec délai (30 jours)[32m 28[2mms[22m[39m
 [32m✓[39m src/__tests__/adapters/email.adapter.test.ts[2m > [22mEmailAdapter.extractDraft[2m > [22mdétecte une demande de naturalisation[32m 3[2mms[22m[39m
 [32m✓[39m src/__tests__/adapters/email.adapter.test.ts[2m > [22mEmailAdapter.extractDraft[2m > [22mdétecte une demande d'asile CNDA[32m 2[2mms[22m[39m
 [32m✓[39m src/__tests__/adapters/email.adapter.test.ts[2m > [22mEmailAdapter.extractDraft[2m > [22mgère un email sans type détectable[32m 4[2mms[22m[39m
 [32m✓[39m src/__tests__/adapters/email.adapter.test.ts[2m > [22mEmailAdapter.extractDraft[2m > [22mgère un email avec corps vide[32m 9[2mms[22m[39m
 [32m✓[39m src/__tests__/adapters/email.adapter.test.ts[2m > [22mEmailAdapter.extractDraft[2m > [22mextrait un numéro de téléphone français[32m 4[2mms[22m[39m
 [32m✓[39m src/__tests__/adapters/email.adapter.test.ts[2m > [22mEmailAdapter.extractDraft[2m > [22mextrait le nom depuis le header From[32m 2[2mms[22m[39m
 [32m✓[39m src/__tests__/adapters/email.adapter.test.ts[2m > [22mEmailAdapter.extractDraft[2m > [22mdevine le nom depuis l'email quand pas de display name[32m 4[2mms[22m[39m
 [32m✓[39m src/__tests__/adapters/email.adapter.test.ts[2m > [22mEmailAdapter.extractDraft[2m > [22mdétecte un recours au tribunal administratif[32m 10[2mms[22m[39m
 [32m✓[39m src/__tests__/lib/ceseda/dossier-service.real.test.ts[2m > [22mCesedaService - REAL TESTS[2m > [22mcalculatePriorite[2m > [22mOQTF type[2m > [22mshould return CRITIQUE when deadline is 7 days or less[32m 33[2mms[22m[39m
 [32m✓[39m src/__tests__/lib/ceseda/dossier-service.real.test.ts[2m > [22mCesedaService - REAL TESTS[2m > [22mcalculatePriorite[2m > [22mOQTF type[2m > [22mshould return HAUTE when deadline is between 8-15 days[32m 1[2mms[22m[39m
 [32m✓[39m src/__tests__/lib/ceseda/dossier-service.real.test.ts[2m > [22mCesedaService - REAL TESTS[2m > [22mcalculatePriorite[2m > [22mOQTF type[2m > [22mshould return NORMALE when deadline is more than 15 days[32m 2[2mms[22m[39m
 [32m✓[39m src/__tests__/lib/ceseda/dossier-service.real.test.ts[2m > [22mCesedaService - REAL TESTS[2m > [22mcalculatePriorite[2m > [22mASILE type[2m > [22mshould return CRITIQUE when deadline is 15 days or less[32m 1[2mms[22m[39m
 [32m✓[39m src/__tests__/lib/ceseda/dossier-service.real.test.ts[2m > [22mCesedaService - REAL TESTS[2m > [22mcalculatePriorite[2m > [22mASILE type[2m > [22mshould return HAUTE when deadline is between 16-30 days[32m 1[2mms[22m[39m
 [32m✓[39m src/__tests__/lib/ceseda/dossier-service.real.test.ts[2m > [22mCesedaService - REAL TESTS[2m > [22mcalculatePriorite[2m > [22mASILE type[2m > [22mshould return NORMALE when deadline is more than 30 days[32m 5[2mms[22m[39m
 [32m✓[39m src/__tests__/lib/ceseda/dossier-service.real.test.ts[2m > [22mCesedaService - REAL TESTS[2m > [22mcalculatePriorite[2m > [22mOther types (default behavior)[2m > [22mshould return HAUTE when deadline is 30 days or less[32m 14[2mms[22m[39m
 [32m✓[39m src/__tests__/lib/ceseda/dossier-service.real.test.ts[2m > [22mCesedaService - REAL TESTS[2m > [22mcalculatePriorite[2m > [22mOther types (default behavior)[2m > [22mshould return NORMALE when deadline is more than 30 days[32m 7[2mms[22m[39m
 [32m✓[39m src/__tests__/lib/ceseda/dossier-service.real.test.ts[2m > [22mCesedaService - REAL TESTS[2m > [22mcalculatePriorite[2m > [22mNo deadline cases[2m > [22mshould return NORMALE when no deadline provided[32m 5[2mms[22m[39m
 [32m✓[39m src/__tests__/lib/ceseda/dossier-service.real.test.ts[2m > [22mCesedaService - REAL TESTS[2m > [22mcalculatePriorite[2m > [22mNo deadline cases[2m > [22mshould return NORMALE for undefined deadline[32m 1[2mms[22m[39m
 [32m✓[39m src/__tests__/lib/ceseda/dossier-service.real.test.ts[2m > [22mCesedaService - REAL TESTS[2m > [22mcalculatePriorite[2m > [22mEdge cases[2m > [22mshould handle deadline today[32m 2[2mms[22m[39m
 [32m✓[39m src/__tests__/lib/ceseda/dossier-service.real.test.ts[2m > [22mCesedaService - REAL TESTS[2m > [22mcalculatePriorite[2m > [22mEdge cases[2m > [22mshould handle past deadline gracefully[32m 1[2mms[22m[39m
 [32m✓[39m src/__tests__/lib/ceseda/dossier-service.real.test.ts[2m > [22mCesedaService - REAL TESTS[2m > [22mcalculatePriorite[2m > [22mEdge cases[2m > [22mshould handle unknown type with default rules[32m 1[2mms[22m[39m
 [32m✓[39m src/__tests__/lib/ceseda/dossier-service.real.test.ts[2m > [22mCesedaService - REAL TESTS[2m > [22mcalculatePriorite[2m > [22mPriority escalation scenarios[2m > [22mshould properly escalate OQTF as deadline approaches[32m 1[2mms[22m[39m
 [32m✓[39m src/__tests__/lib/ceseda/dossier-service.real.test.ts[2m > [22mCesedaService - REAL TESTS[2m > [22mcalculatePriorite[2m > [22mPriority escalation scenarios[2m > [22mshould properly escalate ASILE as deadline approaches[32m 0[2mms[22m[39m
[90mstdout[2m | src/__tests__/lib/legal/workingDays.test.ts
[22m[39m◇ injected env (9) from .env.test // tip: ⌘ enable debugging { debug: true }

[90mstdout[2m | src/__tests__/lib/workspace-reasoning.test.ts
[22m[39m◇ injected env (9) from .env.test // tip: ◈ secrets for agents [www.dotenvx.com]

[90mstdout[2m | src/__tests__/lib/services/oqtfDeadlineService.real.test.ts
[22m[39m◇ injected env (9) from .env.test // tip: ⌁ auth for agents [www.vestauth.com]

 [32m✓[39m src/__tests__/lib/workspace-reasoning.test.ts[2m > [22mWorkspace Reasoning Service - Pure Unit Tests[2m > [22mworkspace context[2m > [22mshould create workspace context[32m 26[2mms[22m[39m
 [32m✓[39m src/__tests__/lib/workspace-reasoning.test.ts[2m > [22mWorkspace Reasoning Service - Pure Unit Tests[2m > [22mreasoning types[2m > [22mshould define reasoning types[32m 1[2mms[22m[39m
 [32m✓[39m src/__tests__/lib/workspace-reasoning.test.ts[2m > [22mWorkspace Reasoning Service - Pure Unit Tests[2m > [22mprompt building[2m > [22mshould build workspace prompt[32m 10[2mms[22m[39m
 [32m✓[39m src/__tests__/lib/workspace-reasoning.test.ts[2m > [22mWorkspace Reasoning Service - Pure Unit Tests[2m > [22mdocument analysis[2m > [22mshould extract document metadata[32m 7[2mms[22m[39m
 [32m✓[39m src/__tests__/lib/workspace-reasoning.test.ts[2m > [22mWorkspace Reasoning Service - Pure Unit Tests[2m > [22mtask prioritization[2m > [22mshould calculate task priority score[32m 5[2mms[22m[39m
 [32m✓[39m src/__tests__/lib/workspace-reasoning.test.ts[2m > [22mWorkspace Reasoning Service - Pure Unit Tests[2m > [22msuggestion ranking[2m > [22mshould rank suggestions by relevance[32m 1[2mms[22m[39m
 [32m✓[39m src/__tests__/lib/workspace-reasoning.test.ts[2m > [22mWorkspace Reasoning Service - Pure Unit Tests[2m > [22mcontext window[2m > [22mshould calculate tokens[32m 1[2mms[22m[39m
 [32m✓[39m src/__tests__/lib/workspace-reasoning.test.ts[2m > [22mWorkspace Reasoning Service - Pure Unit Tests[2m > [22mcontext window[2m > [22mshould check context limit[32m 4[2mms[22m[39m
 [32m✓[39m src/__tests__/lib/workspace-reasoning.test.ts[2m > [22mWorkspace Reasoning Service - Pure Unit Tests[2m > [22mresponse parsing[2m > [22mshould parse structured response[32m 7[2mms[22m[39m
 [32m✓[39m src/__tests__/lib/workspace-reasoning.test.ts[2m > [22mWorkspace Reasoning Service - Pure Unit Tests[2m > [22mcaching strategy[2m > [22mshould generate cache key for reasoning[32m 1[2mms[22m[39m
 [32m✓[39m src/__tests__/lib/workspace-reasoning.test.ts[2m > [22mWorkspace Reasoning Service - Pure Unit Tests[2m > [22mbatch processing[2m > [22mshould chunk items for batch processing[32m 3[2mms[22m[39m
 [32m✓[39m src/__tests__/lib/workspace-reasoning.test.ts[2m > [22mWorkspace Reasoning Service - Pure Unit Tests[2m > [22merror handling[2m > [22mshould classify reasoning errors[32m 1[2mms[22m[39m
 [32m✓[39m src/__tests__/lib/workspace-reasoning.test.ts[2m > [22mWorkspace Reasoning Service - Pure Unit Tests[2m > [22mconfidence scoring[2m > [22mshould calculate confidence level[32m 2[2mms[22m[39m
 [32m✓[39m src/__tests__/lib/legal/workingDays.test.ts[2m > [22mworkingDays – Service jours ouvrés et fériés[2m > [22misWorkingDay / isFrenchHoliday[2m > [22mdevrait identifier un week-end[32m 11[2mms[22m[39m
 [32m✓[39m src/__tests__/lib/legal/workingDays.test.ts[2m > [22mworkingDays – Service jours ouvrés et fériés[2m > [22misWorkingDay / isFrenchHoliday[2m > [22mdevrait identifier un jour ouvré normal[32m 3[2mms[22m[39m
 [32m✓[39m src/__tests__/lib/legal/workingDays.test.ts[2m > [22mworkingDays – Service jours ouvrés et fériés[2m > [22misWorkingDay / isFrenchHoliday[2m > [22mdevrait identifier un jour férié français[32m 1[2mms[22m[39m
 [32m✓[39m src/__tests__/lib/legal/workingDays.test.ts[2m > [22mworkingDays – Service jours ouvrés et fériés[2m > [22misWorkingDay / isFrenchHoliday[2m > [22mne devrait PAS identifier un jour normal comme férié[32m 1[2mms[22m[39m
 [32m✓[39m src/__tests__/lib/legal/workingDays.test.ts[2m > [22mworkingDays – Service jours ouvrés et fériés[2m > [22misWorkingDay / isFrenchHoliday[2m > [22mne devrait PAS identifier un week-end comme férié[32m 1[2mms[22m[39m
 [32m✓[39m src/__tests__/lib/legal/workingDays.test.ts[2m > [22mworkingDays – Service jours ouvrés et fériés[2m > [22maddWorkingDays[2m > [22mdevrait ajouter des jours ouvrés en sautant le week-end[32m 2[2mms[22m[39m
 [32m✓[39m src/__tests__/lib/legal/workingDays.test.ts[2m > [22mworkingDays – Service jours ouvrés et fériés[2m > [22maddWorkingDays[2m > [22mdevrait ajouter des jours ouvrés en évitant un jour férié[32m 2[2mms[22m[39m
 [32m✓[39m src/__tests__/lib/legal/workingDays.test.ts[2m > [22mworkingDays – Service jours ouvrés et fériés[2m > [22maddWorkingDays[2m > [22mdevrait gérer une période avec plusieurs jours fériés[32m 7[2mms[22m[39m
 [32m✓[39m src/__tests__/lib/legal/workingDays.test.ts[2m > [22mworkingDays – Service jours ouvrés et fériés[2m > [22maddWorkingDays[2m > [22mdevrait retourner la même date si days = 0[32m 1[2mms[22m[39m
 [32m✓[39m src/__tests__/lib/legal/workingDays.test.ts[2m > [22mworkingDays – Service jours ouvrés et fériés[2m > [22mgetWorkingDaysBetween[2m > [22mdevrait compter les jours ouvrés entre deux dates[32m 1[2mms[22m[39m
 [32m✓[39m src/__tests__/lib/legal/workingDays.test.ts[2m > [22mworkingDays – Service jours ouvrés et fériés[2m > [22mgetWorkingDaysBetween[2m > [22mdevrait retourner 0 si les dates sont identiques[32m 1[2mms[22m[39m
 [32m✓[39m src/__tests__/lib/legal/workingDays.test.ts[2m > [22mworkingDays – Service jours ouvrés et fériés[2m > [22mgetWorkingDaysBetween[2m > [22mdevrait compter correctement avec un jour férié dans la période[32m 5[2mms[22m[39m
 [32m✓[39m src/__tests__/lib/legal/workingDays.test.ts[2m > [22mworkingDays – Service jours ouvrés et fériés[2m > [22mgetWorkingDaysBetween[2m > [22mdevrait compter correctement avec week-end et férié[32m 1[2mms[22m[39m
 [32m✓[39m src/__tests__/lib/legal/workingDays.test.ts[2m > [22mworkingDays – Service jours ouvrés et fériés[2m > [22mScénarios réels[2m > [22mOQTF avec délai de 30 jours ouvrés (exemple) – calcul approximatif[32m 1[2mms[22m[39m
 [32m✓[39m src/__tests__/lib/legal/workingDays.test.ts[2m > [22mworkingDays – Service jours ouvrés et fériés[2m > [22mScénarios réels[2m > [22mOQTF sans délai – 48h (reste en heures, pas de jours ouvrés)[32m 1[2mms[22m[39m
 [32m✓[39m src/__tests__/lib/legal/workingDays.test.ts[2m > [22mworkingDays – Service jours ouvrés et fériés[2m > [22mPerformance[2m > [22mdevrait ajouter 100 jours ouvrés rapidement[32m 4[2mms[22m[39m
 [32m✓[39m src/__tests__/lib/legal/workingDays.test.ts[2m > [22mworkingDays – Service jours ouvrés et fériés[2m > [22mPerformance[2m > [22mdevrait compter 1000 jours ouvrés rapidement[32m 15[2mms[22m[39m
[90mstdout[2m | src/__tests__/billing/usage-billing.test.ts
[22m[39m◇ injected env (9) from .env.test // tip: ⌘ override existing { override: true }

 [32m✓[39m src/__tests__/lib/services/oqtfDeadlineService.real.test.ts[2m > [22moqtfDeadlineService - TypeDossierCESEDA[2m > [22mdevrait avoir les types de dossiers CESEDA[32m 17[2mms[22m[39m
 [32m✓[39m src/__tests__/lib/services/oqtfDeadlineService.real.test.ts[2m > [22moqtfDeadlineService - TypeDossierCESEDA[2m > [22mdevrait avoir 6 types de dossiers[32m 12[2mms[22m[39m
 [32m✓[39m src/__tests__/lib/services/oqtfDeadlineService.real.test.ts[2m > [22moqtfDeadlineService - identifierTypeDossier[2m > [22mIdentification OQTF[2m > [22mdevrait identifier un texte OQTF typique[32m 2[2mms[22m[39m
 [32m✓[39m src/__tests__/lib/services/oqtfDeadlineService.real.test.ts[2m > [22moqtfDeadlineService - identifierTypeDossier[2m > [22mIdentification OQTF[2m > [22mdevrait identifier les mots-clés OQTF[32m 1[2mms[22m[39m
 [32m✓[39m src/__tests__/lib/services/oqtfDeadlineService.real.test.ts[2m > [22moqtfDeadlineService - identifierTypeDossier[2m > [22mIdentification Refus de titre[2m > [22mdevrait identifier un refus de titre de sejour[32m 1[2mms[22m[39m
 [32m✓[39m src/__tests__/lib/services/oqtfDeadlineService.real.test.ts[2m > [22moqtfDeadlineService - identifierTypeDossier[2m > [22mTexte non reconnu[2m > [22mdevrait retourner null pour un texte sans rapport[32m 1[2mms[22m[39m
 [32m✓[39m src/__tests__/lib/services/oqtfDeadlineService.real.test.ts[2m > [22moqtfDeadlineService - identifierTypeDossier[2m > [22mTexte non reconnu[2m > [22mdevrait retourner null pour un texte vide[32m 1[2mms[22m[39m
 [32m✓[39m src/__tests__/lib/services/oqtfDeadlineService.real.test.ts[2m > [22moqtfDeadlineService - identifierTypeDossier[2m > [22mTexte non reconnu[2m > [22mdevrait retourner null pour un texte trop court[32m 2[2mms[22m[39m
 [32m✓[39m src/__tests__/lib/services/oqtfDeadlineService.real.test.ts[2m > [22moqtfDeadlineService - identifierTypeDossier[2m > [22mConfiance et articles détectés[2m > [22mdevrait inclure les articles détectés[32m 5[2mms[22m[39m
 [32m✓[39m src/__tests__/lib/services/oqtfDeadlineService.real.test.ts[2m > [22moqtfDeadlineService - identifierTypeDossier[2m > [22mConfiance et articles détectés[2m > [22mla confiance devrait être entre 0 et 100[32m 1[2mms[22m[39m
 [32m✓[39m src/__tests__/lib/services/oqtfDeadlineService.real.test.ts[2m > [22moqtfDeadlineService - genererChecklistOQTF[2m > [22mdevrait générer une checklist de base pour OQTF[32m 2[2mms[22m[39m
 [32m✓[39m src/__tests__/lib/services/oqtfDeadlineService.real.test.ts[2m > [22moqtfDeadlineService - genererChecklistOQTF[2m > [22mdevrait inclure des éléments de vérification standard[32m 1[2mms[22m[39m
 [32m✓[39m src/__tests__/lib/services/oqtfDeadlineService.real.test.ts[2m > [22moqtfDeadlineService - genererChecklistOQTF[2m > [22mdevrait signaler une urgence absolue pour délai critique <= 2 jours[32m 1[2mms[22m[39m
 [32m✓[39m src/__tests__/lib/services/oqtfDeadlineService.real.test.ts[2m > [22moqtfDeadlineService - genererChecklistOQTF[2m > [22mdevrait fonctionner pour différents types de dossiers[32m 6[2mms[22m[39m
 [32m✓[39m src/__tests__/lib/services/oqtfDeadlineService.real.test.ts[2m > [22moqtfDeadlineService - genererChecklistOQTF[2m > [22mdevrait gérer une liste de délais vide[32m 1[2mms[22m[39m
 [32m✓[39m src/__tests__/billing/usage-billing.test.ts[2m > [22mrecordUsage[2m > [22mécrit un enregistrement OCR en base avec le bon coût unitaire[32m 13[2mms[22m[39m
 [32m✓[39m src/__tests__/billing/usage-billing.test.ts[2m > [22mrecordUsage[2m > [22mécrit un enregistrement signature avec le bon coût[32m 2[2mms[22m[39m
 [32m✓[39m src/__tests__/billing/usage-billing.test.ts[2m > [22mrecordUsage[2m > [22mécrit un enregistrement SMS avec le bon coût[32m 2[2mms[22m[39m
 [32m✓[39m src/__tests__/billing/usage-billing.test.ts[2m > [22mrecordUsage[2m > [22msérialise les metadata en JSON[32m 2[2mms[22m[39m
 [32m✓[39m src/__tests__/billing/usage-billing.test.ts[2m > [22mrecordUsage[2m > [22mne crash pas si prisma échoue (table inexistante)[32m 3[2mms[22m[39m
 [32m✓[39m src/__tests__/billing/usage-billing.test.ts[2m > [22mgetMonthlyUsage[2m > [22mretourne l'usage agrégé par type[32m 4[2mms[22m[39m
 [32m✓[39m src/__tests__/billing/usage-billing.test.ts[2m > [22mgetMonthlyUsage[2m > [22mretourne un objet vide si aucun usage[32m 2[2mms[22m[39m
 [32m✓[39m src/__tests__/billing/usage-billing.test.ts[2m > [22mgetMonthlyUsage[2m > [22mretourne un objet vide si erreur DB[32m 2[2mms[22m[39m
[90mstdout[2m | src/__tests__/email-filtering.test.ts
[22m[39m◇ injected env (9) from .env.test // tip: ◈ secrets for agents [www.dotenvx.com]

 [32m✓[39m src/__tests__/email-filtering.test.ts[2m > [22mEmail Filtering[2m > [22mClassification[2m > [22mclassifit un email avec "urgent" comme URGENT[32m 7[2mms[22m[39m
 [32m✓[39m src/__tests__/email-filtering.test.ts[2m > [22mEmail Filtering[2m > [22mClassification[2m > [22mclassifie un email normal sans signaux fort[32m 1[2mms[22m[39m
 [32m✓[39m src/__tests__/email-filtering.test.ts[2m > [22mEmail Filtering[2m > [22mClassification[2m > [22mdétecte un spam avec mots-clés promotionnels[32m 1[2mms[22m[39m
 [32m✓[39m src/__tests__/email-filtering.test.ts[2m > [22mEmail Filtering[2m > [22mCustom Rules[2m > [22mapplique une règle "subject contains" correctement[32m 1[2mms[22m[39m
 [32m✓[39m src/__tests__/email-filtering.test.ts[2m > [22mEmail Filtering[2m > [22mCustom Rules[2m > [22mn'applique pas la règle quand la condition ne correspond pas[32m 1[2mms[22m[39m
 [32m✓[39m src/__tests__/email-filtering.test.ts[2m > [22mEmail Filtering[2m > [22mCustom Rules[2m > [22mcombine plusieurs règles et retourne uniquement les règles correspondantes[32m 3[2mms[22m[39m
 [32m✓[39m src/__tests__/email-filtering.test.ts[2m > [22mEmail Filtering[2m > [22mAutomatic Application[2m > [22mapplique automatiquement les filtres à la réception (0 filtre = 0 action)[32m 1[2mms[22m[39m
 [32m✓[39m src/__tests__/email-filtering.test.ts[2m > [22mEmail Filtering[2m > [22mAutomatic Application[2m > [22mapplique automatiquement les filtres à la réception (filtre match)[32m 2[2mms[22m[39m
[90mstdout[2m | src/__tests__/utils/cache-utils.test.ts
[22m[39m◇ injected env (9) from .env.test // tip: ◈ encrypted .env [www.dotenvx.com]

[90mstdout[2m | src/__tests__/lib/error-handler.test.ts
[22m[39m◇ injected env (9) from .env.test // tip: ⌘ custom filepath { path: '/custom/path/.env' }

 [32m✓[39m src/__tests__/utils/cache-utils.test.ts[2m > [22mCache Utils[2m > [22mSimple Cache[2m > [22mdevrait stocker et récupérer des valeurs[32m 13[2mms[22m[39m
 [32m✓[39m src/__tests__/utils/cache-utils.test.ts[2m > [22mCache Utils[2m > [22mSimple Cache[2m > [22mdevrait retourner undefined pour clé inexistante[32m 6[2mms[22m[39m
 [32m✓[39m src/__tests__/utils/cache-utils.test.ts[2m > [22mCache Utils[2m > [22mSimple Cache[2m > [22mdevrait vérifier l'existence d'une clé[32m 9[2mms[22m[39m
 [32m✓[39m src/__tests__/utils/cache-utils.test.ts[2m > [22mCache Utils[2m > [22mSimple Cache[2m > [22mdevrait supprimer une clé[32m 1[2mms[22m[39m
 [32m✓[39m src/__tests__/utils/cache-utils.test.ts[2m > [22mCache Utils[2m > [22mSimple Cache[2m > [22mdevrait vider le cache[32m 1[2mms[22m[39m
 [32m✓[39m src/__tests__/utils/cache-utils.test.ts[2m > [22mCache Utils[2m > [22mLRU Cache[2m > [22mdevrait respecter la taille maximale[32m 1[2mms[22m[39m
 [32m✓[39m src/__tests__/utils/cache-utils.test.ts[2m > [22mCache Utils[2m > [22mLRU Cache[2m > [22mdevrait garder les éléments récemment utilisés[32m 12[2mms[22m[39m
 [32m✓[39m src/__tests__/utils/cache-utils.test.ts[2m > [22mCache Utils[2m > [22mTTL Cache[2m > [22mdevrait stocker avec TTL[32m 1[2mms[22m[39m
 [32m✓[39m src/__tests__/utils/cache-utils.test.ts[2m > [22mCache Utils[2m > [22mTTL Cache[2m > [22mdevrait expirer après TTL[32m 20[2mms[22m[39m
 [32m✓[39m src/__tests__/utils/cache-utils.test.ts[2m > [22mCache Utils[2m > [22mMemoization[2m > [22mdevrait mémoriser les résultats[32m 1[2mms[22m[39m
 [32m✓[39m src/__tests__/utils/cache-utils.test.ts[2m > [22mCache Utils[2m > [22mMemoization[2m > [22mdevrait différencier les arguments[32m 10[2mms[22m[39m
 [32m✓[39m src/__tests__/utils/cache-utils.test.ts[2m > [22mCache Utils[2m > [22mCache Statistics[2m > [22mdevrait tracker les hits et misses[32m 1[2mms[22m[39m
 [32m✓[39m src/__tests__/utils/cache-utils.test.ts[2m > [22mCache Utils[2m > [22mCache Statistics[2m > [22mdevrait calculer le hit rate[32m 2[2mms[22m[39m
 [32m✓[39m src/__tests__/utils/cache-utils.test.ts[2m > [22mCache Utils[2m > [22mMulti-Level Cache[2m > [22mdevrait stocker dans les deux niveaux[32m 1[2mms[22m[39m
 [32m✓[39m src/__tests__/utils/cache-utils.test.ts[2m > [22mCache Utils[2m > [22mCache Key Generation[2m > [22mdevrait générer une clé depuis des primitives[32m 2[2mms[22m[39m
 [32m✓[39m src/__tests__/utils/cache-utils.test.ts[2m > [22mCache Utils[2m > [22mCache Key Generation[2m > [22mdevrait gérer les objets[32m 1[2mms[22m[39m
 [32m✓[39m src/__tests__/utils/cache-utils.test.ts[2m > [22mCache Utils[2m > [22mCache Warming[2m > [22mdevrait pré-remplir le cache[32m 1[2mms[22m[39m
 [32m✓[39m src/__tests__/utils/cache-utils.test.ts[2m > [22mCache Utils[2m > [22mAsync Cache[2m > [22mdevrait éviter les appels redondants[32m 1[2mms[22m[39m
 [32m✓[39m src/__tests__/utils/cache-utils.test.ts[2m > [22mCache Utils[2m > [22mCache Invalidation[2m > [22mdevrait invalider par tag[32m 2[2mms[22m[39m
 [32m✓[39m src/__tests__/lib/error-handler.test.ts[2m > [22mError Handler[2m > [22mErrorCategory enum[2m > [22mdevrait avoir toutes les catégories[32m 9[2mms[22m[39m
 [32m✓[39m src/__tests__/lib/error-handler.test.ts[2m > [22mError Handler[2m > [22mclassifyError[2m > [22mErreurs réseau[2m > [22mdevrait classifier les erreurs fetch[32m 12[2mms[22m[39m
 [32m✓[39m src/__tests__/lib/error-handler.test.ts[2m > [22mError Handler[2m > [22mclassifyError[2m > [22mErreurs réseau[2m > [22mdevrait classifier les erreurs network[32m 1[2mms[22m[39m
 [32m✓[39m src/__tests__/lib/error-handler.test.ts[2m > [22mError Handler[2m > [22mclassifyError[2m > [22mErreurs réseau[2m > [22mdevrait classifier les erreurs timeout[32m 4[2mms[22m[39m
 [32m✓[39m src/__tests__/lib/error-handler.test.ts[2m > [22mError Handler[2m > [22mclassifyError[2m > [22mErreurs réseau[2m > [22mdevrait classifier ECONNREFUSED[32m 1[2mms[22m[39m
 [32m✓[39m src/__tests__/lib/error-handler.test.ts[2m > [22mError Handler[2m > [22mclassifyError[2m > [22mErreurs réseau[2m > [22mdevrait classifier ENOTFOUND[32m 1[2mms[22m[39m
 [32m✓[39m src/__tests__/lib/error-handler.test.ts[2m > [22mError Handler[2m > [22mclassifyError[2m > [22mErreurs d'authentification[2m > [22mdevrait classifier les erreurs 401[32m 1[2mms[22m[39m
 [32m✓[39m src/__tests__/lib/error-handler.test.ts[2m > [22mError Handler[2m > [22mclassifyError[2m > [22mErreurs d'authentification[2m > [22mdevrait classifier les erreurs unauthorized[32m 14[2mms[22m[39m
 [32m✓[39m src/__tests__/lib/error-handler.test.ts[2m > [22mError Handler[2m > [22mclassifyError[2m > [22mErreurs d'autorisation[2m > [22mdevrait classifier les erreurs 403[32m 1[2mms[22m[39m
 [32m✓[39m src/__tests__/lib/error-handler.test.ts[2m > [22mError Handler[2m > [22mclassifyError[2m > [22mErreurs d'autorisation[2m > [22mdevrait classifier les erreurs forbidden[32m 1[2mms[22m[39m
 [32m✓[39m src/__tests__/lib/error-handler.test.ts[2m > [22mError Handler[2m > [22mclassifyError[2m > [22mErreurs par défaut[2m > [22mdevrait classifier les erreurs inconnues[32m 5[2mms[22m[39m
 [32m✓[39m src/__tests__/lib/error-handler.test.ts[2m > [22mError Handler[2m > [22mclassifyError[2m > [22mErreurs par défaut[2m > [22mdevrait gérer les non-Error[32m 1[2mms[22m[39m
 [32m✓[39m src/__tests__/lib/error-handler.test.ts[2m > [22mError Handler[2m > [22mclassifyError[2m > [22mErreurs par défaut[2m > [22mdevrait gérer null[32m 1[2mms[22m[39m
 [32m✓[39m src/__tests__/lib/error-handler.test.ts[2m > [22mError Handler[2m > [22mclassifyError[2m > [22mErreurs par défaut[2m > [22mdevrait gérer undefined[32m 0[2mms[22m[39m
 [32m✓[39m src/__tests__/lib/error-handler.test.ts[2m > [22mError Handler[2m > [22mclassifyError[2m > [22mErreurs par défaut[2m > [22mdevrait gérer les objets[32m 5[2mms[22m[39m
 [32m✓[39m src/__tests__/lib/error-handler.test.ts[2m > [22mError Handler[2m > [22mclassifyError[2m > [22mStructure ClassifiedError[2m > [22mdevrait toujours avoir les propriétés requises[32m 3[2mms[22m[39m
 [32m✓[39m src/__tests__/lib/error-handler.test.ts[2m > [22mError Handler[2m > [22mclassifyError[2m > [22mStructure ClassifiedError[2m > [22mdevrait avoir un userMessage en français[32m 5[2mms[22m[39m
 [32m✓[39m src/__tests__/lib/error-handler.test.ts[2m > [22mError Handler[2m > [22mclassifyError[2m > [22mSuggestions[2m > [22mdevrait fournir des suggestions pour erreurs réseau[32m 1[2mms[22m[39m
 [32m✓[39m src/__tests__/lib/error-handler.test.ts[2m > [22mError Handler[2m > [22mclassifyError[2m > [22mSuggestions[2m > [22mdevrait fournir des suggestions pour erreurs auth[32m 1[2mms[22m[39m
 [32m✓[39m src/__tests__/lib/error-handler.test.ts[2m > [22mError Handler[2m > [22mclassifyError[2m > [22mRetry logic[2m > [22mdevrait permettre retry pour erreurs réseau[32m 1[2mms[22m[39m
 [32m✓[39m src/__tests__/lib/error-handler.test.ts[2m > [22mError Handler[2m > [22mclassifyError[2m > [22mRetry logic[2m > [22mne devrait pas permettre retry pour erreurs auth[32m 1[2mms[22m[39m
 [32m✓[39m src/__tests__/lib/error-handler.test.ts[2m > [22mError Handler[2m > [22mclassifyError[2m > [22mRetry logic[2m > [22mdevrait permettre retry par défaut pour erreurs inconnues[32m 1[2mms[22m[39m
 [32m✓[39m src/__tests__/lib/error-handler.test.ts[2m > [22mError Handler[2m > [22mCas d'utilisation réels[2m > [22mdevrait classifier une erreur API timeout[32m 1[2mms[22m[39m
 [32m✓[39m src/__tests__/lib/error-handler.test.ts[2m > [22mError Handler[2m > [22mCas d'utilisation réels[2m > [22mdevrait classifier une erreur de session expirée[32m 1[2mms[22m[39m
 [32m✓[39m src/__tests__/lib/error-handler.test.ts[2m > [22mError Handler[2m > [22mCas d'utilisation réels[2m > [22mdevrait classifier un accès refusé au dossier[32m 1[2mms[22m[39m
 [32m✓[39m src/__tests__/lib/error-handler.test.ts[2m > [22mError Handler[2m > [22mCas d'utilisation réels[2m > [22mdevrait gérer les erreurs Prisma[32m 8[2mms[22m[39m
[90mstdout[2m | src/__tests__/utils/siren-siret-utils.test.ts
[22m[39m◇ injected env (9) from .env.test // tip: ⌘ enable debugging { debug: true }

[90mstdout[2m | src/__tests__/utils/file-utils.test.ts
[22m[39m◇ injected env (9) from .env.test // tip: ⌘ override existing { override: true }

 [32m✓[39m src/__tests__/utils/siren-siret-utils.test.ts[2m > [22mSIREN/SIRET Validation Utils[2m > [22mSIREN Validation[2m > [22mdevrait valider un SIREN correct[32m 22[2mms[22m[39m
 [32m✓[39m src/__tests__/utils/siren-siret-utils.test.ts[2m > [22mSIREN/SIRET Validation Utils[2m > [22mSIREN Validation[2m > [22mdevrait valider avec espaces[32m 1[2mms[22m[39m
 [32m✓[39m src/__tests__/utils/siren-siret-utils.test.ts[2m > [22mSIREN/SIRET Validation Utils[2m > [22mSIREN Validation[2m > [22mdevrait rejeter un SIREN trop court[32m 12[2mms[22m[39m
 [32m✓[39m src/__tests__/utils/siren-siret-utils.test.ts[2m > [22mSIREN/SIRET Validation Utils[2m > [22mSIREN Validation[2m > [22mdevrait rejeter un SIREN trop long[32m 1[2mms[22m[39m
 [32m✓[39m src/__tests__/utils/siren-siret-utils.test.ts[2m > [22mSIREN/SIRET Validation Utils[2m > [22mSIREN Validation[2m > [22mdevrait rejeter un SIREN avec lettres[32m 1[2mms[22m[39m
 [32m✓[39m src/__tests__/utils/siren-siret-utils.test.ts[2m > [22mSIREN/SIRET Validation Utils[2m > [22mSIREN Validation[2m > [22mdevrait rejeter un SIREN avec checksum invalide[32m 1[2mms[22m[39m
 [32m✓[39m src/__tests__/utils/siren-siret-utils.test.ts[2m > [22mSIREN/SIRET Validation Utils[2m > [22mSIRET Validation[2m > [22mdevrait valider un SIRET correct[32m 1[2mms[22m[39m
 [32m✓[39m src/__tests__/utils/siren-siret-utils.test.ts[2m > [22mSIREN/SIRET Validation Utils[2m > [22mSIRET Validation[2m > [22mdevrait valider avec espaces[32m 1[2mms[22m[39m
 [32m✓[39m src/__tests__/utils/siren-siret-utils.test.ts[2m > [22mSIREN/SIRET Validation Utils[2m > [22mSIRET Validation[2m > [22mdevrait rejeter un SIRET trop court[32m 1[2mms[22m[39m
 [32m✓[39m src/__tests__/utils/siren-siret-utils.test.ts[2m > [22mSIREN/SIRET Validation Utils[2m > [22mSIRET Validation[2m > [22mdevrait rejeter un SIRET avec lettres[32m 1[2mms[22m[39m
 [32m✓[39m src/__tests__/utils/siren-siret-utils.test.ts[2m > [22mSIREN/SIRET Validation Utils[2m > [22mTVA Intracommunautaire[2m > [22mdevrait valider un numéro TVA correct[32m 12[2mms[22m[39m
 [32m✓[39m src/__tests__/utils/siren-siret-utils.test.ts[2m > [22mSIREN/SIRET Validation Utils[2m > [22mTVA Intracommunautaire[2m > [22mdevrait rejeter un format invalide[32m 1[2mms[22m[39m
 [32m✓[39m src/__tests__/utils/siren-siret-utils.test.ts[2m > [22mSIREN/SIRET Validation Utils[2m > [22mTVA Intracommunautaire[2m > [22mdevrait rejeter sans préfixe FR[32m 1[2mms[22m[39m
 [32m✓[39m src/__tests__/utils/siren-siret-utils.test.ts[2m > [22mSIREN/SIRET Validation Utils[2m > [22mRCS Number[2m > [22mdevrait parser un RCS valide[32m 2[2mms[22m[39m
 [32m✓[39m src/__tests__/utils/siren-siret-utils.test.ts[2m > [22mSIREN/SIRET Validation Utils[2m > [22mRCS Number[2m > [22mdevrait gérer les espaces dans le SIREN[32m 1[2mms[22m[39m
 [32m✓[39m src/__tests__/utils/siren-siret-utils.test.ts[2m > [22mSIREN/SIRET Validation Utils[2m > [22mRCS Number[2m > [22mdevrait retourner null pour format invalide[32m 1[2mms[22m[39m
 [32m✓[39m src/__tests__/utils/siren-siret-utils.test.ts[2m > [22mSIREN/SIRET Validation Utils[2m > [22mFormat SIREN/SIRET[2m > [22mdevrait formater un SIREN[32m 1[2mms[22m[39m
 [32m✓[39m src/__tests__/utils/siren-siret-utils.test.ts[2m > [22mSIREN/SIRET Validation Utils[2m > [22mFormat SIREN/SIRET[2m > [22mdevrait formater un SIRET[32m 1[2mms[22m[39m
 [32m✓[39m src/__tests__/utils/siren-siret-utils.test.ts[2m > [22mSIREN/SIRET Validation Utils[2m > [22mNAF/APE Code Validation[2m > [22mdevrait valider un code NAF[32m 1[2mms[22m[39m
 [32m✓[39m src/__tests__/utils/siren-siret-utils.test.ts[2m > [22mSIREN/SIRET Validation Utils[2m > [22mNAF/APE Code Validation[2m > [22mdevrait rejeter un code NAF invalide[32m 7[2mms[22m[39m
 [32m✓[39m src/__tests__/utils/siren-siret-utils.test.ts[2m > [22mSIREN/SIRET Validation Utils[2m > [22mNAF/APE Code Validation[2m > [22mdevrait identifier la catégorie[32m 1[2mms[22m[39m
 [32m✓[39m src/__tests__/utils/siren-siret-utils.test.ts[2m > [22mSIREN/SIRET Validation Utils[2m > [22mCompany ID Extraction[2m > [22mdevrait extraire les identifiants[32m 3[2mms[22m[39m
 [32m✓[39m src/__tests__/utils/siren-siret-utils.test.ts[2m > [22mSIREN/SIRET Validation Utils[2m > [22mSIREN to SIRET[2m > [22mdevrait créer un SIRET depuis un SIREN[32m 1[2mms[22m[39m
 [32m✓[39m src/__tests__/utils/siren-siret-utils.test.ts[2m > [22mSIREN/SIRET Validation Utils[2m > [22mSIREN to SIRET[2m > [22mdevrait utiliser NIC par défaut[32m 1[2mms[22m[39m
 [32m✓[39m src/__tests__/utils/siren-siret-utils.test.ts[2m > [22mSIREN/SIRET Validation Utils[2m > [22mSIRET to SIREN[2m > [22mdevrait extraire le SIREN[32m 0[2mms[22m[39m
 [32m✓[39m src/__tests__/utils/siren-siret-utils.test.ts[2m > [22mSIREN/SIRET Validation Utils[2m > [22mSIRET to SIREN[2m > [22mdevrait extraire le NIC[32m 0[2mms[22m[39m
 [32m✓[39m src/__tests__/utils/siren-siret-utils.test.ts[2m > [22mSIREN/SIRET Validation Utils[2m > [22mCompany Type Detection[2m > [22mdevrait détecter SAS[32m 1[2mms[22m[39m
 [32m✓[39m src/__tests__/utils/siren-siret-utils.test.ts[2m > [22mSIREN/SIRET Validation Utils[2m > [22mCompany Type Detection[2m > [22mdevrait détecter SARL[32m 1[2mms[22m[39m
 [32m✓[39m src/__tests__/utils/siren-siret-utils.test.ts[2m > [22mSIREN/SIRET Validation Utils[2m > [22mCompany Type Detection[2m > [22mdevrait détecter SASU[32m 12[2mms[22m[39m
 [32m✓[39m src/__tests__/utils/siren-siret-utils.test.ts[2m > [22mSIREN/SIRET Validation Utils[2m > [22mCompany Type Detection[2m > [22mdevrait retourner UNKNOWN pour type non reconnu[32m 2[2mms[22m[39m
 [32m✓[39m src/__tests__/utils/siren-siret-utils.test.ts[2m > [22mSIREN/SIRET Validation Utils[2m > [22mValidation Error Messages[2m > [22mdevrait retourner un message pour SIREN vide[32m 3[2mms[22m[39m
 [32m✓[39m src/__tests__/utils/siren-siret-utils.test.ts[2m > [22mSIREN/SIRET Validation Utils[2m > [22mValidation Error Messages[2m > [22mdevrait retourner un message pour longueur incorrecte[32m 1[2mms[22m[39m
 [32m✓[39m src/__tests__/utils/file-utils.test.ts[2m > [22mFile Utils[2m > [22mExtension Extraction[2m > [22mdevrait extraire l'extension simple[32m 16[2mms[22m[39m
 [32m✓[39m src/__tests__/utils/file-utils.test.ts[2m > [22mFile Utils[2m > [22mExtension Extraction[2m > [22mdevrait gérer les extensions multiples[32m 1[2mms[22m[39m
 [32m✓[39m src/__tests__/utils/file-utils.test.ts[2m > [22mFile Utils[2m > [22mExtension Extraction[2m > [22mdevrait retourner vide sans extension[32m 1[2mms[22m[39m
 [32m✓[39m src/__tests__/utils/file-utils.test.ts[2m > [22mFile Utils[2m > [22mExtension Extraction[2m > [22mdevrait gérer les fichiers cachés[32m 1[2mms[22m[39m
 [32m✓[39m src/__tests__/utils/file-utils.test.ts[2m > [22mFile Utils[2m > [22mExtension Extraction[2m > [22mdevrait mettre en minuscules[32m 1[2mms[22m[39m
 [32m✓[39m src/__tests__/utils/file-utils.test.ts[2m > [22mFile Utils[2m > [22mFilename Without Extension[2m > [22mdevrait extraire le nom de base[32m 1[2mms[22m[39m
 [32m✓[39m src/__tests__/utils/file-utils.test.ts[2m > [22mFile Utils[2m > [22mFilename Without Extension[2m > [22mdevrait gérer les points multiples[32m 1[2mms[22m[39m
 [32m✓[39m src/__tests__/utils/file-utils.test.ts[2m > [22mFile Utils[2m > [22mMIME Type Detection[2m > [22mdevrait retourner le MIME type pour PDF[32m 1[2mms[22m[39m
 [32m✓[39m src/__tests__/utils/file-utils.test.ts[2m > [22mFile Utils[2m > [22mMIME Type Detection[2m > [22mdevrait retourner le MIME type pour images[32m 7[2mms[22m[39m
 [32m✓[39m src/__tests__/utils/file-utils.test.ts[2m > [22mFile Utils[2m > [22mMIME Type Detection[2m > [22mdevrait retourner octet-stream pour extension inconnue[32m 1[2mms[22m[39m
 [32m✓[39m src/__tests__/utils/file-utils.test.ts[2m > [22mFile Utils[2m > [22mFile Size Formatting[2m > [22mdevrait formater les bytes[32m 1[2mms[22m[39m
 [32m✓[39m src/__tests__/utils/file-utils.test.ts[2m > [22mFile Utils[2m > [22mFile Size Formatting[2m > [22mdevrait formater les KB[32m 1[2mms[22m[39m
 [32m✓[39m src/__tests__/utils/file-utils.test.ts[2m > [22mFile Utils[2m > [22mFile Size Formatting[2m > [22mdevrait formater les MB[32m 1[2mms[22m[39m
 [32m✓[39m src/__tests__/utils/file-utils.test.ts[2m > [22mFile Utils[2m > [22mFile Size Formatting[2m > [22mdevrait formater les GB[32m 1[2mms[22m[39m
 [32m✓[39m src/__tests__/utils/file-utils.test.ts[2m > [22mFile Utils[2m > [22mFile Size Formatting[2m > [22mdevrait gérer 0[32m 0[2mms[22m[39m
 [32m✓[39m src/__tests__/utils/file-utils.test.ts[2m > [22mFile Utils[2m > [22mParse File Size[2m > [22mdevrait parser KB[32m 1[2mms[22m[39m
 [32m✓[39m src/__tests__/utils/file-utils.test.ts[2m > [22mFile Utils[2m > [22mParse File Size[2m > [22mdevrait parser MB[32m 1[2mms[22m[39m
 [32m✓[39m src/__tests__/utils/file-utils.test.ts[2m > [22mFile Utils[2m > [22mParse File Size[2m > [22mdevrait gérer les décimales[32m 1[2mms[22m[39m
 [32m✓[39m src/__tests__/utils/file-utils.test.ts[2m > [22mFile Utils[2m > [22mFile Type Categories[2m > [22mdevrait catégoriser les documents[32m 1[2mms[22m[39m
 [32m✓[39m src/__tests__/utils/file-utils.test.ts[2m > [22mFile Utils[2m > [22mFile Type Categories[2m > [22mdevrait catégoriser les images[32m 1[2mms[22m[39m
 [32m✓[39m src/__tests__/utils/file-utils.test.ts[2m > [22mFile Utils[2m > [22mFile Type Categories[2m > [22mdevrait catégoriser les tableurs[32m 13[2mms[22m[39m
 [32m✓[39m src/__tests__/utils/file-utils.test.ts[2m > [22mFile Utils[2m > [22mFile Type Categories[2m > [22mdevrait retourner other pour extension inconnue[32m 1[2mms[22m[39m
 [32m✓[39m src/__tests__/utils/file-utils.test.ts[2m > [22mFile Utils[2m > [22mFile Validation[2m > [22mdevrait valider un fichier conforme[32m 1[2mms[22m[39m
 [32m✓[39m src/__tests__/utils/file-utils.test.ts[2m > [22mFile Utils[2m > [22mFile Validation[2m > [22mdevrait rejeter un fichier trop gros[32m 1[2mms[22m[39m
 [32m✓[39m src/__tests__/utils/file-utils.test.ts[2m > [22mFile Utils[2m > [22mFile Validation[2m > [22mdevrait rejeter un type non autorisé[32m 14[2mms[22m[39m
 [32m✓[39m src/__tests__/utils/file-utils.test.ts[2m > [22mFile Utils[2m > [22mUnique Filename Generation[2m > [22mdevrait retourner le nom original si unique[32m 1[2mms[22m[39m
 [32m✓[39m src/__tests__/utils/file-utils.test.ts[2m > [22mFile Utils[2m > [22mUnique Filename Generation[2m > [22mdevrait ajouter un numéro si existant[32m 1[2mms[22m[39m
 [32m✓[39m src/__tests__/utils/file-utils.test.ts[2m > [22mFile Utils[2m > [22mUnique Filename Generation[2m > [22mdevrait incrémenter le numéro[32m 1[2mms[22m[39m
 [32m✓[39m src/__tests__/utils/file-utils.test.ts[2m > [22mFile Utils[2m > [22mPath Utilities[2m > [22mdevrait extraire le répertoire[32m 1[2mms[22m[39m
 [32m✓[39m src/__tests__/utils/file-utils.test.ts[2m > [22mFile Utils[2m > [22mPath Utilities[2m > [22mdevrait extraire le nom de fichier[32m 1[2mms[22m[39m
 [32m✓[39m src/__tests__/utils/file-utils.test.ts[2m > [22mFile Utils[2m > [22mPath Utilities[2m > [22mdevrait joindre les chemins[32m 1[2mms[22m[39m
 [32m✓[39m src/__tests__/utils/file-utils.test.ts[2m > [22mFile Utils[2m > [22mPath Utilities[2m > [22mdevrait normaliser les slashes multiples[32m 0[2mms[22m[39m
 [32m✓[39m src/__tests__/utils/file-utils.test.ts[2m > [22mFile Utils[2m > [22mSafe Filename[2m > [22mdevrait remplacer les caractères interdits[32m 12[2mms[22m[39m
 [32m✓[39m src/__tests__/utils/file-utils.test.ts[2m > [22mFile Utils[2m > [22mSafe Filename[2m > [22mdevrait remplacer les espaces[32m 1[2mms[22m[39m
 [32m✓[39m src/__tests__/utils/file-utils.test.ts[2m > [22mFile Utils[2m > [22mFile Icon Selection[2m > [22mdevrait retourner l'icône PDF[32m 1[2mms[22m[39m
 [32m✓[39m src/__tests__/utils/file-utils.test.ts[2m > [22mFile Utils[2m > [22mFile Icon Selection[2m > [22mdevrait retourner l'icône image[32m 0[2mms[22m[39m
 [32m✓[39m src/__tests__/utils/file-utils.test.ts[2m > [22mFile Utils[2m > [22mFile Icon Selection[2m > [22mdevrait retourner l'icône par défaut[32m 0[2mms[22m[39m
 [32m✓[39m src/__tests__/utils/file-utils.test.ts[2m > [22mFile Utils[2m > [22mData URL Generation[2m > [22mdevrait créer un data URL[32m 1[2mms[22m[39m
[90mstdout[2m | src/__tests__/hooks/hooks-logic-extended.test.ts
[22m[39m◇ injected env (9) from .env.test // tip: ⌘ enable debugging { debug: true }

 [32m✓[39m src/__tests__/hooks/hooks-logic-extended.test.ts[2m > [22mHooks Logic Extended - Pure Unit Tests[2m > [22museDebounce logic[2m > [22mshould debounce value changes[32m 22[2mms[22m[39m
 [32m✓[39m src/__tests__/hooks/hooks-logic-extended.test.ts[2m > [22mHooks Logic Extended - Pure Unit Tests[2m > [22museLocalStorage logic[2m > [22mshould serialize and deserialize values[32m 1[2mms[22m[39m
 [32m✓[39m src/__tests__/hooks/hooks-logic-extended.test.ts[2m > [22mHooks Logic Extended - Pure Unit Tests[2m > [22musePagination logic[2m > [22mshould calculate pagination state[32m 2[2mms[22m[39m
 [32m✓[39m src/__tests__/hooks/hooks-logic-extended.test.ts[2m > [22mHooks Logic Extended - Pure Unit Tests[2m > [22museFilter logic[2m > [22mshould apply multiple filters[32m 1[2mms[22m[39m
 [32m✓[39m src/__tests__/hooks/hooks-logic-extended.test.ts[2m > [22mHooks Logic Extended - Pure Unit Tests[2m > [22museAsync logic[2m > [22mshould track async state[32m 1[2mms[22m[39m
 [32m✓[39m src/__tests__/hooks/hooks-logic-extended.test.ts[2m > [22mHooks Logic Extended - Pure Unit Tests[2m > [22museInfiniteScroll logic[2m > [22mshould check if should load more[32m 5[2mms[22m[39m
 [32m✓[39m src/__tests__/hooks/hooks-logic-extended.test.ts[2m > [22mHooks Logic Extended - Pure Unit Tests[2m > [22museMediaQuery logic[2m > [22mshould check breakpoints[32m 1[2mms[22m[39m
 [32m✓[39m src/__tests__/hooks/hooks-logic-extended.test.ts[2m > [22mHooks Logic Extended - Pure Unit Tests[2m > [22museClickOutside logic[2m > [22mshould check if click is outside[32m 2[2mms[22m[39m
 [32m✓[39m src/__tests__/hooks/hooks-logic-extended.test.ts[2m > [22mHooks Logic Extended - Pure Unit Tests[2m > [22museForm logic[2m > [22mshould validate form fields[32m 3[2mms[22m[39m
 [32m✓[39m src/__tests__/hooks/hooks-logic-extended.test.ts[2m > [22mHooks Logic Extended - Pure Unit Tests[2m > [22museForm logic[2m > [22mshould track dirty fields[32m 7[2mms[22m[39m
 [32m✓[39m src/__tests__/hooks/hooks-logic-extended.test.ts[2m > [22mHooks Logic Extended - Pure Unit Tests[2m > [22museInterval logic[2m > [22mshould calculate intervals[32m 5[2mms[22m[39m
[90mstdout[2m | src/__tests__/api/webhooks/github.test.ts
[22m[39m◇ injected env (9) from .env.test // tip: ⌘ custom filepath { path: '/custom/path/.env' }

 [32m✓[39m src/__tests__/api/webhooks/github.test.ts[2m > [22mGitHub Webhook — Signature HMAC[2m > [22maccepte une signature valide[32m 7[2mms[22m[39m
 [32m✓[39m src/__tests__/api/webhooks/github.test.ts[2m > [22mGitHub Webhook — Signature HMAC[2m > [22mrejette une signature invalide[32m 10[2mms[22m[39m
 [32m✓[39m src/__tests__/api/webhooks/github.test.ts[2m > [22mGitHub Webhook — Signature HMAC[2m > [22mrejette si signature absente[32m 1[2mms[22m[39m
 [32m✓[39m src/__tests__/api/webhooks/github.test.ts[2m > [22mGitHub Webhook — Signature HMAC[2m > [22mrejette si signature ne commence pas par sha256=[32m 5[2mms[22m[39m
 [32m✓[39m src/__tests__/api/webhooks/github.test.ts[2m > [22mGitHub Webhook — Signature HMAC[2m > [22mrejette si secret est vide[32m 10[2mms[22m[39m
 [32m✓[39m src/__tests__/api/webhooks/github.test.ts[2m > [22mGitHub Webhook — Signature HMAC[2m > [22mrésiste au timing attack (même longueur)[32m 3[2mms[22m[39m
 [32m✓[39m src/__tests__/api/webhooks/github.test.ts[2m > [22mGitHub Webhook — Signature HMAC[2m > [22mrejette si le payload a été modifié après signature[32m 17[2mms[22m[39m
 [32m✓[39m src/__tests__/api/webhooks/github.test.ts[2m > [22mGitHub Webhook — Événements[2m > [22mgère événement ping[32m 9[2mms[22m[39m
 [32m✓[39m src/__tests__/api/webhooks/github.test.ts[2m > [22mGitHub Webhook — Événements[2m > [22mgère événement push[32m 6[2mms[22m[39m
 [32m✓[39m src/__tests__/api/webhooks/github.test.ts[2m > [22mGitHub Webhook — Événements[2m > [22mgère événement pull_request[32m 11[2mms[22m[39m
 [32m✓[39m src/__tests__/api/webhooks/github.test.ts[2m > [22mGitHub Webhook — Événements[2m > [22mgère événement issues[32m 1[2mms[22m[39m
 [32m✓[39m src/__tests__/api/webhooks/github.test.ts[2m > [22mGitHub Webhook — Événements[2m > [22mgère événement inconnu (graceful)[32m 1[2mms[22m[39m
 [32m✓[39m src/__tests__/api/webhooks/github.test.ts[2m > [22mGitHub Webhook — Événements[2m > [22mretourne 400 si event type manquant[32m 3[2mms[22m[39m
[90mstdout[2m | src/__tests__/components/ui/Tabs.test.tsx
[22m[39m◇ injected env (9) from .env.test // tip: ⌘ override existing { override: true }

[90mstdout[2m | src/__tests__/lib/metadata.extended.test.ts
[22m[39m◇ injected env (9) from .env.test // tip: ⌘ suppress logs { quiet: true }

[90mstdout[2m | src/__tests__/lib/services/searchService.test.ts
[22m[39m◇ injected env (9) from .env.test // tip: ⌘ suppress logs { quiet: true }

 [32m✓[39m src/__tests__/components/ui/Tabs.test.tsx[2m > [22mTabs Component[2m > [22mRendering & Interaction[2m > [22mshould render tabs with labels[32m 10[2mms[22m[39m
 [32m✓[39m src/__tests__/components/ui/Tabs.test.tsx[2m > [22mTabs Component[2m > [22mRendering & Interaction[2m > [22mshould handle tab switching[32m 3[2mms[22m[39m
 [32m✓[39m src/__tests__/components/ui/Tabs.test.tsx[2m > [22mTabs Component[2m > [22mRendering & Interaction[2m > [22mshould display correct content for each tab[32m 3[2mms[22m[39m
 [32m✓[39m src/__tests__/components/ui/Tabs.test.tsx[2m > [22mTabs Component[2m > [22mRendering & Interaction[2m > [22mshould handle keyboard navigation[32m 2[2mms[22m[39m
 [32m✓[39m src/__tests__/lib/metadata.extended.test.ts[2m > [22mMetadata - Pure Unit Tests[2m > [22mpage metadata[2m > [22mshould generate page title[32m 10[2mms[22m[39m
 [32m✓[39m src/__tests__/lib/metadata.extended.test.ts[2m > [22mMetadata - Pure Unit Tests[2m > [22mpage metadata[2m > [22mshould generate meta description[32m 3[2mms[22m[39m
 [32m✓[39m src/__tests__/lib/metadata.extended.test.ts[2m > [22mMetadata - Pure Unit Tests[2m > [22mOpenGraph metadata[2m > [22mshould create OpenGraph object[32m 9[2mms[22m[39m
 [32m✓[39m src/__tests__/lib/metadata.extended.test.ts[2m > [22mMetadata - Pure Unit Tests[2m > [22mOpenGraph metadata[2m > [22mshould create image metadata[32m 1[2mms[22m[39m
 [32m✓[39m src/__tests__/lib/metadata.extended.test.ts[2m > [22mMetadata - Pure Unit Tests[2m > [22mTwitter metadata[2m > [22mshould create Twitter card[32m 2[2mms[22m[39m
 [32m✓[39m src/__tests__/lib/metadata.extended.test.ts[2m > [22mMetadata - Pure Unit Tests[2m > [22mrobots metadata[2m > [22mshould generate robots directives[32m 1[2mms[22m[39m
 [32m✓[39m src/__tests__/lib/metadata.extended.test.ts[2m > [22mMetadata - Pure Unit Tests[2m > [22mcanonical URL[2m > [22mshould generate canonical URL[32m 2[2mms[22m[39m
 [32m✓[39m src/__tests__/lib/metadata.extended.test.ts[2m > [22mMetadata - Pure Unit Tests[2m > [22mstructured data[2m > [22mshould create JSON-LD for organization[32m 1[2mms[22m[39m
 [32m✓[39m src/__tests__/lib/metadata.extended.test.ts[2m > [22mMetadata - Pure Unit Tests[2m > [22mstructured data[2m > [22mshould create JSON-LD for software[32m 2[2mms[22m[39m
 [32m✓[39m src/__tests__/lib/metadata.extended.test.ts[2m > [22mMetadata - Pure Unit Tests[2m > [22malternate links[2m > [22mshould create language alternates[32m 1[2mms[22m[39m
 [32m✓[39m src/__tests__/lib/metadata.extended.test.ts[2m > [22mMetadata - Pure Unit Tests[2m > [22mviewport[2m > [22mshould create viewport meta[32m 1[2mms[22m[39m
 [32m✓[39m src/__tests__/lib/metadata.extended.test.ts[2m > [22mMetadata - Pure Unit Tests[2m > [22micons[2m > [22mshould create icon set[32m 1[2mms[22m[39m
 [32m✓[39m src/__tests__/lib/metadata.extended.test.ts[2m > [22mMetadata - Pure Unit Tests[2m > [22mmanifest[2m > [22mshould create web manifest[32m 1[2mms[22m[39m
 [32m✓[39m src/__tests__/lib/services/searchService.test.ts[2m > [22mSearchService - Pure Unit Tests[2m > [22msearch query validation[2m > [22mshould validate minimum query length[32m 16[2mms[22m[39m
 [32m✓[39m src/__tests__/lib/services/searchService.test.ts[2m > [22mSearchService - Pure Unit Tests[2m > [22msearch query validation[2m > [22mshould trim query whitespace[32m 5[2mms[22m[39m
 [32m✓[39m src/__tests__/lib/services/searchService.test.ts[2m > [22mSearchService - Pure Unit Tests[2m > [22msearch query validation[2m > [22mshould normalize query[32m 1[2mms[22m[39m
 [32m✓[39m src/__tests__/lib/services/searchService.test.ts[2m > [22mSearchService - Pure Unit Tests[2m > [22msearch result scoring[2m > [22mshould calculate exact match score[32m 2[2mms[22m[39m
 [32m✓[39m src/__tests__/lib/services/searchService.test.ts[2m > [22mSearchService - Pure Unit Tests[2m > [22msearch result scoring[2m > [22mshould sort results by score[32m 1[2mms[22m[39m
 [32m✓[39m src/__tests__/lib/services/searchService.test.ts[2m > [22mSearchService - Pure Unit Tests[2m > [22msearch result scoring[2m > [22mshould limit results[32m 1[2mms[22m[39m
 [32m✓[39m src/__tests__/lib/services/searchService.test.ts[2m > [22mSearchService - Pure Unit Tests[2m > [22msearch filters[2m > [22mshould filter by entity type[32m 3[2mms[22m[39m
 [32m✓[39m src/__tests__/lib/services/searchService.test.ts[2m > [22mSearchService - Pure Unit Tests[2m > [22msearch filters[2m > [22mshould filter by tenant[32m 2[2mms[22m[39m
 [32m✓[39m src/__tests__/lib/services/searchService.test.ts[2m > [22mSearchService - Pure Unit Tests[2m > [22msearch filters[2m > [22mshould exclude archived by default[32m 2[2mms[22m[39m
 [32m✓[39m src/__tests__/lib/services/searchService.test.ts[2m > [22mSearchService - Pure Unit Tests[2m > [22msearch result mapping[2m > [22mshould map client to search result[32m 1[2mms[22m[39m
 [32m✓[39m src/__tests__/lib/services/searchService.test.ts[2m > [22mSearchService - Pure Unit Tests[2m > [22msearch result mapping[2m > [22mshould map dossier to search result[32m 1[2mms[22m[39m
 [32m✓[39m src/__tests__/lib/services/searchService.test.ts[2m > [22mSearchService - Pure Unit Tests[2m > [22msearch result mapping[2m > [22mshould map document to search result[32m 1[2mms[22m[39m
 [32m✓[39m src/__tests__/lib/services/searchService.test.ts[2m > [22mSearchService - Pure Unit Tests[2m > [22msearch highlighting[2m > [22mshould highlight matching text[32m 1[2mms[22m[39m
 [32m✓[39m src/__tests__/lib/services/searchService.test.ts[2m > [22mSearchService - Pure Unit Tests[2m > [22msearch highlighting[2m > [22mshould handle case-insensitive highlighting[32m 2[2mms[22m[39m
 [32m✓[39m src/__tests__/lib/services/searchService.test.ts[2m > [22mSearchService - Pure Unit Tests[2m > [22msearch pagination[2m > [22mshould paginate results[32m 1[2mms[22m[39m
 [32m✓[39m src/__tests__/lib/services/searchService.test.ts[2m > [22mSearchService - Pure Unit Tests[2m > [22msearch suggestions[2m > [22mshould generate autocomplete suggestions[32m 6[2mms[22m[39m
 [32m✓[39m src/__tests__/lib/services/searchService.test.ts[2m > [22mSearchService - Pure Unit Tests[2m > [22msearch suggestions[2m > [22mshould limit suggestions[32m 1[2mms[22m[39m
 [32m✓[39m src/__tests__/lib/services/searchService.test.ts[2m > [22mSearch Query Builder[2m > [22mshould build Prisma where clause[32m 1[2mms[22m[39m
 [32m✓[39m src/__tests__/lib/services/searchService.test.ts[2m > [22mSearch Query Builder[2m > [22mshould combine multiple conditions[32m 1[2mms[22m[39m
[90mstdout[2m | src/__tests__/services/smart-inbox.coverage.test.ts
[22m[39m◇ injected env (9) from .env.test // tip: ⌘ multiple files { path: ['.env.local', '.env'] }

 [32m✓[39m src/__tests__/services/smart-inbox.coverage.test.ts[2m > [22mSmartInboxService — Full Coverage[2m > [22mcalculateScore[2m > [22mshould calculate basic score with low urgency[32m 15[2mms[22m[39m
 [32m✓[39m src/__tests__/services/smart-inbox.coverage.test.ts[2m > [22mSmartInboxService — Full Coverage[2m > [22mcalculateScore[2m > [22mshould score critical urgency at 30[32m 2[2mms[22m[39m
 [32m✓[39m src/__tests__/services/smart-inbox.coverage.test.ts[2m > [22mSmartInboxService — Full Coverage[2m > [22mcalculateScore[2m > [22mshould score high urgency at 20[32m 11[2mms[22m[39m
 [32m✓[39m src/__tests__/services/smart-inbox.coverage.test.ts[2m > [22mSmartInboxService — Full Coverage[2m > [22mcalculateScore[2m > [22mshould score medium urgency at 10[32m 1[2mms[22m[39m
 [32m✓[39m src/__tests__/services/smart-inbox.coverage.test.ts[2m > [22mSmartInboxService — Full Coverage[2m > [22mcalculateScore[2m > [22mshould score VIP client at 25[32m 2[2mms[22m[39m
 [32m✓[39m src/__tests__/services/smart-inbox.coverage.test.ts[2m > [22mSmartInboxService — Full Coverage[2m > [22mcalculateScore[2m > [22mshould score non-VIP client at 0[32m 1[2mms[22m[39m
 [32m✓[39m src/__tests__/services/smart-inbox.coverage.test.ts[2m > [22mSmartInboxService — Full Coverage[2m > [22mcalculateScore[2m > [22mshould score null client at 0[32m 1[2mms[22m[39m
 [32m✓[39m src/__tests__/services/smart-inbox.coverage.test.ts[2m > [22mSmartInboxService — Full Coverage[2m > [22mcalculateScore[2m > [22mshould score deadline < 7 days at 20[32m 2[2mms[22m[39m
 [32m✓[39m src/__tests__/services/smart-inbox.coverage.test.ts[2m > [22mSmartInboxService — Full Coverage[2m > [22mcalculateScore[2m > [22mshould score deadline < 30 days at 10[32m 1[2mms[22m[39m
 [32m✓[39m src/__tests__/services/smart-inbox.coverage.test.ts[2m > [22mSmartInboxService — Full Coverage[2m > [22mcalculateScore[2m > [22mshould score no deadline at 0[32m 2[2mms[22m[39m
 [32m✓[39m src/__tests__/services/smart-inbox.coverage.test.ts[2m > [22mSmartInboxService — Full Coverage[2m > [22mcalculateScore[2m > [22mshould score negative sentiment at 15[32m 1[2mms[22m[39m
 [32m✓[39m src/__tests__/services/smart-inbox.coverage.test.ts[2m > [22mSmartInboxService — Full Coverage[2m > [22mcalculateScore[2m > [22mshould score positive sentiment at 5[32m 1[2mms[22m[39m
 [32m✓[39m src/__tests__/services/smart-inbox.coverage.test.ts[2m > [22mSmartInboxService — Full Coverage[2m > [22mcalculateScore[2m > [22mshould score attachments at 10[32m 1[2mms[22m[39m
 [32m✓[39m src/__tests__/services/smart-inbox.coverage.test.ts[2m > [22mSmartInboxService — Full Coverage[2m > [22mcalculateScore[2m > [22mshould cap total at 100[32m 1[2mms[22m[39m
 [32m✓[39m src/__tests__/services/smart-inbox.coverage.test.ts[2m > [22mSmartInboxService — Full Coverage[2m > [22mcalculateScore[2m > [22mshould return high confidence when many factors[32m 4[2mms[22m[39m
 [32m✓[39m src/__tests__/services/smart-inbox.coverage.test.ts[2m > [22mSmartInboxService — Full Coverage[2m > [22mcalculateScore[2m > [22mshould return low confidence when few factors[32m 14[2mms[22m[39m
 [32m✓[39m src/__tests__/services/smart-inbox.coverage.test.ts[2m > [22mSmartInboxService — Full Coverage[2m > [22msaveScore[2m > [22mshould upsert score and log event[32m 2[2mms[22m[39m
 [32m✓[39m src/__tests__/services/smart-inbox.coverage.test.ts[2m > [22mSmartInboxService — Full Coverage[2m > [22mgetPrioritizedInbox[2m > [22mshould return emails ordered by score[32m 14[2mms[22m[39m
 [32m✓[39m src/__tests__/services/smart-inbox.coverage.test.ts[2m > [22mSmartInboxService — Full Coverage[2m > [22mgetPrioritizedInbox[2m > [22mshould apply filters[32m 2[2mms[22m[39m
 [32m✓[39m src/__tests__/services/smart-inbox.coverage.test.ts[2m > [22mSmartInboxService — Full Coverage[2m > [22mgetScoringStats[2m > [22mshould calculate stats[32m 3[2mms[22m[39m
 [32m✓[39m src/__tests__/services/smart-inbox.coverage.test.ts[2m > [22mSmartInboxService — Full Coverage[2m > [22mgetScoringStats[2m > [22mshould handle empty scores[32m 2[2mms[22m[39m
[90mstdout[2m | src/__tests__/lib/forms/formConfigs.onSubmit.test.ts
[22m[39m◇ injected env (9) from .env.test // tip: ⌘ suppress logs { quiet: true }

 [32m✓[39m src/__tests__/lib/forms/formConfigs.onSubmit.test.ts[2m > [22mformConfigs.ts — onSubmit Coverage[2m > [22mresourceRequestForm.onSubmit[2m > [22mshould POST to /api/forms/resource-request[32m 18[2mms[22m[39m
 [32m✓[39m src/__tests__/lib/forms/formConfigs.onSubmit.test.ts[2m > [22mformConfigs.ts — onSubmit Coverage[2m > [22mresourceRequestForm.onSubmit[2m > [22mshould throw on failed response[32m 8[2mms[22m[39m
 [32m✓[39m src/__tests__/lib/forms/formConfigs.onSubmit.test.ts[2m > [22mformConfigs.ts — onSubmit Coverage[2m > [22mstrategicDecisionForm.onSubmit[2m > [22mshould POST to /api/forms/strategic-decision[32m 10[2mms[22m[39m
 [32m✓[39m src/__tests__/lib/forms/formConfigs.onSubmit.test.ts[2m > [22mformConfigs.ts — onSubmit Coverage[2m > [22mstrategicDecisionForm.onSubmit[2m > [22mshould throw on failed response[32m 4[2mms[22m[39m
 [32m✓[39m src/__tests__/lib/forms/formConfigs.onSubmit.test.ts[2m > [22mformConfigs.ts — onSubmit Coverage[2m > [22mriskAssessmentForm.onSubmit[2m > [22mshould POST to /api/forms/risk-assessment[32m 2[2mms[22m[39m
 [32m✓[39m src/__tests__/lib/forms/formConfigs.onSubmit.test.ts[2m > [22mformConfigs.ts — onSubmit Coverage[2m > [22mriskAssessmentForm.onSubmit[2m > [22mshould throw on failed response[32m 2[2mms[22m[39m
[90mstdout[2m | src/__tests__/domain/documents.test.ts
[22m[39m◇ injected env (9) from .env.test // tip: ⌘ multiple files { path: ['.env.local', '.env'] }

[90mstdout[2m | src/__tests__/hooks/useValidation.test.tsx
[22m[39m◇ injected env (9) from .env.test // tip: ⌘ suppress logs { quiet: true }

 [32m✓[39m src/__tests__/hooks/useValidation.test.tsx[2m > [22mValidation Logic[2m > [22mValidationStatus enum[2m > [22mdevrait avoir le statut PENDING[32m 59[2mms[22m[39m
 [32m✓[39m src/__tests__/hooks/useValidation.test.tsx[2m > [22mValidation Logic[2m > [22mValidationStatus enum[2m > [22mdevrait avoir le statut APPROVED[32m 1[2mms[22m[39m
 [32m✓[39m src/__tests__/hooks/useValidation.test.tsx[2m > [22mValidation Logic[2m > [22mValidationStatus enum[2m > [22mdevrait avoir le statut REJECTED[32m 1[2mms[22m[39m
 [32m✓[39m src/__tests__/hooks/useValidation.test.tsx[2m > [22mValidation Logic[2m > [22mAPI URL construction[2m > [22mdevrait construire le bon URL pour les actions en attente[32m 42[2mms[22m[39m
 [32m✓[39m src/__tests__/domain/documents.test.ts[2m > [22mDocuments[2m > [22mDocument Interface[2m > [22mdevrait avoir une structure valide[32m 18[2mms[22m[39m
 [32m✓[39m src/__tests__/domain/documents.test.ts[2m > [22mDocuments[2m > [22mMIME Types[2m > [22mdevrait accepter PDF[32m 1[2mms[22m[39m
 [32m✓[39m src/__tests__/domain/documents.test.ts[2m > [22mDocuments[2m > [22mMIME Types[2m > [22mdevrait accepter JPEG[32m 12[2mms[22m[39m
 [32m✓[39m src/__tests__/domain/documents.test.ts[2m > [22mDocuments[2m > [22mMIME Types[2m > [22mdevrait accepter DOCX[32m 17[2mms[22m[39m
 [32m✓[39m src/__tests__/domain/documents.test.ts[2m > [22mDocuments[2m > [22mMIME Types[2m > [22mdevrait rejeter les exécutables[32m 1[2mms[22m[39m
 [32m✓[39m src/__tests__/domain/documents.test.ts[2m > [22mDocuments[2m > [22mMIME Types[2m > [22mdevrait rejeter les scripts[32m 1[2mms[22m[39m
 [32m✓[39m src/__tests__/domain/documents.test.ts[2m > [22mDocuments[2m > [22mFile Size Validation[2m > [22mdevrait accepter un fichier de 1 MB[32m 1[2mms[22m[39m
 [32m✓[39m src/__tests__/domain/documents.test.ts[2m > [22mDocuments[2m > [22mFile Size Validation[2m > [22mdevrait accepter un fichier de 10 MB[32m 2[2mms[22m[39m
 [32m✓[39m src/__tests__/domain/documents.test.ts[2m > [22mDocuments[2m > [22mFile Size Validation[2m > [22mdevrait rejeter un fichier de 15 MB[32m 5[2mms[22m[39m
 [32m✓[39m src/__tests__/domain/documents.test.ts[2m > [22mDocuments[2m > [22mFile Size Validation[2m > [22mdevrait rejeter un fichier vide[32m 9[2mms[22m[39m
 [32m✓[39m src/__tests__/domain/documents.test.ts[2m > [22mDocuments[2m > [22mFilename Sanitization[2m > [22mdevrait garder un nom simple[32m 1[2mms[22m[39m
 [32m✓[39m src/__tests__/hooks/useValidation.test.tsx[2m > [22mValidation Logic[2m > [22mAPI URL construction[2m > [22mdevrait construire URL pour differents tenants[32m 3[2mms[22m[39m
 [32m✓[39m src/__tests__/hooks/useValidation.test.tsx[2m > [22mValidation Logic[2m > [22mAction data structure[2m > [22mdevrait valider la structure d'une action[32m 6[2mms[22m[39m
 [32m✓[39m src/__tests__/hooks/useValidation.test.tsx[2m > [22mValidation Logic[2m > [22mAction data structure[2m > [22mdevrait valider differents types d'actions[32m 9[2mms[22m[39m
 [32m✓[39m src/__tests__/hooks/useValidation.test.tsx[2m > [22mValidation Logic[2m > [22mApproval data[2m > [22mdevrait preparer les donnees d'approbation[32m 2[2mms[22m[39m
 [32m✓[39m src/__tests__/hooks/useValidation.test.tsx[2m > [22mValidation Logic[2m > [22mApproval data[2m > [22mdevrait permettre une approbation sans commentaire[32m 1[2mms[22m[39m
 [32m✓[39m src/__tests__/hooks/useValidation.test.tsx[2m > [22mValidation Logic[2m > [22mRejection data[2m > [22mdevrait preparer les donnees de rejet avec commentaire obligatoire[32m 25[2mms[22m[39m
 [32m✓[39m src/__tests__/hooks/useValidation.test.tsx[2m > [22mValidation Logic[2m > [22mRejection data[2m > [22mne devrait pas accepter un rejet sans commentaire[32m 2[2mms[22m[39m
 [32m✓[39m src/__tests__/hooks/useValidation.test.tsx[2m > [22mValidation Logic[2m > [22mContent modification[2m > [22mdevrait permettre la modification du contenu[32m 11[2mms[22m[39m
 [32m✓[39m src/__tests__/hooks/useValidation.test.tsx[2m > [22mValidation Logic[2m > [22mContent modification[2m > [22mdevrait preserver les champs non modifies[32m 1[2mms[22m[39m
 [32m✓[39m src/__tests__/hooks/useValidation.test.tsx[2m > [22mValidation Logic[2m > [22mAlert management[2m > [22mdevrait calculer correctement les alertes non lues[32m 1[2mms[22m[39m
 [32m✓[39m src/__tests__/hooks/useValidation.test.tsx[2m > [22mValidation Logic[2m > [22mAlert management[2m > [22mdevrait filtrer par severite[32m 19[2mms[22m[39m
 [32m✓[39m src/__tests__/hooks/useValidation.test.tsx[2m > [22mValidation Logic[2m > [22mAlert management[2m > [22mdevrait creer une date de snooze valide[32m 1[2mms[22m[39m
 [32m✓[39m src/__tests__/hooks/useValidation.test.tsx[2m > [22mValidation Logic[2m > [22mAlert management[2m > [22mdevrait supporter differentes durees de snooze[32m 1[2mms[22m[39m
 [32m✓[39m src/__tests__/hooks/useValidation.test.tsx[2m > [22mValidation Logic[2m > [22mRefresh interval[2m > [22mdevrait avoir une valeur par defaut de 30 secondes[32m 1[2mms[22m[39m
 [32m✓[39m src/__tests__/hooks/useValidation.test.tsx[2m > [22mValidation Logic[2m > [22mRefresh interval[2m > [22mdevrait permettre des intervalles personnalises[32m 7[2mms[22m[39m
 [32m✓[39m src/__tests__/domain/documents.test.ts[2m > [22mDocuments[2m > [22mFilename Sanitization[2m > [22mdevrait remplacer les espaces[32m 1[2mms[22m[39m
 [32m✓[39m src/__tests__/domain/documents.test.ts[2m > [22mDocuments[2m > [22mFilename Sanitization[2m > [22mdevrait remplacer les caractères spéciaux[32m 1[2mms[22m[39m
 [32m✓[39m src/__tests__/domain/documents.test.ts[2m > [22mDocuments[2m > [22mFilename Sanitization[2m > [22mdevrait limiter la longueur[32m 4[2mms[22m[39m
 [32m✓[39m src/__tests__/domain/documents.test.ts[2m > [22mDocuments[2m > [22mFile Extension[2m > [22mdevrait extraire pdf[32m 1[2mms[22m[39m
 [32m✓[39m src/__tests__/domain/documents.test.ts[2m > [22mDocuments[2m > [22mFile Extension[2m > [22mdevrait extraire docx[32m 0[2mms[22m[39m
 [32m✓[39m src/__tests__/domain/documents.test.ts[2m > [22mDocuments[2m > [22mFile Extension[2m > [22mdevrait gérer les extensions multiples[32m 1[2mms[22m[39m
 [32m✓[39m src/__tests__/domain/documents.test.ts[2m > [22mDocuments[2m > [22mFile Extension[2m > [22mdevrait retourner vide sans extension[32m 1[2mms[22m[39m
 [32m✓[39m src/__tests__/domain/documents.test.ts[2m > [22mDocuments[2m > [22mDocument Types[2m > [22mdevrait avoir 14 types de documents[32m 8[2mms[22m[39m
 [32m✓[39m src/__tests__/domain/documents.test.ts[2m > [22mDocuments[2m > [22mDocument Types[2m > [22mdevrait inclure DECISION_PREFECTORALE[32m 9[2mms[22m[39m
 [32m✓[39m src/__tests__/domain/documents.test.ts[2m > [22mDocuments[2m > [22mStorage Path[2m > [22mdevrait générer un chemin valide[32m 1[2mms[22m[39m
 [32m✓[39m src/__tests__/domain/documents.test.ts[2m > [22mDocuments[2m > [22mStorage Path[2m > [22mdevrait contenir le tenant[32m 1[2mms[22m[39m
 [32m✓[39m src/__tests__/domain/documents.test.ts[2m > [22mDocuments[2m > [22mFile Size Formatting[2m > [22mdevrait formater les bytes[32m 1[2mms[22m[39m
 [32m✓[39m src/__tests__/domain/documents.test.ts[2m > [22mDocuments[2m > [22mFile Size Formatting[2m > [22mdevrait formater les KB[32m 0[2mms[22m[39m
 [32m✓[39m src/__tests__/domain/documents.test.ts[2m > [22mDocuments[2m > [22mFile Size Formatting[2m > [22mdevrait formater les MB[32m 0[2mms[22m[39m
 [32m✓[39m src/__tests__/domain/documents.test.ts[2m > [22mOCR Document Processing[2m > [22mSupported Languages[2m > [22mdevrait supporter le français[32m 1[2mms[22m[39m
 [32m✓[39m src/__tests__/domain/documents.test.ts[2m > [22mOCR Document Processing[2m > [22mSupported Languages[2m > [22mdevrait supporter l'arabe[32m 11[2mms[22m[39m
 [32m✓[39m src/__tests__/domain/documents.test.ts[2m > [22mOCR Document Processing[2m > [22mOCR Confidence[2m > [22mdevrait accepter 80% de confiance[32m 1[2mms[22m[39m
 [32m✓[39m src/__tests__/domain/documents.test.ts[2m > [22mOCR Document Processing[2m > [22mOCR Confidence[2m > [22mdevrait rejeter 50% de confiance[32m 0[2mms[22m[39m
 [32m✓[39m src/__tests__/domain/documents.test.ts[2m > [22mDocument Versioning[2m > [22mdevrait avoir 3 versions[32m 1[2mms[22m[39m
 [32m✓[39m src/__tests__/domain/documents.test.ts[2m > [22mDocument Versioning[2m > [22mdevrait avoir la dernière version = 3[32m 1[2mms[22m[39m
 [32m✓[39m src/__tests__/domain/documents.test.ts[2m > [22mDocument Versioning[2m > [22mdevrait trier par date[32m 0[2mms[22m[39m
 [32m✓[39m src/__tests__/hooks/useValidation.test.tsx[2m > [22mValidation Logic[2m > [22mOptions validation[2m > [22mdevrait valider les options requises[32m 1[2mms[22m[39m
 [32m✓[39m src/__tests__/hooks/useValidation.test.tsx[2m > [22mValidation Logic[2m > [22mOptions validation[2m > [22mdevrait avoir des valeurs par defaut pour autoRefresh[32m 1[2mms[22m[39m
 [32m✓[39m src/__tests__/hooks/useValidation.test.tsx[2m > [22mValidation Logic[2m > [22mFetch response handling[2m > [22mdevrait parser une reponse de succes[32m 3[2mms[22m[39m
 [32m✓[39m src/__tests__/hooks/useValidation.test.tsx[2m > [22mValidation Logic[2m > [22mFetch response handling[2m > [22mdevrait identifier une erreur HTTP[32m 1[2mms[22m[39m
 [32m✓[39m src/__tests__/hooks/useValidation.test.tsx[2m > [22mValidation Logic[2m > [22mFetch response handling[2m > [22mdevrait gerer une liste vide[32m 1[2mms[22m[39m
[90mstdout[2m | src/__tests__/lib/audit.test.ts
[22m[39m◇ injected env (9) from .env.test // tip: ⌘ enable debugging { debug: true }

[90mstdout[2m | src/__tests__/services/client-services.test.ts
[22m[39m◇ injected env (9) from .env.test // tip: ⌘ custom filepath { path: '/custom/path/.env' }

 [32m✓[39m src/__tests__/lib/audit.test.ts[2m > [22mAudit Middleware[2m > [22mcreateAuditLog[2m > [22mshould create audit log with hash[32m 30[2mms[22m[39m
 [32m✓[39m src/__tests__/lib/audit.test.ts[2m > [22mAudit Middleware[2m > [22mcreateAuditLog[2m > [22mshould handle errors gracefully[32m 37[2mms[22m[39m
 [32m✓[39m src/__tests__/lib/audit.test.ts[2m > [22mAudit Middleware[2m > [22mgetAuditContext[2m > [22mshould extract context from request[32m 31[2mms[22m[39m
 [32m✓[39m src/__tests__/services/client-services.test.ts[2m > [22mClient Services - Pure Unit Tests[2m > [22mdocument service[2m > [22mshould validate document type[32m 17[2mms[22m[39m
 [32m✓[39m src/__tests__/services/client-services.test.ts[2m > [22mClient Services - Pure Unit Tests[2m > [22mdocument service[2m > [22mshould calculate file size display[32m 14[2mms[22m[39m
 [32m✓[39m src/__tests__/services/client-services.test.ts[2m > [22mClient Services - Pure Unit Tests[2m > [22mdocument service[2m > [22mshould validate file extension[32m 1[2mms[22m[39m
 [32m✓[39m src/__tests__/services/client-services.test.ts[2m > [22mClient Services - Pure Unit Tests[2m > [22mclient service[2m > [22mshould format client name[32m 1[2mms[22m[39m
 [32m✓[39m src/__tests__/services/client-services.test.ts[2m > [22mClient Services - Pure Unit Tests[2m > [22mclient service[2m > [22mshould generate client initials[32m 14[2mms[22m[39m
 [32m✓[39m src/__tests__/services/client-services.test.ts[2m > [22mClient Services - Pure Unit Tests[2m > [22mclient service[2m > [22mshould validate email[32m 1[2mms[22m[39m
 [32m✓[39m src/__tests__/services/client-services.test.ts[2m > [22mClient Services - Pure Unit Tests[2m > [22mdossier service[2m > [22mshould generate dossier number[32m 1[2mms[22m[39m
 [32m✓[39m src/__tests__/services/client-services.test.ts[2m > [22mClient Services - Pure Unit Tests[2m > [22mdossier service[2m > [22mshould calculate dossier progress[32m 12[2mms[22m[39m
 [32m✓[39m src/__tests__/services/client-services.test.ts[2m > [22mClient Services - Pure Unit Tests[2m > [22mdossier service[2m > [22mshould get status color[32m 3[2mms[22m[39m
 [32m✓[39m src/__tests__/services/client-services.test.ts[2m > [22mClient Services - Pure Unit Tests[2m > [22msearch service[2m > [22mshould build search query[32m 13[2mms[22m[39m
 [32m✓[39m src/__tests__/services/client-services.test.ts[2m > [22mClient Services - Pure Unit Tests[2m > [22msearch service[2m > [22mshould highlight search terms[32m 1[2mms[22m[39m
 [32m✓[39m src/__tests__/services/client-services.test.ts[2m > [22mClient Services - Pure Unit Tests[2m > [22mcalendar service[2m > [22mshould get week dates[32m 1[2mms[22m[39m
 [32m✓[39m src/__tests__/services/client-services.test.ts[2m > [22mClient Services - Pure Unit Tests[2m > [22mcalendar service[2m > [22mshould check if same day[32m 7[2mms[22m[39m
 [32m✓[39m src/__tests__/services/client-services.test.ts[2m > [22mClient Services - Pure Unit Tests[2m > [22mexport service[2m > [22mshould convert to CSV[32m 2[2mms[22m[39m
 [32m✓[39m src/__tests__/services/client-services.test.ts[2m > [22mClient Services - Pure Unit Tests[2m > [22mexport service[2m > [22mshould escape CSV values[32m 1[2mms[22m[39m
 [32m✓[39m src/__tests__/services/client-services.test.ts[2m > [22mClient Services - Pure Unit Tests[2m > [22mtheme service[2m > [22mshould toggle theme[32m 1[2mms[22m[39m
 [32m✓[39m src/__tests__/services/client-services.test.ts[2m > [22mClient Services - Pure Unit Tests[2m > [22mtheme service[2m > [22mshould get system preference[32m 1[2mms[22m[39m
[90mstdout[2m | src/__tests__/api/audit-logs.test.ts
[22m[39m◇ injected env (9) from .env.test // tip: ⌘ override existing { override: true }

[90mstdout[2m | src/__tests__/smart-inbox.test.ts
[22m[39m◇ injected env (9) from .env.test // tip: ⌘ multiple files { path: ['.env.local', '.env'] }

 [32m✓[39m src/__tests__/smart-inbox.test.ts[2m > [22mSmart Inbox[2m > [22mScore Calculation[2m > [22mcalcule un score >70 pour un email VIP urgent[32m 7[2mms[22m[39m
 [32m✓[39m src/__tests__/smart-inbox.test.ts[2m > [22mSmart Inbox[2m > [22mScore Calculation[2m > [22mcalcule un score moyen (40-70) pour un email normal[32m 4[2mms[22m[39m
 [32m✓[39m src/__tests__/smart-inbox.test.ts[2m > [22mSmart Inbox[2m > [22mScore Calculation[2m > [22mne dépasse jamais 100[32m 1[2mms[22m[39m
 [32m✓[39m src/__tests__/smart-inbox.test.ts[2m > [22mSmart Inbox[2m > [22mScore Calculation[2m > [22mn'est jamais négatif[32m 1[2mms[22m[39m
 [32m✓[39m src/__tests__/smart-inbox.test.ts[2m > [22mSmart Inbox[2m > [22mAPI /inbox/prioritized[2m > [22mretourne les emails triés du score le plus élevé au plus bas[32m 2[2mms[22m[39m
[90mstdout[2m | src/__tests__/lib/reasoning/prompts.coverage.test.ts
[22m[39m◇ injected env (9) from .env.test // tip: ⌁ auth for agents [www.vestauth.com]

 [32m✓[39m src/__tests__/api/audit-logs.test.ts[2m > [22m/api/audit-logs[2m > [22mGET[2m > [22mshould return audit logs[32m 82[2mms[22m[39m
 [32m✓[39m src/__tests__/api/audit-logs.test.ts[2m > [22m/api/audit-logs[2m > [22mPOST[2m > [22mshould create audit log[32m 20[2mms[22m[39m
[90mstdout[2m | src/__tests__/hooks/common-hooks.test.ts
[22m[39m◇ injected env (9) from .env.test // tip: ◈ encrypted .env [www.dotenvx.com]

 [32m✓[39m src/__tests__/api/audit-logs.test.ts[2m > [22m/api/audit-logs[2m > [22mPATCH[2m > [22mshould return 403 (immutable)[32m 17[2mms[22m[39m
 [32m✓[39m src/__tests__/api/audit-logs.test.ts[2m > [22m/api/audit-logs[2m > [22mDELETE[2m > [22mshould return 403 (immutable)[32m 16[2mms[22m[39m
[90mstdout[2m | src/__tests__/lib/auth-system.test.ts
[22m[39m◇ injected env (9) from .env.test // tip: ⌘ enable debugging { debug: true }

 [32m✓[39m src/__tests__/lib/reasoning/prompts.coverage.test.ts[2m > [22mprompts.ts — Full Coverage[2m > [22mSYSTEM_BASE_PROMPT[2m > [22mshould contain CESEDA reference[32m 6[2mms[22m[39m
 [32m✓[39m src/__tests__/lib/reasoning/prompts.coverage.test.ts[2m > [22mprompts.ts — Full Coverage[2m > [22mSYSTEM_BASE_PROMPT[2m > [22mshould contain the 7 rules[32m 7[2mms[22m[39m
 [32m✓[39m src/__tests__/lib/reasoning/prompts.coverage.test.ts[2m > [22mprompts.ts — Full Coverage[2m > [22mEXTRACT_FACTS_PROMPT[2m > [22mshould include system base prompt[32m 2[2mms[22m[39m
 [32m✓[39m src/__tests__/lib/reasoning/prompts.coverage.test.ts[2m > [22mprompts.ts — Full Coverage[2m > [22mEXTRACT_FACTS_PROMPT[2m > [22mshould define fact structure[32m 1[2mms[22m[39m
 [32m✓[39m src/__tests__/lib/reasoning/prompts.coverage.test.ts[2m > [22mprompts.ts — Full Coverage[2m > [22mbuildPromptContext[2m > [22mshould build context from full workspace[32m 9[2mms[22m[39m
 [32m✓[39m src/__tests__/lib/reasoning/prompts.coverage.test.ts[2m > [22mprompts.ts — Full Coverage[2m > [22mbuildPromptContext[2m > [22mshould handle empty workspace[32m 28[2mms[22m[39m
 [32m✓[39m src/__tests__/lib/reasoning/prompts.coverage.test.ts[2m > [22mprompts.ts — Full Coverage[2m > [22mbuildPromptContext[2m > [22mshould handle workspace with null arrays[32m 1[2mms[22m[39m
 [32m✓[39m src/__tests__/lib/reasoning/prompts.coverage.test.ts[2m > [22mprompts.ts — Full Coverage[2m > [22mgetPromptForTransition[2m > [22mshould return prompt for RECEIVED -> FACTS_EXTRACTED[32m 1[2mms[22m[39m
 [32m✓[39m src/__tests__/lib/reasoning/prompts.coverage.test.ts[2m > [22mprompts.ts — Full Coverage[2m > [22mgetPromptForTransition[2m > [22mshould return prompt for FACTS_EXTRACTED -> CONTEXT_IDENTIFIED[32m 2[2mms[22m[39m
 [32m✓[39m src/__tests__/lib/reasoning/prompts.coverage.test.ts[2m > [22mprompts.ts — Full Coverage[2m > [22mgetPromptForTransition[2m > [22mshould return prompt for CONTEXT_IDENTIFIED -> OBLIGATIONS_DEDUCED[32m 6[2mms[22m[39m
 [32m✓[39m src/__tests__/lib/reasoning/prompts.coverage.test.ts[2m > [22mprompts.ts — Full Coverage[2m > [22mgetPromptForTransition[2m > [22mshould return prompt for OBLIGATIONS_DEDUCED -> MISSING_IDENTIFIED[32m 2[2mms[22m[39m
 [32m✓[39m src/__tests__/lib/reasoning/prompts.coverage.test.ts[2m > [22mprompts.ts — Full Coverage[2m > [22mgetPromptForTransition[2m > [22mshould return prompt for MISSING_IDENTIFIED -> RISK_EVALUATED[32m 1[2mms[22m[39m
 [32m✓[39m src/__tests__/lib/reasoning/prompts.coverage.test.ts[2m > [22mprompts.ts — Full Coverage[2m > [22mgetPromptForTransition[2m > [22mshould return prompt for RISK_EVALUATED -> ACTION_PROPOSED[32m 1[2mms[22m[39m
 [32m✓[39m src/__tests__/lib/reasoning/prompts.coverage.test.ts[2m > [22mprompts.ts — Full Coverage[2m > [22mgetPromptForTransition[2m > [22mshould return prompt for ACTION_PROPOSED -> READY_FOR_HUMAN[32m 1[2mms[22m[39m
 [32m✓[39m src/__tests__/lib/reasoning/prompts.coverage.test.ts[2m > [22mprompts.ts — Full Coverage[2m > [22mgetPromptForTransition[2m > [22mshould return null for unknown transitions[32m 1[2mms[22m[39m
 [32m✓[39m src/__tests__/lib/reasoning/prompts.coverage.test.ts[2m > [22mprompts.ts — Full Coverage[2m > [22mfillPromptTemplate[2m > [22mshould replace single variable[32m 1[2mms[22m[39m
 [32m✓[39m src/__tests__/lib/reasoning/prompts.coverage.test.ts[2m > [22mprompts.ts — Full Coverage[2m > [22mfillPromptTemplate[2m > [22mshould replace multiple variables[32m 0[2mms[22m[39m
 [32m✓[39m src/__tests__/lib/reasoning/prompts.coverage.test.ts[2m > [22mprompts.ts — Full Coverage[2m > [22mfillPromptTemplate[2m > [22mshould leave unreplaced variables as-is[32m 1[2mms[22m[39m
 [32m✓[39m src/__tests__/lib/reasoning/prompts.coverage.test.ts[2m > [22mprompts.ts — Full Coverage[2m > [22mfillPromptTemplate[2m > [22mshould handle empty context[32m 1[2mms[22m[39m
 [32m✓[39m src/__tests__/lib/reasoning/prompts.coverage.test.ts[2m > [22mprompts.ts — Full Coverage[2m > [22mfillPromptTemplate[2m > [22mshould handle template with JSON content[32m 1[2mms[22m[39m
 [32m✓[39m src/__tests__/lib/auth-system.test.ts[2m > [22mAuthentication System[2m > [22mUser Roles[2m > [22mdevrait avoir 5 rôles définis[32m 70[2mms[22m[39m
 [32m✓[39m src/__tests__/lib/auth-system.test.ts[2m > [22mAuthentication System[2m > [22mUser Roles[2m > [22mdevrait inclure ADMIN[32m 2[2mms[22m[39m
 [32m✓[39m src/__tests__/lib/auth-system.test.ts[2m > [22mAuthentication System[2m > [22mUser Roles[2m > [22mdevrait inclure AVOCAT[32m 15[2mms[22m[39m
 [32m✓[39m src/__tests__/lib/auth-system.test.ts[2m > [22mAuthentication System[2m > [22mUser Roles[2m > [22mdevrait inclure CLIENT[32m 1[2mms[22m[39m
 [32m✓[39m src/__tests__/lib/auth-system.test.ts[2m > [22mAuthentication System[2m > [22mRole Hierarchy[2m > [22mADMIN devrait avoir accès à tout[32m 7[2mms[22m[39m
 [32m✓[39m src/__tests__/lib/auth-system.test.ts[2m > [22mAuthentication System[2m > [22mRole Hierarchy[2m > [22mAVOCAT ne devrait pas avoir accès ADMIN[32m 1[2mms[22m[39m
 [32m✓[39m src/__tests__/hooks/common-hooks.test.ts[2m > [22museDebounce Hook[2m > [22mDebounce Logic[2m > [22mdevrait créer une fonction debounced[32m 16[2mms[22m[39m
 [32m✓[39m src/__tests__/hooks/common-hooks.test.ts[2m > [22museDebounce Hook[2m > [22mDebounce Values[2m > [22mdevrait avoir un délai de recherche de 300ms[32m 1[2mms[22m[39m
 [32m✓[39m src/__tests__/hooks/common-hooks.test.ts[2m > [22museDebounce Hook[2m > [22mDebounce Values[2m > [22mdevrait avoir un délai d'input de 150ms[32m 1[2mms[22m[39m
 [32m✓[39m src/__tests__/hooks/common-hooks.test.ts[2m > [22museLocalStorage Hook[2m > [22mStorage Operations[2m > [22mdevrait stocker une valeur[32m 1[2mms[22m[39m
 [32m✓[39m src/__tests__/hooks/common-hooks.test.ts[2m > [22museLocalStorage Hook[2m > [22mStorage Operations[2m > [22mdevrait retourner null pour une clé inexistante[32m 30[2mms[22m[39m
 [32m✓[39m src/__tests__/hooks/common-hooks.test.ts[2m > [22museLocalStorage Hook[2m > [22mStorage Operations[2m > [22mdevrait supprimer une valeur[32m 1[2mms[22m[39m
 [32m✓[39m src/__tests__/hooks/common-hooks.test.ts[2m > [22museLocalStorage Hook[2m > [22mJSON Storage[2m > [22mdevrait sérialiser en JSON[32m 2[2mms[22m[39m
 [32m✓[39m src/__tests__/hooks/common-hooks.test.ts[2m > [22museLocalStorage Hook[2m > [22mJSON Storage[2m > [22mdevrait parser du JSON valide[32m 1[2mms[22m[39m
 [32m✓[39m src/__tests__/hooks/common-hooks.test.ts[2m > [22museLocalStorage Hook[2m > [22mJSON Storage[2m > [22mdevrait retourner null pour du JSON invalide[32m 14[2mms[22m[39m
 [32m✓[39m src/__tests__/hooks/common-hooks.test.ts[2m > [22musePagination Hook[2m > [22mPagination Logic[2m > [22mdevrait calculer le nombre de pages[32m 1[2mms[22m[39m
 [32m✓[39m src/__tests__/hooks/common-hooks.test.ts[2m > [22musePagination Hook[2m > [22mPagination Logic[2m > [22mdevrait détecter s'il y a une page suivante[32m 1[2mms[22m[39m
 [32m✓[39m src/__tests__/hooks/common-hooks.test.ts[2m > [22musePagination Hook[2m > [22mPagination Logic[2m > [22mdevrait détecter la dernière page[32m 0[2mms[22m[39m
 [32m✓[39m src/__tests__/hooks/common-hooks.test.ts[2m > [22musePagination Hook[2m > [22mPagination Logic[2m > [22mdevrait calculer les indices des items[32m 12[2mms[22m[39m
 [32m✓[39m src/__tests__/hooks/common-hooks.test.ts[2m > [22musePagination Hook[2m > [22mPage Navigation[2m > [22mdevrait limiter à la première page[32m 1[2mms[22m[39m
 [32m✓[39m src/__tests__/hooks/common-hooks.test.ts[2m > [22musePagination Hook[2m > [22mPage Navigation[2m > [22mdevrait limiter à la dernière page[32m 0[2mms[22m[39m
 [32m✓[39m src/__tests__/hooks/common-hooks.test.ts[2m > [22musePagination Hook[2m > [22mPage Navigation[2m > [22mdevrait garder une page valide[32m 0[2mms[22m[39m
 [32m✓[39m src/__tests__/hooks/common-hooks.test.ts[2m > [22museForm Hook[2m > [22mForm State[2m > [22mdevrait créer un état de formulaire[32m 2[2mms[22m[39m
 [32m✓[39m src/__tests__/hooks/common-hooks.test.ts[2m > [22museForm Hook[2m > [22mField Validation[2m > [22mdevrait valider required[32m 1[2mms[22m[39m
 [32m✓[39m src/__tests__/hooks/common-hooks.test.ts[2m > [22museForm Hook[2m > [22mField Validation[2m > [22mdevrait valider email[32m 1[2mms[22m[39m
 [32m✓[39m src/__tests__/hooks/common-hooks.test.ts[2m > [22museForm Hook[2m > [22mField Validation[2m > [22mdevrait valider minLength[32m 1[2mms[22m[39m
 [32m✓[39m src/__tests__/hooks/common-hooks.test.ts[2m > [22museForm Hook[2m > [22mForm Submission[2m > [22mdevrait valider un formulaire[32m 13[2mms[22m[39m
 [32m✓[39m src/__tests__/hooks/common-hooks.test.ts[2m > [22museAsync Hook[2m > [22mAsync State[2m > [22mdevrait créer un état idle[32m 1[2mms[22m[39m
 [32m✓[39m src/__tests__/hooks/common-hooks.test.ts[2m > [22museAsync Hook[2m > [22mAsync State[2m > [22mdevrait créer un état success avec données[32m 1[2mms[22m[39m
 [32m✓[39m src/__tests__/hooks/common-hooks.test.ts[2m > [22museAsync Hook[2m > [22mAsync State[2m > [22mdevrait créer un état error[32m 1[2mms[22m[39m
 [32m✓[39m src/__tests__/hooks/common-hooks.test.ts[2m > [22museToggle Hook[2m > [22mToggle Logic[2m > [22mdevrait toggle la valeur[32m 1[2mms[22m[39m
 [32m✓[39m src/__tests__/hooks/common-hooks.test.ts[2m > [22museToggle Hook[2m > [22mToggle Logic[2m > [22mdevrait forcer à true[32m 1[2mms[22m[39m
 [32m✓[39m src/__tests__/hooks/common-hooks.test.ts[2m > [22museToggle Hook[2m > [22mToggle Logic[2m > [22mdevrait forcer à false[32m 1[2mms[22m[39m
 [32m✓[39m src/__tests__/hooks/common-hooks.test.ts[2m > [22museClickOutside Hook[2m > [22mClick Detection[2m > [22mdevrait retourner false si container est null[32m 0[2mms[22m[39m
 [32m✓[39m src/__tests__/lib/auth-system.test.ts[2m > [22mAuthentication System[2m > [22mRole Hierarchy[2m > [22mCLIENT ne devrait avoir accès qu'à CLIENT[32m 12[2mms[22m[39m
 [32m✓[39m src/__tests__/lib/auth-system.test.ts[2m > [22mAuthentication System[2m > [22mPermission System[2m > [22mADMIN devrait avoir toutes les permissions[32m 1[2mms[22m[39m
 [32m✓[39m src/__tests__/lib/auth-system.test.ts[2m > [22mAuthentication System[2m > [22mPermission System[2m > [22mAVOCAT devrait avoir dossiers:write[32m 6[2mms[22m[39m
 [32m✓[39m src/__tests__/lib/auth-system.test.ts[2m > [22mAuthentication System[2m > [22mPermission System[2m > [22mSECRETAIRE ne devrait pas avoir dossiers:write[32m 1[2mms[22m[39m
 [32m✓[39m src/__tests__/lib/auth-system.test.ts[2m > [22mAuthentication System[2m > [22mSession Validation[2m > [22mdevrait valider une session active[32m 5[2mms[22m[39m
 [32m✓[39m src/__tests__/lib/auth-system.test.ts[2m > [22mAuthentication System[2m > [22mSession Validation[2m > [22mdevrait rejeter une session expirée[32m 3[2mms[22m[39m
 [32m✓[39m src/__tests__/lib/auth-system.test.ts[2m > [22mAuthentication System[2m > [22mToken Generation[2m > [22mdevrait générer un token de longueur correcte[32m 10[2mms[22m[39m
 [32m✓[39m src/__tests__/lib/auth-system.test.ts[2m > [22mAuthentication System[2m > [22mToken Generation[2m > [22mdevrait générer des tokens uniques[32m 13[2mms[22m[39m
 [32m✓[39m src/__tests__/lib/auth-system.test.ts[2m > [22mAuthentication System[2m > [22mPassword Requirements[2m > [22mdevrait accepter un mot de passe fort[32m 1[2mms[22m[39m
 [32m✓[39m src/__tests__/lib/auth-system.test.ts[2m > [22mAuthentication System[2m > [22mPassword Requirements[2m > [22mdevrait rejeter un mot de passe trop court[32m 1[2mms[22m[39m
 [32m✓[39m src/__tests__/lib/auth-system.test.ts[2m > [22mAuthentication System[2m > [22mPassword Requirements[2m > [22mdevrait rejeter sans majuscule[32m 12[2mms[22m[39m
 [32m✓[39m src/__tests__/lib/auth-system.test.ts[2m > [22mAuthentication System[2m > [22mPassword Requirements[2m > [22mdevrait rejeter sans caractère spécial[32m 1[2mms[22m[39m
 [32m✓[39m src/__tests__/lib/auth-system.test.ts[2m > [22mAuthentication System[2m > [22mLogin Attempt Tracking[2m > [22mdevrait enregistrer une tentative[32m 2[2mms[22m[39m
 [32m✓[39m src/__tests__/lib/auth-system.test.ts[2m > [22mAuthentication System[2m > [22mLogin Attempt Tracking[2m > [22mdevrait verrouiller après 5 tentatives[32m 1[2mms[22m[39m
 [32m✓[39m src/__tests__/lib/auth-system.test.ts[2m > [22mAuthentication System[2m > [22mLogin Attempt Tracking[2m > [22mdevrait réinitialiser les tentatives[32m 1[2mms[22m[39m
 [32m✓[39m src/__tests__/lib/auth-system.test.ts[2m > [22mAuthentication System[2m > [22mMulti-tenant Isolation[2m > [22mdevrait autoriser l'accès au même tenant[32m 28[2mms[22m[39m
 [32m✓[39m src/__tests__/lib/auth-system.test.ts[2m > [22mAuthentication System[2m > [22mMulti-tenant Isolation[2m > [22mdevrait refuser l'accès à un autre tenant[32m 1[2mms[22m[39m
 [32m✓[39m src/__tests__/lib/auth-system.test.ts[2m > [22mTwo-Factor Authentication[2m > [22mTOTP Generation[2m > [22mdevrait générer un code à 6 chiffres[32m 1[2mms[22m[39m
 [32m✓[39m src/__tests__/lib/auth-system.test.ts[2m > [22mTwo-Factor Authentication[2m > [22mTOTP Validation[2m > [22mdevrait valider un code correct[32m 1[2mms[22m[39m
 [32m✓[39m src/__tests__/lib/auth-system.test.ts[2m > [22mTwo-Factor Authentication[2m > [22mTOTP Validation[2m > [22mdevrait rejeter un code incorrect[32m 1[2mms[22m[39m
[90mstdout[2m | src/__tests__/api/payments/stripe-webhook-fix.test.ts
[22m[39m◇ injected env (9) from .env.test // tip: ⌘ enable debugging { debug: true }

[90mstdout[2m | src/__tests__/lib/logger.extended.test.ts
[22m[39m◇ injected env (9) from .env.test // tip: ⌘ suppress logs { quiet: true }

 [32m✓[39m src/__tests__/api/payments/stripe-webhook-fix.test.ts[2m > [22mWebhook Stripe — fix tenant.owner[2m > [22mtenant.findUnique utilise users[] au lieu de owner[32m 17[2mms[22m[39m
 [32m✓[39m src/__tests__/api/payments/stripe-webhook-fix.test.ts[2m > [22mWebhook Stripe — fix tenant.owner[2m > [22mgère le cas où aucun admin n'est trouvé[32m 1[2mms[22m[39m
 [32m✓[39m src/__tests__/lib/logger.extended.test.ts[2m > [22mLogger Extended - Pure Unit Tests[2m > [22mstructured logging[2m > [22mshould create structured log[32m 12[2mms[22m[39m
 [32m✓[39m src/__tests__/lib/logger.extended.test.ts[2m > [22mLogger Extended - Pure Unit Tests[2m > [22mcorrelation ID[2m > [22mshould generate correlation ID[32m 1[2mms[22m[39m
 [32m✓[39m src/__tests__/lib/logger.extended.test.ts[2m > [22mLogger Extended - Pure Unit Tests[2m > [22mcorrelation ID[2m > [22mshould propagate correlation ID[32m 2[2mms[22m[39m
 [32m✓[39m src/__tests__/lib/logger.extended.test.ts[2m > [22mLogger Extended - Pure Unit Tests[2m > [22mmetric logging[2m > [22mshould create metric log[32m 8[2mms[22m[39m
 [32m✓[39m src/__tests__/lib/logger.extended.test.ts[2m > [22mLogger Extended - Pure Unit Tests[2m > [22mtrace logging[2m > [22mshould create trace span[32m 5[2mms[22m[39m
 [32m✓[39m src/__tests__/lib/logger.extended.test.ts[2m > [22mLogger Extended - Pure Unit Tests[2m > [22mtrace logging[2m > [22mshould calculate span duration[32m 1[2mms[22m[39m
 [32m✓[39m src/__tests__/lib/logger.extended.test.ts[2m > [22mLogger Extended - Pure Unit Tests[2m > [22maudit logging[2m > [22mshould create audit entry[32m 2[2mms[22m[39m
 [32m✓[39m src/__tests__/lib/logger.extended.test.ts[2m > [22mLogger Extended - Pure Unit Tests[2m > [22mlog sampling[2m > [22mshould sample logs[32m 1[2mms[22m[39m
 [32m✓[39m src/__tests__/lib/logger.extended.test.ts[2m > [22mLogger Extended - Pure Unit Tests[2m > [22mlog sampling[2m > [22mshould calculate sample rate[32m 3[2mms[22m[39m
 [32m✓[39m src/__tests__/lib/logger.extended.test.ts[2m > [22mLogger Extended - Pure Unit Tests[2m > [22mlog batching[2m > [22mshould batch logs[32m 14[2mms[22m[39m
 [32m✓[39m src/__tests__/lib/logger.extended.test.ts[2m > [22mLogger Extended - Pure Unit Tests[2m > [22mlog truncation[2m > [22mshould truncate long messages[32m 1[2mms[22m[39m
 [32m✓[39m src/__tests__/lib/logger.extended.test.ts[2m > [22mLogger Extended - Pure Unit Tests[2m > [22mlog truncation[2m > [22mshould truncate deep objects[32m 1[2mms[22m[39m
 [32m✓[39m src/__tests__/lib/logger.extended.test.ts[2m > [22mLogger Extended - Pure Unit Tests[2m > [22menvironment-based logging[2m > [22mshould get log level from environment[32m 1[2mms[22m[39m
 [32m✓[39m src/__tests__/lib/logger.extended.test.ts[2m > [22mLogger Extended - Pure Unit Tests[2m > [22mlog formatting[2m > [22mshould format for console[32m 1[2mms[22m[39m
[90mstdout[2m | src/lib/multichannel/__tests__/adapter-pattern.test.ts
[22m[39m◇ injected env (9) from .env.test // tip: ⌘ suppress logs { quiet: true }

 [32m✓[39m src/lib/multichannel/__tests__/adapter-pattern.test.ts[2m > [22mPattern Adapter Multi-Canal[2m > [22mAdapterFactory[2m > [22mdoit retourner le bon adapter selon le canal[32m 34[2mms[22m[39m
 [32m✓[39m src/lib/multichannel/__tests__/adapter-pattern.test.ts[2m > [22mPattern Adapter Multi-Canal[2m > [22mAdapterFactory[2m > [22mdoit retourner la même instance (singleton)[32m 2[2mms[22m[39m
 [32m✓[39m src/lib/multichannel/__tests__/adapter-pattern.test.ts[2m > [22mPattern Adapter Multi-Canal[2m > [22mAdapterFactory[2m > [22mdoit lister tous les canaux supportés[32m 64[2mms[22m[39m
 [32m✓[39m src/lib/multichannel/__tests__/adapter-pattern.test.ts[2m > [22mPattern Adapter Multi-Canal[2m > [22mAdapterFactory[2m > [22mdoit vérifier si un canal est supporté[32m 14[2mms[22m[39m
 [32m✓[39m src/lib/multichannel/__tests__/adapter-pattern.test.ts[2m > [22mPattern Adapter Multi-Canal[2m > [22mEmailAdapter[2m > [22mdoit extraire externalId du payload[32m 1[2mms[22m[39m
 [32m✓[39m src/lib/multichannel/__tests__/adapter-pattern.test.ts[2m > [22mPattern Adapter Multi-Canal[2m > [22mEmailAdapter[2m > [22mdoit extraire externalId depuis id si messageId absent[32m 1[2mms[22m[39m
 [32m✓[39m src/lib/multichannel/__tests__/adapter-pattern.test.ts[2m > [22mPattern Adapter Multi-Canal[2m > [22mEmailAdapter[2m > [22mdoit normaliser un email webhook[32m 15[2mms[22m[39m
 [32m✓[39m src/lib/multichannel/__tests__/adapter-pattern.test.ts[2m > [22mPattern Adapter Multi-Canal[2m > [22mWhatsAppAdapter[2m > [22mdoit extraire externalId du payload WhatsApp[32m 1[2mms[22m[39m
 [32m✓[39m src/lib/multichannel/__tests__/adapter-pattern.test.ts[2m > [22mPattern Adapter Multi-Canal[2m > [22mWhatsAppAdapter[2m > [22mdoit normaliser un message WhatsApp[32m 3[2mms[22m[39m
 [32m✓[39m src/lib/multichannel/__tests__/adapter-pattern.test.ts[2m > [22mPattern Adapter Multi-Canal[2m > [22mWhatsAppAdapter[2m > [22mdoit valider signature WhatsApp (SHA-256)[32m 3[2mms[22m[39m
 [32m✓[39m src/lib/multichannel/__tests__/adapter-pattern.test.ts[2m > [22mPattern Adapter Multi-Canal[2m > [22mSMSAdapter (Twilio)[2m > [22mdoit extraire MessageSid[32m 2[2mms[22m[39m
 [32m✓[39m src/lib/multichannel/__tests__/adapter-pattern.test.ts[2m > [22mPattern Adapter Multi-Canal[2m > [22mSMSAdapter (Twilio)[2m > [22mdoit normaliser un SMS Twilio[32m 3[2mms[22m[39m
 [32m✓[39m src/lib/multichannel/__tests__/adapter-pattern.test.ts[2m > [22mPattern Adapter Multi-Canal[2m > [22mDéduplication[2m > [22mdoit générer un checksum déterministe[32m 2[2mms[22m[39m
 [32m✓[39m src/lib/multichannel/__tests__/adapter-pattern.test.ts[2m > [22mPattern Adapter Multi-Canal[2m > [22mDéduplication[2m > [22mdoit détecter les doublons par externalId[32m 2[2mms[22m[39m
 [32m✓[39m src/lib/multichannel/__tests__/adapter-pattern.test.ts[2m > [22mPattern Adapter Multi-Canal[2m > [22mConformité RGPD[2m > [22mdoit préserver métadonnées source dans channelMetadata[32m 1[2mms[22m[39m
[90mstdout[2m | src/__tests__/services/event-log.service.test.ts
[22m[39m◇ injected env (9) from .env.test // tip: ⌘ custom filepath { path: '/custom/path/.env' }

 [32m✓[39m src/__tests__/services/event-log.service.test.ts[2m > [22mEventLog Service[2m > [22mRULE-005: Création EventLog[2m > [22mshould create EventLog with all required fields[32m 20[2mms[22m[39m
 [32m✓[39m src/__tests__/services/event-log.service.test.ts[2m > [22mEventLog Service[2m > [22mRULE-005: Création EventLog[2m > [22mshould create EventLog with user actor[32m 2[2mms[22m[39m
 [32m✓[39m src/__tests__/services/event-log.service.test.ts[2m > [22mEventLog Service[2m > [22mRULE-006: Checksum integrity[2m > [22mshould calculate deterministic checksum[32m 1[2mms[22m[39m
 [32m✓[39m src/__tests__/services/event-log.service.test.ts[2m > [22mEventLog Service[2m > [22mRULE-006: Checksum integrity[2m > [22mshould verify EventLog integrity[32m 10[2mms[22m[39m
 [32m✓[39m src/__tests__/services/event-log.service.test.ts[2m > [22mEventLog Service[2m > [22mRULE-006: Checksum integrity[2m > [22mshould detect corrupted EventLog[32m 2[2mms[22m[39m
 [32m✓[39m src/__tests__/services/event-log.service.test.ts[2m > [22mEventLog Service[2m > [22mRULE-004: Immuabilité[2m > [22mshould attempt to update EventLog and fail[32m 1[2mms[22m[39m
 [32m✓[39m src/__tests__/services/event-log.service.test.ts[2m > [22mEventLog Service[2m > [22mRULE-004: Immuabilité[2m > [22mshould attempt to delete EventLog and fail[32m 1[2mms[22m[39m
 [32m✓[39m src/__tests__/services/event-log.service.test.ts[2m > [22mEventLog Service[2m > [22mTimeline & Audit Trail[2m > [22mshould retrieve timeline for entity[32m 1[2mms[22m[39m
 [32m✓[39m src/__tests__/services/event-log.service.test.ts[2m > [22mEventLog Service[2m > [22mTimeline & Audit Trail[2m > [22mshould count events correctly[32m 25[2mms[22m[39m
[90mstdout[2m | src/__tests__/lib/forms/formConfigs.coverage.test.ts
[22m[39m◇ injected env (9) from .env.test // tip: ⌘ custom filepath { path: '/custom/path/.env' }

 [32m✓[39m src/__tests__/lib/forms/formConfigs.coverage.test.ts[2m > [22mformConfigs.ts — Full Coverage[2m > [22mresourceRequestForm[2m > [22mshould have correct id and metadata[32m 34[2mms[22m[39m
 [32m✓[39m src/__tests__/lib/forms/formConfigs.coverage.test.ts[2m > [22mformConfigs.ts — Full Coverage[2m > [22mresourceRequestForm[2m > [22mshould have required fields with correct types[32m 2[2mms[22m[39m
 [32m✓[39m src/__tests__/lib/forms/formConfigs.coverage.test.ts[2m > [22mformConfigs.ts — Full Coverage[2m > [22mresourceRequestForm[2m > [22mshould have impact analysis on key fields[32m 7[2mms[22m[39m
 [32m✓[39m src/__tests__/lib/forms/formConfigs.coverage.test.ts[2m > [22mformConfigs.ts — Full Coverage[2m > [22mresourceRequestForm[2m > [22mshould have an onSubmit function[32m 5[2mms[22m[39m
 [32m✓[39m src/__tests__/lib/forms/formConfigs.coverage.test.ts[2m > [22mformConfigs.ts — Full Coverage[2m > [22mstrategicDecisionForm[2m > [22mshould have correct id and metadata[32m 2[2mms[22m[39m
 [32m✓[39m src/__tests__/lib/forms/formConfigs.coverage.test.ts[2m > [22mformConfigs.ts — Full Coverage[2m > [22mstrategicDecisionForm[2m > [22mshould have all required fields[32m 19[2mms[22m[39m
 [32m✓[39m src/__tests__/lib/forms/formConfigs.coverage.test.ts[2m > [22mformConfigs.ts — Full Coverage[2m > [22mstrategicDecisionForm[2m > [22mshould have critical impact on proposedSolution and risks[32m 2[2mms[22m[39m
 [32m✓[39m src/__tests__/lib/forms/formConfigs.coverage.test.ts[2m > [22mformConfigs.ts — Full Coverage[2m > [22mriskAssessmentForm[2m > [22mshould have correct id and metadata[32m 1[2mms[22m[39m
 [32m✓[39m src/__tests__/lib/forms/formConfigs.coverage.test.ts[2m > [22mformConfigs.ts — Full Coverage[2m > [22mriskAssessmentForm[2m > [22mshould have all fields[32m 19[2mms[22m[39m
 [32m✓[39m src/__tests__/lib/forms/formConfigs.coverage.test.ts[2m > [22mformConfigs.ts — Full Coverage[2m > [22mriskAssessmentForm[2m > [22mshould have risk category options[32m 1[2mms[22m[39m
 [32m✓[39m src/__tests__/lib/forms/formConfigs.coverage.test.ts[2m > [22mformConfigs.ts — Full Coverage[2m > [22mformConfigs export[2m > [22mshould export all 3 configs[32m 1[2mms[22m[39m
[90mstdout[2m | src/__tests__/lib/localStorage.test.ts
[22m[39m◇ injected env (9) from .env.test // tip: ⌘ enable debugging { debug: true }

[90mstdout[2m | src/__tests__/utils/date-utils.test.ts
[22m[39m◇ injected env (9) from .env.test // tip: ⌁ auth for agents [www.vestauth.com]

 [32m✓[39m src/__tests__/lib/localStorage.test.ts[2m > [22mSafe Local Storage[2m > [22mSSR Safety[2m > [22mdevrait retourner null côté serveur[32m 29[2mms[22m[39m
 [32m✓[39m src/__tests__/lib/localStorage.test.ts[2m > [22mSafe Local Storage[2m > [22mSSR Safety[2m > [22mdevrait retourner une valeur côté client[32m 1[2mms[22m[39m
 [32m✓[39m src/__tests__/lib/localStorage.test.ts[2m > [22mSafe Local Storage[2m > [22mSSR Safety[2m > [22mdevrait ignorer setItem côté serveur[32m 17[2mms[22m[39m
 [32m✓[39m src/__tests__/lib/localStorage.test.ts[2m > [22mSafe Local Storage[2m > [22mSSR Safety[2m > [22mdevrait ignorer removeItem côté serveur[32m 1[2mms[22m[39m
 [32m✓[39m src/__tests__/lib/localStorage.test.ts[2m > [22mSafe Local Storage[2m > [22mSSR Safety[2m > [22mdevrait ignorer clear côté serveur[32m 1[2mms[22m[39m
 [32m✓[39m src/__tests__/lib/localStorage.test.ts[2m > [22mSafe Local Storage[2m > [22mKey-Value Operations[2m > [22mdevrait stocker et récupérer une valeur[32m 18[2mms[22m[39m
 [32m✓[39m src/__tests__/lib/localStorage.test.ts[2m > [22mSafe Local Storage[2m > [22mKey-Value Operations[2m > [22mdevrait retourner null pour clé inexistante[32m 1[2mms[22m[39m
 [32m✓[39m src/__tests__/lib/localStorage.test.ts[2m > [22mSafe Local Storage[2m > [22mKey-Value Operations[2m > [22mdevrait supprimer une clé[32m 1[2mms[22m[39m
 [32m✓[39m src/__tests__/lib/localStorage.test.ts[2m > [22mSafe Local Storage[2m > [22mKey-Value Operations[2m > [22mdevrait effacer tout le stockage[32m 10[2mms[22m[39m
 [32m✓[39m src/__tests__/lib/localStorage.test.ts[2m > [22mSafe Local Storage[2m > [22mKey-Value Operations[2m > [22mdevrait écraser une valeur existante[32m 1[2mms[22m[39m
 [32m✓[39m src/__tests__/lib/localStorage.test.ts[2m > [22mSafe Local Storage[2m > [22mJSON Storage[2m > [22mdevrait stocker un objet[32m 3[2mms[22m[39m
 [32m✓[39m src/__tests__/lib/localStorage.test.ts[2m > [22mSafe Local Storage[2m > [22mJSON Storage[2m > [22mdevrait stocker un tableau[32m 1[2mms[22m[39m
 [32m✓[39m src/__tests__/lib/localStorage.test.ts[2m > [22mSafe Local Storage[2m > [22mJSON Storage[2m > [22mdevrait retourner null pour JSON invalide[32m 1[2mms[22m[39m
 [32m✓[39m src/__tests__/lib/localStorage.test.ts[2m > [22mSafe Local Storage[2m > [22mSession Persistence[2m > [22mdevrait vérifier la présence de session[32m 1[2mms[22m[39m
 [32m✓[39m src/__tests__/lib/localStorage.test.ts[2m > [22mSafe Local Storage[2m > [22mStorage Keys[2m > [22mdevrait avoir la clé AUTH_TOKEN[32m 1[2mms[22m[39m
 [32m✓[39m src/__tests__/lib/localStorage.test.ts[2m > [22mSafe Local Storage[2m > [22mStorage Keys[2m > [22mdevrait avoir la clé THEME[32m 12[2mms[22m[39m
 [32m✓[39m src/__tests__/lib/localStorage.test.ts[2m > [22mSafe Local Storage[2m > [22mStorage Keys[2m > [22mdevrait avoir 6 clés définies[32m 2[2mms[22m[39m
 [32m✓[39m src/__tests__/utils/date-utils.test.ts[2m > [22mDate Formatting Utils[2m > [22mFormat DD/MM/YYYY[2m > [22mdevrait formater une date correctement[32m 5[2mms[22m[39m
 [32m✓[39m src/__tests__/utils/date-utils.test.ts[2m > [22mDate Formatting Utils[2m > [22mFormat DD/MM/YYYY[2m > [22mdevrait ajouter des zéros pour les jours < 10[32m 10[2mms[22m[39m
 [32m✓[39m src/__tests__/utils/date-utils.test.ts[2m > [22mDate Formatting Utils[2m > [22mFormat ISO[2m > [22mdevrait formater en YYYY-MM-DD[32m 1[2mms[22m[39m
 [32m✓[39m src/__tests__/utils/date-utils.test.ts[2m > [22mDate Formatting Utils[2m > [22mFormat Relative[2m > [22mdevrait retourner "Aujourd'hui" pour la date du jour[32m 1[2mms[22m[39m
 [32m✓[39m src/__tests__/utils/date-utils.test.ts[2m > [22mDate Formatting Utils[2m > [22mFormat Relative[2m > [22mdevrait retourner "Hier" pour hier[32m 1[2mms[22m[39m
 [32m✓[39m src/__tests__/utils/date-utils.test.ts[2m > [22mDate Formatting Utils[2m > [22mFormat Relative[2m > [22mdevrait retourner les jours pour < 7 jours[32m 1[2mms[22m[39m
 [32m✓[39m src/__tests__/utils/date-utils.test.ts[2m > [22mDate Formatting Utils[2m > [22mDays Until[2m > [22mdevrait calculer les jours restants[32m 1[2mms[22m[39m
 [32m✓[39m src/__tests__/utils/date-utils.test.ts[2m > [22mDate Formatting Utils[2m > [22mDays Until[2m > [22mdevrait retourner 0 pour aujourd'hui[32m 13[2mms[22m[39m
 [32m✓[39m src/__tests__/utils/date-utils.test.ts[2m > [22mDate Formatting Utils[2m > [22mDays Until[2m > [22mdevrait retourner un nombre négatif pour dates passées[32m 2[2mms[22m[39m
 [32m✓[39m src/__tests__/utils/date-utils.test.ts[2m > [22mDate Formatting Utils[2m > [22mIs Overdue[2m > [22mdevrait retourner true pour dates passées[32m 1[2mms[22m[39m
 [32m✓[39m src/__tests__/utils/date-utils.test.ts[2m > [22mDate Formatting Utils[2m > [22mIs Overdue[2m > [22mdevrait retourner false pour dates futures[32m 1[2mms[22m[39m
 [32m✓[39m src/__tests__/utils/date-utils.test.ts[2m > [22mDate Formatting Utils[2m > [22mAdd Days[2m > [22mdevrait ajouter des jours[32m 1[2mms[22m[39m
 [32m✓[39m src/__tests__/utils/date-utils.test.ts[2m > [22mDate Formatting Utils[2m > [22mAdd Days[2m > [22mdevrait gérer le passage de mois[32m 1[2mms[22m[39m
 [32m✓[39m src/__tests__/utils/date-utils.test.ts[2m > [22mDate Formatting Utils[2m > [22mAdd Days[2m > [22mdevrait soustraire des jours avec valeur négative[32m 7[2mms[22m[39m
 [32m✓[39m src/__tests__/utils/date-utils.test.ts[2m > [22mDate Formatting Utils[2m > [22mBusiness Days Calculation[2m > [22mdevrait ignorer les weekends[32m 1[2mms[22m[39m
 [32m✓[39m src/__tests__/utils/date-utils.test.ts[2m > [22mDate Formatting Utils[2m > [22mParse Date String[2m > [22mdevrait parser DD/MM/YYYY[32m 3[2mms[22m[39m
 [32m✓[39m src/__tests__/utils/date-utils.test.ts[2m > [22mDate Formatting Utils[2m > [22mParse Date String[2m > [22mdevrait retourner null pour format invalide[32m 1[2mms[22m[39m
 [32m✓[39m src/__tests__/utils/date-utils.test.ts[2m > [22mDate Formatting Utils[2m > [22mDate Comparison[2m > [22mdevrait retourner true pour le même jour[32m 1[2mms[22m[39m
 [32m✓[39m src/__tests__/utils/date-utils.test.ts[2m > [22mDate Formatting Utils[2m > [22mDate Comparison[2m > [22mdevrait retourner false pour des jours différents[32m 1[2mms[22m[39m
[90mstdout[2m | tests/unit/email-adapter.test.ts
[22m[39m◇ injected env (9) from .env.test // tip: ⌘ suppress logs { quiet: true }

[90mstdout[2m | src/__tests__/api/dashboard-stats.test.ts
[22m[39m◇ injected env (9) from .env.test // tip: ⌘ multiple files { path: ['.env.local', '.env'] }

[90mstdout[2m | src/__tests__/lib/notifications.extended.test.ts
[22m[39m◇ injected env (9) from .env.test // tip: ◈ secrets for agents [www.dotenvx.com]

 [32m✓[39m tests/unit/email-adapter.test.ts[2m > [22mEmailAdapter.extractDraft[2m > [22mdétecte un email OQTF sans délai avec haute confiance[32m 58[2mms[22m[39m
 [32m✓[39m tests/unit/email-adapter.test.ts[2m > [22mEmailAdapter.extractDraft[2m > [22mdétecte un email OQTF avec délai[32m 18[2mms[22m[39m
 [32m✓[39m tests/unit/email-adapter.test.ts[2m > [22mEmailAdapter.extractDraft[2m > [22mdétecte une demande de naturalisation[32m 2[2mms[22m[39m
 [32m✓[39m tests/unit/email-adapter.test.ts[2m > [22mEmailAdapter.extractDraft[2m > [22mdétecte une demande d'asile CNDA[32m 26[2mms[22m[39m
 [32m✓[39m tests/unit/email-adapter.test.ts[2m > [22mEmailAdapter.extractDraft[2m > [22mgère un email sans type détectable[32m 21[2mms[22m[39m
 [32m✓[39m tests/unit/email-adapter.test.ts[2m > [22mEmailAdapter.extractDraft[2m > [22mgère un email avec corps vide[32m 1[2mms[22m[39m
 [32m✓[39m tests/unit/email-adapter.test.ts[2m > [22mEmailAdapter.extractDraft[2m > [22mextrait un numéro de téléphone français[32m 1[2mms[22m[39m
 [32m✓[39m tests/unit/email-adapter.test.ts[2m > [22mEmailAdapter.extractDraft[2m > [22mextrait le nom depuis le header From[32m 1[2mms[22m[39m
 [32m✓[39m tests/unit/email-adapter.test.ts[2m > [22mEmailAdapter.extractDraft[2m > [22mdevine le nom depuis l'email quand pas de display name[32m 6[2mms[22m[39m
 [32m✓[39m tests/unit/email-adapter.test.ts[2m > [22mEmailAdapter.extractDraft[2m > [22mdétecte un recours au tribunal administratif[32m 22[2mms[22m[39m
[90mstdout[2m | src/__tests__/api/search.test.ts
[22m[39m◇ injected env (9) from .env.test // tip: ⌁ auth for agents [www.vestauth.com]

 [32m✓[39m src/__tests__/api/dashboard-stats.test.ts[2m > [22mDashboard Stats Logic[2m > [22mStats Structure[2m > [22mdevrait avoir tous les champs requis[32m 36[2mms[22m[39m
 [32m✓[39m src/__tests__/api/dashboard-stats.test.ts[2m > [22mDashboard Stats Logic[2m > [22mDossier Status[2m > [22mdevrait inclure EN_COURS[32m 5[2mms[22m[39m
 [32m✓[39m src/__tests__/api/dashboard-stats.test.ts[2m > [22mDashboard Stats Logic[2m > [22mDossier Status[2m > [22mdevrait inclure EN_ATTENTE[32m 1[2mms[22m[39m
 [32m✓[39m src/__tests__/api/dashboard-stats.test.ts[2m > [22mDashboard Stats Logic[2m > [22mDossier Status[2m > [22mdevrait inclure TERMINE[32m 1[2mms[22m[39m
 [32m✓[39m src/__tests__/api/dashboard-stats.test.ts[2m > [22mDashboard Stats Logic[2m > [22mDossier Status[2m > [22mdevrait inclure ARCHIVE[32m 2[2mms[22m[39m
 [32m✓[39m src/__tests__/api/dashboard-stats.test.ts[2m > [22mDashboard Stats Logic[2m > [22mTotal Calculation[2m > [22mdevrait calculer le total correct[32m 1[2mms[22m[39m
 [32m✓[39m src/__tests__/api/dashboard-stats.test.ts[2m > [22mDashboard Stats Logic[2m > [22mPercentage Calculation[2m > [22mdevrait calculer le pourcentage correct[32m 1[2mms[22m[39m
 [32m✓[39m src/__tests__/api/dashboard-stats.test.ts[2m > [22mDashboard Stats Logic[2m > [22mPercentage Calculation[2m > [22mdevrait gérer le total zéro[32m 1[2mms[22m[39m
 [32m✓[39m src/__tests__/api/dashboard-stats.test.ts[2m > [22mDashboard Stats Logic[2m > [22mPercentage Calculation[2m > [22mdevrait arrondir[32m 11[2mms[22m[39m
 [32m✓[39m src/__tests__/api/dashboard-stats.test.ts[2m > [22mDashboard Stats Logic[2m > [22mTrends[2m > [22mdevrait avoir des tendances positives ou négatives[32m 4[2mms[22m[39m
 [32m✓[39m src/__tests__/api/dashboard-stats.test.ts[2m > [22mDashboard Stats Logic[2m > [22mTrends[2m > [22mdevrait représenter des pourcentages[32m 2[2mms[22m[39m
 [32m✓[39m src/__tests__/api/dashboard-stats.test.ts[2m > [22mDashboard Stats Logic[2m > [22mRevenue Aggregation[2m > [22mdevrait calculer le total des factures payées[32m 1[2mms[22m[39m
 [32m✓[39m src/__tests__/api/dashboard-stats.test.ts[2m > [22mDashboard Stats Logic[2m > [22mRevenue Aggregation[2m > [22mdevrait retourner 0 si aucune facture payée[32m 1[2mms[22m[39m
 [32m✓[39m src/__tests__/api/dashboard-stats.test.ts[2m > [22mDashboard Stats Logic[2m > [22mDefault Values[2m > [22mdevrait avoir des valeurs par défaut à 0[32m 1[2mms[22m[39m
 [32m✓[39m src/__tests__/api/dashboard-stats.test.ts[2m > [22mDashboard Stats Logic[2m > [22mFacture Status[2m > [22mdevrait avoir le statut EN_ATTENTE[32m 1[2mms[22m[39m
 [32m✓[39m src/__tests__/api/dashboard-stats.test.ts[2m > [22mDashboard Stats Logic[2m > [22mFacture Status[2m > [22mdevrait avoir le statut PAYEE[32m 1[2mms[22m[39m
 [32m✓[39m src/__tests__/api/dashboard-stats.test.ts[2m > [22mStats Response Format[2m > [22mdevrait être sérialisable en JSON[32m 1[2mms[22m[39m
 [32m✓[39m src/__tests__/lib/notifications.extended.test.ts[2m > [22mNotifications Extended - Pure Unit Tests[2m > [22mdeadline notifications[2m > [22mshould calculate days until deadline[32m 9[2mms[22m[39m
 [32m✓[39m src/__tests__/lib/notifications.extended.test.ts[2m > [22mNotifications Extended - Pure Unit Tests[2m > [22mdeadline notifications[2m > [22mshould determine urgency level[32m 10[2mms[22m[39m
 [32m✓[39m src/__tests__/lib/notifications.extended.test.ts[2m > [22mNotifications Extended - Pure Unit Tests[2m > [22mmention notifications[2m > [22mshould extract mentions from text[32m 9[2mms[22m[39m
 [32m✓[39m src/__tests__/lib/notifications.extended.test.ts[2m > [22mNotifications Extended - Pure Unit Tests[2m > [22mmention notifications[2m > [22mshould create mention notification[32m 1[2mms[22m[39m
 [32m✓[39m src/__tests__/lib/notifications.extended.test.ts[2m > [22mNotifications Extended - Pure Unit Tests[2m > [22mbatch notifications[2m > [22mshould batch similar notifications[32m 1[2mms[22m[39m
 [32m✓[39m src/__tests__/lib/notifications.extended.test.ts[2m > [22mNotifications Extended - Pure Unit Tests[2m > [22mbatch notifications[2m > [22mshould summarize batch[32m 1[2mms[22m[39m
 [32m✓[39m src/__tests__/lib/notifications.extended.test.ts[2m > [22mNotifications Extended - Pure Unit Tests[2m > [22mnotification scheduling[2m > [22mshould calculate send time[32m 4[2mms[22m[39m
 [32m✓[39m src/__tests__/lib/notifications.extended.test.ts[2m > [22mNotifications Extended - Pure Unit Tests[2m > [22mnotification scheduling[2m > [22mshould check quiet hours[32m 2[2mms[22m[39m
 [32m✓[39m src/__tests__/lib/notifications.extended.test.ts[2m > [22mNotifications Extended - Pure Unit Tests[2m > [22mreal-time updates[2m > [22mshould create update event[32m 1[2mms[22m[39m
 [32m✓[39m src/__tests__/lib/notifications.extended.test.ts[2m > [22mNotifications Extended - Pure Unit Tests[2m > [22msubscription management[2m > [22mshould manage topic subscriptions[32m 1[2mms[22m[39m
 [32m✓[39m src/__tests__/lib/notifications.extended.test.ts[2m > [22mNotifications Extended - Pure Unit Tests[2m > [22mnotification templates[2m > [22mshould render template[32m 1[2mms[22m[39m
 [32m✓[39m src/__tests__/lib/notifications.extended.test.ts[2m > [22mNotifications Extended - Pure Unit Tests[2m > [22mpush notifications[2m > [22mshould create push payload[32m 1[2mms[22m[39m
 [32m✓[39m src/__tests__/lib/notifications.extended.test.ts[2m > [22mNotifications Extended - Pure Unit Tests[2m > [22mpush notifications[2m > [22mshould truncate for push limits[32m 1[2mms[22m[39m
 [32m✓[39m src/__tests__/api/search.test.ts[2m > [22mSearch API Logic[2m > [22mQuery Validation[2m > [22mdevrait rejeter une query null[32m 28[2mms[22m[39m
 [32m✓[39m src/__tests__/api/search.test.ts[2m > [22mSearch API Logic[2m > [22mQuery Validation[2m > [22mdevrait rejeter une query vide[32m 1[2mms[22m[39m
 [32m✓[39m src/__tests__/api/search.test.ts[2m > [22mSearch API Logic[2m > [22mQuery Validation[2m > [22mdevrait rejeter une query de 1 caractère[32m 12[2mms[22m[39m
 [32m✓[39m src/__tests__/api/search.test.ts[2m > [22mSearch API Logic[2m > [22mQuery Validation[2m > [22mdevrait accepter une query de 2+ caractères[32m 1[2mms[22m[39m
 [32m✓[39m src/__tests__/api/search.test.ts[2m > [22mSearch API Logic[2m > [22mTypes Parsing[2m > [22mdevrait parser les types séparés par virgule[32m 2[2mms[22m[39m
 [32m✓[39m src/__tests__/api/search.test.ts[2m > [22mSearch API Logic[2m > [22mTypes Parsing[2m > [22mdevrait retourner undefined si pas de types[32m 17[2mms[22m[39m
 [32m✓[39m src/__tests__/api/search.test.ts[2m > [22mSearch API Logic[2m > [22mTypes Parsing[2m > [22mdevrait gérer un seul type[32m 9[2mms[22m[39m
 [32m✓[39m src/__tests__/api/search.test.ts[2m > [22mSearch API Logic[2m > [22mLimit Parsing[2m > [22mdevrait utiliser la valeur par défaut si pas de limit[32m 1[2mms[22m[39m
 [32m✓[39m src/__tests__/api/search.test.ts[2m > [22mSearch API Logic[2m > [22mLimit Parsing[2m > [22mdevrait parser un entier valide[32m 2[2mms[22m[39m
 [32m✓[39m src/__tests__/api/search.test.ts[2m > [22mSearch API Logic[2m > [22mLimit Parsing[2m > [22mdevrait utiliser la valeur par défaut pour une valeur invalide[32m 1[2mms[22m[39m
 [32m✓[39m src/__tests__/api/search.test.ts[2m > [22mSearch API Logic[2m > [22mLimit Parsing[2m > [22mdevrait plafonner à 100[32m 1[2mms[22m[39m
 [32m✓[39m src/__tests__/api/search.test.ts[2m > [22mSearch API Logic[2m > [22mSearch Response Format[2m > [22mdevrait avoir la structure de réponse correcte[32m 7[2mms[22m[39m
 [32m✓[39m src/__tests__/api/search.test.ts[2m > [22mSearch API Logic[2m > [22mEmpty Results[2m > [22mdevrait retourner un objet vide pour query trop courte[32m 8[2mms[22m[39m
 [32m✓[39m src/__tests__/api/search.test.ts[2m > [22mSearch API Logic[2m > [22mInclude Archived[2m > [22mdevrait retourner true pour "true"[32m 1[2mms[22m[39m
 [32m✓[39m src/__tests__/api/search.test.ts[2m > [22mSearch API Logic[2m > [22mInclude Archived[2m > [22mdevrait retourner false pour "false"[32m 2[2mms[22m[39m
 [32m✓[39m src/__tests__/api/search.test.ts[2m > [22mSearch API Logic[2m > [22mInclude Archived[2m > [22mdevrait retourner false par défaut[32m 1[2mms[22m[39m
 [32m✓[39m src/__tests__/api/search.test.ts[2m > [22mSearch API Logic[2m > [22mExecution Time[2m > [22mdevrait calculer le temps d'exécution[32m 0[2mms[22m[39m
 [32m✓[39m src/__tests__/api/search.test.ts[2m > [22mSearch API Logic[2m > [22mExecution Time[2m > [22mdevrait arrondir le temps d'exécution[32m 0[2mms[22m[39m
 [32m✓[39m src/__tests__/api/search.test.ts[2m > [22mSearch Analytics[2m > [22mAnalytics Object[2m > [22mdevrait avoir tous les champs requis[32m 7[2mms[22m[39m
 [32m✓[39m src/__tests__/api/search.test.ts[2m > [22mSearch Analytics[2m > [22mType Categorization[2m > [22mdevrait avoir les 4 types par défaut[32m 2[2mms[22m[39m
[90mstdout[2m | src/__tests__/collaboration.test.ts
[22m[39m◇ injected env (9) from .env.test // tip: ◈ encrypted .env [www.dotenvx.com]

[90mstdout[2m | src/__tests__/lib/ai-isolation.test.ts
[22m[39m◇ injected env (9) from .env.test // tip: ◈ secrets for agents [www.dotenvx.com]

 [32m✓[39m src/__tests__/collaboration.test.ts[2m > [22mCollaboration[2m > [22mFolder Sharing[2m > [22mdevrait partager un dossier avec un utilisateur[32m 26[2mms[22m[39m
 [32m✓[39m src/__tests__/collaboration.test.ts[2m > [22mCollaboration[2m > [22mFolder Sharing[2m > [22mdevrait supporter le partage multiple[32m 1[2mms[22m[39m
 [32m✓[39m src/__tests__/collaboration.test.ts[2m > [22mCollaboration[2m > [22mPermissions[2m > [22mdevrait assigner la permission READ[32m 3[2mms[22m[39m
 [32m✓[39m src/__tests__/collaboration.test.ts[2m > [22mCollaboration[2m > [22mPermissions[2m > [22mdevrait assigner la permission WRITE[32m 1[2mms[22m[39m
 [32m✓[39m src/__tests__/collaboration.test.ts[2m > [22mCollaboration[2m > [22mPermissions[2m > [22mdevrait assigner la permission ADMIN[32m 1[2mms[22m[39m
 [32m✓[39m src/__tests__/collaboration.test.ts[2m > [22mCollaboration[2m > [22mReal-time Sync[2m > [22mdevrait synchroniser les changements en temps réel[32m 1[2mms[22m[39m
 [32m✓[39m src/__tests__/collaboration.test.ts[2m > [22mCollaboration[2m > [22mHistory[2m > [22mdevrait conserver un historique des modifications[32m 1[2mms[22m[39m
 [32m✓[39m src/__tests__/lib/ai-isolation.test.ts[2m > [22mAI Isolation - Pure Unit Tests[2m > [22mtenant isolation[2m > [22mshould generate tenant context key[32m 13[2mms[22m[39m
 [32m✓[39m src/__tests__/lib/ai-isolation.test.ts[2m > [22mAI Isolation - Pure Unit Tests[2m > [22mtenant isolation[2m > [22mshould validate tenant ID format[32m 2[2mms[22m[39m
 [32m✓[39m src/__tests__/lib/ai-isolation.test.ts[2m > [22mAI Isolation - Pure Unit Tests[2m > [22mcontext boundaries[2m > [22mshould create isolated context[32m 11[2mms[22m[39m
 [32m✓[39m src/__tests__/lib/ai-isolation.test.ts[2m > [22mAI Isolation - Pure Unit Tests[2m > [22mdata sanitization for AI[2m > [22mshould remove PII before AI call[32m 2[2mms[22m[39m
 [32m✓[39m src/__tests__/lib/ai-isolation.test.ts[2m > [22mAI Isolation - Pure Unit Tests[2m > [22mdata sanitization for AI[2m > [22mshould mask sensitive data patterns[32m 1[2mms[22m[39m
 [32m✓[39m src/__tests__/lib/ai-isolation.test.ts[2m > [22mAI Isolation - Pure Unit Tests[2m > [22mrate limiting per tenant[2m > [22mshould track usage per tenant[32m 1[2mms[22m[39m
 [32m✓[39m src/__tests__/lib/ai-isolation.test.ts[2m > [22mAI Isolation - Pure Unit Tests[2m > [22mrate limiting per tenant[2m > [22mshould check tenant limit[32m 3[2mms[22m[39m
 [32m✓[39m src/__tests__/lib/ai-isolation.test.ts[2m > [22mAI Isolation - Pure Unit Tests[2m > [22mrequest isolation[2m > [22mshould create isolated request ID[32m 1[2mms[22m[39m
 [32m✓[39m src/__tests__/lib/ai-isolation.test.ts[2m > [22mAI Isolation - Pure Unit Tests[2m > [22mresponse filtering[2m > [22mshould filter response by tenant scope[32m 3[2mms[22m[39m
 [32m✓[39m src/__tests__/lib/ai-isolation.test.ts[2m > [22mAI Isolation - Pure Unit Tests[2m > [22maudit logging[2m > [22mshould create audit entry[32m 3[2mms[22m[39m
 [32m✓[39m src/__tests__/lib/ai-isolation.test.ts[2m > [22mAI Isolation - Pure Unit Tests[2m > [22mcost allocation[2m > [22mshould allocate cost to tenant[32m 2[2mms[22m[39m
 [32m✓[39m src/__tests__/lib/ai-isolation.test.ts[2m > [22mAI Isolation - Pure Unit Tests[2m > [22mmodel selection per tenant[2m > [22mshould get allowed models for tenant[32m 5[2mms[22m[39m
[90mstdout[2m | src/__tests__/components/component-logic.test.ts
[22m[39m◇ injected env (9) from .env.test // tip: ⌘ suppress logs { quiet: true }

 [32m✓[39m src/__tests__/components/component-logic.test.ts[2m > [22mComponent Logic - Pure Unit Tests[2m > [22mform validation logic[2m > [22mshould validate required fields[32m 5[2mms[22m[39m
 [32m✓[39m src/__tests__/components/component-logic.test.ts[2m > [22mComponent Logic - Pure Unit Tests[2m > [22mform validation logic[2m > [22mshould validate email format[32m 1[2mms[22m[39m
 [32m✓[39m src/__tests__/components/component-logic.test.ts[2m > [22mComponent Logic - Pure Unit Tests[2m > [22mform validation logic[2m > [22mshould validate password strength[32m 2[2mms[22m[39m
 [32m✓[39m src/__tests__/components/component-logic.test.ts[2m > [22mComponent Logic - Pure Unit Tests[2m > [22mlist filtering logic[2m > [22mshould filter by search term[32m 1[2mms[22m[39m
 [32m✓[39m src/__tests__/components/component-logic.test.ts[2m > [22mComponent Logic - Pure Unit Tests[2m > [22mlist filtering logic[2m > [22mshould sort items[32m 1[2mms[22m[39m
 [32m✓[39m src/__tests__/components/component-logic.test.ts[2m > [22mComponent Logic - Pure Unit Tests[2m > [22mpagination logic[2m > [22mshould calculate page numbers[32m 3[2mms[22m[39m
 [32m✓[39m src/__tests__/components/component-logic.test.ts[2m > [22mComponent Logic - Pure Unit Tests[2m > [22mmodal logic[2m > [22mshould manage modal state[32m 1[2mms[22m[39m
 [32m✓[39m src/__tests__/components/component-logic.test.ts[2m > [22mComponent Logic - Pure Unit Tests[2m > [22mtoast notifications logic[2m > [22mshould create toast[32m 1[2mms[22m[39m
 [32m✓[39m src/__tests__/components/component-logic.test.ts[2m > [22mComponent Logic - Pure Unit Tests[2m > [22mtoast notifications logic[2m > [22mshould auto-dismiss after duration[32m 3[2mms[22m[39m
 [32m✓[39m src/__tests__/components/component-logic.test.ts[2m > [22mComponent Logic - Pure Unit Tests[2m > [22mdropdown logic[2m > [22mshould filter options[32m 1[2mms[22m[39m
 [32m✓[39m src/__tests__/components/component-logic.test.ts[2m > [22mComponent Logic - Pure Unit Tests[2m > [22mdropdown logic[2m > [22mshould get selected option[32m 1[2mms[22m[39m
 [32m✓[39m src/__tests__/components/component-logic.test.ts[2m > [22mComponent Logic - Pure Unit Tests[2m > [22mtable logic[2m > [22mshould calculate visible columns[32m 1[2mms[22m[39m
 [32m✓[39m src/__tests__/components/component-logic.test.ts[2m > [22mComponent Logic - Pure Unit Tests[2m > [22mtable logic[2m > [22mshould calculate row selection[32m 2[2mms[22m[39m
 [32m✓[39m src/__tests__/components/component-logic.test.ts[2m > [22mComponent Logic - Pure Unit Tests[2m > [22mdate picker logic[2m > [22mshould get days in month[32m 1[2mms[22m[39m
 [32m✓[39m src/__tests__/components/component-logic.test.ts[2m > [22mComponent Logic - Pure Unit Tests[2m > [22mdate picker logic[2m > [22mshould check if date is disabled[32m 1[2mms[22m[39m
[90mstdout[2m | src/__tests__/deadline-monitoring.test.ts
[22m[39m◇ injected env (9) from .env.test // tip: ⌘ multiple files { path: ['.env.local', '.env'] }

 [32m✓[39m src/__tests__/deadline-monitoring.test.ts[2m > [22mDeadline Monitoring[2m > [22mDetection[2m > [22mdétecte une date au format DD/MM/YYYY dans un email[32m 11[2mms[22m[39m
 [32m✓[39m src/__tests__/deadline-monitoring.test.ts[2m > [22mDeadline Monitoring[2m > [22mDetection[2m > [22mdétecte une date au format YYYY-MM-DD[32m 3[2mms[22m[39m
 [32m✓[39m src/__tests__/deadline-monitoring.test.ts[2m > [22mDeadline Monitoring[2m > [22mDetection[2m > [22msupporte un texte sans date (aucune détection)[32m 1[2mms[22m[39m
 [32m✓[39m src/__tests__/deadline-monitoring.test.ts[2m > [22mDeadline Monitoring[2m > [22mAlerts[2m > [22malerte NORMAL à 7 jours de la deadline[32m 1[2mms[22m[39m
 [32m✓[39m src/__tests__/deadline-monitoring.test.ts[2m > [22mDeadline Monitoring[2m > [22mAlerts[2m > [22malerte URGENT à 2 jours de la deadline[32m 1[2mms[22m[39m
 [32m✓[39m src/__tests__/deadline-monitoring.test.ts[2m > [22mDeadline Monitoring[2m > [22mAlerts[2m > [22malerte CRITIQUE à la deadline (J-0)[32m 2[2mms[22m[39m
 [32m✓[39m src/__tests__/deadline-monitoring.test.ts[2m > [22mDeadline Monitoring[2m > [22mAlerts[2m > [22mretourne OK pour une deadline lointaine[32m 3[2mms[22m[39m
 [32m✓[39m src/__tests__/deadline-monitoring.test.ts[2m > [22mDeadline Monitoring[2m > [22mEscalation[2m > [22mescalade si niveau CRITIQUE et déjà notifié[32m 2[2mms[22m[39m
 [32m✓[39m src/__tests__/deadline-monitoring.test.ts[2m > [22mDeadline Monitoring[2m > [22mEscalation[2m > [22mescalade si niveau URGENT et déjà notifié[32m 1[2mms[22m[39m
 [32m✓[39m src/__tests__/deadline-monitoring.test.ts[2m > [22mDeadline Monitoring[2m > [22mEscalation[2m > [22mn'escalade pas si première notification[32m 1[2mms[22m[39m
 [32m✓[39m src/__tests__/deadline-monitoring.test.ts[2m > [22mDeadline Monitoring[2m > [22mEscalation[2m > [22mn'escalade pas si niveau OK ou NORMAL[32m 8[2mms[22m[39m
[90mstdout[2m | src/__tests__/lib/upstash.test.ts
[22m[39m◇ injected env (9) from .env.test // tip: ◈ encrypted .env [www.dotenvx.com]

[90mstdout[2m | src/__tests__/api/api-routes.test.ts
[22m[39m◇ injected env (9) from .env.test // tip: ⌁ auth for agents [www.vestauth.com]

 [32m✓[39m src/__tests__/lib/upstash.test.ts[2m > [22mUpstash Redis - Pure Unit Tests[2m > [22mkey generation[2m > [22mshould generate cache key[32m 13[2mms[22m[39m
 [32m✓[39m src/__tests__/lib/upstash.test.ts[2m > [22mUpstash Redis - Pure Unit Tests[2m > [22mkey generation[2m > [22mshould sanitize key parts[32m 1[2mms[22m[39m
 [32m✓[39m src/__tests__/lib/upstash.test.ts[2m > [22mUpstash Redis - Pure Unit Tests[2m > [22mTTL calculation[2m > [22mshould convert seconds to milliseconds[32m 1[2mms[22m[39m
 [32m✓[39m src/__tests__/lib/upstash.test.ts[2m > [22mUpstash Redis - Pure Unit Tests[2m > [22mTTL calculation[2m > [22mshould define common TTL values[32m 1[2mms[22m[39m
 [32m✓[39m src/__tests__/lib/upstash.test.ts[2m > [22mUpstash Redis - Pure Unit Tests[2m > [22mrate limiting[2m > [22mshould calculate sliding window[32m 1[2mms[22m[39m
 [32m✓[39m src/__tests__/lib/upstash.test.ts[2m > [22mUpstash Redis - Pure Unit Tests[2m > [22mrate limiting[2m > [22mshould check rate limit[32m 1[2mms[22m[39m
 [32m✓[39m src/__tests__/lib/upstash.test.ts[2m > [22mUpstash Redis - Pure Unit Tests[2m > [22mrate limiting[2m > [22mshould calculate reset time[32m 2[2mms[22m[39m
 [32m✓[39m src/__tests__/lib/upstash.test.ts[2m > [22mUpstash Redis - Pure Unit Tests[2m > [22mcaching strategies[2m > [22mshould determine cache strategy[32m 2[2mms[22m[39m
 [32m✓[39m src/__tests__/lib/upstash.test.ts[2m > [22mUpstash Redis - Pure Unit Tests[2m > [22mserialization[2m > [22mshould serialize complex objects[32m 6[2mms[22m[39m
 [32m✓[39m src/__tests__/lib/upstash.test.ts[2m > [22mUpstash Redis - Pure Unit Tests[2m > [22mserialization[2m > [22mshould handle null and undefined[32m 2[2mms[22m[39m
 [32m✓[39m src/__tests__/lib/upstash.test.ts[2m > [22mUpstash Redis - Pure Unit Tests[2m > [22mbatch operations[2m > [22mshould chunk keys for batch operations[32m 2[2mms[22m[39m
 [32m✓[39m src/__tests__/lib/upstash.test.ts[2m > [22mUpstash Redis - Pure Unit Tests[2m > [22mpipeline[2m > [22mshould track pipeline commands[32m 1[2mms[22m[39m
 [32m✓[39m src/__tests__/lib/upstash.test.ts[2m > [22mUpstash Redis - Pure Unit Tests[2m > [22mconnection string parsing[2m > [22mshould parse Redis URL[32m 1[2mms[22m[39m
 [32m✓[39m src/__tests__/lib/upstash.test.ts[2m > [22mUpstash Redis - Pure Unit Tests[2m > [22merror handling[2m > [22mshould categorize Redis errors[32m 1[2mms[22m[39m
 [32m✓[39m src/__tests__/lib/upstash.test.ts[2m > [22mUpstash Redis - Pure Unit Tests[2m > [22mmetrics[2m > [22mshould calculate hit rate[32m 1[2mms[22m[39m
 [32m✓[39m src/__tests__/api/api-routes.test.ts[2m > [22mAPI Routes Logic - Pure Unit Tests[2m > [22mrequest parsing[2m > [22mshould parse pagination params[32m 20[2mms[22m[39m
 [32m✓[39m src/__tests__/api/api-routes.test.ts[2m > [22mAPI Routes Logic - Pure Unit Tests[2m > [22mrequest parsing[2m > [22mshould parse sort params[32m 1[2mms[22m[39m
 [32m✓[39m src/__tests__/api/api-routes.test.ts[2m > [22mAPI Routes Logic - Pure Unit Tests[2m > [22mrequest parsing[2m > [22mshould parse filter params[32m 11[2mms[22m[39m
 [32m✓[39m src/__tests__/api/api-routes.test.ts[2m > [22mAPI Routes Logic - Pure Unit Tests[2m > [22mresponse formatting[2m > [22mshould create success response[32m 1[2mms[22m[39m
 [32m✓[39m src/__tests__/api/api-routes.test.ts[2m > [22mAPI Routes Logic - Pure Unit Tests[2m > [22mresponse formatting[2m > [22mshould create error response[32m 1[2mms[22m[39m
 [32m✓[39m src/__tests__/api/api-routes.test.ts[2m > [22mAPI Routes Logic - Pure Unit Tests[2m > [22mresponse formatting[2m > [22mshould create paginated response[32m 1[2mms[22m[39m
 [32m✓[39m src/__tests__/api/api-routes.test.ts[2m > [22mAPI Routes Logic - Pure Unit Tests[2m > [22mroute matching[2m > [22mshould extract route params[32m 1[2mms[22m[39m
 [32m✓[39m src/__tests__/api/api-routes.test.ts[2m > [22mAPI Routes Logic - Pure Unit Tests[2m > [22mHTTP methods[2m > [22mshould validate HTTP method[32m 10[2mms[22m[39m
 [32m✓[39m src/__tests__/api/api-routes.test.ts[2m > [22mAPI Routes Logic - Pure Unit Tests[2m > [22mHTTP methods[2m > [22mshould check if method is safe[32m 1[2mms[22m[39m
 [32m✓[39m src/__tests__/api/api-routes.test.ts[2m > [22mAPI Routes Logic - Pure Unit Tests[2m > [22mcontent type handling[2m > [22mshould determine content type[32m 1[2mms[22m[39m
 [32m✓[39m src/__tests__/api/api-routes.test.ts[2m > [22mAPI Routes Logic - Pure Unit Tests[2m > [22mAPI versioning[2m > [22mshould extract API version[32m 6[2mms[22m[39m
 [32m✓[39m src/__tests__/api/api-routes.test.ts[2m > [22mAPI Routes Logic - Pure Unit Tests[2m > [22mquery string handling[2m > [22mshould build query string[32m 7[2mms[22m[39m
 [32m✓[39m src/__tests__/api/api-routes.test.ts[2m > [22mAPI Routes Logic - Pure Unit Tests[2m > [22mrequest body validation[2m > [22mshould validate required fields[32m 1[2mms[22m[39m
 [32m✓[39m src/__tests__/api/api-routes.test.ts[2m > [22mAPI Routes Logic - Pure Unit Tests[2m > [22mrequest body validation[2m > [22mshould validate field types[32m 1[2mms[22m[39m
 [32m✓[39m src/__tests__/api/api-routes.test.ts[2m > [22mAPI Routes Logic - Pure Unit Tests[2m > [22mrate limit headers[2m > [22mshould generate rate limit headers[32m 1[2mms[22m[39m
[90mstdout[2m | src/__tests__/lib/localStorage.real.test.ts
[22m[39m◇ injected env (9) from .env.test // tip: ⌘ suppress logs { quiet: true }

 [32m✓[39m src/__tests__/lib/localStorage.real.test.ts[2m > [22mlocalStorage - Real Imports[2m > [22msafeLocalStorage object[2m > [22mshould be defined[32m 9[2mms[22m[39m
 [32m✓[39m src/__tests__/lib/localStorage.real.test.ts[2m > [22mlocalStorage - Real Imports[2m > [22msafeLocalStorage object[2m > [22mshould have getItem method[32m 1[2mms[22m[39m
 [32m✓[39m src/__tests__/lib/localStorage.real.test.ts[2m > [22mlocalStorage - Real Imports[2m > [22msafeLocalStorage object[2m > [22mshould have setItem method[32m 1[2mms[22m[39m
 [32m✓[39m src/__tests__/lib/localStorage.real.test.ts[2m > [22mlocalStorage - Real Imports[2m > [22msafeLocalStorage object[2m > [22mshould have removeItem method[32m 1[2mms[22m[39m
 [32m✓[39m src/__tests__/lib/localStorage.real.test.ts[2m > [22mlocalStorage - Real Imports[2m > [22msafeLocalStorage object[2m > [22mshould have clear method[32m 2[2mms[22m[39m
 [32m✓[39m src/__tests__/lib/localStorage.real.test.ts[2m > [22mlocalStorage - Real Imports[2m > [22mSSR safety (no window)[2m > [22mgetItem should return null in SSR[32m 1[2mms[22m[39m
 [32m✓[39m src/__tests__/lib/localStorage.real.test.ts[2m > [22mlocalStorage - Real Imports[2m > [22mSSR safety (no window)[2m > [22msetItem should not throw in SSR[32m 4[2mms[22m[39m
 [32m✓[39m src/__tests__/lib/localStorage.real.test.ts[2m > [22mlocalStorage - Real Imports[2m > [22mSSR safety (no window)[2m > [22mremoveItem should not throw in SSR[32m 2[2mms[22m[39m
 [32m✓[39m src/__tests__/lib/localStorage.real.test.ts[2m > [22mlocalStorage - Real Imports[2m > [22mSSR safety (no window)[2m > [22mclear should not throw in SSR[32m 8[2mms[22m[39m
[90mstdout[2m | src/__tests__/billing/quota-service.test.ts
[22m[39m◇ injected env (9) from .env.test // tip: ⌁ auth for agents [www.vestauth.com]

 [32m✓[39m src/__tests__/billing/quota-service.test.ts[2m > [22mquota-service[2m > [22mcheckQuota[2m > [22mdevrait vérifier le quota du tenant[32m 21[2mms[22m[39m
 [32m✓[39m src/__tests__/billing/quota-service.test.ts[2m > [22mquota-service[2m > [22mcheckQuota[2m > [22mdevrait lever une erreur si tenant introuvable[32m 2[2mms[22m[39m
 [32m✓[39m src/__tests__/billing/quota-service.test.ts[2m > [22mquota-service[2m > [22mcheckQuota[2m > [22mdevrait gérer les limites de ressources[32m 7[2mms[22m[39m
[90mstdout[2m | src/__tests__/health.test.ts
[22m[39m◇ injected env (9) from .env.test // tip: ◈ secrets for agents [www.dotenvx.com]

 [32m✓[39m src/__tests__/health.test.ts[2m > [22mApplication Health[2m > [22mshould have basic environment setup[32m 7[2mms[22m[39m
 [32m✓[39m src/__tests__/health.test.ts[2m > [22mApplication Health[2m > [22mshould have Next.js environment configured[32m 7[2mms[22m[39m
 [32m✓[39m src/__tests__/health.test.ts[2m > [22mApplication Health[2m > [22mshould perform basic math operations[32m 1[2mms[22m[39m
 [32m✓[39m src/__tests__/health.test.ts[2m > [22mApplication Health[2m > [22mshould handle async operations[32m 9[2mms[22m[39m
 [32m✓[39m src/__tests__/health.test.ts[2m > [22mAPI Health Check[2m > [22mshould validate health check response structure[32m 8[2mms[22m[39m
[90mstdout[2m | src/__tests__/billing/stripe-client.test.ts
[22m[39m◇ injected env (9) from .env.test // tip: ⌘ custom filepath { path: '/custom/path/.env' }

 [32m✓[39m src/__tests__/billing/stripe-client.test.ts[2m > [22mStripe Client[2m > [22mCustomer Management[2m > [22mshould create a Stripe customer[32m 30[2mms[22m[39m
 [32m✓[39m src/__tests__/billing/stripe-client.test.ts[2m > [22mStripe Client[2m > [22mCustomer Management[2m > [22mshould handle customer creation errors[32m 13[2mms[22m[39m
 [32m✓[39m src/__tests__/billing/stripe-client.test.ts[2m > [22mStripe Client[2m > [22mSubscription Management[2m > [22mshould create a subscription[32m 1[2mms[22m[39m
 [32m✓[39m src/__tests__/billing/stripe-client.test.ts[2m > [22mStripe Client[2m > [22mSubscription Management[2m > [22mshould create checkout session[32m 7[2mms[22m[39m
[90mstdout[2m | src/__tests__/ai-assistant.test.ts
[22m[39m◇ injected env (9) from .env.test // tip: ⌁ auth for agents [www.vestauth.com]

[90mstdout[2m | src/__tests__/constants/constants-extended.test.ts
[22m[39m◇ injected env (9) from .env.test // tip: ⌘ override existing { override: true }

[90mstdout[2m | src/__tests__/integration/extraction-pipeline.test.ts
[22m[39m◇ injected env (9) from .env.test // tip: ⌘ suppress logs { quiet: true }

 [32m✓[39m src/__tests__/ai-assistant.test.ts[2m > [22mAI Assistant[2m > [22mSummarization[2m > [22mgénère un résumé de 2 phrases max[32m 14[2mms[22m[39m
 [32m✓[39m src/__tests__/ai-assistant.test.ts[2m > [22mAI Assistant[2m > [22mSummarization[2m > [22mtronque à 2000 caractères dans le prompt pour les emails longs[32m 1[2mms[22m[39m
 [32m✓[39m src/__tests__/ai-assistant.test.ts[2m > [22mAI Assistant[2m > [22mReply Suggestions[2m > [22msuggère un ton FORMEL pour un email urgent[32m 2[2mms[22m[39m
 [32m✓[39m src/__tests__/ai-assistant.test.ts[2m > [22mAI Assistant[2m > [22mReply Suggestions[2m > [22msuggère un ton FORMEL pour un client VIP[32m 2[2mms[22m[39m
 [32m✓[39m src/__tests__/ai-assistant.test.ts[2m > [22mAI Assistant[2m > [22mReply Suggestions[2m > [22msuggère un ton NEUTRE pour un email normal[32m 1[2mms[22m[39m
 [32m✓[39m src/__tests__/ai-assistant.test.ts[2m > [22mAI Assistant[2m > [22mSentiment Analysis[2m > [22mdétecte le sentiment URGENT d'un email avec délai[32m 6[2mms[22m[39m
 [32m✓[39m src/__tests__/ai-assistant.test.ts[2m > [22mAI Assistant[2m > [22mSentiment Analysis[2m > [22mdétecte le sentiment NÉGATIF d'un email de refus[32m 2[2mms[22m[39m
 [32m✓[39m src/__tests__/ai-assistant.test.ts[2m > [22mAI Assistant[2m > [22mSentiment Analysis[2m > [22mdétecte le sentiment POSITIF d'un email de confirmation[32m 1[2mms[22m[39m
 [32m✓[39m src/__tests__/ai-assistant.test.ts[2m > [22mAI Assistant[2m > [22mSentiment Analysis[2m > [22mretourne NEUTRE pour un email sans marqueur fort[32m 2[2mms[22m[39m
 [32m✓[39m src/__tests__/ai-assistant.test.ts[2m > [22mAI Assistant[2m > [22mLLM Integration[2m > [22mconstruit un prompt valide pour OpenAI[32m 1[2mms[22m[39m
 [32m✓[39m src/__tests__/ai-assistant.test.ts[2m > [22mAI Assistant[2m > [22mLLM Integration[2m > [22mlimite la taille du prompt entrée (prévient token overflow)[32m 1[2mms[22m[39m
[90mstdout[2m | src/__tests__/api-audit.test.ts
[22m[39m◇ injected env (9) from .env.test // tip: ⌁ auth for agents [www.vestauth.com]

 [32m✓[39m src/__tests__/constants/constants-extended.test.ts[2m > [22mConstants Extended - Pure Unit Tests[2m > [22mstatus constants[2m > [22mshould define dossier statuses[32m 25[2mms[22m[39m
 [32m✓[39m src/__tests__/constants/constants-extended.test.ts[2m > [22mConstants Extended - Pure Unit Tests[2m > [22mstatus constants[2m > [22mshould define task statuses[32m 13[2mms[22m[39m
 [32m✓[39m src/__tests__/constants/constants-extended.test.ts[2m > [22mConstants Extended - Pure Unit Tests[2m > [22mrole constants[2m > [22mshould define user roles[32m 6[2mms[22m[39m
 [32m✓[39m src/__tests__/constants/constants-extended.test.ts[2m > [22mConstants Extended - Pure Unit Tests[2m > [22mrole constants[2m > [22mshould define role permissions[32m 22[2mms[22m[39m
 [32m✓[39m src/__tests__/constants/constants-extended.test.ts[2m > [22mConstants Extended - Pure Unit Tests[2m > [22mvalidation constants[2m > [22mshould define field limits[32m 1[2mms[22m[39m
 [32m✓[39m src/__tests__/constants/constants-extended.test.ts[2m > [22mConstants Extended - Pure Unit Tests[2m > [22mvalidation constants[2m > [22mshould define file limits[32m 29[2mms[22m[39m
 [32m✓[39m src/__tests__/constants/constants-extended.test.ts[2m > [22mConstants Extended - Pure Unit Tests[2m > [22mdate constants[2m > [22mshould define date formats[32m 17[2mms[22m[39m
 [32m✓[39m src/__tests__/constants/constants-extended.test.ts[2m > [22mConstants Extended - Pure Unit Tests[2m > [22mdate constants[2m > [22mshould define time constants[32m 3[2mms[22m[39m
 [32m✓[39m src/__tests__/constants/constants-extended.test.ts[2m > [22mConstants Extended - Pure Unit Tests[2m > [22merror constants[2m > [22mshould define error codes[32m 1[2mms[22m[39m
 [32m✓[39m src/__tests__/constants/constants-extended.test.ts[2m > [22mConstants Extended - Pure Unit Tests[2m > [22merror constants[2m > [22mshould define error messages[32m 1[2mms[22m[39m
 [32m✓[39m src/__tests__/constants/constants-extended.test.ts[2m > [22mConstants Extended - Pure Unit Tests[2m > [22mAPI constants[2m > [22mshould define API limits[32m 1[2mms[22m[39m
 [32m✓[39m src/__tests__/constants/constants-extended.test.ts[2m > [22mConstants Extended - Pure Unit Tests[2m > [22mAPI constants[2m > [22mshould define API routes[32m 1[2mms[22m[39m
 [32m✓[39m src/__tests__/constants/constants-extended.test.ts[2m > [22mConstants Extended - Pure Unit Tests[2m > [22mfeature flags[2m > [22mshould define feature flags[32m 9[2mms[22m[39m
 [32m✓[39m src/__tests__/constants/constants-extended.test.ts[2m > [22mConstants Extended - Pure Unit Tests[2m > [22mcolor constants[2m > [22mshould define status colors[32m 1[2mms[22m[39m
 [32m✓[39m src/__tests__/constants/constants-extended.test.ts[2m > [22mConstants Extended - Pure Unit Tests[2m > [22mregex patterns[2m > [22mshould define regex patterns[32m 32[2mms[22m[39m
 [32m✓[39m src/__tests__/api-audit.test.ts[2m > [22mAPI Audit[2m > [22mAPI Call Logging[2m > [22menregistre user, timestamp et endpoint dans chaque log[32m 18[2mms[22m[39m
 [32m✓[39m src/__tests__/api-audit.test.ts[2m > [22mAPI Audit[2m > [22mAPI Call Logging[2m > [22menregistre le statut HTTP de la réponse[32m 10[2mms[22m[39m
 [32m✓[39m src/__tests__/api-audit.test.ts[2m > [22mAPI Audit[2m > [22mAPI Call Logging[2m > [22mgénère un identifiant unique par log[32m 3[2mms[22m[39m
 [32m✓[39m src/__tests__/api-audit.test.ts[2m > [22mAPI Audit[2m > [22mUnauthorized Access Detection[2m > [22mdétecte une tentative 401 Unauthorized[32m 7[2mms[22m[39m
 [32m✓[39m src/__tests__/api-audit.test.ts[2m > [22mAPI Audit[2m > [22mUnauthorized Access Detection[2m > [22mdétecte une tentative 403 Forbidden[32m 1[2mms[22m[39m
 [32m✓[39m src/__tests__/api-audit.test.ts[2m > [22mAPI Audit[2m > [22mUnauthorized Access Detection[2m > [22mne considère pas un 200 comme une tentative non-autorisée[32m 6[2mms[22m[39m
 [32m✓[39m src/__tests__/api-audit.test.ts[2m > [22mAPI Audit[2m > [22mAccess Control[2m > [22mautorise ADMIN à lire les logs d'audit[32m 8[2mms[22m[39m
 [32m✓[39m src/__tests__/api-audit.test.ts[2m > [22mAPI Audit[2m > [22mAccess Control[2m > [22mautorise SUPER_ADMIN à lire les logs d'audit[32m 1[2mms[22m[39m
 [32m✓[39m src/__tests__/api-audit.test.ts[2m > [22mAPI Audit[2m > [22mAccess Control[2m > [22mempêche CLIENT de lire tous les logs d'audit[32m 4[2mms[22m[39m
 [32m✓[39m src/__tests__/api-audit.test.ts[2m > [22mAPI Audit[2m > [22mAccess Control[2m > [22mun CLIENT ne voit que ses propres logs[32m 1[2mms[22m[39m
 [32m✓[39m src/__tests__/integration/extraction-pipeline.test.ts[2m > [22mExtractionPipeline - Intégration[2m > [22mdevrait valider et corriger des dates incohérentes[32m 18[2mms[22m[39m
 [32m✓[39m src/__tests__/integration/extraction-pipeline.test.ts[2m > [22mExtractionPipeline - Intégration[2m > [22mdevrait proposer une deadline par défaut si manquante[32m 7[2mms[22m[39m
 [32m✓[39m src/__tests__/integration/extraction-pipeline.test.ts[2m > [22mExtractionPipeline - Intégration[2m > [22mdevrait ne pas corriger si les dates sont cohérentes[32m 3[2mms[22m[39m
[90mstdout[2m | src/__tests__/document-ocr.test.ts
[22m[39m◇ injected env (9) from .env.test // tip: ◈ encrypted .env [www.dotenvx.com]

 [32m✓[39m src/__tests__/document-ocr.test.ts[2m > [22mDocument OCR[2m > [22mText Extraction[2m > [22mdevrait extraire du texte d'une image[32m 5[2mms[22m[39m
 [32m✓[39m src/__tests__/document-ocr.test.ts[2m > [22mDocument OCR[2m > [22mText Extraction[2m > [22mdevrait supporter les PDF[32m 1[2mms[22m[39m
 [32m✓[39m src/__tests__/document-ocr.test.ts[2m > [22mDocument OCR[2m > [22mText Extraction[2m > [22mdevrait gérer les images mal orientées[32m 2[2mms[22m[39m
 [32m✓[39m src/__tests__/document-ocr.test.ts[2m > [22mDocument OCR[2m > [22mStructure Recognition[2m > [22mdevrait reconnaître un en-tête de courrier[32m 1[2mms[22m[39m
 [32m✓[39m src/__tests__/document-ocr.test.ts[2m > [22mDocument OCR[2m > [22mStructure Recognition[2m > [22mdevrait détecter une signature[32m 3[2mms[22m[39m
 [32m✓[39m src/__tests__/document-ocr.test.ts[2m > [22mDocument OCR[2m > [22mStorage[2m > [22mdevrait stocker le texte extrait[32m 1[2mms[22m[39m
[90mstdout[2m | src/__tests__/lib/planLimits.real.test.ts
[22m[39m◇ injected env (9) from .env.test // tip: ◈ encrypted .env [www.dotenvx.com]

 [32m✓[39m src/__tests__/lib/planLimits.real.test.ts[2m > [22mPlan Limits - Real Imports[2m > [22mAIAction enum[2m > [22mshould have all action types defined[32m 17[2mms[22m[39m
 [32m✓[39m src/__tests__/lib/planLimits.real.test.ts[2m > [22mPlan Limits - Real Imports[2m > [22mAIAction enum[2m > [22mshould have level 2+ actions[32m 1[2mms[22m[39m
 [32m✓[39m src/__tests__/lib/planLimits.real.test.ts[2m > [22mPlan Limits - Real Imports[2m > [22mAIAction enum[2m > [22mshould have level 3+ actions[32m 5[2mms[22m[39m
 [32m✓[39m src/__tests__/lib/planLimits.real.test.ts[2m > [22mPlan Limits - Real Imports[2m > [22mAIAction enum[2m > [22mshould have level 4 actions[32m 1[2mms[22m[39m
 [32m✓[39m src/__tests__/lib/planLimits.real.test.ts[2m > [22mPlan Limits - Real Imports[2m > [22mAIAction enum[2m > [22mshould have forbidden actions[32m 7[2mms[22m[39m
 [32m✓[39m src/__tests__/lib/planLimits.real.test.ts[2m > [22mPlan Limits - Real Imports[2m > [22mAIAction enum[2m > [22mshould have correct number of actions[32m 1[2mms[22m[39m
[90mstdout[2m | src/__tests__/lib/email/ingestion-metrics.test.ts
[22m[39m◇ injected env (9) from .env.test // tip: ◈ secrets for agents [www.dotenvx.com]

 [32m✓[39m src/__tests__/lib/email/ingestion-metrics.test.ts[2m > [22memail ingestion metrics health status[2m > [22mstays healthy on successful flow[32m 14[2mms[22m[39m
 [32m✓[39m src/__tests__/lib/email/ingestion-metrics.test.ts[2m > [22memail ingestion metrics health status[2m > [22mbecomes degraded when error rate crosses degraded threshold[32m 2[2mms[22m[39m
 [32m✓[39m src/__tests__/lib/email/ingestion-metrics.test.ts[2m > [22memail ingestion metrics health status[2m > [22mbecomes critical when configuration errors are detected[32m 2[2mms[22m[39m
[90mstdout[2m | tests/unit/deadline-engine.test.ts
[22m[39m◇ injected env (9) from .env.test // tip: ⌁ auth for agents [www.vestauth.com]

 [32m✓[39m tests/unit/deadline-engine.test.ts[2m > [22mDeadlineEngine[2m > [22mcalculateDeadline[2m > [22mOQTF sans délai = 48h[32m 19[2mms[22m[39m
 [32m✓[39m tests/unit/deadline-engine.test.ts[2m > [22mDeadlineEngine[2m > [22mcalculateDeadline[2m > [22mOQTF avec délai = 30 jours[32m 8[2mms[22m[39m
 [32m✓[39m tests/unit/deadline-engine.test.ts[2m > [22mDeadlineEngine[2m > [22mcalculateDeadline[2m > [22mRefus titre = 2 mois[32m 1[2mms[22m[39m
 [32m✓[39m tests/unit/deadline-engine.test.ts[2m > [22mDeadlineEngine[2m > [22mcalculateDeadline[2m > [22mAsile CNDA = 30 jours[32m 1[2mms[22m[39m
 [32m✓[39m tests/unit/deadline-engine.test.ts[2m > [22mDeadlineEngine[2m > [22mcalculateDeadline[2m > [22mNaturalisation = 18 mois[32m 1[2mms[22m[39m
 [32m✓[39m tests/unit/deadline-engine.test.ts[2m > [22mDeadlineEngine[2m > [22mcalculateDeadline[2m > [22mdétecte un délai expiré[32m 6[2mms[22m[39m
 [32m✓[39m tests/unit/deadline-engine.test.ts[2m > [22mDeadlineEngine[2m > [22mcalculateUrgencyLevel[2m > [22mOQTF < 12h = CRITIQUE[32m 1[2mms[22m[39m
 [32m✓[39m tests/unit/deadline-engine.test.ts[2m > [22mDeadlineEngine[2m > [22mcalculateUrgencyLevel[2m > [22mOQTF 12-24h = ELEVE[32m 1[2mms[22m[39m
 [32m✓[39m tests/unit/deadline-engine.test.ts[2m > [22mDeadlineEngine[2m > [22mcalculateUrgencyLevel[2m > [22mOQTF 24-36h = MOYEN[32m 9[2mms[22m[39m
 [32m✓[39m tests/unit/deadline-engine.test.ts[2m > [22mDeadlineEngine[2m > [22mcalculateUrgencyLevel[2m > [22mOQTF > 36h = FAIBLE[32m 1[2mms[22m[39m
 [32m✓[39m tests/unit/deadline-engine.test.ts[2m > [22mDeadlineEngine[2m > [22mcalculateUrgencyLevel[2m > [22mAutre procédure < 48h = CRITIQUE[32m 1[2mms[22m[39m
 [32m✓[39m tests/unit/deadline-engine.test.ts[2m > [22mDeadlineEngine[2m > [22mcalculateUrgencyLevel[2m > [22mAutre procédure < 7j = ELEVE[32m 1[2mms[22m[39m
 [32m✓[39m tests/unit/deadline-engine.test.ts[2m > [22mDeadlineEngine[2m > [22mcalculateUrgencyLevel[2m > [22mAutre procédure < 30j = MOYEN[32m 9[2mms[22m[39m
 [32m✓[39m tests/unit/deadline-engine.test.ts[2m > [22mDeadlineEngine[2m > [22mcalculateUrgencyLevel[2m > [22mAutre procédure > 30j = FAIBLE[32m 1[2mms[22m[39m
[90mstdout[2m | src/__tests__/lib/utils/dedup.test.ts
[22m[39m◇ injected env (9) from .env.test // tip: ⌁ auth for agents [www.vestauth.com]

 [32m✓[39m src/__tests__/lib/utils/dedup.test.ts[2m > [22mdedup utilities[2m > [22mnormalizes names and computes similarity[32m 12[2mms[22m[39m
 [32m✓[39m src/__tests__/lib/utils/dedup.test.ts[2m > [22mdedup utilities[2m > [22msha256 produces deterministic hash[32m 8[2mms[22m[39m
 [32m✓[39m src/__tests__/lib/utils/dedup.test.ts[2m > [22mdedup utilities[2m > [22midentify/create client, associate case, ingest document[32m 8[2mms[22m[39m
[90mstdout[2m | src/__tests__/api/auth/auth.test.ts
[22m[39m◇ injected env (9) from .env.test // tip: ⌘ override existing { override: true }

 [32m✓[39m src/__tests__/api/auth/auth.test.ts[2m > [22mNextAuth Configuration[2m > [22mCredentials Provider - authorize()[2m > [22mrejette si mot de passe incorrect[32m 17[2mms[22m[39m
 [32m✓[39m src/__tests__/api/auth/auth.test.ts[2m > [22mNextAuth Configuration[2m > [22mCredentials Provider - authorize()[2m > [22mrejette si cabinet inactif pour un ADMIN[32m 1[2mms[22m[39m
 [32m✓[39m src/__tests__/api/auth/auth.test.ts[2m > [22mNextAuth Configuration[2m > [22mCredentials Provider - authorize()[2m > [22mautorise un utilisateur valide avec bon mot de passe[32m 1[2mms[22m[39m
 [32m✓[39m src/__tests__/api/auth/auth.test.ts[2m > [22mNextAuth Configuration[2m > [22mPassword Security[2m > [22mutilise bcrypt pour le hachage[32m 2[2mms[22m[39m
 [32m✓[39m src/__tests__/api/auth/auth.test.ts[2m > [22mNextAuth Configuration[2m > [22mPassword Security[2m > [22mrejette les comparaisons de mots de passe vides[32m 1[2mms[22m[39m
[90mstdout[2m | src/lib/services/__tests__/legal-proof.service.test.ts
[22m[39m◇ injected env (9) from .env.test // tip: ◈ encrypted .env [www.dotenvx.com]

[90mstdout[2m | src/__tests__/payments.test.ts
[22m[39m◇ injected env (9) from .env.test // tip: ◈ secrets for agents [www.dotenvx.com]

[90mstdout[2m | src/__tests__/gmail-integration.test.ts
[22m[39m◇ injected env (9) from .env.test // tip: ⌘ custom filepath { path: '/custom/path/.env' }

 [32m✓[39m src/__tests__/payments.test.ts[2m > [22mPayment Processing[2m > [22mPayment Operations[2m > [22mconstruit les paramètres Stripe corrects pour chaque plan[32m 9[2mms[22m[39m
 [32m✓[39m src/__tests__/payments.test.ts[2m > [22mPayment Processing[2m > [22mPayment Operations[2m > [22mlève une erreur pour un plan inconnu[32m 5[2mms[22m[39m
 [32m✓[39m src/__tests__/payments.test.ts[2m > [22mPayment Processing[2m > [22mPayment Operations[2m > [22mcalcule correctement le montant TTC d'une facture[32m 4[2mms[22m[39m
 [32m✓[39m src/__tests__/payments.test.ts[2m > [22mPayment Processing[2m > [22mPayment Operations[2m > [22midentifie correctement les statuts terminaux[32m 2[2mms[22m[39m
 [32m✓[39m src/__tests__/payments.test.ts[2m > [22mPayment Processing[2m > [22mPayment Operations[2m > [22mgère une ligne de facture à zéro sans erreur[32m 1[2mms[22m[39m
[90mstdout[2m | tests/unit/document-security.test.ts
[22m[39m◇ injected env (9) from .env.test // tip: ◈ secrets for agents [www.dotenvx.com]

 [32m✓[39m src/lib/services/__tests__/legal-proof.service.test.ts[2m > [22mLegal Proof Service[2m > [22mProof Creation & Management[2m > [22mshould create a legal proof record[32m 7[2mms[22m[39m
 [32m✓[39m src/lib/services/__tests__/legal-proof.service.test.ts[2m > [22mLegal Proof Service[2m > [22mProof Creation & Management[2m > [22mshould sign and timestamp proof[32m 1[2mms[22m[39m
 [32m✓[39m src/lib/services/__tests__/legal-proof.service.test.ts[2m > [22mLegal Proof Service[2m > [22mProof Creation & Management[2m > [22mshould verify proof integrity[32m 1[2mms[22m[39m
 [32m✓[39m src/__tests__/gmail-integration.test.ts[2m > [22mGmail Integration[2m > [22mOAuth Authentication[2m > [22mdevrait authentifier avec OAuth Gmail[32m 8[2mms[22m[39m
 [32m✓[39m src/__tests__/gmail-integration.test.ts[2m > [22mGmail Integration[2m > [22mOAuth Authentication[2m > [22mdevrait valider les scopes requis[32m 1[2mms[22m[39m
 [32m✓[39m src/__tests__/gmail-integration.test.ts[2m > [22mGmail Integration[2m > [22mEmail Sync[2m > [22mdevrait synchroniser les emails depuis Gmail[32m 1[2mms[22m[39m
 [32m✓[39m src/__tests__/gmail-integration.test.ts[2m > [22mGmail Integration[2m > [22mEmail Sync[2m > [22mdevrait gérer les pièces jointes[32m 1[2mms[22m[39m
 [32m✓[39m src/__tests__/gmail-integration.test.ts[2m > [22mGmail Integration[2m > [22mWebhooks[2m > [22mdevrait recevoir notifications Gmail push[32m 1[2mms[22m[39m
 [32m✓[39m tests/unit/document-security.test.ts[2m > [22mAntivirus Scanner[2m > [22mdétecte la signature EICAR[32m 7[2mms[22m[39m
 [32m✓[39m tests/unit/document-security.test.ts[2m > [22mAntivirus Scanner[2m > [22mdétecte un exécutable Windows (MZ header)[32m 1[2mms[22m[39m
 [32m✓[39m tests/unit/document-security.test.ts[2m > [22mAntivirus Scanner[2m > [22mautorise un DOCX même avec MZ header[32m 1[2mms[22m[39m
 [32m✓[39m tests/unit/document-security.test.ts[2m > [22mAntivirus Scanner[2m > [22mdétecte un binaire ELF[32m 1[2mms[22m[39m
 [32m✓[39m tests/unit/document-security.test.ts[2m > [22mAntivirus Scanner[2m > [22mdétecte une double extension suspecte[32m 1[2mms[22m[39m
 [32m✓[39m tests/unit/document-security.test.ts[2m > [22mAntivirus Scanner[2m > [22mdétecte du JavaScript injecté dans un fichier texte[32m 1[2mms[22m[39m
 [32m✓[39m tests/unit/document-security.test.ts[2m > [22mAntivirus Scanner[2m > [22mdétecte eval() dans un fichier texte[32m 2[2mms[22m[39m
 [32m✓[39m tests/unit/document-security.test.ts[2m > [22mAntivirus Scanner[2m > [22maccepte un PDF propre[32m 2[2mms[22m[39m
 [32m✓[39m tests/unit/document-security.test.ts[2m > [22mAntivirus Scanner[2m > [22maccepte un fichier texte propre[32m 6[2mms[22m[39m
 [32m✓[39m tests/unit/document-security.test.ts[2m > [22mAntivirus Scanner[2m > [22maccepte une image JPEG[32m 3[2mms[22m[39m
 [32m✓[39m tests/unit/document-security.test.ts[2m > [22mDocument Extraction[2m > [22mextrait le texte d'un fichier texte brut[32m 2[2mms[22m[39m
 [32m✓[39m tests/unit/document-security.test.ts[2m > [22mDocument Extraction[2m > [22mgère un buffer vide[32m 1[2mms[22m[39m
[90mstdout[2m | src/__tests__/billing/cost-alerts.test.ts
[22m[39m◇ injected env (9) from .env.test // tip: ◈ secrets for agents [www.dotenvx.com]

 [32m✓[39m src/__tests__/billing/cost-alerts.test.ts[2m > [22mcost-alerts[2m > [22mcheckAllTenantsForAlerts[2m > [22mdevrait retourner une liste vide si aucun tenant actif[32m 11[2mms[22m[39m
 [32m✓[39m src/__tests__/billing/cost-alerts.test.ts[2m > [22mcost-alerts[2m > [22mcheckAllTenantsForAlerts[2m > [22mdevrait générer une alerte si tenant existe[32m 1[2mms[22m[39m
 [32m✓[39m src/__tests__/billing/cost-alerts.test.ts[2m > [22mcost-alerts[2m > [22mcheckAllTenantsForAlerts[2m > [22mdevrait gérer les erreurs gracieusement[32m 1[2mms[22m[39m
[90mstdout[2m | tests/sanity.test.ts
[22m[39m◇ injected env (9) from .env.test // tip: ⌘ enable debugging { debug: true }

 [32m✓[39m tests/sanity.test.ts[2m > [22msanity[2m > [22mreturns true equality[32m 7[2mms[22m[39m
[90mstdout[2m | src/__tests__/event-log.test.ts
[22m[39m◇ injected env (9) from .env.test // tip: ⌘ enable debugging { debug: true }

 [32m✓[39m src/__tests__/event-log.test.ts[2m > [22mEventLog - Immutability[2m > [22mRULE-004: Immutability[2m > [22mdevrait refuser la modification d'un EventLog[32m 6[2mms[22m[39m
 [32m✓[39m src/__tests__/event-log.test.ts[2m > [22mEventLog - Immutability[2m > [22mRULE-004: Immutability[2m > [22mdevrait refuser la suppression d'un EventLog[32m 1[2mms[22m[39m
 [32m✓[39m src/__tests__/event-log.test.ts[2m > [22mEventLog - Immutability[2m > [22mRULE-004: Immutability[2m > [22mdevrait avoir un trigger DB pour bloquer les modifications[32m 1[2mms[22m[39m
 [32m✓[39m src/__tests__/event-log.test.ts[2m > [22mEventLog - Immutability[2m > [22mAPI Endpoints[2m > [22mGET /api/event-log devrait retourner les logs[32m 1[2mms[22m[39m
 [32m✓[39m src/__tests__/event-log.test.ts[2m > [22mEventLog - Immutability[2m > [22mAPI Endpoints[2m > [22mPOST /api/event-log devrait créer un nouveau log[32m 1[2mms[22m[39m
 [32m✓[39m src/__tests__/event-log.test.ts[2m > [22mEventLog - Immutability[2m > [22mAPI Endpoints[2m > [22mPUT /api/event-log/:id devrait retourner 405[32m 0[2mms[22m[39m
[90mstdout[2m | src/__tests__/lib/services/information-unit.service.test.ts
[22m[39m◇ injected env (9) from .env.test // tip: ⌘ suppress logs { quiet: true }

[90mstdout[2m | src/__tests__/api/dossiers/dossiers.test.ts
[22m[39m◇ injected env (9) from .env.test // tip: ◈ encrypted .env [www.dotenvx.com]

 [32m✓[39m src/__tests__/lib/services/information-unit.service.test.ts[2m > [22mInformation Unit Service[2m > [22mUnit Management[2m > [22mshould create an information unit[32m 6[2mms[22m[39m
 [32m✓[39m src/__tests__/lib/services/information-unit.service.test.ts[2m > [22mInformation Unit Service[2m > [22mUnit Management[2m > [22mshould retrieve unit data[32m 1[2mms[22m[39m
 [32m✓[39m src/__tests__/lib/services/information-unit.service.test.ts[2m > [22mInformation Unit Service[2m > [22mUnit Management[2m > [22mshould update unit information[32m 1[2mms[22m[39m
 [32m✓[39m src/__tests__/api/dossiers/dossiers.test.ts[2m > [22mAPI /api/dossiers[2m > [22mGET /api/dossiers[2m > [22mretourne 401 si non authentifié[32m 5[2mms[22m[39m
 [32m✓[39m src/__tests__/api/dossiers/dossiers.test.ts[2m > [22mAPI /api/dossiers[2m > [22mGET /api/dossiers[2m > [22mfiltre par tenantId pour les utilisateurs normaux[32m 1[2mms[22m[39m
[90mstdout[2m | src/__tests__/lib/cache/smart-cache.test.ts
[22m[39m◇ injected env (9) from .env.test // tip: ⌘ override existing { override: true }

 [32m✓[39m src/__tests__/lib/cache/smart-cache.test.ts[2m > [22mSmart Cache[2m > [22mCache Operations[2m > [22mshould cache values with TTL[32m 3[2mms[22m[39m
 [32m✓[39m src/__tests__/lib/cache/smart-cache.test.ts[2m > [22mSmart Cache[2m > [22mCache Operations[2m > [22mshould retrieve cached values[32m 1[2mms[22m[39m
 [32m✓[39m src/__tests__/lib/cache/smart-cache.test.ts[2m > [22mSmart Cache[2m > [22mCache Operations[2m > [22mshould invalidate cache entries[32m 0[2mms[22m[39m
 [32m✓[39m src/__tests__/lib/cache/smart-cache.test.ts[2m > [22mSmart Cache[2m > [22mCache Operations[2m > [22mshould handle cache errors gracefully[32m 1[2mms[22m[39m

[2m Test Files [22m [1m[31m15 failed[39m[22m[2m | [22m[1m[32m229 passed[39m[22m[90m (244)[39m
[2m      Tests [22m [1m[31m26 failed[39m[22m[2m | [22m[1m[32m4922 passed[39m[22m[2m | [22m[33m10 skipped[39m[90m (4958)[39m
[2m   Start at [22m 17:17:08
[2m   Duration [22m 151.73s[2m (transform 39.75s, setup 139.02s, import 70.45s, tests 80.37s, environment 1106.08s)[22m

